11-20 22:39:04.238  1181 13631 I chatty  : uid=1000 system_server expire 1 line
11-20 22:39:04.742  2604  2620 W ContextImpl: Calling a method in the system process without a qualified user: android.app.ContextImpl.sendBroadcast:1074 android.content.ContextWrapper.sendBroadcast:431 com.huawei.android.pushagent.utils.a.vv:723 com.huawei.android.pushagent.utils.a.vp:711 com.huawei.android.pushagent.model.c.a.lc:382 
11-20 22:39:04.745 27849 27849 W ContextImpl: Calling a method in the system process without a qualified user: android.app.ContextImpl.startService:1656 android.content.ContextWrapper.startService:644 android.content.ContextWrapper.startService:644 com.android.settings.deviceinfo.UsbReceiver.startUsbService:282 com.android.settings.deviceinfo.UsbReceiver.onUsbStateReceive:159 
11-20 22:39:04.791 27849 27849 W ContextImpl: Calling a method in the system process without a qualified user: android.app.ContextImpl.startService:1656 android.content.ContextWrapper.startService:644 android.content.ContextWrapper.startService:644 com.android.settings.deviceinfo.UsbReceiver.startUsbService:282 com.android.settings.deviceinfo.UsbReceiver.onUsbStateReceive:206 
11-20 22:39:04.908 27849 27849 W ContextImpl: Calling a method in the system process without a qualified user: android.app.ContextImpl.startService:1656 android.content.ContextWrapper.startService:644 android.content.ContextWrapper.startService:644 com.android.settings.deviceinfo.UsbReceiver.startUsbService:282 com.android.settings.deviceinfo.UsbReceiver.onUsbStateReceive:159 
11-20 22:39:04.910 27849 27849 W ContextImpl: Calling a method in the system process without a qualified user: android.app.ContextImpl.startService:1656 android.content.ContextWrapper.startService:644 android.content.ContextWrapper.startService:644 com.android.settings.deviceinfo.UsbReceiver.startUsbService:282 com.android.settings.deviceinfo.UsbReceiver.onUsbStateReceive:206 
11-20 22:39:05.287  1181  3354 I chatty  : uid=1000(system) Binder:1181_E expire 11 lines
11-20 22:39:05.370  1181  1198 I chatty  : uid=1000(system) android.ui expire 4 lines
11-20 22:39:05.378  1470  1483 I CommandQueue: updateBarBgColor
11-20 22:39:05.378  1470  1483 D CommandQueue: CommandQueue, setBarBackgroundColor
11-20 22:39:05.378  1538  2037 I HwNetworkPolicyManager: getHwUidPolicy uid = 10062 policy = 0
11-20 22:39:05.472   487   972 W SocketListener: sending broadcast to Pid = 1181, Uid = 1000 
11-20 22:39:05.473  1181  1338 I chatty  : uid=1000(system) NetdConnector expire 18 lines
11-20 22:39:05.476  1181  1301 I chatty  : uid=1000(system) android.anim expire 33 lines
11-20 22:39:05.480  1181  1339 I chatty  : uid=1000(system) NetworkStats expire 15 lines
11-20 22:39:05.719  1181  1580 I chatty  : uid=1000(system) MultiTaskManage expire 4 lines
11-20 22:39:05.724  1181 13768 I chatty  : uid=1000 system_server expire 33 lines
11-20 22:39:05.727 27849 27849 D ActivityThread: Remove activity client record, r= ActivityRecord{e4f46d1 token=android.os.BinderProxy@2924798 {com.android.settings/com.android.settings.HWSettings}} token= android.os.BinderProxy@2924798
11-20 22:39:05.773 27849 27849 D ActivityThread: Remove activity client record, r= ActivityRecord{698a151 token=android.os.BinderProxy@24a8783 {com.android.settings/com.android.settings.Settings$HwSystemDashboardActivity}} token= android.os.BinderProxy@24a8783
11-20 22:39:05.856  1181  4501 I chatty  : uid=1000(system) Binder:1181_10 expire 1 line
11-20 22:39:05.859  1592  1592 I HwCoreAppHelperService: LocalReceiver receives:android.intent.action.PACKAGE_RESTARTED,pkg:com.netease.play,uid:10298
11-20 22:39:05.879  1470  1470 W ViewRootImpl[Toast]: EGLdebug relayoutWindow Surface isSurface(name=null)  (appName =com.android.systemui) ( mSurfaceControllerIsValid =false) (mNativeObject  =0)/@0x1395936,viewVisibility is0
11-20 22:39:05.902  1470  1470 W ViewRootImpl[Toast]: EGLdebug relayoutWindow Surface isSurface(name=null)  (appName =com.android.systemui) ( mSurfaceControllerIsValid =true) (mNativeObject  =73675c1000)/@0x1395936,relayoutResult is7
11-20 22:39:05.928  1181  6336 I chatty  : uid=1000(system) Binder:1181_17 expire 12 lines
11-20 22:39:05.942  1181  8923 I chatty  : uid=1000(system) Binder:1181_19 expire 3 lines
11-20 22:39:05.945  1181  3355 I chatty  : uid=1000(system) Binder:1181_F expire 1 line
11-20 22:39:05.950  1181  2716 I chatty  : uid=1000(system) Binder:1181_C expire 7 lines
11-20 22:39:05.955 27849 27849 D ActivityThread: Remove activity client record, r= ActivityRecord{b02e1f1 token=android.os.BinderProxy@eccfb9e {com.android.settings/com.android.settings.Settings$DevelopmentSettingsActivity}} token= android.os.BinderProxy@eccfb9e
11-20 22:39:05.959  1181  1464 I chatty  : uid=1000(system) Binder:1181_3 expire 2 lines
11-20 22:39:05.960  1181  1206 I chatty  : uid=1000(system) android.display expire 3 lines
11-20 22:39:05.965  1592  1592 I HwCoreAppHelperService: LocalReceiver receives:android.intent.action.PACKAGE_RESTARTED,pkg:com.ss.android.ugc.live,uid:10092
11-20 22:39:06.030 13776 13776 D ActivityThread: ActivityThread,attachApplication
11-20 22:39:06.142  1181  1181 I chatty  : uid=1000 system_server expire 35 lines
11-20 22:39:06.236 13776 13776 W ContextImpl: Calling a method in the system process without a qualified user: android.app.ContextImpl.startService:1656 android.content.ContextWrapper.startService:644 android.content.ContextWrapper.startService:644 com.android.settings.deviceinfo.UsbReceiver.startUsbService:282 com.android.settings.deviceinfo.UsbReceiver.onUsbStateReceive:159 
11-20 22:39:06.242 13776 13776 W ContextImpl: Calling a method in the system process without a qualified user: android.app.ContextImpl.startService:1656 android.content.ContextWrapper.startService:644 android.content.ContextWrapper.startService:644 com.android.settings.deviceinfo.UsbReceiver.startUsbService:282 com.android.settings.deviceinfo.UsbReceiver.onUsbStateReceive:206 
11-20 22:39:06.296 13776 13776 W ContextImpl: Calling a method in the system process without a qualified user: android.app.ContextImpl.startService:1656 android.content.ContextWrapper.startService:644 android.content.ContextWrapper.startService:644 com.android.settings.deviceinfo.UsbReceiver.startUsbService:282 com.android.settings.deviceinfo.UsbReceiver.onUsbStateReceive:159 
11-20 22:39:06.298 13776 13776 W ContextImpl: Calling a method in the system process without a qualified user: android.app.ContextImpl.startService:1656 android.content.ContextWrapper.startService:644 android.content.ContextWrapper.startService:644 com.android.settings.deviceinfo.UsbReceiver.startUsbService:282 com.android.settings.deviceinfo.UsbReceiver.onUsbStateReceive:206 
11-20 22:39:06.781 13805 13805 D ActivityThread: ActivityThread,attachApplication
11-20 22:39:06.782  1181  5693 I chatty  : uid=1000(system) Binder:1181_14 expire 19 lines
11-20 22:39:06.826  1538  2037 I HwNetworkPolicyManager: getHwUidPolicy uid = 10298 policy = 0
11-20 22:39:06.834  1181 13099 I chatty  : uid=1000(system) Binder:1181_1D expire 27 lines
11-20 22:39:06.838 13805 13805 W ActivityThread: Application com.netease.play can be debugged on port 8100...
11-20 22:39:07.090 13776 13776 W ContextImpl: Calling a method in the system process without a qualified user: android.app.ContextImpl.startService:1656 android.content.ContextWrapper.startService:644 android.content.ContextWrapper.startService:644 com.android.settings.deviceinfo.UsbReceiver.startUsbService:282 com.android.settings.deviceinfo.UsbReceiver.onUsbStateReceive:159 
11-20 22:39:07.094 13776 13776 W ContextImpl: Calling a method in the system process without a qualified user: android.app.ContextImpl.startService:1656 android.content.ContextWrapper.startService:644 android.content.ContextWrapper.startService:644 com.android.settings.deviceinfo.UsbReceiver.startUsbService:282 com.android.settings.deviceinfo.UsbReceiver.onUsbStateReceive:206 
11-20 22:39:07.099 13833 13833 D ActivityThread: ActivityThread,attachApplication
11-20 22:39:07.125 13776 13776 W ContextImpl: Calling a method in the system process without a qualified user: android.app.ContextImpl.startService:1656 android.content.ContextWrapper.startService:644 android.content.ContextWrapper.startService:644 com.android.settings.deviceinfo.UsbReceiver.startUsbService:282 com.android.settings.deviceinfo.UsbReceiver.onUsbStateReceive:159 
11-20 22:39:07.129 13776 13776 W ContextImpl: Calling a method in the system process without a qualified user: android.app.ContextImpl.startService:1656 android.content.ContextWrapper.startService:644 android.content.ContextWrapper.startService:644 com.android.settings.deviceinfo.UsbReceiver.startUsbService:282 com.android.settings.deviceinfo.UsbReceiver.onUsbStateReceive:206 
11-20 22:39:07.449  1470  5498 I CommandQueue: updateBarBgColor
11-20 22:39:07.449  1470  5498 D CommandQueue: CommandQueue, setBarBackgroundColor
11-20 22:39:07.728 13805 13805 V ActivityThread: ActivityThread,callActivityOnCreate
11-20 22:39:07.869 13805 13805 D ActivityThread: add activity client record, r= ActivityRecord{e511d0d token=android.os.BinderProxy@b6b85f {com.netease.play/com.netease.play.appstart.LoadingActivity}} token= android.os.BinderProxy@b6b85f
11-20 22:39:08.285 13776 13776 W ContextImpl: Calling a method in the system process without a qualified user: android.app.ContextImpl.startService:1656 android.content.ContextWrapper.startService:644 android.content.ContextWrapper.startService:644 com.android.settings.deviceinfo.UsbReceiver.startUsbService:282 com.android.settings.deviceinfo.UsbReceiver.onUsbStateReceive:159 
11-20 22:39:08.287 13776 13776 W ContextImpl: Calling a method in the system process without a qualified user: android.app.ContextImpl.startService:1656 android.content.ContextWrapper.startService:644 android.content.ContextWrapper.startService:644 com.android.settings.deviceinfo.UsbReceiver.startUsbService:282 com.android.settings.deviceinfo.UsbReceiver.onUsbStateReceive:206 
11-20 22:39:08.333 13776 13776 W ContextImpl: Calling a method in the system process without a qualified user: android.app.ContextImpl.startService:1656 android.content.ContextWrapper.startService:644 android.content.ContextWrapper.startService:644 com.android.settings.deviceinfo.UsbReceiver.startUsbService:282 com.android.settings.deviceinfo.UsbReceiver.onUsbStateReceive:159 
11-20 22:39:08.337 13776 13776 W ContextImpl: Calling a method in the system process without a qualified user: android.app.ContextImpl.startService:1656 android.content.ContextWrapper.startService:644 android.content.ContextWrapper.startService:644 com.android.settings.deviceinfo.UsbReceiver.startUsbService:282 com.android.settings.deviceinfo.UsbReceiver.onUsbStateReceive:206 
11-20 22:39:09.467   487   972 W SocketListener: sending broadcast to Pid = 1181, Uid = 1000 
11-20 22:39:09.948  1470  1483 I CommandQueue: updateBarBgColor
11-20 22:39:09.948  1470  1483 D CommandQueue: CommandQueue, setBarBackgroundColor
11-20 22:39:10.279 13805 13805 V ActivityThread: ActivityThread,callActivityOnCreate
11-20 22:39:10.423 13805 13805 D ActivityThread: add activity client record, r= ActivityRecord{87bc95 token=android.os.BinderProxy@4efec {com.netease.play/com.netease.play.home.HomeActivity}} token= android.os.BinderProxy@4efec
11-20 22:39:10.454 13976 13976 D ActivityThread: ActivityThread,attachApplication
11-20 22:39:10.492 13776 13776 W ContextImpl: Calling a method in the system process without a qualified user: android.app.ContextImpl.startService:1656 android.content.ContextWrapper.startService:644 android.content.ContextWrapper.startService:644 com.android.settings.deviceinfo.UsbReceiver.startUsbService:282 com.android.settings.deviceinfo.UsbReceiver.onUsbStateReceive:159 
11-20 22:39:10.496 13776 13776 W ContextImpl: Calling a method in the system process without a qualified user: android.app.ContextImpl.startService:1656 android.content.ContextWrapper.startService:644 android.content.ContextWrapper.startService:644 com.android.settings.deviceinfo.UsbReceiver.startUsbService:282 com.android.settings.deviceinfo.UsbReceiver.onUsbStateReceive:206 
11-20 22:39:10.539 13776 13776 W ContextImpl: Calling a method in the system process without a qualified user: android.app.ContextImpl.startService:1656 android.content.ContextWrapper.startService:644 android.content.ContextWrapper.startService:644 com.android.settings.deviceinfo.UsbReceiver.startUsbService:282 com.android.settings.deviceinfo.UsbReceiver.onUsbStateReceive:159 
11-20 22:39:10.542 13776 13776 W ContextImpl: Calling a method in the system process without a qualified user: android.app.ContextImpl.startService:1656 android.content.ContextWrapper.startService:644 android.content.ContextWrapper.startService:644 com.android.settings.deviceinfo.UsbReceiver.startUsbService:282 com.android.settings.deviceinfo.UsbReceiver.onUsbStateReceive:206 
11-20 22:39:10.712  1470  1483 I CommandQueue: updateBarBgColor
11-20 22:39:10.712  1470  1483 D CommandQueue: CommandQueue, setBarBackgroundColor
11-20 22:39:11.114  2604  2620 W ContextImpl: Calling a method in the system process without a qualified user: android.app.ContextImpl.sendBroadcast:1074 android.content.ContextWrapper.sendBroadcast:431 com.huawei.android.pushagent.utils.a.vv:723 com.huawei.android.pushagent.utils.a.vp:711 com.huawei.android.pushagent.model.c.a.lc:382 
11-20 22:39:11.498   487   972 W SocketListener: sending broadcast to Pid = 1181, Uid = 1000 
11-20 22:39:11.686 13776 13776 W ContextImpl: Calling a method in the system process without a qualified user: android.app.ContextImpl.startService:1656 android.content.ContextWrapper.startService:644 android.content.ContextWrapper.startService:644 com.android.settings.deviceinfo.UsbReceiver.startUsbService:282 com.android.settings.deviceinfo.UsbReceiver.onUsbStateReceive:159 
11-20 22:39:11.689 13776 13776 W ContextImpl: Calling a method in the system process without a qualified user: android.app.ContextImpl.startService:1656 android.content.ContextWrapper.startService:644 android.content.ContextWrapper.startService:644 com.android.settings.deviceinfo.UsbReceiver.startUsbService:282 com.android.settings.deviceinfo.UsbReceiver.onUsbStateReceive:206 
11-20 22:39:11.753 13776 13776 W ContextImpl: Calling a method in the system process without a qualified user: android.app.ContextImpl.startService:1656 android.content.ContextWrapper.startService:644 android.content.ContextWrapper.startService:644 com.android.settings.deviceinfo.UsbReceiver.startUsbService:282 com.android.settings.deviceinfo.UsbReceiver.onUsbStateReceive:159 
11-20 22:39:11.755 13776 13776 W ContextImpl: Calling a method in the system process without a qualified user: android.app.ContextImpl.startService:1656 android.content.ContextWrapper.startService:644 android.content.ContextWrapper.startService:644 com.android.settings.deviceinfo.UsbReceiver.startUsbService:282 com.android.settings.deviceinfo.UsbReceiver.onUsbStateReceive:206 
11-20 22:39:12.531 13805 13805 D ActivityThread: Remove activity client record, r= ActivityRecord{e511d0d token=android.os.BinderProxy@b6b85f {com.netease.play/com.netease.play.appstart.LoadingActivity}} token= android.os.BinderProxy@b6b85f
11-20 22:39:12.909 13776 13776 W ContextImpl: Calling a method in the system process without a qualified user: android.app.ContextImpl.startService:1656 android.content.ContextWrapper.startService:644 android.content.ContextWrapper.startService:644 com.android.settings.deviceinfo.UsbReceiver.startUsbService:282 com.android.settings.deviceinfo.UsbReceiver.onUsbStateReceive:159 
11-20 22:39:12.911 13776 13776 W ContextImpl: Calling a method in the system process without a qualified user: android.app.ContextImpl.startService:1656 android.content.ContextWrapper.startService:644 android.content.ContextWrapper.startService:644 com.android.settings.deviceinfo.UsbReceiver.startUsbService:282 com.android.settings.deviceinfo.UsbReceiver.onUsbStateReceive:206 
11-20 22:39:12.976 13776 13776 W ContextImpl: Calling a method in the system process without a qualified user: android.app.ContextImpl.startService:1656 android.content.ContextWrapper.startService:644 android.content.ContextWrapper.startService:644 com.android.settings.deviceinfo.UsbReceiver.startUsbService:282 com.android.settings.deviceinfo.UsbReceiver.onUsbStateReceive:159 
11-20 22:39:12.978 13776 13776 W ContextImpl: Calling a method in the system process without a qualified user: android.app.ContextImpl.startService:1656 android.content.ContextWrapper.startService:644 android.content.ContextWrapper.startService:644 com.android.settings.deviceinfo.UsbReceiver.startUsbService:282 com.android.settings.deviceinfo.UsbReceiver.onUsbStateReceive:206 
11-20 22:39:13.800   719   719 I chatty  : uid=1010(wifi) /system/bin/wificond expire 24 lines
11-20 22:39:17.162  1181  1307 I chatty  : uid=1000(system) UEventObserver expire 2 lines
11-20 22:39:23.807  1181  5663 I chatty  : uid=1000(system) UsbDebuggingMan expire 1 line
11-20 22:39:23.867  1181  6333 I chatty  : uid=1000(system) Binder:1181_16 expire 5 lines
11-20 22:39:23.894  1470  1470 V ActivityThread: ActivityThread,callActivityOnCreate
11-20 22:39:23.970  1470  1470 D ActivityThread: add activity client record, r= ActivityRecord{4bba1ef token=android.os.BinderProxy@83efc49 {com.android.systemui/com.android.systemui.usb.HwUsbDebuggingActivity}} token= android.os.BinderProxy@83efc49
11-20 22:39:23.978  1181 12790 I chatty  : uid=1000(system) Binder:1181_1C expire 24 lines
11-20 22:39:25.856   719   719 I chatty  : uid=1010(wifi) /system/bin/wificond expire 33 lines
11-20 22:39:26.440  1181  1191 I chatty  : uid=1000(system) Binder:1181_1 expire 34 lines
11-20 22:39:26.608  1470  1470 D ActivityThread: Remove activity client record, r= ActivityRecord{4bba1ef token=android.os.BinderProxy@83efc49 {com.android.systemui/com.android.systemui.usb.HwUsbDebuggingActivity}} token= android.os.BinderProxy@83efc49
11-20 22:39:26.609  1181  5693 I chatty  : uid=1000(system) Binder:1181_14 expire 7 lines
11-20 22:39:26.682  1181  1301 I chatty  : uid=1000(system) android.anim expire 20 lines
11-20 22:39:29.216  1181  1197 I chatty  : uid=1000(system) ActivityManager expire 7 lines
11-20 22:39:29.843  1181 12790 I chatty  : uid=1000(system) Binder:1181_1C expire 15 lines
11-20 22:39:29.907 13805 13805 V ActivityThread: ActivityThread,callActivityOnCreate
11-20 22:39:30.260 13805 13805 D ActivityThread: add activity client record, r= ActivityRecord{5655318 token=android.os.BinderProxy@ee99229 {com.netease.play/com.netease.play.livepage.LiveViewerActivity}} token= android.os.BinderProxy@ee99229
11-20 22:39:30.278  1181  6333 I chatty  : uid=1000(system) Binder:1181_16 expire 2 lines
11-20 22:39:30.349  1181 13099 I chatty  : uid=1000(system) Binder:1181_1D expire 26 lines
11-20 22:39:30.353  1470  1483 I CommandQueue: updateBarBgColor
11-20 22:39:30.353  1470  1483 D CommandQueue: CommandQueue, setBarBackgroundColor
11-20 22:39:30.496  1470  1483 I CommandQueue: updateBarBgColor
11-20 22:39:30.496  1470  1483 D CommandQueue: CommandQueue, setBarBackgroundColor
11-20 22:39:30.515 13805 13805 V ActivityThread: ActivityThread,callActivityOnCreate
11-20 22:39:30.597  1181  4501 I chatty  : uid=1000(system) Binder:1181_10 expire 32 lines
11-20 22:39:30.605 13805 13805 D ActivityThread: add activity client record, r= ActivityRecord{d5951c token=android.os.BinderProxy@fe67f66 {com.netease.play/com.netease.play.officialintro.OfficialShowIntroActivity}} token= android.os.BinderProxy@fe67f66
11-20 22:39:30.670  1470  1483 I CommandQueue: updateBarBgColor
11-20 22:39:30.670  1470  1483 D CommandQueue: CommandQueue, setBarBackgroundColor
11-20 22:39:30.738  1181  6341 I chatty  : uid=1000(system) Binder:1181_18 expire 24 lines
11-20 22:39:30.792  1181  1329 I chatty  : uid=1000(system) InputDispatcher expire 49 lines
11-20 22:39:30.976 13776 13776 W ContextImpl: Calling a method in the system process without a qualified user: android.app.ContextImpl.startService:1656 android.content.ContextWrapper.startService:644 android.content.ContextWrapper.startService:644 com.android.settings.deviceinfo.UsbReceiver.startUsbService:282 com.android.settings.deviceinfo.UsbReceiver.onUsbStateReceive:159 
11-20 22:39:30.978 13776 13776 W ContextImpl: Calling a method in the system process without a qualified user: android.app.ContextImpl.startService:1656 android.content.ContextWrapper.startService:644 android.content.ContextWrapper.startService:644 com.android.settings.deviceinfo.UsbReceiver.startUsbService:282 com.android.settings.deviceinfo.UsbReceiver.onUsbStateReceive:206 
11-20 22:39:31.022 13776 13776 W ContextImpl: Calling a method in the system process without a qualified user: android.app.ContextImpl.startService:1656 android.content.ContextWrapper.startService:644 android.content.ContextWrapper.startService:644 com.android.settings.deviceinfo.UsbReceiver.startUsbService:282 com.android.settings.deviceinfo.UsbReceiver.onUsbStateReceive:159 
11-20 22:39:31.025 13776 13776 W ContextImpl: Calling a method in the system process without a qualified user: android.app.ContextImpl.startService:1656 android.content.ContextWrapper.startService:644 android.content.ContextWrapper.startService:644 com.android.settings.deviceinfo.UsbReceiver.startUsbService:282 com.android.settings.deviceinfo.UsbReceiver.onUsbStateReceive:206 
11-20 22:39:31.430 13776 13776 W ContextImpl: Calling a method in the system process without a qualified user: android.app.ContextImpl.startService:1656 android.content.ContextWrapper.startService:644 android.content.ContextWrapper.startService:644 com.android.settings.deviceinfo.UsbReceiver.startUsbService:282 com.android.settings.deviceinfo.UsbReceiver.onUsbStateReceive:159 
11-20 22:39:31.433 13776 13776 W ContextImpl: Calling a method in the system process without a qualified user: android.app.ContextImpl.startService:1656 android.content.ContextWrapper.startService:644 android.content.ContextWrapper.startService:644 com.android.settings.deviceinfo.UsbReceiver.startUsbService:282 com.android.settings.deviceinfo.UsbReceiver.onUsbStateReceive:206 
11-20 22:39:31.471 13776 13776 W ContextImpl: Calling a method in the system process without a qualified user: android.app.ContextImpl.startService:1656 android.content.ContextWrapper.startService:644 android.content.ContextWrapper.startService:644 com.android.settings.deviceinfo.UsbReceiver.startUsbService:282 com.android.settings.deviceinfo.UsbReceiver.onUsbStateReceive:159 
11-20 22:39:31.474 13776 13776 W ContextImpl: Calling a method in the system process without a qualified user: android.app.ContextImpl.startService:1656 android.content.ContextWrapper.startService:644 android.content.ContextWrapper.startService:644 com.android.settings.deviceinfo.UsbReceiver.startUsbService:282 com.android.settings.deviceinfo.UsbReceiver.onUsbStateReceive:206 
11-20 22:39:31.660   487   972 W SocketListener: sending broadcast to Pid = 1181, Uid = 1000 
11-20 22:39:31.661  1181  1338 I chatty  : uid=1000(system) NetdConnector expire 6 lines
11-20 22:39:31.663  1181  1204 I chatty  : uid=1000(system) android.fg expire 1 line
11-20 22:39:31.667  1181  1339 I chatty  : uid=1000(system) NetworkStats expire 5 lines
11-20 22:39:32.203  1181  1181 I chatty  : uid=1000 system_server expire 14 lines
11-20 22:39:32.319 13776 13776 W ContextImpl: Calling a method in the system process without a qualified user: android.app.ContextImpl.startService:1656 android.content.ContextWrapper.startService:644 android.content.ContextWrapper.startService:644 com.android.settings.deviceinfo.UsbReceiver.startUsbService:282 com.android.settings.deviceinfo.UsbReceiver.onUsbStateReceive:159 
11-20 22:39:32.320 13776 13776 W ContextImpl: Calling a method in the system process without a qualified user: android.app.ContextImpl.startService:1656 android.content.ContextWrapper.startService:644 android.content.ContextWrapper.startService:644 com.android.settings.deviceinfo.UsbReceiver.startUsbService:282 com.android.settings.deviceinfo.UsbReceiver.onUsbStateReceive:206 
11-20 22:39:32.363 13776 13776 W ContextImpl: Calling a method in the system process without a qualified user: android.app.ContextImpl.startService:1656 android.content.ContextWrapper.startService:644 android.content.ContextWrapper.startService:644 com.android.settings.deviceinfo.UsbReceiver.startUsbService:282 com.android.settings.deviceinfo.UsbReceiver.onUsbStateReceive:159 
11-20 22:39:32.365 13776 13776 W ContextImpl: Calling a method in the system process without a qualified user: android.app.ContextImpl.startService:1656 android.content.ContextWrapper.startService:644 android.content.ContextWrapper.startService:644 com.android.settings.deviceinfo.UsbReceiver.startUsbService:282 com.android.settings.deviceinfo.UsbReceiver.onUsbStateReceive:206 
11-20 22:39:34.235  1181  1560 I chatty  : uid=1000(system) watchdog expire 1 line
11-20 22:39:42.118  1181  1368 I chatty  : uid=1000(system) AudioService expire 6 lines
11-20 22:39:44.763 13805 13805 D ActivityThread: Remove activity client record, r= ActivityRecord{d5951c token=android.os.BinderProxy@fe67f66 {com.netease.play/com.netease.play.officialintro.OfficialShowIntroActivity}} token= android.os.BinderProxy@fe67f66
11-20 22:39:46.670   719   719 I chatty  : uid=1010(wifi) /system/bin/wificond expire 63 lines
11-20 22:39:47.246  1181  1307 I chatty  : uid=1000(system) UEventObserver expire 4 lines
11-20 22:39:50.091  1181  1191 I chatty  : uid=1000(system) Binder:1181_1 expire 13 lines
11-20 22:39:52.966  1181 13099 I chatty  : uid=1000(system) Binder:1181_1D expire 7 lines
11-20 22:39:53.217  1181  1329 I chatty  : uid=1000(system) InputDispatcher expire 61 lines
11-20 22:39:54.777  1181 12790 I chatty  : uid=1000(system) Binder:1181_1C expire 29 lines
11-20 22:39:54.901  1181 14251 I chatty  : uid=1000(system) Binder:1181_1F expire 19 lines
11-20 22:40:00.090  1181  1692 I chatty  : uid=1000(system) Binder:1181_7 expire 4 lines
11-20 22:40:04.237  1181  1560 I chatty  : uid=1000(system) watchdog expire 1 line
11-20 22:40:10.823  1181  1301 I chatty  : uid=1000(system) android.anim expire 12 lines
11-20 22:40:16.597  1181  4527 I chatty  : uid=1000(system) Binder:1181_11 expire 3 lines
11-20 22:40:17.348  1181  1181 I chatty  : uid=1000 system_server expire 3 lines
11-20 22:40:18.972   487   972 W SocketListener: sending broadcast to Pid = 1181, Uid = 1000 
11-20 22:40:18.974  1181  1338 I chatty  : uid=1000(system) NetdConnector expire 6 lines
11-20 22:40:18.981  1181  1204 I chatty  : uid=1000(system) android.fg expire 1 line
11-20 22:40:18.990  1181  1339 I chatty  : uid=1000(system) NetworkStats expire 5 lines
11-20 22:40:19.556 13776 13776 W ContextImpl: Calling a method in the system process without a qualified user: android.app.ContextImpl.startService:1656 android.content.ContextWrapper.startService:644 android.content.ContextWrapper.startService:644 com.android.settings.deviceinfo.UsbReceiver.startUsbService:282 com.android.settings.deviceinfo.UsbReceiver.onUsbStateReceive:159 
11-20 22:40:19.558 13776 13776 W ContextImpl: Calling a method in the system process without a qualified user: android.app.ContextImpl.startService:1656 android.content.ContextWrapper.startService:644 android.content.ContextWrapper.startService:644 com.android.settings.deviceinfo.UsbReceiver.startUsbService:282 com.android.settings.deviceinfo.UsbReceiver.onUsbStateReceive:206 
11-20 22:40:19.559  1181  1329 I chatty  : uid=1000(system) InputDispatcher expire 14 lines
11-20 22:40:19.562  1181  1197 I chatty  : uid=1000(system) ActivityManager expire 2 lines
11-20 22:40:19.596 13776 13776 W ContextImpl: Calling a method in the system process without a qualified user: android.app.ContextImpl.startService:1656 android.content.ContextWrapper.startService:644 android.content.ContextWrapper.startService:644 com.android.settings.deviceinfo.UsbReceiver.startUsbService:282 com.android.settings.deviceinfo.UsbReceiver.onUsbStateReceive:159 
11-20 22:40:19.598 13776 13776 W ContextImpl: Calling a method in the system process without a qualified user: android.app.ContextImpl.startService:1656 android.content.ContextWrapper.startService:644 android.content.ContextWrapper.startService:644 com.android.settings.deviceinfo.UsbReceiver.startUsbService:282 com.android.settings.deviceinfo.UsbReceiver.onUsbStateReceive:206 
11-20 22:40:20.082   719   719 I chatty  : uid=1010(wifi) /system/bin/wificond expire 174 lines
11-20 22:40:24.338  1181  2716 I chatty  : uid=1000(system) Binder:1181_C expire 16 lines
11-20 22:40:24.340  1181  1198 I chatty  : uid=1000(system) android.ui expire 30 lines
11-20 22:40:24.349  1181 14251 I chatty  : uid=1000(system) Binder:1181_1F expire 1 line
11-20 22:40:34.239  1181  1560 I chatty  : uid=1000(system) watchdog expire 10 lines
11-20 22:40:44.845  1181  1181 I chatty  : uid=1000 system_server expire 20 lines
11-20 22:40:45.745  1181  1464 I chatty  : uid=1000(system) Binder:1181_3 expire 3 lines
11-20 22:40:45.749  1181 12790 I chatty  : uid=1000(system) Binder:1181_1C expire 7 lines
11-20 22:40:47.407  1181  1307 I chatty  : uid=1000(system) UEventObserver expire 10 lines
11-20 22:42:00.807 13776 13776 W ContextImpl: Calling a method in the system process without a qualified user: android.app.ContextImpl.startService:1656 android.content.ContextWrapper.startService:644 android.content.ContextWrapper.startService:644 com.android.settings.deviceinfo.UsbReceiver.startUsbService:282 com.android.settings.deviceinfo.UsbReceiver.onUsbStateReceive:159 
11-20 22:42:00.809 13776 13776 W ContextImpl: Calling a method in the system process without a qualified user: android.app.ContextImpl.startService:1656 android.content.ContextWrapper.startService:644 android.content.ContextWrapper.startService:644 com.android.settings.deviceinfo.UsbReceiver.startUsbService:282 com.android.settings.deviceinfo.UsbReceiver.onUsbStateReceive:206 
11-20 22:42:00.813  1181  1197 I chatty  : uid=1000(system) ActivityManager expire 4 lines
11-20 22:42:00.852 13776 13776 W ContextImpl: Calling a method in the system process without a qualified user: android.app.ContextImpl.startService:1656 android.content.ContextWrapper.startService:644 android.content.ContextWrapper.startService:644 com.android.settings.deviceinfo.UsbReceiver.startUsbService:282 com.android.settings.deviceinfo.UsbReceiver.onUsbStateReceive:159 
11-20 22:42:00.854 13776 13776 W ContextImpl: Calling a method in the system process without a qualified user: android.app.ContextImpl.startService:1656 android.content.ContextWrapper.startService:644 android.content.ContextWrapper.startService:644 com.android.settings.deviceinfo.UsbReceiver.startUsbService:282 com.android.settings.deviceinfo.UsbReceiver.onUsbStateReceive:206 
11-20 22:42:02.593   719   719 I chatty  : uid=1010(wifi) /system/bin/wificond expire 252 lines
11-20 22:42:27.930  1181  1191 I chatty  : uid=1000(system) Binder:1181_1 expire 2 lines
11-20 22:42:44.841  1181  1181 I chatty  : uid=1000 system_server expire 20 lines
11-20 22:43:17.805  1181  1307 I chatty  : uid=1000(system) UEventObserver expire 10 lines
11-20 22:43:18.181  1181  1202 I chatty  : uid=1000(system) batterystats-sy expire 2 lines
11-20 22:44:26.155   487   974 W SocketListener: sending broadcast to Pid = 1181, Uid = 1000 
11-20 22:44:26.159  1181  1338 I chatty  : uid=1000(system) NetdConnector expire 2 lines
11-20 22:44:26.167  1181  1204 I chatty  : uid=1000(system) android.fg expire 3 lines
11-20 22:44:26.932   719   719 I chatty  : uid=1010(wifi) /system/bin/wificond expire 108 lines
11-20 22:44:48.055  1181  1181 I chatty  : uid=1000 system_server expire 11 lines
11-20 22:45:09.641  1181  1358 I chatty  : uid=1000(system) ConnectivitySer expire 4 lines
11-20 22:45:18.123  1181  1307 I chatty  : uid=1000(system) UEventObserver expire 8 lines
11-20 22:45:25.193  1181  1365 I chatty  : uid=1000(system) onProviders.ECP expire 5 lines
11-20 22:45:25.239 14295 14295 D ActivityThread: ActivityThread,attachApplication
11-20 22:45:27.741   719   719 I chatty  : uid=1010(wifi) /system/bin/wificond expire 27 lines
11-20 22:45:34.260  1181  1560 I chatty  : uid=1000(system) watchdog expire 4 lines
11-20 22:45:39.937  2604  2620 W ContextImpl: Calling a method in the system process without a qualified user: android.app.ContextImpl.sendBroadcast:1074 android.content.ContextWrapper.sendBroadcast:431 com.huawei.android.pushagent.utils.a.vv:723 com.huawei.android.pushagent.model.a.f.bj:107 com.huawei.android.pushagent.model.a.b.ba:177 
11-20 22:45:39.999 14320 14320 D ActivityThread: ActivityThread,attachApplication
11-20 22:45:40.143  2865  2877 W SettingsEx: SettingsEx.Systemex.getInt deprecated use Settings.System.getInt instead ;callers=com.huawei.recsys.util.SystemUtil.getNotificationUpdateMode:177 com.huawei.recsys.util.SystemUtil.isAllowUpdate:112 com.huawei.recsys.controller.notification.http.NotificationUpdateController.startNotificationUpdate:85 
11-20 22:45:42.816   719   719 I chatty  : uid=1010(wifi) /system/bin/wificond expire 279 lines
11-20 22:45:48.225  1181  1181 I chatty  : uid=1000 system_server expire 45 lines
11-20 22:47:18.443  1181  1307 I chatty  : uid=1000(system) UEventObserver expire 10 lines
11-20 22:47:34.268  1181  1560 I chatty  : uid=1000(system) watchdog expire 10 lines
11-20 22:48:00.112  1181  1191 I chatty  : uid=1000(system) Binder:1181_1 expire 10 lines
11-20 22:48:20.740  1181  1339 I chatty  : uid=1000(system) NetworkStats expire 7 lines
11-20 22:48:20.743  1181  1338 I chatty  : uid=1000(system) NetdConnector expire 4 lines
11-20 22:48:20.762  1181  1194 I chatty  : uid=1000(system) android.bg expire 9 lines
11-20 22:48:20.769  1181 12790 I chatty  : uid=1000(system) Binder:1181_1C expire 9 lines
11-20 22:48:21.068 14403 14403 D ActivityThread: ActivityThread,attachApplication
11-20 22:48:21.353 14403 14403 W ContextImpl: Calling a method in the system process without a qualified user: android.app.ContextImpl.startService:1656 android.content.ContextWrapper.startService:644 android.content.ContextWrapper.startService:644 com.huawei.hiwibd.android.trigger.HiWiTrigger.startHiWIService:130 com.huawei.hiwibd.android.trigger.HiWiReceiver$1.handleMessage:28 
11-20 22:48:22.737   719   719 I chatty  : uid=1010(wifi) /system/bin/wificond expire 129 lines
11-20 22:48:44.840  1181  1181 I chatty  : uid=1000 system_server expire 29 lines
11-20 22:49:35.162 14403 14446 D ActivityThread: Loading provider com.huawei.bd.provider.BDProvider: com.huawei.bd.db.BDProvider
11-20 22:49:38.161   719   719 I chatty  : uid=1010(wifi) /system/bin/wificond expire 375 lines
11-20 22:49:48.849  1181  1307 I chatty  : uid=1000(system) UEventObserver expire 20 lines
11-20 22:50:19.024  1181  1202 I chatty  : uid=1000(system) batterystats-sy expire 2 lines
11-20 22:50:44.841  1181  1181 I chatty  : uid=1000 system_server expire 35 lines
11-20 22:51:00.074  1181 14251 I chatty  : uid=1000(system) Binder:1181_1F expire 5 lines
11-20 22:51:00.077  1181  1358 I chatty  : uid=1000(system) ConnectivitySer expire 8 lines
11-20 22:51:00.086  1181  1464 I chatty  : uid=1000(system) Binder:1181_3 expire 3 lines
11-20 22:51:00.120  1181  2716 I chatty  : uid=1000(system) Binder:1181_C expire 1 line
11-20 22:52:34.289  1181  1560 I chatty  : uid=1000(system) watchdog expire 7 lines
11-20 22:53:12.081   716   753 E /system/bin/storaged: pid_info get_pids failed
11-20 22:53:12.363   719   719 I chatty  : uid=1010(wifi) /system/bin/wificond expire 684 lines
11-20 22:53:31.140  1181  1197 I chatty  : uid=1000(system) ActivityManager expire 15 lines
11-20 22:53:31.226  1181 11854 I chatty  : uid=1000(system) Binder:1181_1A expire 13 lines
11-20 22:53:31.232  1181 13099 I chatty  : uid=1000(system) Binder:1181_1D expire 16 lines
11-20 22:53:44.831  1181  1181 I chatty  : uid=1000 system_server expire 72 lines
11-20 22:54:19.565  1181  1307 I chatty  : uid=1000(system) UEventObserver expire 26 lines
11-20 22:55:00.121  1181  4967 I chatty  : uid=1000(system) Binder:1181_12 expire 21 lines
11-20 22:56:00.136  1181  5026 I chatty  : uid=1000(system) Binder:1181_13 expire 8 lines
11-20 22:56:04.305  1181  1560 I chatty  : uid=1000(system) watchdog expire 14 lines
11-20 22:56:59.822  1181  1202 I chatty  : uid=1000(system) batterystats-sy expire 2 lines
11-20 22:59:01.191  1181  1194 I chatty  : uid=1000(system) android.bg expire 12 lines
11-20 22:59:15.006  1181  1301 I chatty  : uid=1000(system) android.anim expire 15 lines
11-20 22:59:31.269  1181  1329 I chatty  : uid=1000(system) InputDispatcher expire 35 lines
11-20 22:59:36.163  1181  1368 I chatty  : uid=1000(system) AudioService expire 12 lines
11-20 22:59:43.529 13776 13776 W ContextImpl: Calling a method in the system process without a qualified user: android.app.ContextImpl.startService:1656 android.content.ContextWrapper.startService:644 android.content.ContextWrapper.startService:644 com.android.settings.deviceinfo.UsbReceiver.startUsbService:282 com.android.settings.deviceinfo.UsbReceiver.onUsbStateReceive:159 
11-20 22:59:43.532 13776 13776 W ContextImpl: Calling a method in the system process without a qualified user: android.app.ContextImpl.startService:1656 android.content.ContextWrapper.startService:644 android.content.ContextWrapper.startService:644 com.android.settings.deviceinfo.UsbReceiver.startUsbService:282 com.android.settings.deviceinfo.UsbReceiver.onUsbStateReceive:206 
11-20 22:59:43.558 13776 13776 W ContextImpl: Calling a method in the system process without a qualified user: android.app.ContextImpl.startService:1656 android.content.ContextWrapper.startService:644 android.content.ContextWrapper.startService:644 com.android.settings.deviceinfo.UsbReceiver.startUsbService:282 com.android.settings.deviceinfo.UsbReceiver.onUsbStateReceive:159 
11-20 22:59:43.560 13776 13776 W ContextImpl: Calling a method in the system process without a qualified user: android.app.ContextImpl.startService:1656 android.content.ContextWrapper.startService:644 android.content.ContextWrapper.startService:644 com.android.settings.deviceinfo.UsbReceiver.startUsbService:282 com.android.settings.deviceinfo.UsbReceiver.onUsbStateReceive:206 
11-20 22:59:43.774   487   972 W SocketListener: sending broadcast to Pid = 1181, Uid = 1000 
11-20 22:59:43.775  1181  1338 I chatty  : uid=1000(system) NetdConnector expire 22 lines
11-20 22:59:43.778  1181  1204 I chatty  : uid=1000(system) android.fg expire 4 lines
11-20 22:59:43.781  1181  1339 I chatty  : uid=1000(system) NetworkStats expire 10 lines
11-20 22:59:44.029  1181  1329 I chatty  : uid=1000(system) InputDispatcher expire 53 lines
11-20 22:59:44.612   719   719 I chatty  : uid=1010(wifi) /system/bin/wificond expire 24 lines
11-20 22:59:50.471  1181  4967 I chatty  : uid=1000(system) Binder:1181_12 expire 21 lines
11-20 22:59:51.787   487   972 W SocketListener: sending broadcast to Pid = 1181, Uid = 1000 
11-20 22:59:53.743 13776 13776 W ContextImpl: Calling a method in the system process without a qualified user: android.app.ContextImpl.startService:1656 android.content.ContextWrapper.startService:644 android.content.ContextWrapper.startService:644 com.android.settings.deviceinfo.UsbReceiver.startUsbService:282 com.android.settings.deviceinfo.UsbReceiver.onUsbStateReceive:159 
11-20 22:59:53.745 13776 13776 W ContextImpl: Calling a method in the system process without a qualified user: android.app.ContextImpl.startService:1656 android.content.ContextWrapper.startService:644 android.content.ContextWrapper.startService:644 com.android.settings.deviceinfo.UsbReceiver.startUsbService:282 com.android.settings.deviceinfo.UsbReceiver.onUsbStateReceive:206 
11-20 22:59:53.781 13776 13776 W ContextImpl: Calling a method in the system process without a qualified user: android.app.ContextImpl.startService:1656 android.content.ContextWrapper.startService:644 android.content.ContextWrapper.startService:644 com.android.settings.deviceinfo.UsbReceiver.startUsbService:282 com.android.settings.deviceinfo.UsbReceiver.onUsbStateReceive:159 
11-20 22:59:53.782 13776 13776 W ContextImpl: Calling a method in the system process without a qualified user: android.app.ContextImpl.startService:1656 android.content.ContextWrapper.startService:644 android.content.ContextWrapper.startService:644 com.android.settings.deviceinfo.UsbReceiver.startUsbService:282 com.android.settings.deviceinfo.UsbReceiver.onUsbStateReceive:206 
11-20 22:59:54.487  1181  1181 I chatty  : uid=1000 system_server expire 51 lines
11-20 22:59:54.540  1181 11854 I chatty  : uid=1000(system) Binder:1181_1A expire 14 lines
11-20 22:59:55.938 13776 13776 W ContextImpl: Calling a method in the system process without a qualified user: android.app.ContextImpl.startService:1656 android.content.ContextWrapper.startService:644 android.content.ContextWrapper.startService:644 com.android.settings.deviceinfo.UsbReceiver.startUsbService:282 com.android.settings.deviceinfo.UsbReceiver.onUsbStateReceive:159 
11-20 22:59:55.940 13776 13776 W ContextImpl: Calling a method in the system process without a qualified user: android.app.ContextImpl.startService:1656 android.content.ContextWrapper.startService:644 android.content.ContextWrapper.startService:644 com.android.settings.deviceinfo.UsbReceiver.startUsbService:282 com.android.settings.deviceinfo.UsbReceiver.onUsbStateReceive:206 
11-20 22:59:56.003 13776 13776 W ContextImpl: Calling a method in the system process without a qualified user: android.app.ContextImpl.startService:1656 android.content.ContextWrapper.startService:644 android.content.ContextWrapper.startService:644 com.android.settings.deviceinfo.UsbReceiver.startUsbService:282 com.android.settings.deviceinfo.UsbReceiver.onUsbStateReceive:159 
11-20 22:59:56.005 13776 13776 W ContextImpl: Calling a method in the system process without a qualified user: android.app.ContextImpl.startService:1656 android.content.ContextWrapper.startService:644 android.content.ContextWrapper.startService:644 com.android.settings.deviceinfo.UsbReceiver.startUsbService:282 com.android.settings.deviceinfo.UsbReceiver.onUsbStateReceive:206 
11-20 22:59:56.653   719   719 I chatty  : uid=1010(wifi) /system/bin/wificond expire 21 lines
11-20 23:00:00.097  1181  1679 I chatty  : uid=1000(system) Binder:1181_6 expire 13 lines
11-20 23:00:00.098  2865  6115 W ContextImpl: Calling a method in the system process without a qualified user: android.app.ContextImpl.bindService:1736 android.content.ContextWrapper.bindService:678 com.huawei.nb.dataservice.dsclient.RemoteServiceConnection.open:90 com.huawei.nb.dataservice.dsclient.DataServiceProxy.connect:105 com.huawei.nb.dataservice.rsclient.internal.RemoteRuleService.start:27 
11-20 23:00:00.118  2865  6151 W ContextImpl: Calling a method in the system process without a qualified user: android.app.ContextImpl.bindService:1736 android.content.ContextWrapper.bindService:678 com.huawei.nb.dataservice.dsclient.RemoteServiceConnection.open:90 com.huawei.nb.dataservice.dsclient.DataServiceProxy.connect:105 com.huawei.nb.dataservice.rsclient.internal.RemoteRuleService.start:27 
11-20 23:00:05.014  1181  1329 I chatty  : uid=1000(system) InputDispatcher expire 31 lines
11-20 23:00:08.829  1181 13099 I chatty  : uid=1000(system) Binder:1181_1D expire 24 lines
11-20 23:00:08.892 13805 13805 V ActivityThread: ActivityThread,callActivityOnCreate
11-20 23:00:09.047 14757 14757 D ActivityThread: ActivityThread,attachApplication
11-20 23:00:09.092  1181  1358 I chatty  : uid=1000(system) ConnectivitySer expire 11 lines
11-20 23:00:09.249 13805 13805 D ActivityThread: add activity client record, r= ActivityRecord{1643645 token=android.os.BinderProxy@ab1118 {com.netease.play/com.netease.play.webview.WebviewActivity}} token= android.os.BinderProxy@ab1118
11-20 23:00:09.331 13805 13805 W ViewRootImpl[WebviewActivity]: Dropping event due to no window focus: KeyEvent { action=ACTION_DOWN, keyCode=KEYCODE_DPAD_UP, scanCode=0, metaState=0, flags=0x8, hwFlags=0x0, repeatCount=0, eventTime=103929440, downTime=103929440, deviceId=-1, source=0x101 }
11-20 23:00:09.334 13805 13805 W ViewRootImpl[WebviewActivity]: Cancelling event due to no window focus: KeyEvent { action=ACTION_UP, keyCode=KEYCODE_DPAD_UP, scanCode=0, metaState=0, flags=0x28, hwFlags=0x0, repeatCount=0, eventTime=103929445, downTime=103929445, deviceId=-1, source=0x101 }
11-20 23:00:09.335 13805 13805 I chatty  : uid=10298(u0_a298) com.netease.play identical 7 lines
11-20 23:00:09.335 13805 13805 W ViewRootImpl[WebviewActivity]: Cancelling event due to no window focus: KeyEvent { action=ACTION_UP, keyCode=KEYCODE_DPAD_UP, scanCode=0, metaState=0, flags=0x28, hwFlags=0x0, repeatCount=0, eventTime=103929445, downTime=103929445, deviceId=-1, source=0x101 }
11-20 23:00:09.364  1181 14251 I chatty  : uid=1000(system) Binder:1181_1F expire 21 lines
11-20 23:00:10.175 13776 13776 W ContextImpl: Calling a method in the system process without a qualified user: android.app.ContextImpl.startService:1656 android.content.ContextWrapper.startService:644 android.content.ContextWrapper.startService:644 com.android.settings.deviceinfo.UsbReceiver.startUsbService:282 com.android.settings.deviceinfo.UsbReceiver.onUsbStateReceive:159 
11-20 23:00:10.177 13776 13776 W ContextImpl: Calling a method in the system process without a qualified user: android.app.ContextImpl.startService:1656 android.content.ContextWrapper.startService:644 android.content.ContextWrapper.startService:644 com.android.settings.deviceinfo.UsbReceiver.startUsbService:282 com.android.settings.deviceinfo.UsbReceiver.onUsbStateReceive:206 
11-20 23:00:10.220 13776 13776 W ContextImpl: Calling a method in the system process without a qualified user: android.app.ContextImpl.startService:1656 android.content.ContextWrapper.startService:644 android.content.ContextWrapper.startService:644 com.android.settings.deviceinfo.UsbReceiver.startUsbService:282 com.android.settings.deviceinfo.UsbReceiver.onUsbStateReceive:159 
11-20 23:00:10.222 13776 13776 W ContextImpl: Calling a method in the system process without a qualified user: android.app.ContextImpl.startService:1656 android.content.ContextWrapper.startService:644 android.content.ContextWrapper.startService:644 com.android.settings.deviceinfo.UsbReceiver.startUsbService:282 com.android.settings.deviceinfo.UsbReceiver.onUsbStateReceive:206 
11-20 23:00:11.377 13776 13776 W ContextImpl: Calling a method in the system process without a qualified user: android.app.ContextImpl.startService:1656 android.content.ContextWrapper.startService:644 android.content.ContextWrapper.startService:644 com.android.settings.deviceinfo.UsbReceiver.startUsbService:282 com.android.settings.deviceinfo.UsbReceiver.onUsbStateReceive:159 
11-20 23:00:11.379 13776 13776 W ContextImpl: Calling a method in the system process without a qualified user: android.app.ContextImpl.startService:1656 android.content.ContextWrapper.startService:644 android.content.ContextWrapper.startService:644 com.android.settings.deviceinfo.UsbReceiver.startUsbService:282 com.android.settings.deviceinfo.UsbReceiver.onUsbStateReceive:206 
11-20 23:00:11.407 13776 13776 W ContextImpl: Calling a method in the system process without a qualified user: android.app.ContextImpl.startService:1656 android.content.ContextWrapper.startService:644 android.content.ContextWrapper.startService:644 com.android.settings.deviceinfo.UsbReceiver.startUsbService:282 com.android.settings.deviceinfo.UsbReceiver.onUsbStateReceive:159 
11-20 23:00:11.410 13776 13776 W ContextImpl: Calling a method in the system process without a qualified user: android.app.ContextImpl.startService:1656 android.content.ContextWrapper.startService:644 android.content.ContextWrapper.startService:644 com.android.settings.deviceinfo.UsbReceiver.startUsbService:282 com.android.settings.deviceinfo.UsbReceiver.onUsbStateReceive:206 
11-20 23:00:11.703   719   719 I chatty  : uid=1010(wifi) /system/bin/wificond expire 24 lines
11-20 23:00:12.591 13776 13776 W ContextImpl: Calling a method in the system process without a qualified user: android.app.ContextImpl.startService:1656 android.content.ContextWrapper.startService:644 android.content.ContextWrapper.startService:644 com.android.settings.deviceinfo.UsbReceiver.startUsbService:282 com.android.settings.deviceinfo.UsbReceiver.onUsbStateReceive:159 
11-20 23:00:12.593 13776 13776 W ContextImpl: Calling a method in the system process without a qualified user: android.app.ContextImpl.startService:1656 android.content.ContextWrapper.startService:644 android.content.ContextWrapper.startService:644 com.android.settings.deviceinfo.UsbReceiver.startUsbService:282 com.android.settings.deviceinfo.UsbReceiver.onUsbStateReceive:206 
11-20 23:00:12.619 13776 13776 W ContextImpl: Calling a method in the system process without a qualified user: android.app.ContextImpl.startService:1656 android.content.ContextWrapper.startService:644 android.content.ContextWrapper.startService:644 com.android.settings.deviceinfo.UsbReceiver.startUsbService:282 com.android.settings.deviceinfo.UsbReceiver.onUsbStateReceive:159 
11-20 23:00:12.622 13776 13776 W ContextImpl: Calling a method in the system process without a qualified user: android.app.ContextImpl.startService:1656 android.content.ContextWrapper.startService:644 android.content.ContextWrapper.startService:644 com.android.settings.deviceinfo.UsbReceiver.startUsbService:282 com.android.settings.deviceinfo.UsbReceiver.onUsbStateReceive:206 
11-20 23:00:13.037   487   972 W SocketListener: sending broadcast to Pid = 1181, Uid = 1000 
11-20 23:00:13.055  1181  1339 I chatty  : uid=1000(system) NetworkStats expire 10 lines
11-20 23:00:13.101  1181  1679 I chatty  : uid=1000(system) Binder:1181_6 expire 39 lines
