11-21 10:20:25.234   719   719 E wificond: Failed to get NL80211_RATE_INFO_NOISE
11-21 10:20:25.234   719   719 E wificond: Failed to get NL80211_RATE_INFO_SNR
11-21 10:20:25.234   719   719 E wificond: Failed to get NL80211_STA_INFO_CNAHLOAD
11-21 10:21:14.087   487   970 W SocketListener: sending broadcast to Pid = 1181, Uid = 1000 
11-21 10:21:14.089  1181  1204 I chatty  : uid=1000(system) android.fg expire 10 lines
11-21 10:24:57.127   487   970 W SocketListener: sending broadcast to Pid = 1181, Uid = 1000 
11-21 10:25:21.086   487   970 W SocketListener: sending broadcast to Pid = 1181, Uid = 1000 
11-21 10:25:21.138   487   970 W SocketListener: sending broadcast to Pid = 1181, Uid = 1000 
11-21 10:26:57.088   487   970 W SocketListener: sending broadcast to Pid = 1181, Uid = 1000 
11-21 10:26:57.089  1181  1338 I chatty  : uid=1000(system) NetdConnector expire 10 lines
11-21 10:27:05.138   487   970 W SocketListener: sending broadcast to Pid = 1181, Uid = 1000 
11-21 10:28:51.087   487   970 W SocketListener: sending broadcast to Pid = 1181, Uid = 1000 
11-21 10:28:51.096   487   970 W SocketListener: sending broadcast to Pid = 1181, Uid = 1000 
11-21 10:29:08.087   487   970 W SocketListener: sending broadcast to Pid = 1181, Uid = 1000 
11-21 10:29:08.108   487   970 W SocketListener: sending broadcast to Pid = 1181, Uid = 1000 
11-21 10:29:08.109  1181  1338 I chatty  : uid=1000(system) NetdConnector expire 10 lines
11-21 10:29:56.086   487   970 W SocketListener: sending broadcast to Pid = 1181, Uid = 1000 
11-21 10:29:56.088  1181  1204 I chatty  : uid=1000(system) android.fg expire 10 lines
11-21 10:29:56.093  1181  8923 I chatty  : uid=1000(system) Binder:1181_19 expire 8 lines
11-21 10:29:56.112   487   970 W SocketListener: sending broadcast to Pid = 1181, Uid = 1000 
11-21 10:30:34.085   487   970 W SocketListener: sending broadcast to Pid = 1181, Uid = 1000 
11-21 10:30:34.091   719   719 E wificond: Failed to get NL80211_RATE_INFO_NOISE
11-21 10:30:34.091   719   719 E wificond: Failed to get NL80211_RATE_INFO_SNR
11-21 10:30:34.091   719   719 E wificond: Failed to get NL80211_STA_INFO_CNAHLOAD
11-21 10:30:34.094  1181  1358 I chatty  : uid=1000(system) ConnectivitySer expire 1 line
11-21 10:30:34.101   719   719 E wificond: Failed to get NL80211_RATE_INFO_NOISE
11-21 10:30:34.101   719   719 E wificond: Failed to get NL80211_RATE_INFO_SNR
11-21 10:30:34.101   719   719 E wificond: Failed to get NL80211_STA_INFO_CNAHLOAD
11-21 10:30:34.122  1181  4501 I chatty  : uid=1000(system) Binder:1181_10 expire 3 lines
11-21 10:30:34.130   487   970 W SocketListener: sending broadcast to Pid = 1181, Uid = 1000 
11-21 10:30:34.132  1181  6341 I chatty  : uid=1000(system) Binder:1181_18 expire 5 lines
11-21 10:33:38.090   487   970 W SocketListener: sending broadcast to Pid = 1181, Uid = 1000 
11-21 10:33:38.091  1181  1338 I chatty  : uid=1000(system) NetdConnector expire 10 lines
11-21 10:33:38.298  1181  6336 I chatty  : uid=1000(system) Binder:1181_17 expire 3 lines
11-21 10:33:55.135   487   970 W SocketListener: sending broadcast to Pid = 1181, Uid = 1000 
11-21 10:34:56.088   487   970 W SocketListener: sending broadcast to Pid = 1181, Uid = 1000 
11-21 10:34:56.110  1181  1679 I chatty  : uid=1000(system) Binder:1181_6 expire 6 lines
11-21 10:34:56.119   487   970 W SocketListener: sending broadcast to Pid = 1181, Uid = 1000 
11-21 10:35:13.276   719   719 E wificond: Failed to get NL80211_RATE_INFO_NOISE
11-21 10:35:13.277   719   719 E wificond: Failed to get NL80211_RATE_INFO_SNR
11-21 10:35:13.277   719   719 E wificond: Failed to get NL80211_STA_INFO_CNAHLOAD
11-21 10:35:13.278   719   719 E wificond: Failed to get NL80211_RATE_INFO_NOISE
11-21 10:35:13.278   719   719 E wificond: Failed to get NL80211_RATE_INFO_SNR
11-21 10:35:13.278   719   719 E wificond: Failed to get NL80211_STA_INFO_CNAHLOAD
11-21 10:37:52.087   487   970 W SocketListener: sending broadcast to Pid = 1181, Uid = 1000 
11-21 10:38:12.135   487   970 W SocketListener: sending broadcast to Pid = 1181, Uid = 1000 
11-21 10:38:12.136  1181  1338 I chatty  : uid=1000(system) NetdConnector expire 10 lines
11-21 10:39:56.087   487   970 W SocketListener: sending broadcast to Pid = 1181, Uid = 1000 
11-21 10:39:56.093  1181  1204 I chatty  : uid=1000(system) android.fg expire 4 lines
11-21 10:39:56.130   487   970 W SocketListener: sending broadcast to Pid = 1181, Uid = 1000 
11-21 10:39:56.688  1181  1181 I chatty  : uid=1000 system_server expire 1 line
11-21 10:41:46.087   487   970 W SocketListener: sending broadcast to Pid = 1181, Uid = 1000 
11-21 10:41:55.139   487   970 W SocketListener: sending broadcast to Pid = 1181, Uid = 1000 
11-21 10:44:56.084   487   970 W SocketListener: sending broadcast to Pid = 1181, Uid = 1000 
11-21 10:44:56.086  1181  1338 I chatty  : uid=1000(system) NetdConnector expire 10 lines
11-21 10:44:56.088  1181  1204 I chatty  : uid=1000(system) android.fg expire 10 lines
11-21 10:44:56.088  1181  1201 I chatty  : uid=1000(system) keyAppHanderThr expire 3 lines
11-21 10:44:56.101  1181  4501 I chatty  : uid=1000(system) Binder:1181_10 expire 6 lines
11-21 10:44:56.121   487   970 W SocketListener: sending broadcast to Pid = 1181, Uid = 1000 
11-21 10:44:56.130  1181  1191 I chatty  : uid=1000(system) Binder:1181_1 expire 10 lines
11-21 10:48:28.092   487   970 W SocketListener: sending broadcast to Pid = 1181, Uid = 1000 
11-21 10:48:28.108  1181  6336 I chatty  : uid=1000(system) Binder:1181_17 expire 5 lines
11-21 10:48:28.109   487   970 W SocketListener: sending broadcast to Pid = 1181, Uid = 1000 
11-21 10:49:57.084  1181  1307 I chatty  : uid=1000(system) UEventObserver expire 2 lines
11-21 10:49:57.086   487   970 W SocketListener: sending broadcast to Pid = 1181, Uid = 1000 
11-21 10:49:57.097   719   719 E wificond: Failed to get NL80211_RATE_INFO_NOISE
11-21 10:49:57.097   719   719 E wificond: Failed to get NL80211_RATE_INFO_SNR
11-21 10:49:57.098   719   719 E wificond: Failed to get NL80211_STA_INFO_CNAHLOAD
11-21 10:49:57.100   719   719 E wificond: Failed to get NL80211_RATE_INFO_NOISE
11-21 10:49:57.100   719   719 E wificond: Failed to get NL80211_RATE_INFO_SNR
11-21 10:49:57.100   719   719 E wificond: Failed to get NL80211_STA_INFO_CNAHLOAD
11-21 10:49:57.116  1181  1202 I chatty  : uid=1000(system) batterystats-sy expire 2 lines
11-21 10:49:57.121  1181  1181 I chatty  : uid=1000 system_server expire 7 lines
11-21 10:49:57.125  1181  1339 I chatty  : uid=1000(system) NetworkStats expire 7 lines
11-21 10:49:57.131  1181  6341 I chatty  : uid=1000(system) Binder:1181_18 expire 5 lines
11-21 10:49:57.132  1181  1338 I chatty  : uid=1000(system) NetdConnector expire 10 lines
11-21 10:49:57.360   487   970 W SocketListener: sending broadcast to Pid = 1181, Uid = 1000 
11-21 10:49:57.426  1181 13100 I chatty  : uid=1000(system) Binder:1181_1E expire 3 lines
11-21 10:50:57.088   487   970 W SocketListener: sending broadcast to Pid = 1181, Uid = 1000 
11-21 10:51:14.138   487   970 W SocketListener: sending broadcast to Pid = 1181, Uid = 1000 
11-21 10:53:28.088   487   970 W SocketListener: sending broadcast to Pid = 1181, Uid = 1000 
11-21 10:53:28.089  1181  1338 I chatty  : uid=1000(system) NetdConnector expire 10 lines
11-21 10:54:56.130   487   970 W SocketListener: sending broadcast to Pid = 1181, Uid = 1000 
11-21 10:55:12.086   487   970 W SocketListener: sending broadcast to Pid = 1181, Uid = 1000 
11-21 10:55:12.089  1181  1204 I chatty  : uid=1000(system) android.fg expire 5 lines
11-21 10:56:59.083   487   970 W SocketListener: sending broadcast to Pid = 1181, Uid = 1000 
11-21 10:56:59.087   487   970 W SocketListener: sending broadcast to Pid = 1181, Uid = 1000 
11-21 10:57:16.086  1181  1197 I chatty  : uid=1000(system) ActivityManager expire 1 line
11-21 10:57:16.141   487   970 W SocketListener: sending broadcast to Pid = 1181, Uid = 1000 
11-21 10:57:16.142  1181  1338 I chatty  : uid=1000(system) NetdConnector expire 10 lines
11-21 10:58:28.088   487   970 W SocketListener: sending broadcast to Pid = 1181, Uid = 1000 
11-21 10:58:28.105   487   970 W SocketListener: sending broadcast to Pid = 1181, Uid = 1000 
11-21 10:58:28.108  1181  1204 I chatty  : uid=1000(system) android.fg expire 10 lines
11-21 10:58:28.437  1181  1181 I chatty  : uid=1000 system_server expire 10 lines
11-21 10:59:24.086   487   970 W SocketListener: sending broadcast to Pid = 1181, Uid = 1000 
11-21 10:59:33.135   487   970 W SocketListener: sending broadcast to Pid = 1181, Uid = 1000 
11-21 10:59:33.544   719   719 E wificond: Failed to get NL80211_RATE_INFO_NOISE
11-21 10:59:33.545   719   719 E wificond: Failed to get NL80211_RATE_INFO_SNR
11-21 10:59:33.545   719   719 E wificond: Failed to get NL80211_STA_INFO_CNAHLOAD
11-21 10:59:33.546  1181  1358 I chatty  : uid=1000(system) ConnectivitySer expire 4 lines
11-21 10:59:33.548   719   719 E wificond: Failed to get NL80211_RATE_INFO_NOISE
11-21 10:59:33.548   719   719 E wificond: Failed to get NL80211_RATE_INFO_SNR
11-21 10:59:33.548   719   719 E wificond: Failed to get NL80211_STA_INFO_CNAHLOAD
11-21 10:59:56.089   487   970 W SocketListener: sending broadcast to Pid = 1181, Uid = 1000 
11-21 10:59:56.089  1181  1338 I chatty  : uid=1000(system) NetdConnector expire 10 lines
11-21 10:59:56.095  1181  6336 I chatty  : uid=1000(system) Binder:1181_17 expire 12 lines
11-21 10:59:56.103  1181  1191 I chatty  : uid=1000(system) Binder:1181_1 expire 13 lines
11-21 10:59:56.113   487   970 W SocketListener: sending broadcast to Pid = 1181, Uid = 1000 
11-21 10:59:56.404  1181  6341 I chatty  : uid=1000(system) Binder:1181_18 expire 3 lines
11-21 11:03:51.088   487   970 W SocketListener: sending broadcast to Pid = 1181, Uid = 1000 
11-21 11:03:59.136   487   970 W SocketListener: sending broadcast to Pid = 1181, Uid = 1000 
11-21 11:04:57.087   487   970 W SocketListener: sending broadcast to Pid = 1181, Uid = 1000 
11-21 11:04:57.116  1181  1201 I chatty  : uid=1000(system) keyAppHanderThr expire 7 lines
11-21 11:04:57.130  1181 13100 I chatty  : uid=1000(system) Binder:1181_1E expire 10 lines
11-21 11:04:57.135  1181  1197 I chatty  : uid=1000(system) ActivityManager expire 1 line
11-21 11:04:57.157  1181  1539 I chatty  : uid=1000(system) Binder:1181_5 expire 5 lines
11-21 11:04:57.170   487   970 W SocketListener: sending broadcast to Pid = 1181, Uid = 1000 
11-21 11:04:57.171  1181  1338 I chatty  : uid=1000(system) NetdConnector expire 10 lines
11-21 11:05:46.084   487   970 W SocketListener: sending broadcast to Pid = 1181, Uid = 1000 
11-21 11:05:46.135   487   970 W SocketListener: sending broadcast to Pid = 1181, Uid = 1000 
11-21 11:05:46.138  1181  1204 I chatty  : uid=1000(system) android.fg expire 10 lines
11-21 11:05:55.106  2604  2620 W ContextImpl: Calling a method in the system process without a qualified user: android.app.ContextImpl.sendBroadcast:1074 android.content.ContextWrapper.sendBroadcast:431 com.huawei.android.pushagent.utils.a.vv:723 com.huawei.android.pushagent.model.a.f.bj:107 com.huawei.android.pushagent.model.a.b.ba:177 
11-21 11:05:55.131  2865  2877 W SettingsEx: SettingsEx.Systemex.getInt deprecated use Settings.System.getInt instead ;callers=com.huawei.recsys.util.SystemUtil.getNotificationUpdateMode:177 com.huawei.recsys.util.SystemUtil.isAllowUpdate:112 com.huawei.recsys.controller.notification.http.NotificationUpdateController.startNotificationUpdate:85 
11-21 11:05:58.583   719   719 E wificond: Failed to get NL80211_RATE_INFO_NOISE
11-21 11:05:58.583   719   719 E wificond: Failed to get NL80211_RATE_INFO_SNR
11-21 11:05:58.583   719   719 E wificond: Failed to get NL80211_STA_INFO_CNAHLOAD
11-21 11:05:58.584   719   719 E wificond: Failed to get NL80211_RATE_INFO_NOISE
11-21 11:05:58.584   719   719 E wificond: Failed to get NL80211_RATE_INFO_SNR
11-21 11:05:58.584   719   719 E wificond: Failed to get NL80211_STA_INFO_CNAHLOAD
11-21 11:07:32.088   487   970 W SocketListener: sending broadcast to Pid = 1181, Uid = 1000 
11-21 11:07:41.137   487   970 W SocketListener: sending broadcast to Pid = 1181, Uid = 1000 
11-21 11:09:00.084   487   970 W SocketListener: sending broadcast to Pid = 1181, Uid = 1000 
11-21 11:09:00.085  1181  1338 I chatty  : uid=1000(system) NetdConnector expire 10 lines
11-21 11:09:00.104  1181  4501 I chatty  : uid=1000(system) Binder:1181_10 expire 10 lines
11-21 11:09:00.105   487   970 W SocketListener: sending broadcast to Pid = 1181, Uid = 1000 
11-21 11:09:55.080  1181  1560 I chatty  : uid=1000(system) watchdog expire 2 lines
11-21 11:09:55.083   487   970 W SocketListener: sending broadcast to Pid = 1181, Uid = 1000 
11-21 11:09:55.869   487   970 W SocketListener: sending broadcast to Pid = 1181, Uid = 1000 
11-21 11:10:56.084   487   970 W SocketListener: sending broadcast to Pid = 1181, Uid = 1000 
11-21 11:10:56.108   719   719 E wificond: Failed to get NL80211_RATE_INFO_NOISE
11-21 11:10:56.108   719   719 E wificond: Failed to get NL80211_RATE_INFO_SNR
11-21 11:10:56.108   719   719 E wificond: Failed to get NL80211_STA_INFO_CNAHLOAD
11-21 11:10:56.110   719   719 E wificond: Failed to get NL80211_RATE_INFO_NOISE
11-21 11:10:56.110   719   719 E wificond: Failed to get NL80211_RATE_INFO_SNR
11-21 11:10:56.110   719   719 E wificond: Failed to get NL80211_STA_INFO_CNAHLOAD
11-21 11:14:48.084   487   970 W SocketListener: sending broadcast to Pid = 1181, Uid = 1000 
11-21 11:14:48.086  1181  1338 I chatty  : uid=1000(system) NetdConnector expire 10 lines
11-21 11:14:48.086   487   970 W SocketListener: sending broadcast to Pid = 1181, Uid = 1000 
11-21 11:14:56.108   487   970 W SocketListener: sending broadcast to Pid = 1181, Uid = 1000 
11-21 11:14:56.111  1181  1204 I chatty  : uid=1000(system) android.fg expire 10 lines
11-21 11:17:29.088   487   970 W SocketListener: sending broadcast to Pid = 1181, Uid = 1000 
11-21 11:17:37.135   487   970 W SocketListener: sending broadcast to Pid = 1181, Uid = 1000 
11-21 11:19:02.088   487   970 W SocketListener: sending broadcast to Pid = 1181, Uid = 1000 
11-21 11:19:02.089  1181  1338 I chatty  : uid=1000(system) NetdConnector expire 12 lines
11-21 11:19:02.107   487   970 W SocketListener: sending broadcast to Pid = 1181, Uid = 1000 
11-21 11:19:04.515   719   719 E wificond: Failed to get NL80211_RATE_INFO_NOISE
11-21 11:19:04.515   719   719 E wificond: Failed to get NL80211_RATE_INFO_SNR
11-21 11:19:04.515   719   719 E wificond: Failed to get NL80211_STA_INFO_CNAHLOAD
11-21 11:19:04.518   719   719 E wificond: Failed to get NL80211_RATE_INFO_NOISE
11-21 11:19:04.518   719   719 E wificond: Failed to get NL80211_RATE_INFO_SNR
11-21 11:19:04.518   719   719 E wificond: Failed to get NL80211_STA_INFO_CNAHLOAD
11-21 11:19:56.088   487   970 W SocketListener: sending broadcast to Pid = 1181, Uid = 1000 
11-21 11:19:56.147   487   970 W SocketListener: sending broadcast to Pid = 1181, Uid = 1000 
11-21 11:19:56.166  1181  1339 I chatty  : uid=1000(system) NetworkStats expire 7 lines
11-21 11:22:11.088   487   970 W SocketListener: sending broadcast to Pid = 1181, Uid = 1000 
11-21 11:22:11.089  1181  1338 I chatty  : uid=1000(system) NetdConnector expire 10 lines
11-21 11:22:19.134   487   970 W SocketListener: sending broadcast to Pid = 1181, Uid = 1000 
11-21 11:22:38.088   487   970 W SocketListener: sending broadcast to Pid = 1181, Uid = 1000 
11-21 11:24:50.081   487   970 W SocketListener: sending broadcast to Pid = 1181, Uid = 1000 
11-21 11:24:50.085   487   970 W SocketListener: sending broadcast to Pid = 1181, Uid = 1000 
11-21 11:24:50.088  1181  1204 I chatty  : uid=1000(system) android.fg expire 10 lines
11-21 11:24:56.098  1181  4501 I chatty  : uid=1000(system) Binder:1181_10 expire 7 lines
11-21 11:24:56.117   487   970 W SocketListener: sending broadcast to Pid = 1181, Uid = 1000 
11-21 11:24:56.118  1181  1338 I chatty  : uid=1000(system) NetdConnector expire 10 lines
11-21 11:25:01.571   719   719 E wificond: Failed to get NL80211_RATE_INFO_NOISE
11-21 11:25:01.571   719   719 E wificond: Failed to get NL80211_RATE_INFO_SNR
11-21 11:25:01.571   719   719 E wificond: Failed to get NL80211_STA_INFO_CNAHLOAD
11-21 11:25:01.575   719   719 E wificond: Failed to get NL80211_RATE_INFO_NOISE
11-21 11:25:01.575   719   719 E wificond: Failed to get NL80211_RATE_INFO_SNR
11-21 11:25:01.575   719   719 E wificond: Failed to get NL80211_STA_INFO_CNAHLOAD
11-21 11:27:38.087   487   970 W SocketListener: sending broadcast to Pid = 1181, Uid = 1000 
11-21 11:27:38.199  1181  1181 I chatty  : uid=1000 system_server expire 4 lines
11-21 11:27:52.083   487   970 W SocketListener: sending broadcast to Pid = 1181, Uid = 1000 
11-21 11:28:00.086   487   970 W SocketListener: sending broadcast to Pid = 1181, Uid = 1000 
11-21 11:28:00.138   487   970 W SocketListener: sending broadcast to Pid = 1181, Uid = 1000 
11-21 11:29:37.087   487   970 W SocketListener: sending broadcast to Pid = 1181, Uid = 1000 
11-21 11:29:37.088  1181  1338 I chatty  : uid=1000(system) NetdConnector expire 10 lines
11-21 11:29:37.097   487   970 W SocketListener: sending broadcast to Pid = 1181, Uid = 1000 
11-21 11:29:54.086   487   970 W SocketListener: sending broadcast to Pid = 1181, Uid = 1000 
11-21 11:29:54.136   487   970 W SocketListener: sending broadcast to Pid = 1181, Uid = 1000 
11-21 11:29:54.138  1181  1204 I chatty  : uid=1000(system) android.fg expire 10 lines
11-21 11:32:09.089   487   970 W SocketListener: sending broadcast to Pid = 1181, Uid = 1000 
11-21 11:32:09.111  2604  2620 W ContextImpl: Calling a method in the system process without a qualified user: android.app.ContextImpl.sendBroadcast:1074 android.content.ContextWrapper.sendBroadcast:431 com.huawei.android.pushagent.utils.a.vv:723 com.huawei.android.pushagent.model.a.f.bj:107 com.huawei.android.pushagent.model.a.b.ba:177 
11-21 11:32:09.115   487   970 W SocketListener: sending broadcast to Pid = 1181, Uid = 1000 
11-21 11:32:09.117  1181  1338 I chatty  : uid=1000(system) NetdConnector expire 10 lines
11-21 11:32:09.137  2865  2877 W SettingsEx: SettingsEx.Systemex.getInt deprecated use Settings.System.getInt instead ;callers=com.huawei.recsys.util.SystemUtil.getNotificationUpdateMode:177 com.huawei.recsys.util.SystemUtil.isAllowUpdate:112 com.huawei.recsys.controller.notification.http.NotificationUpdateController.startNotificationUpdate:85 
11-21 11:32:09.807   719   719 E wificond: Failed to get NL80211_RATE_INFO_NOISE
11-21 11:32:09.807   719   719 E wificond: Failed to get NL80211_RATE_INFO_SNR
11-21 11:32:09.807   719   719 E wificond: Failed to get NL80211_STA_INFO_CNAHLOAD
11-21 11:32:09.809   719   719 E wificond: Failed to get NL80211_RATE_INFO_NOISE
11-21 11:32:09.809   719   719 E wificond: Failed to get NL80211_RATE_INFO_SNR
11-21 11:32:09.809   719   719 E wificond: Failed to get NL80211_STA_INFO_CNAHLOAD
11-21 11:34:56.085   487   970 W SocketListener: sending broadcast to Pid = 1181, Uid = 1000 
11-21 11:34:56.167   487   970 W SocketListener: sending broadcast to Pid = 1181, Uid = 1000 
11-21 11:36:33.089   487   970 W SocketListener: sending broadcast to Pid = 1181, Uid = 1000 
11-21 11:36:42.136   487   970 W SocketListener: sending broadcast to Pid = 1181, Uid = 1000 
11-21 11:37:10.086   487   970 W SocketListener: sending broadcast to Pid = 1181, Uid = 1000 
11-21 11:37:10.088  1181  1338 I chatty  : uid=1000(system) NetdConnector expire 10 lines
11-21 11:39:56.115   487   970 W SocketListener: sending broadcast to Pid = 1181, Uid = 1000 
11-21 11:39:56.214  1181 13100 I chatty  : uid=1000(system) Binder:1181_1E expire 2 lines
11-21 11:39:56.526   719   719 E wificond: Failed to get NL80211_RATE_INFO_NOISE
11-21 11:39:56.526   719   719 E wificond: Failed to get NL80211_RATE_INFO_SNR
11-21 11:39:56.526   719   719 E wificond: Failed to get NL80211_STA_INFO_CNAHLOAD
11-21 11:39:56.529   719   719 E wificond: Failed to get NL80211_RATE_INFO_NOISE
11-21 11:39:56.529   719   719 E wificond: Failed to get NL80211_RATE_INFO_SNR
11-21 11:39:56.529   719   719 E wificond: Failed to get NL80211_STA_INFO_CNAHLOAD
11-21 11:42:54.086   487   970 W SocketListener: sending broadcast to Pid = 1181, Uid = 1000 
11-21 11:43:11.137   487   970 W SocketListener: sending broadcast to Pid = 1181, Uid = 1000 
11-21 11:43:11.139  1181  1204 I chatty  : uid=1000(system) android.fg expire 10 lines
11-21 11:44:56.085   487   970 W SocketListener: sending broadcast to Pid = 1181, Uid = 1000 
11-21 11:44:56.103  1181 13100 I chatty  : uid=1000(system) Binder:1181_1E expire 10 lines
11-21 11:44:56.117  1181  1539 I chatty  : uid=1000(system) Binder:1181_5 expire 12 lines
11-21 11:44:56.125   487   970 W SocketListener: sending broadcast to Pid = 1181, Uid = 1000 
11-21 11:44:56.126  1181  1338 I chatty  : uid=1000(system) NetdConnector expire 10 lines
11-21 11:46:42.087   487   970 W SocketListener: sending broadcast to Pid = 1181, Uid = 1000 
11-21 11:46:50.137   487   970 W SocketListener: sending broadcast to Pid = 1181, Uid = 1000 
11-21 11:47:13.088   487   970 W SocketListener: sending broadcast to Pid = 1181, Uid = 1000 
11-21 11:47:13.139   487   970 W SocketListener: sending broadcast to Pid = 1181, Uid = 1000 
11-21 11:47:42.076   487   970 W SocketListener: sending broadcast to Pid = 1181, Uid = 1000 
11-21 11:47:42.076  1181  1338 I chatty  : uid=1000(system) NetdConnector expire 12 lines
11-21 11:47:42.099  2604  2620 W ContextImpl: Calling a method in the system process without a qualified user: android.app.ContextImpl.sendBroadcast:1074 android.content.ContextWrapper.sendBroadcast:431 com.huawei.android.pushagent.utils.a.vv:723 com.huawei.android.pushagent.model.a.f.bj:107 com.huawei.android.pushagent.model.a.b.ba:177 
11-21 11:47:42.101   487   970 W SocketListener: sending broadcast to Pid = 1181, Uid = 1000 
11-21 11:47:42.128  2865  2877 W SettingsEx: SettingsEx.Systemex.getInt deprecated use Settings.System.getInt instead ;callers=com.huawei.recsys.util.SystemUtil.getNotificationUpdateMode:177 com.huawei.recsys.util.SystemUtil.isAllowUpdate:112 com.huawei.recsys.controller.notification.http.NotificationUpdateController.startNotificationUpdate:85 
11-21 11:47:42.178  1181  1181 I chatty  : uid=1000 system_server expire 10 lines
11-21 11:47:42.537   719   719 E wificond: Failed to get NL80211_RATE_INFO_NOISE
11-21 11:47:42.537   719   719 E wificond: Failed to get NL80211_RATE_INFO_SNR
11-21 11:47:42.537   719   719 E wificond: Failed to get NL80211_STA_INFO_CNAHLOAD
11-21 11:47:42.538   719   719 E wificond: Failed to get NL80211_RATE_INFO_NOISE
11-21 11:47:42.539   719   719 E wificond: Failed to get NL80211_RATE_INFO_SNR
11-21 11:47:42.539   719   719 E wificond: Failed to get NL80211_STA_INFO_CNAHLOAD
11-21 11:48:12.086   487   970 W SocketListener: sending broadcast to Pid = 1181, Uid = 1000 
11-21 11:49:56.109  1181  1339 I chatty  : uid=1000(system) NetworkStats expire 14 lines
11-21 11:49:56.122  1181  1191 I chatty  : uid=1000(system) Binder:1181_1 expire 10 lines
11-21 11:49:56.125   487   970 W SocketListener: sending broadcast to Pid = 1181, Uid = 1000 
11-21 11:49:56.129  1181  1204 I chatty  : uid=1000(system) android.fg expire 10 lines
11-21 11:51:58.089   487   970 W SocketListener: sending broadcast to Pid = 1181, Uid = 1000 
11-21 11:51:58.089  1181  1338 I chatty  : uid=1000(system) NetdConnector expire 12 lines
11-21 11:52:05.769   719   719 E wificond: Failed to get NL80211_RATE_INFO_NOISE
11-21 11:52:05.769   719   719 E wificond: Failed to get NL80211_RATE_INFO_SNR
11-21 11:52:05.769   719   719 E wificond: Failed to get NL80211_STA_INFO_CNAHLOAD
11-21 11:52:05.770  1181  1358 I chatty  : uid=1000(system) ConnectivitySer expire 1 line
11-21 11:52:05.772   719   719 E wificond: Failed to get NL80211_RATE_INFO_NOISE
11-21 11:52:05.772   719   719 E wificond: Failed to get NL80211_RATE_INFO_SNR
11-21 11:52:05.772   719   719 E wificond: Failed to get NL80211_STA_INFO_CNAHLOAD
11-21 11:52:15.136   487   970 W SocketListener: sending broadcast to Pid = 1181, Uid = 1000 
11-21 11:52:48.087   487   970 W SocketListener: sending broadcast to Pid = 1181, Uid = 1000 
11-21 11:54:42.086   487   970 W SocketListener: sending broadcast to Pid = 1181, Uid = 1000 
11-21 11:54:42.086   487   970 I chatty  : uid=0(root) /system/bin/netd identical 1 line
11-21 11:54:42.086   487   970 W SocketListener: sending broadcast to Pid = 1181, Uid = 1000 
11-21 11:54:47.293   719   719 E wificond: Failed to get NL80211_RATE_INFO_NOISE
11-21 11:54:47.294   719   719 E wificond: Failed to get NL80211_RATE_INFO_SNR
11-21 11:54:47.294   719   719 E wificond: Failed to get NL80211_STA_INFO_CNAHLOAD
11-21 11:54:47.295   719   719 E wificond: Failed to get NL80211_RATE_INFO_NOISE
11-21 11:54:47.295   719   719 E wificond: Failed to get NL80211_RATE_INFO_SNR
11-21 11:54:47.295   719   719 E wificond: Failed to get NL80211_STA_INFO_CNAHLOAD
11-21 11:54:56.098  1181  1201 I chatty  : uid=1000(system) keyAppHanderThr expire 6 lines
11-21 11:54:56.112  1181  1560 I chatty  : uid=1000(system) watchdog expire 2 lines
11-21 11:56:23.088   487   970 W SocketListener: sending broadcast to Pid = 1181, Uid = 1000 
11-21 11:56:23.089  1181  1338 I chatty  : uid=1000(system) NetdConnector expire 10 lines
11-21 11:56:31.135   487   970 W SocketListener: sending broadcast to Pid = 1181, Uid = 1000 
11-21 11:57:19.090   487   970 W SocketListener: sending broadcast to Pid = 1181, Uid = 1000 
11-21 11:57:19.097  1181  6336 I chatty  : uid=1000(system) Binder:1181_17 expire 11 lines
11-21 11:59:45.102  1181  1539 I chatty  : uid=1000(system) Binder:1181_5 expire 10 lines
11-21 11:59:45.102   487   970 W SocketListener: sending broadcast to Pid = 1181, Uid = 1000 
11-21 11:59:45.105  1181  1204 I chatty  : uid=1000(system) android.fg expire 10 lines
11-21 12:03:00.092   487   970 W SocketListener: sending broadcast to Pid = 1181, Uid = 1000 
11-21 12:03:00.367   719   719 E wificond: Failed to get NL80211_RATE_INFO_NOISE
11-21 12:03:00.368   719   719 E wificond: Failed to get NL80211_RATE_INFO_SNR
11-21 12:03:00.368   719   719 E wificond: Failed to get NL80211_STA_INFO_CNAHLOAD
11-21 12:03:00.369   719   719 E wificond: Failed to get NL80211_RATE_INFO_NOISE
11-21 12:03:00.369   719   719 E wificond: Failed to get NL80211_RATE_INFO_SNR
11-21 12:03:00.369   719   719 E wificond: Failed to get NL80211_STA_INFO_CNAHLOAD
11-21 12:03:05.086   487   970 W SocketListener: sending broadcast to Pid = 1181, Uid = 1000 
11-21 12:03:05.086  1181  1338 I chatty  : uid=1000(system) NetdConnector expire 10 lines
11-21 12:04:45.088   487   970 W SocketListener: sending broadcast to Pid = 1181, Uid = 1000 
11-21 12:04:56.144   487   970 W SocketListener: sending broadcast to Pid = 1181, Uid = 1000 
11-21 12:05:58.087   487   970 W SocketListener: sending broadcast to Pid = 1181, Uid = 1000 
11-21 12:05:58.111  2604  2620 W ContextImpl: Calling a method in the system process without a qualified user: android.app.ContextImpl.sendBroadcast:1074 android.content.ContextWrapper.sendBroadcast:431 com.huawei.android.pushagent.utils.a.vv:723 com.huawei.android.pushagent.model.a.f.bj:107 com.huawei.android.pushagent.model.a.b.ba:177 
11-21 12:05:58.114   487   970 W SocketListener: sending broadcast to Pid = 1181, Uid = 1000 
11-21 12:05:58.138  2865  2877 W SettingsEx: SettingsEx.Systemex.getInt deprecated use Settings.System.getInt instead ;callers=com.huawei.recsys.util.SystemUtil.getNotificationUpdateMode:177 com.huawei.recsys.util.SystemUtil.isAllowUpdate:112 com.huawei.recsys.controller.notification.http.NotificationUpdateController.startNotificationUpdate:85 
11-21 12:05:58.186  1181  1181 I chatty  : uid=1000 system_server expire 8 lines
11-21 12:06:01.429   719   719 E wificond: Failed to get NL80211_RATE_INFO_NOISE
11-21 12:06:01.429   719   719 E wificond: Failed to get NL80211_RATE_INFO_SNR
11-21 12:06:01.429   719   719 E wificond: Failed to get NL80211_STA_INFO_CNAHLOAD
11-21 12:06:01.430   719   719 E wificond: Failed to get NL80211_RATE_INFO_NOISE
11-21 12:06:01.430   719   719 E wificond: Failed to get NL80211_RATE_INFO_SNR
11-21 12:06:01.430   719   719 E wificond: Failed to get NL80211_STA_INFO_CNAHLOAD
11-21 12:06:03.094  1181  6336 I chatty  : uid=1000(system) Binder:1181_17 expire 9 lines
11-21 12:07:22.088   487   970 W SocketListener: sending broadcast to Pid = 1181, Uid = 1000 
11-21 12:07:22.089  1181  1338 I chatty  : uid=1000(system) NetdConnector expire 10 lines
11-21 12:07:22.111  2604  2620 W ContextImpl: Calling a method in the system process without a qualified user: android.app.ContextImpl.sendBroadcast:1074 android.content.ContextWrapper.sendBroadcast:431 com.huawei.android.pushagent.utils.a.vv:723 com.huawei.android.pushagent.model.a.f.bj:107 com.huawei.android.pushagent.model.a.b.ba:177 
11-21 12:07:22.115   487   970 W SocketListener: sending broadcast to Pid = 1181, Uid = 1000 
11-21 12:07:22.140  2865  2877 W SettingsEx: SettingsEx.Systemex.getInt deprecated use Settings.System.getInt instead ;callers=com.huawei.recsys.util.SystemUtil.getNotificationUpdateMode:177 com.huawei.recsys.util.SystemUtil.isAllowUpdate:112 com.huawei.recsys.controller.notification.http.NotificationUpdateController.startNotificationUpdate:85 
11-21 12:07:47.089   487   970 W SocketListener: sending broadcast to Pid = 1181, Uid = 1000 
11-21 12:07:47.660   719   719 E wificond: Received error message: Invalid argument
11-21 12:07:47.660   719   719 E wificond: NL80211_CMD_GET_STATION failed
11-21 12:07:47.661   719   719 E wificond: Failed to get NL80211_RATE_INFO_NOISE
11-21 12:07:47.661   719   719 E wificond: Failed to get NL80211_RATE_INFO_SNR
11-21 12:07:47.661   719   719 E wificond: Failed to get NL80211_STA_INFO_CNAHLOAD
11-21 12:08:04.136   487   970 W SocketListener: sending broadcast to Pid = 1181, Uid = 1000 
11-21 12:08:04.138  1181  1204 I chatty  : uid=1000(system) android.fg expire 10 lines
11-21 12:09:56.089   487   970 W SocketListener: sending broadcast to Pid = 1181, Uid = 1000 
11-21 12:09:56.112  1181  1191 I chatty  : uid=1000(system) Binder:1181_1 expire 1 line
11-21 12:09:56.126   487   970 W SocketListener: sending broadcast to Pid = 1181, Uid = 1000 
11-21 12:09:56.128  1181  1338 I chatty  : uid=1000(system) NetdConnector expire 10 lines
11-21 12:11:01.077   487   970 W SocketListener: sending broadcast to Pid = 1181, Uid = 1000 
11-21 12:12:23.083   487   970 W SocketListener: sending broadcast to Pid = 1181, Uid = 1000 
11-21 12:12:23.087   487   970 W SocketListener: sending broadcast to Pid = 1181, Uid = 1000 
11-21 12:14:46.080   487   970 W SocketListener: sending broadcast to Pid = 1181, Uid = 1000 
11-21 12:14:46.084   487   970 W SocketListener: sending broadcast to Pid = 1181, Uid = 1000 
11-21 12:14:46.085  1181  1338 I chatty  : uid=1000(system) NetdConnector expire 10 lines
11-21 12:14:54.135   487   970 W SocketListener: sending broadcast to Pid = 1181, Uid = 1000 
11-21 12:14:56.848   719   719 E wificond: Failed to get NL80211_RATE_INFO_NOISE
11-21 12:14:56.848   719   719 E wificond: Failed to get NL80211_RATE_INFO_SNR
11-21 12:14:56.848   719   719 E wificond: Failed to get NL80211_STA_INFO_CNAHLOAD
11-21 12:14:56.850   719   719 E wificond: Failed to get NL80211_RATE_INFO_NOISE
11-21 12:14:56.850   719   719 E wificond: Failed to get NL80211_RATE_INFO_SNR
11-21 12:14:56.850   719   719 E wificond: Failed to get NL80211_STA_INFO_CNAHLOAD
11-21 12:16:02.087   487   970 W SocketListener: sending broadcast to Pid = 1181, Uid = 1000 
11-21 12:18:07.084   487   970 W SocketListener: sending broadcast to Pid = 1181, Uid = 1000 
11-21 12:18:07.087   487   970 W SocketListener: sending broadcast to Pid = 1181, Uid = 1000 
11-21 12:18:07.094  1181  1204 I chatty  : uid=1000(system) android.fg expire 6 lines
11-21 12:18:07.105   487   970 W SocketListener: sending broadcast to Pid = 1181, Uid = 1000 
11-21 12:18:07.109  1181  1338 I chatty  : uid=1000(system) NetdConnector expire 10 lines
11-21 12:18:07.125  2604  2620 W ContextImpl: Calling a method in the system process without a qualified user: android.app.ContextImpl.sendBroadcast:1074 android.content.ContextWrapper.sendBroadcast:431 com.huawei.android.pushagent.utils.a.vv:723 com.huawei.android.pushagent.model.a.f.bj:107 com.huawei.android.pushagent.model.a.b.ba:177 
11-21 12:19:49.087   487   970 W SocketListener: sending broadcast to Pid = 1181, Uid = 1000 
11-21 12:19:56.115  1181  1539 I chatty  : uid=1000(system) Binder:1181_5 expire 2 lines
11-21 12:19:56.120  1181 13100 I chatty  : uid=1000(system) Binder:1181_1E expire 7 lines
11-21 12:19:56.125   487   970 W SocketListener: sending broadcast to Pid = 1181, Uid = 1000 
11-21 12:19:56.153  1181  4967 I chatty  : uid=1000(system) Binder:1181_12 expire 2 lines
11-21 12:19:56.489   719   719 E wificond: Failed to get NL80211_RATE_INFO_NOISE
11-21 12:19:56.489   719   719 E wificond: Failed to get NL80211_RATE_INFO_SNR
11-21 12:19:56.489   719   719 E wificond: Failed to get NL80211_STA_INFO_CNAHLOAD
11-21 12:19:56.491   719   719 E wificond: Failed to get NL80211_RATE_INFO_NOISE
11-21 12:19:56.491   719   719 E wificond: Failed to get NL80211_RATE_INFO_SNR
11-21 12:19:56.491   719   719 E wificond: Failed to get NL80211_STA_INFO_CNAHLOAD
11-21 12:23:08.089   487   970 W SocketListener: sending broadcast to Pid = 1181, Uid = 1000 
11-21 12:23:08.089  1181  1338 I chatty  : uid=1000(system) NetdConnector expire 10 lines
11-21 12:24:55.851  1181  1539 I chatty  : uid=1000(system) Binder:1181_5 expire 10 lines
11-21 12:24:55.865   487   970 W SocketListener: sending broadcast to Pid = 1181, Uid = 1000 
11-21 12:24:55.868  1181  1204 I chatty  : uid=1000(system) android.fg expire 10 lines
11-21 12:24:57.638  1181 13100 I chatty  : uid=1000(system) Binder:1181_1E expire 8 lines
11-21 12:25:27.090   487   970 W SocketListener: sending broadcast to Pid = 1181, Uid = 1000 
11-21 12:25:36.100   719   719 E wificond: Failed to get NL80211_RATE_INFO_NOISE
11-21 12:25:36.101   719   719 E wificond: Failed to get NL80211_RATE_INFO_SNR
11-21 12:25:36.101   719   719 E wificond: Failed to get NL80211_STA_INFO_CNAHLOAD
11-21 12:25:36.102   719   719 E wificond: Failed to get NL80211_RATE_INFO_NOISE
11-21 12:25:36.102   719   719 E wificond: Failed to get NL80211_RATE_INFO_SNR
11-21 12:25:36.102   719   719 E wificond: Failed to get NL80211_STA_INFO_CNAHLOAD
11-21 12:25:36.136   487   970 W SocketListener: sending broadcast to Pid = 1181, Uid = 1000 
11-21 12:28:11.082   487   970 W SocketListener: sending broadcast to Pid = 1181, Uid = 1000 
11-21 12:28:11.087  1181  1181 I chatty  : uid=1000 system_server expire 11 lines
11-21 12:29:17.085   487   970 W SocketListener: sending broadcast to Pid = 1181, Uid = 1000 
11-21 12:29:17.087  1181  1338 I chatty  : uid=1000(system) NetdConnector expire 10 lines
11-21 12:29:17.088   487   970 W SocketListener: sending broadcast to Pid = 1181, Uid = 1000 
11-21 12:29:17.115  2604  2620 W ContextImpl: Calling a method in the system process without a qualified user: android.app.ContextImpl.sendBroadcast:1074 android.content.ContextWrapper.sendBroadcast:431 com.huawei.android.pushagent.utils.a.vv:723 com.huawei.android.pushagent.model.a.f.bj:107 com.huawei.android.pushagent.model.a.b.ba:177 
11-21 12:29:17.118   487   970 W SocketListener: sending broadcast to Pid = 1181, Uid = 1000 
11-21 12:29:17.141  2865  2877 W SettingsEx: SettingsEx.Systemex.getInt deprecated use Settings.System.getInt instead ;callers=com.huawei.recsys.util.SystemUtil.getNotificationUpdateMode:177 com.huawei.recsys.util.SystemUtil.isAllowUpdate:112 com.huawei.recsys.controller.notification.http.NotificationUpdateController.startNotificationUpdate:85 
11-21 12:29:51.087   487   970 W SocketListener: sending broadcast to Pid = 1181, Uid = 1000 
11-21 12:29:56.087  1181  1201 I chatty  : uid=1000(system) keyAppHanderThr expire 4 lines
11-21 12:29:56.102  1181  4967 I chatty  : uid=1000(system) Binder:1181_12 expire 13 lines
11-21 12:29:56.114   487   970 W SocketListener: sending broadcast to Pid = 1181, Uid = 1000 
11-21 12:29:56.577   719   719 E wificond: Failed to get NL80211_RATE_INFO_NOISE
11-21 12:29:56.577   719   719 E wificond: Failed to get NL80211_RATE_INFO_SNR
11-21 12:29:56.577   719   719 E wificond: Failed to get NL80211_STA_INFO_CNAHLOAD
11-21 12:29:56.579   719   719 E wificond: Failed to get NL80211_RATE_INFO_NOISE
11-21 12:29:56.579   719   719 E wificond: Failed to get NL80211_RATE_INFO_SNR
11-21 12:29:56.579   719   719 E wificond: Failed to get NL80211_STA_INFO_CNAHLOAD
11-21 12:32:04.087   487   970 W SocketListener: sending broadcast to Pid = 1181, Uid = 1000 
11-21 12:32:04.088  1181  1338 I chatty  : uid=1000(system) NetdConnector expire 10 lines
11-21 12:32:04.136   487   970 W SocketListener: sending broadcast to Pid = 1181, Uid = 1000 
11-21 12:32:04.139  1181  1204 I chatty  : uid=1000(system) android.fg expire 10 lines
11-21 12:34:21.085   487   970 W SocketListener: sending broadcast to Pid = 1181, Uid = 1000 
11-21 12:34:24.081   487   970 W SocketListener: sending broadcast to Pid = 1181, Uid = 1000 
11-21 12:34:56.084   487   970 W SocketListener: sending broadcast to Pid = 1181, Uid = 1000 
11-21 12:34:56.121  1181  6341 I chatty  : uid=1000(system) Binder:1181_18 expire 7 lines
11-21 12:34:56.143   487   970 W SocketListener: sending broadcast to Pid = 1181, Uid = 1000 
11-21 12:34:56.144  1181  1338 I chatty  : uid=1000(system) NetdConnector expire 10 lines
11-21 12:34:56.215  1181  1560 I chatty  : uid=1000(system) watchdog expire 1 line
11-21 12:34:56.222  1181  4501 I chatty  : uid=1000(system) Binder:1181_10 expire 1 line
11-21 12:35:53.086   487   970 W SocketListener: sending broadcast to Pid = 1181, Uid = 1000 
11-21 12:36:10.098   719   719 E wificond: Failed to get NL80211_RATE_INFO_NOISE
11-21 12:36:10.099   719   719 E wificond: Failed to get NL80211_RATE_INFO_SNR
11-21 12:36:10.099   719   719 E wificond: Failed to get NL80211_STA_INFO_CNAHLOAD
11-21 12:36:10.100   719   719 E wificond: Failed to get NL80211_RATE_INFO_NOISE
11-21 12:36:10.100   719   719 E wificond: Failed to get NL80211_RATE_INFO_SNR
11-21 12:36:10.100   719   719 E wificond: Failed to get NL80211_STA_INFO_CNAHLOAD
11-21 12:36:10.137   487   970 W SocketListener: sending broadcast to Pid = 1181, Uid = 1000 
11-21 12:38:35.088   487   970 W SocketListener: sending broadcast to Pid = 1181, Uid = 1000 
11-21 12:38:44.138   487   970 W SocketListener: sending broadcast to Pid = 1181, Uid = 1000 
11-21 12:39:21.087   487   970 W SocketListener: sending broadcast to Pid = 1181, Uid = 1000 
11-21 12:39:21.087  1181  1338 I chatty  : uid=1000(system) NetdConnector expire 10 lines
11-21 12:39:56.096  1181  6336 I chatty  : uid=1000(system) Binder:1181_17 expire 7 lines
11-21 12:39:56.120   487   970 W SocketListener: sending broadcast to Pid = 1181, Uid = 1000 
11-21 12:39:56.123  1181  1204 I chatty  : uid=1000(system) android.fg expire 10 lines
11-21 12:41:18.077   487   970 W SocketListener: sending broadcast to Pid = 1181, Uid = 1000 
11-21 12:41:18.500   487   970 W SocketListener: sending broadcast to Pid = 1181, Uid = 1000 
11-21 12:43:40.090   487   970 W SocketListener: sending broadcast to Pid = 1181, Uid = 1000 
11-21 12:43:57.138   487   970 W SocketListener: sending broadcast to Pid = 1181, Uid = 1000 
11-21 12:43:57.139  1181  1338 I chatty  : uid=1000(system) NetdConnector expire 10 lines
11-21 12:44:56.087   487   970 W SocketListener: sending broadcast to Pid = 1181, Uid = 1000 
11-21 12:44:56.095  1181  1191 I chatty  : uid=1000(system) Binder:1181_1 expire 2 lines
11-21 12:44:56.111   487   970 W SocketListener: sending broadcast to Pid = 1181, Uid = 1000 
11-21 12:45:17.080   487   970 W SocketListener: sending broadcast to Pid = 1181, Uid = 1000 
11-21 12:45:26.135   487   970 W SocketListener: sending broadcast to Pid = 1181, Uid = 1000 
11-21 12:45:26.168   719   719 E wificond: Failed to get NL80211_RATE_INFO_NOISE
11-21 12:45:26.168   719   719 E wificond: Failed to get NL80211_RATE_INFO_SNR
11-21 12:45:26.168   719   719 E wificond: Failed to get NL80211_STA_INFO_CNAHLOAD
11-21 12:45:26.170   719   719 E wificond: Failed to get NL80211_RATE_INFO_NOISE
11-21 12:45:26.170   719   719 E wificond: Failed to get NL80211_RATE_INFO_SNR
11-21 12:45:26.170   719   719 E wificond: Failed to get NL80211_STA_INFO_CNAHLOAD
11-21 12:49:56.087   487   970 W SocketListener: sending broadcast to Pid = 1181, Uid = 1000 
11-21 12:49:56.088  1181  1338 I chatty  : uid=1000(system) NetdConnector expire 10 lines
11-21 12:49:56.110  1181  1539 I chatty  : uid=1000(system) Binder:1181_5 expire 8 lines
11-21 12:49:56.115  1181  1339 I chatty  : uid=1000(system) NetworkStats expire 7 lines
11-21 12:49:56.137   487   970 W SocketListener: sending broadcast to Pid = 1181, Uid = 1000 
11-21 12:49:56.140  1181  1204 I chatty  : uid=1000(system) android.fg expire 10 lines
11-21 12:52:42.068   487   970 W SocketListener: sending broadcast to Pid = 1181, Uid = 1000 
11-21 12:52:59.135   487   970 W SocketListener: sending broadcast to Pid = 1181, Uid = 1000 
11-21 12:52:59.136  1181  1338 I chatty  : uid=1000(system) NetdConnector expire 10 lines
11-21 12:54:43.087   487   970 W SocketListener: sending broadcast to Pid = 1181, Uid = 1000 
11-21 12:54:52.128   487   970 W SocketListener: sending broadcast to Pid = 1181, Uid = 1000 
11-21 12:57:42.078   487   970 W SocketListener: sending broadcast to Pid = 1181, Uid = 1000 
11-21 12:59:31.099  1181  4967 I chatty  : uid=1000(system) Binder:1181_12 expire 4 lines
11-21 12:59:57.098   487   970 W SocketListener: sending broadcast to Pid = 1181, Uid = 1000 
11-21 13:01:29.086   487   970 W SocketListener: sending broadcast to Pid = 1181, Uid = 1000 
11-21 13:01:29.087  1181  1338 I chatty  : uid=1000(system) NetdConnector expire 10 lines
11-21 13:01:29.525   719   719 E wificond: Failed to get NL80211_RATE_INFO_NOISE
11-21 13:01:29.525   719   719 E wificond: Failed to get NL80211_RATE_INFO_SNR
11-21 13:01:29.525   719   719 E wificond: Failed to get NL80211_STA_INFO_CNAHLOAD
11-21 13:01:29.526   719   719 E wificond: Failed to get NL80211_RATE_INFO_NOISE
11-21 13:01:29.527   719   719 E wificond: Failed to get NL80211_RATE_INFO_SNR
11-21 13:01:29.527   719   719 E wificond: Failed to get NL80211_STA_INFO_CNAHLOAD
11-21 13:01:46.136   487   970 W SocketListener: sending broadcast to Pid = 1181, Uid = 1000 
11-21 13:04:47.089   487   970 W SocketListener: sending broadcast to Pid = 1181, Uid = 1000 
11-21 13:04:47.106   487   970 W SocketListener: sending broadcast to Pid = 1181, Uid = 1000 
11-21 13:04:47.109  1181  1204 I chatty  : uid=1000(system) android.fg expire 1 line
11-21 13:04:47.440  1181  1181 I chatty  : uid=1000 system_server expire 39 lines
11-21 13:04:47.463  1181  1194 I chatty  : uid=1000(system) android.bg expire 2 lines
11-21 13:04:47.475  1181  1340 I chatty  : uid=1000(system) NetworkPolicy expire 1 line
11-21 13:04:47.519 17342 17342 D ActivityThread: ActivityThread,attachApplication
11-21 13:04:47.602  1181  1566 I chatty  : uid=1000(system) LocationThread expire 1 line
11-21 13:04:47.643  1181  1181 I chatty  : uid=1000 system_server expire 11 lines
11-21 13:04:47.750  1181  4967 I chatty  : uid=1000(system) Binder:1181_12 expire 12 lines
11-21 13:04:47.762 17342 17342 W ContextImpl: Calling a method in the system process without a qualified user: android.app.ContextImpl.startService:1656 android.content.ContextWrapper.startService:644 com.huawei.hiwibd.android.trigger.HiWiTrigger.startHiWIService:130 com.huawei.hiwibd.android.trigger.HiWiJobService$1.handleMessage:23 android.os.Handler.dispatchMessage:108 
11-21 13:04:47.772  1181  1539 I chatty  : uid=1000(system) Binder:1181_5 expire 8 lines
11-21 13:04:53.542   719   719 E wificond: Failed to get NL80211_RATE_INFO_NOISE
11-21 13:04:53.542   719   719 E wificond: Failed to get NL80211_RATE_INFO_SNR
11-21 13:04:53.542   719   719 E wificond: Failed to get NL80211_STA_INFO_CNAHLOAD
11-21 13:04:53.545  1181  1358 I chatty  : uid=1000(system) ConnectivitySer expire 6 lines
11-21 13:04:53.547   719   719 E wificond: Failed to get NL80211_RATE_INFO_NOISE
11-21 13:04:53.547   719   719 E wificond: Failed to get NL80211_RATE_INFO_SNR
11-21 13:04:53.547   719   719 E wificond: Failed to get NL80211_STA_INFO_CNAHLOAD
11-21 13:04:55.838  1181  1201 I chatty  : uid=1000(system) keyAppHanderThr expire 9 lines
11-21 13:04:55.854  1181  6341 I chatty  : uid=1000(system) Binder:1181_18 expire 2 lines
11-21 13:04:56.457  1181  1560 I chatty  : uid=1000(system) watchdog expire 3 lines
11-21 13:05:00.857  1181  1191 I chatty  : uid=1000(system) Binder:1181_1 expire 10 lines
11-21 13:05:01.550   719   719 E wificond: Failed to get NL80211_RATE_INFO_NOISE
11-21 13:05:01.551   719   719 E wificond: Failed to get NL80211_RATE_INFO_SNR
11-21 13:05:01.551   719   719 E wificond: Failed to get NL80211_STA_INFO_CNAHLOAD
11-21 13:05:01.554   719   719 E wificond: Failed to get NL80211_RATE_INFO_NOISE
11-21 13:05:01.555   719   719 E wificond: Failed to get NL80211_RATE_INFO_SNR
11-21 13:05:01.555   719   719 E wificond: Failed to get NL80211_STA_INFO_CNAHLOAD
11-21 13:05:09.558   719   719 E wificond: Failed to get NL80211_RATE_INFO_NOISE
11-21 13:05:09.558   719   719 E wificond: Failed to get NL80211_RATE_INFO_SNR
11-21 13:05:09.558   719   719 E wificond: Failed to get NL80211_STA_INFO_CNAHLOAD
11-21 13:05:09.562   719   719 E wificond: Failed to get NL80211_RATE_INFO_NOISE
11-21 13:05:09.562   719   719 E wificond: Failed to get NL80211_RATE_INFO_SNR
11-21 13:05:09.562   719   719 E wificond: Failed to get NL80211_STA_INFO_CNAHLOAD
11-21 13:05:12.667   487   970 W SocketListener: sending broadcast to Pid = 1181, Uid = 1000 
11-21 13:05:12.669  1181  1338 I chatty  : uid=1000(system) NetdConnector expire 10 lines
11-21 13:05:12.671  1181  1204 I chatty  : uid=1000(system) android.fg expire 10 lines
11-21 13:05:17.467   487   970 W SocketListener: sending broadcast to Pid = 1181, Uid = 1000 
11-21 13:05:17.562   719   719 E wificond: Failed to get NL80211_RATE_INFO_NOISE
11-21 13:05:17.562   719   719 E wificond: Failed to get NL80211_RATE_INFO_SNR
11-21 13:05:17.562   719   719 E wificond: Failed to get NL80211_STA_INFO_CNAHLOAD
11-21 13:05:17.563   719   719 E wificond: Failed to get NL80211_RATE_INFO_NOISE
11-21 13:05:17.563   719   719 E wificond: Failed to get NL80211_RATE_INFO_SNR
11-21 13:05:17.563   719   719 E wificond: Failed to get NL80211_STA_INFO_CNAHLOAD
11-21 13:05:17.641  1181  1194 I chatty  : uid=1000(system) android.bg expire 1 line
11-21 13:05:17.655  1181  1181 I chatty  : uid=1000 system_server expire 10 lines
11-21 13:05:17.680  1181  1340 I chatty  : uid=1000(system) NetworkPolicy expire 1 line
11-21 13:06:10.088   487   970 W SocketListener: sending broadcast to Pid = 1181, Uid = 1000 
11-21 13:06:18.134   487   970 W SocketListener: sending broadcast to Pid = 1181, Uid = 1000 
11-21 13:06:47.086   487   970 W SocketListener: sending broadcast to Pid = 1181, Uid = 1000 
11-21 13:06:47.087  1181  1338 I chatty  : uid=1000(system) NetdConnector expire 10 lines
11-21 13:09:17.085   487   970 W SocketListener: sending broadcast to Pid = 1181, Uid = 1000 
11-21 13:09:17.089   487   970 W SocketListener: sending broadcast to Pid = 1181, Uid = 1000 
11-21 13:09:17.110   487   970 W SocketListener: sending broadcast to Pid = 1181, Uid = 1000 
11-21 13:09:21.776   719   719 E wificond: Failed to get NL80211_RATE_INFO_NOISE
11-21 13:09:21.777   719   719 E wificond: Failed to get NL80211_RATE_INFO_SNR
11-21 13:09:21.777   719   719 E wificond: Failed to get NL80211_STA_INFO_CNAHLOAD
11-21 13:09:21.779   719   719 E wificond: Failed to get NL80211_RATE_INFO_NOISE
11-21 13:09:21.779   719   719 E wificond: Failed to get NL80211_RATE_INFO_SNR
11-21 13:09:21.779   719   719 E wificond: Failed to get NL80211_STA_INFO_CNAHLOAD
11-21 13:09:56.088   487   970 W SocketListener: sending broadcast to Pid = 1181, Uid = 1000 
11-21 13:09:56.110  1181  1679 I chatty  : uid=1000(system) Binder:1181_6 expire 10 lines
11-21 13:09:56.123   487   970 W SocketListener: sending broadcast to Pid = 1181, Uid = 1000 
11-21 13:09:56.124  1181  1338 I chatty  : uid=1000(system) NetdConnector expire 10 lines
11-21 13:11:32.087   487   970 W SocketListener: sending broadcast to Pid = 1181, Uid = 1000 
11-21 13:11:32.090  1181  1204 I chatty  : uid=1000(system) android.fg expire 10 lines
11-21 13:11:49.135   487   970 W SocketListener: sending broadcast to Pid = 1181, Uid = 1000 
11-21 13:14:56.090   487   970 W SocketListener: sending broadcast to Pid = 1181, Uid = 1000 
11-21 13:14:56.118   487   970 W SocketListener: sending broadcast to Pid = 1181, Uid = 1000 
11-21 13:17:51.084   487   970 W SocketListener: sending broadcast to Pid = 1181, Uid = 1000 
11-21 13:17:51.086  1181  1338 I chatty  : uid=1000(system) NetdConnector expire 10 lines
11-21 13:17:51.091   487   970 W SocketListener: sending broadcast to Pid = 1181, Uid = 1000 
11-21 13:19:57.087   487   970 W SocketListener: sending broadcast to Pid = 1181, Uid = 1000 
11-21 13:19:57.111  1181  1339 I chatty  : uid=1000(system) NetworkStats expire 7 lines
11-21 13:19:57.127  1181  6336 I chatty  : uid=1000(system) Binder:1181_17 expire 10 lines
11-21 13:19:57.143   487   970 W SocketListener: sending broadcast to Pid = 1181, Uid = 1000 
11-21 13:19:57.144  1181  1338 I chatty  : uid=1000(system) NetdConnector expire 10 lines
11-21 13:20:19.087   487   970 W SocketListener: sending broadcast to Pid = 1181, Uid = 1000 
11-21 13:20:36.138   487   970 W SocketListener: sending broadcast to Pid = 1181, Uid = 1000 
11-21 13:20:36.415   719   719 E wificond: Failed to get NL80211_RATE_INFO_NOISE
11-21 13:20:36.415   719   719 E wificond: Failed to get NL80211_RATE_INFO_SNR
