11-20 21:03:36.594  1470  1470 W ViewRootImpl[Toast]: EGLdebug relayoutWindow Surface isSurface(name=null)  (appName =com.android.systemui) ( mSurfaceControllerIsValid =false) (mNativeObject  =0)/@0x48f85b8,viewVisibility is0
11-20 21:03:36.594  1181  1464 I chatty  : uid=1000(system) Binder:1181_3 expire 13 lines
11-20 21:03:36.594  1181  1358 I chatty  : uid=1000(system) ConnectivitySer expire 10 lines
11-20 21:03:36.600  1181 15006 I chatty  : uid=1000(system) Binder:1181_20 expire 2 lines
11-20 21:03:36.605  1470  1470 W ViewRootImpl[Toast]: EGLdebug relayoutWindow Surface isSurface(name=null)  (appName =com.android.systemui) ( mSurfaceControllerIsValid =true) (mNativeObject  =736d1de000)/@0x48f85b8,relayoutResult is7
11-20 21:03:36.607  1181  1194 I chatty  : uid=1000(system) android.bg expire 6 lines
11-20 21:03:36.721  1181  5026 I chatty  : uid=1000(system) Binder:1181_13 expire 8 lines
11-20 21:03:36.732  1181  1206 I chatty  : uid=1000(system) android.display expire 1 line
11-20 21:03:36.859   487   971 W SocketListener: sending broadcast to Pid = 1181, Uid = 1000 
11-20 21:03:37.036   487   972 W SocketListener: sending broadcast to Pid = 1181, Uid = 1000 
11-20 21:03:37.098  1181  1566 I chatty  : uid=1000(system) LocationThread expire 6 lines
11-20 21:03:37.101  1181  9800 I chatty  : uid=1000 system_server expire 2 lines
11-20 21:03:37.105  1181  9801 I chatty  : uid=1000 system_server expire 1 line
11-20 21:03:37.117  1181  9802 I chatty  : uid=1000 system_server expire 2 lines
11-20 21:03:37.120  1181  9803 I chatty  : uid=1000 system_server expire 1 line
11-20 21:03:37.742  1538  2037 I HwNetworkPolicyManager: getHwUidPolicy uid = 1000 policy = 0
11-20 21:03:37.757 27849 27849 V ActivityThread: ActivityThread,callActivityOnCreate
11-20 21:03:37.815 27849 27849 D ActivityThread: add activity client record, r= ActivityRecord{e4f46d1 token=android.os.BinderProxy@2924798 {com.android.settings/com.android.settings.HWSettings}} token= android.os.BinderProxy@2924798
11-20 21:03:37.822 27849 27849 W ContextImpl: Calling a method in the system process without a qualified user: android.app.ContextImpl.sendBroadcast:1095 android.content.ContextWrapper.sendBroadcast:436 com.android.settings.HWSettings.onResume:161 android.app.Instrumentation.callActivityOnResume:1364 android.app.Activity.performResume:7479 
11-20 21:03:37.861  9812  9812 D ActivityThread: ActivityThread,attachApplication
11-20 21:03:37.894  1470  1483 I CommandQueue: updateBarBgColor
11-20 21:03:37.895  1470  1483 D CommandQueue: CommandQueue, setBarBackgroundColor
11-20 21:03:38.191  9832  9832 D ActivityThread: ActivityThread,attachApplication
11-20 21:03:38.449  1181  1336 I chatty  : uid=1000(system) CryptdConnector expire 2 lines
11-20 21:03:38.923  1592  1649 D HwBootanimService: Boot or Shutdown sound is Capable :false
11-20 21:03:39.044   487   972 W SocketListener: sending broadcast to Pid = 1181, Uid = 1000 
11-20 21:03:39.217   450   460 D VoldCmdListener: sdlock poll
11-20 21:03:39.217   450   460 I         : poll
11-20 21:03:39.217   450   460 E         : failed to get lockable path
11-20 21:03:39.221   450   460 D VoldCmdListener: sdlock poll
11-20 21:03:39.221   450   460 I         : poll
11-20 21:03:39.221   450   460 E         : failed to get lockable path
11-20 21:03:40.294   719   719 I chatty  : uid=1010(wifi) /system/bin/wificond expire 24 lines
11-20 21:03:41.193   487   972 W SocketListener: sending broadcast to Pid = 1181, Uid = 1000 
11-20 21:03:42.816  1181  1717 I chatty  : uid=1000(system) Binder:1181_9 expire 6 lines
11-20 21:03:42.844 27849 27849 V ActivityThread: ActivityThread,callActivityOnCreate
11-20 21:03:42.915 27849 27849 D ActivityThread: add activity client record, r= ActivityRecord{3c87026 token=android.os.BinderProxy@7087c16 {com.android.settings/com.android.settings.Settings$AppAndNotificationDashboardActivity}} token= android.os.BinderProxy@7087c16
11-20 21:03:43.289   487   972 W SocketListener: sending broadcast to Pid = 1181, Uid = 1000 
11-20 21:03:43.291  1181  1338 I chatty  : uid=1000(system) NetdConnector expire 54 lines
11-20 21:03:43.295  1181  1339 I chatty  : uid=1000(system) NetworkStats expire 45 lines
11-20 21:03:45.300   487   972 W SocketListener: sending broadcast to Pid = 1181, Uid = 1000 
11-20 21:03:47.307   487   972 W SocketListener: sending broadcast to Pid = 1181, Uid = 1000 
11-20 21:03:48.340 27849 27849 W ContextImpl: Calling a method in the system process without a qualified user: android.app.ContextImpl.sendBroadcast:1095 android.content.ContextWrapper.sendBroadcast:436 com.android.settings.HWSettings.onResume:161 android.app.Instrumentation.callActivityOnResume:1364 android.app.Activity.performResume:7479 
11-20 21:03:48.360  1181  1192 I chatty  : uid=1000(system) Binder:1181_2 expire 15 lines
11-20 21:03:48.399  1181  6336 I chatty  : uid=1000(system) Binder:1181_17 expire 26 lines
11-20 21:03:48.553 27849 27849 D ActivityThread: Remove activity client record, r= ActivityRecord{3c87026 token=android.os.BinderProxy@7087c16 {com.android.settings/com.android.settings.Settings$AppAndNotificationDashboardActivity}} token= android.os.BinderProxy@7087c16
11-20 21:03:48.999  1181  1307 I chatty  : uid=1000(system) UEventObserver expire 12 lines
11-20 21:03:49.006  1181  1181 I chatty  : uid=1000 system_server expire 12 lines
11-20 21:03:49.316   487   972 W SocketListener: sending broadcast to Pid = 1181, Uid = 1000 
11-20 21:03:50.259 27849 27849 V ActivityThread: ActivityThread,callActivityOnCreate
11-20 21:03:50.303 27849 27849 D ActivityThread: add activity client record, r= ActivityRecord{59922ca token=android.os.BinderProxy@d6ff8a4 {com.android.settings/com.android.settings.Settings$HwSystemDashboardActivity}} token= android.os.BinderProxy@d6ff8a4
11-20 21:03:50.327 27849 27849 E ActivityThread: Failed to find provider info for com.huawei.wildkids
11-20 21:03:51.323   487   972 W SocketListener: sending broadcast to Pid = 1181, Uid = 1000 
11-20 21:03:52.331   719   719 I chatty  : uid=1010(wifi) /system/bin/wificond expire 18 lines
11-20 21:03:53.342   487   972 W SocketListener: sending broadcast to Pid = 1181, Uid = 1000 
11-20 21:03:53.346  1181  1204 I chatty  : uid=1000(system) android.fg expire 10 lines
11-20 21:03:55.374   487   972 W SocketListener: sending broadcast to Pid = 1181, Uid = 1000 
11-20 21:03:56.931  1181 14251 I chatty  : uid=1000(system) Binder:1181_1F expire 9 lines
11-20 21:03:56.944 27849 27849 V ActivityThread: ActivityThread,callActivityOnCreate
11-20 21:03:56.950  1181  1301 I chatty  : uid=1000(system) android.anim expire 17 lines
11-20 21:03:56.968  1181  1873 I chatty  : uid=1000(system) Binder:1181_A expire 10 lines
11-20 21:03:57.012 27849 27849 D ActivityThread: add activity client record, r= ActivityRecord{c05ad5c token=android.os.BinderProxy@bdb6385 {com.android.settings/com.android.settings.Settings$DevelopmentSettingsActivity}} token= android.os.BinderProxy@bdb6385
11-20 21:03:57.076  1181  3355 I chatty  : uid=1000(system) Binder:1181_F expire 18 lines
11-20 21:03:58.336   487   972 W SocketListener: sending broadcast to Pid = 1181, Uid = 1000 
11-20 21:04:00.347   487   972 W SocketListener: sending broadcast to Pid = 1181, Uid = 1000 
11-20 21:04:02.601   487   972 W SocketListener: sending broadcast to Pid = 1181, Uid = 1000 
11-20 21:04:02.603  1181  1338 I chatty  : uid=1000(system) NetdConnector expire 30 lines
11-20 21:04:02.610  1181  1339 I chatty  : uid=1000(system) NetworkStats expire 25 lines
11-20 21:04:04.378   719   719 I chatty  : uid=1010(wifi) /system/bin/wificond expire 24 lines
11-20 21:04:05.315   487   972 W SocketListener: sending broadcast to Pid = 1181, Uid = 1000 
11-20 21:04:06.174  1181  1202 I chatty  : uid=1000(system) batterystats-sy expire 2 lines
11-20 21:04:07.329   487   972 W SocketListener: sending broadcast to Pid = 1181, Uid = 1000 
11-20 21:04:09.341   487   972 W SocketListener: sending broadcast to Pid = 1181, Uid = 1000 
11-20 21:04:11.374   487   972 W SocketListener: sending broadcast to Pid = 1181, Uid = 1000 
11-20 21:04:13.554   487   972 W SocketListener: sending broadcast to Pid = 1181, Uid = 1000 
11-20 21:04:13.557  1181  1338 I chatty  : uid=1000(system) NetdConnector expire 30 lines
11-20 21:04:13.572  1181  1339 I chatty  : uid=1000(system) NetworkStats expire 25 lines
11-20 21:04:16.114   487   972 W SocketListener: sending broadcast to Pid = 1181, Uid = 1000 
11-20 21:04:16.123  1181  1204 I chatty  : uid=1000(system) android.fg expire 10 lines
11-20 21:04:16.415   719   719 I chatty  : uid=1010(wifi) /system/bin/wificond expire 60 lines
11-20 21:04:18.274   487   972 W SocketListener: sending broadcast to Pid = 1181, Uid = 1000 
11-20 21:04:21.869   487   972 W SocketListener: sending broadcast to Pid = 1181, Uid = 1000 
11-20 21:04:23.873   487   972 W SocketListener: sending broadcast to Pid = 1181, Uid = 1000 
11-20 21:04:25.460  1181  1358 I chatty  : uid=1000(system) ConnectivitySer expire 46 lines
11-20 21:04:51.229   487   972 W SocketListener: sending broadcast to Pid = 1181, Uid = 1000 
11-20 21:04:51.232  1181  1338 I chatty  : uid=1000(system) NetdConnector expire 30 lines
11-20 21:04:51.245  1181  1339 I chatty  : uid=1000(system) NetworkStats expire 25 lines
11-20 21:04:52.300  1181  1215 I chatty  : uid=1000(system) PackageManager expire 18 lines
11-20 21:04:52.348  9909  9909 D ActivityThread: ActivityThread,attachApplication
11-20 21:04:52.348  1181  1537 I chatty  : uid=1000(system) Binder:1181_4 expire 10 lines
11-20 21:04:52.547   719   719 I chatty  : uid=1010(wifi) /system/bin/wificond expire 24 lines
11-20 21:04:53.363   487   972 W SocketListener: sending broadcast to Pid = 1181, Uid = 1000 
11-20 21:04:55.397   487   972 W SocketListener: sending broadcast to Pid = 1181, Uid = 1000 
11-20 21:04:57.406   487   972 W SocketListener: sending broadcast to Pid = 1181, Uid = 1000 
11-20 21:04:59.422   487   972 W SocketListener: sending broadcast to Pid = 1181, Uid = 1000 
11-20 21:04:59.707 27849 27849 E ActivityThread: Failed to find provider info for com.huawei.wildkids
11-20 21:04:59.800  1181  1301 I chatty  : uid=1000(system) android.anim expire 6 lines
11-20 21:04:59.954 27849 27849 D ActivityThread: Remove activity client record, r= ActivityRecord{c05ad5c token=android.os.BinderProxy@bdb6385 {com.android.settings/com.android.settings.Settings$DevelopmentSettingsActivity}} token= android.os.BinderProxy@bdb6385
11-20 21:04:59.957  1181  3355 I chatty  : uid=1000(system) Binder:1181_F expire 11 lines
11-20 21:05:00.001  1181  1181 I chatty  : uid=1000 system_server expire 10 lines
11-20 21:05:00.080  1181  4967 I chatty  : uid=1000(system) Binder:1181_12 expire 1 line
11-20 21:05:00.481  1181  1192 I chatty  : uid=1000(system) Binder:1181_2 expire 13 lines
11-20 21:05:00.502 27849 27849 W ContextImpl: Calling a method in the system process without a qualified user: android.app.ContextImpl.sendBroadcast:1095 android.content.ContextWrapper.sendBroadcast:436 com.android.settings.HWSettings.onResume:161 android.app.Instrumentation.callActivityOnResume:1364 android.app.Activity.performResume:7479 
11-20 21:05:00.710 27849 27849 D ActivityThread: Remove activity client record, r= ActivityRecord{59922ca token=android.os.BinderProxy@d6ff8a4 {com.android.settings/com.android.settings.Settings$HwSystemDashboardActivity}} token= android.os.BinderProxy@d6ff8a4
11-20 21:05:01.432   487   972 W SocketListener: sending broadcast to Pid = 1181, Uid = 1000 
11-20 21:05:01.435  1181  1338 I chatty  : uid=1000(system) NetdConnector expire 36 lines
11-20 21:05:01.448  1181  1339 I chatty  : uid=1000(system) NetworkStats expire 30 lines
11-20 21:05:02.344  1181  1873 I chatty  : uid=1000(system) Binder:1181_A expire 4 lines
11-20 21:05:02.364  9944  9944 D ActivityThread: ActivityThread,attachApplication
11-20 21:05:02.559  1181  1197 I chatty  : uid=1000(system) ActivityManager expire 20 lines
11-20 21:05:02.578 27849 27849 W ContextImpl: Calling a method in the system process without a qualified user: android.app.ContextImpl.startService:1656 android.content.ContextWrapper.startService:644 android.content.ContextWrapper.startService:644 com.android.settings.applications.BlackListReceiver.onReceive:35 android.app.ActivityThread.handleReceiver:3695 
11-20 21:05:02.641  9384  9384 W ContextImpl: Calling a method in the system process without a qualified user: android.app.ContextImpl.startService:1656 android.content.ContextWrapper.startService:644 android.content.ContextWrapper.startService:644 com.huawei.systemmanager.antivirus.utils.AntiVirusTools.deleteVirusApk:632 com.huawei.systemmanager.antivirus.AntiVirusReceiver.handlerPackageRemoved:52 
11-20 21:05:02.657  9384  9977 W ContextImpl: Calling a method in the system process without a qualified user: android.app.ContextImpl.startService:1656 android.content.ContextWrapper.startService:644 com.huawei.systemmanager.spacecleanner.receiver.SpaceCleanReceiver.checkRarelyUsedApp:87 com.huawei.systemmanager.spacecleanner.receiver.SpaceCleanReceiver.doInBackground:39 java.lang.reflect.Method.invoke:-2 
11-20 21:05:02.660  1181  5693 I chatty  : uid=1000(system) Binder:1181_14 expire 9 lines
11-20 21:05:02.714 27849 27849 W ContextImpl: Calling a method in the system process without a qualified user: android.app.ContextImpl.startService:1656 android.content.ContextWrapper.startService:644 android.content.ContextWrapper.startService:644 com.android.settings.applications.BlackListReceiver.onReceive:35 android.app.ActivityThread.handleReceiver:3695 
11-20 21:05:02.761  9384  9384 W ContextImpl: Calling a method in the system process without a qualified user: android.app.ContextImpl.startService:1656 android.content.ContextWrapper.startService:644 android.content.ContextWrapper.startService:644 com.huawei.systemmanager.antivirus.utils.AntiVirusTools.checkVirusForNewInstalledApk:620 com.huawei.systemmanager.antivirus.AntiVirusReceiver.onReceive:36 
11-20 21:05:02.764  1181  1709 I chatty  : uid=1000(system) Binder:1181_8 expire 1 line
11-20 21:05:02.846  9384  9993 W ContextImpl: Calling a method in the system process without a qualified user: android.app.ContextImpl.startService:1656 android.content.ContextWrapper.startService:644 com.huawei.systemmanager.spacecleanner.receiver.SpaceCleanReceiver.checkRarelyUsedApp:87 com.huawei.systemmanager.spacecleanner.receiver.SpaceCleanReceiver.doInBackground:39 java.lang.reflect.Method.invoke:-2 
11-20 21:05:02.859 27849 27849 W ContextImpl: Calling a method in the system process without a qualified user: android.app.ContextImpl.startService:1656 android.content.ContextWrapper.startService:644 android.content.ContextWrapper.startService:644 com.android.settings.applications.BlackListReceiver.onReceive:35 android.app.ActivityThread.handleReceiver:3695 
11-20 21:05:02.940  9313  9336 W PackageParser: Unknown element under <application>: intent-filter at /data/app/com.smile.gifmaker-9xyKoVzsCKt-iQmW3sbIXg==/base.apk Binary XML file line #266
11-20 21:05:02.971 10003 10003 D ActivityThread: ActivityThread,attachApplication
11-20 21:05:03.438   487   972 W SocketListener: sending broadcast to Pid = 1181, Uid = 1000 
11-20 21:05:03.441  1181  1204 I chatty  : uid=1000(system) android.fg expire 10 lines
11-20 21:05:04.639   719   719 I chatty  : uid=1010(wifi) /system/bin/wificond expire 18 lines
11-20 21:05:05.716   487   972 W SocketListener: sending broadcast to Pid = 1181, Uid = 1000 
11-20 21:05:07.743   487   972 W SocketListener: sending broadcast to Pid = 1181, Uid = 1000 
11-20 21:05:09.402  1181  1323 I chatty  : uid=1000(system) AlarmManager expire 1 line
11-20 21:05:09.901   487   972 W SocketListener: sending broadcast to Pid = 1181, Uid = 1000 
11-20 21:05:11.906   487   972 W SocketListener: sending broadcast to Pid = 1181, Uid = 1000 
11-20 21:05:13.675  1181  1358 I chatty  : uid=1000(system) ConnectivitySer expire 4 lines
11-20 21:05:14.412   487   972 W SocketListener: sending broadcast to Pid = 1181, Uid = 1000 
11-20 21:05:14.415  1181  1338 I chatty  : uid=1000(system) NetdConnector expire 30 lines
11-20 21:05:14.429  1181  1339 I chatty  : uid=1000(system) NetworkStats expire 25 lines
11-20 21:05:16.415   487   972 W SocketListener: sending broadcast to Pid = 1181, Uid = 1000 
11-20 21:05:16.561   719   719 I chatty  : uid=1010(wifi) /system/bin/wificond expire 24 lines
11-20 21:05:18.425   487   972 W SocketListener: sending broadcast to Pid = 1181, Uid = 1000 
11-20 21:05:20.435   487   972 W SocketListener: sending broadcast to Pid = 1181, Uid = 1000 
11-20 21:05:22.551   487   972 W SocketListener: sending broadcast to Pid = 1181, Uid = 1000 
11-20 21:05:26.693   487   972 W SocketListener: sending broadcast to Pid = 1181, Uid = 1000 
11-20 21:05:26.695  1181  1338 I chatty  : uid=1000(system) NetdConnector expire 24 lines
11-20 21:05:26.699  1181  1204 I chatty  : uid=1000(system) android.fg expire 10 lines
11-20 21:05:26.709  1181  1339 I chatty  : uid=1000(system) NetworkStats expire 20 lines
11-20 21:05:28.725   719   719 I chatty  : uid=1010(wifi) /system/bin/wificond expire 18 lines
11-20 21:05:29.728   487   972 W SocketListener: sending broadcast to Pid = 1181, Uid = 1000 
11-20 21:05:31.739   487   972 W SocketListener: sending broadcast to Pid = 1181, Uid = 1000 
11-20 21:05:33.744   487   972 W SocketListener: sending broadcast to Pid = 1181, Uid = 1000 
11-20 21:05:37.127   487   972 W SocketListener: sending broadcast to Pid = 1181, Uid = 1000 
11-20 21:05:37.129  1181  1338 I chatty  : uid=1000(system) NetdConnector expire 24 lines
11-20 21:05:37.144  1181  1339 I chatty  : uid=1000(system) NetworkStats expire 20 lines
11-20 21:05:39.650   487   972 W SocketListener: sending broadcast to Pid = 1181, Uid = 1000 
11-20 21:05:40.578   719   719 I chatty  : uid=1010(wifi) /system/bin/wificond expire 24 lines
11-20 21:05:42.871   487   972 W SocketListener: sending broadcast to Pid = 1181, Uid = 1000 
11-20 21:05:44.873   487   972 W SocketListener: sending broadcast to Pid = 1181, Uid = 1000 
11-20 21:05:47.188   487   972 W SocketListener: sending broadcast to Pid = 1181, Uid = 1000 
11-20 21:05:47.190  1181  1338 I chatty  : uid=1000(system) NetdConnector expire 42 lines
11-20 21:05:47.205  1181  1339 I chatty  : uid=1000(system) NetworkStats expire 25 lines
11-20 21:05:49.220   487   972 W SocketListener: sending broadcast to Pid = 1181, Uid = 1000 
11-20 21:05:49.327  1181  1181 I chatty  : uid=1000 system_server expire 10 lines
11-20 21:05:51.227   487   972 W SocketListener: sending broadcast to Pid = 1181, Uid = 1000 
11-20 21:05:51.237  1181  1204 I chatty  : uid=1000(system) android.fg expire 10 lines
11-20 21:05:52.796   719   719 I chatty  : uid=1010(wifi) /system/bin/wificond expire 24 lines
11-20 21:05:53.422   487   972 W SocketListener: sending broadcast to Pid = 1181, Uid = 1000 
11-20 21:05:55.424   487   972 W SocketListener: sending broadcast to Pid = 1181, Uid = 1000 
11-20 21:05:58.697   487   972 W SocketListener: sending broadcast to Pid = 1181, Uid = 1000 
11-20 21:05:58.710  1181  1339 I chatty  : uid=1000(system) NetworkStats expire 25 lines
11-20 21:06:00.744   487   972 W SocketListener: sending broadcast to Pid = 1181, Uid = 1000 
11-20 21:06:02.747   487   972 W SocketListener: sending broadcast to Pid = 1181, Uid = 1000 
11-20 21:06:02.748  1181  1338 I chatty  : uid=1000(system) NetdConnector expire 30 lines
11-20 21:06:03.915  1181  1560 I chatty  : uid=1000(system) watchdog expire 6 lines
11-20 21:06:04.762   487   972 W SocketListener: sending broadcast to Pid = 1181, Uid = 1000 
11-20 21:06:04.826   719   719 I chatty  : uid=1010(wifi) /system/bin/wificond expire 18 lines
11-20 21:06:07.417   487   972 W SocketListener: sending broadcast to Pid = 1181, Uid = 1000 
11-20 21:06:09.728   487   972 W SocketListener: sending broadcast to Pid = 1181, Uid = 1000 
11-20 21:06:09.746  1181  1339 I chatty  : uid=1000(system) NetworkStats expire 25 lines
11-20 21:06:12.180   487   972 W SocketListener: sending broadcast to Pid = 1181, Uid = 1000 
11-20 21:06:15.525   487   972 W SocketListener: sending broadcast to Pid = 1181, Uid = 1000 
11-20 21:06:15.527  1181  1338 I chatty  : uid=1000(system) NetdConnector expire 30 lines
11-20 21:06:15.532  1181  1204 I chatty  : uid=1000(system) android.fg expire 13 lines
11-20 21:06:16.422  1181  1307 I chatty  : uid=1000(system) UEventObserver expire 16 lines
11-20 21:06:16.444  1181  1202 I chatty  : uid=1000(system) batterystats-sy expire 8 lines
11-20 21:06:16.874   719   719 I chatty  : uid=1010(wifi) /system/bin/wificond expire 18 lines
11-20 21:06:17.547   487   972 W SocketListener: sending broadcast to Pid = 1181, Uid = 1000 
11-20 21:06:19.564   487   972 W SocketListener: sending broadcast to Pid = 1181, Uid = 1000 
11-20 21:06:20.473  1181  1215 I chatty  : uid=1000(system) PackageManager expire 27 lines
11-20 21:06:22.748   487   972 W SocketListener: sending broadcast to Pid = 1181, Uid = 1000 
11-20 21:06:22.755  1181  1339 I chatty  : uid=1000(system) NetworkStats expire 20 lines
11-20 21:06:24.757   487   972 W SocketListener: sending broadcast to Pid = 1181, Uid = 1000 
11-20 21:06:26.482  1181  1181 I chatty  : uid=1000 system_server expire 12 lines
11-20 21:06:27.629   487   972 W SocketListener: sending broadcast to Pid = 1181, Uid = 1000 
11-20 21:06:27.629  1181  1338 I chatty  : uid=1000(system) NetdConnector expire 44 lines
11-20 21:06:28.623   719   719 I chatty  : uid=1010(wifi) /system/bin/wificond expire 39 lines
11-20 21:06:30.711   487   972 W SocketListener: sending broadcast to Pid = 1181, Uid = 1000 
11-20 21:06:33.425   487   972 W SocketListener: sending broadcast to Pid = 1181, Uid = 1000 
11-20 21:06:33.430  1181  1339 I chatty  : uid=1000(system) NetworkStats expire 10 lines
11-20 21:06:35.435   487   972 W SocketListener: sending broadcast to Pid = 1181, Uid = 1000 
11-20 21:06:35.540  1181  1197 I chatty  : uid=1000(system) ActivityManager expire 25 lines
11-20 21:06:36.159  1181  1194 I chatty  : uid=1000(system) android.bg expire 10 lines
11-20 21:06:36.205 10098 10098 D ActivityThread: ActivityThread,attachApplication
11-20 21:06:36.207  1181  5693 I chatty  : uid=1000(system) Binder:1181_14 expire 5 lines
11-20 21:06:36.285  1181  1358 I chatty  : uid=1000(system) ConnectivitySer expire 13 lines
11-20 21:06:36.289  1181  1709 I chatty  : uid=1000(system) Binder:1181_8 expire 3 lines
11-20 21:06:36.355  1181  1873 I chatty  : uid=1000(system) Binder:1181_A expire 1 line
11-20 21:06:36.640  1181 14251 I chatty  : uid=1000(system) Binder:1181_1F expire 7 lines
11-20 21:06:36.656  1181  1537 I chatty  : uid=1000(system) Binder:1181_4 expire 4 lines
11-20 21:06:36.671  1181  1717 I chatty  : uid=1000(system) Binder:1181_9 expire 10 lines
11-20 21:06:36.848 27849 27849 W ContextImpl: Calling a method in the system process without a qualified user: android.app.ContextImpl.startService:1656 android.content.ContextWrapper.startService:644 android.content.ContextWrapper.startService:644 com.android.settings.applications.BlackListReceiver.onReceive:35 android.app.ActivityThread.handleReceiver:3695 
11-20 21:06:36.852  1181  4967 I chatty  : uid=1000(system) Binder:1181_12 expire 7 lines
11-20 21:06:36.897  9384  9384 W ContextImpl: Calling a method in the system process without a qualified user: android.app.ContextImpl.startService:1656 android.content.ContextWrapper.startService:644 android.content.ContextWrapper.startService:644 com.huawei.systemmanager.antivirus.utils.AntiVirusTools.deleteVirusApk:632 com.huawei.systemmanager.antivirus.AntiVirusReceiver.handlerPackageRemoved:52 
11-20 21:06:36.911  9384  9985 W ContextImpl: Calling a method in the system process without a qualified user: android.app.ContextImpl.startService:1656 android.content.ContextWrapper.startService:644 com.huawei.systemmanager.spacecleanner.receiver.SpaceCleanReceiver.checkRarelyUsedApp:87 com.huawei.systemmanager.spacecleanner.receiver.SpaceCleanReceiver.doInBackground:39 java.lang.reflect.Method.invoke:-2 
11-20 21:06:36.963 27849 27849 W ContextImpl: Calling a method in the system process without a qualified user: android.app.ContextImpl.startService:1656 android.content.ContextWrapper.startService:644 android.content.ContextWrapper.startService:644 com.android.settings.applications.BlackListReceiver.onReceive:35 android.app.ActivityThread.handleReceiver:3695 
11-20 21:06:36.991  1181  6066 I chatty  : uid=1000(system) Binder:1181_15 expire 1 line
11-20 21:06:37.035  9384  9384 W ContextImpl: Calling a method in the system process without a qualified user: android.app.ContextImpl.startService:1656 android.content.ContextWrapper.startService:644 android.content.ContextWrapper.startService:644 com.huawei.systemmanager.antivirus.utils.AntiVirusTools.checkVirusForNewInstalledApk:620 com.huawei.systemmanager.antivirus.AntiVirusReceiver.onReceive:36 
11-20 21:06:37.073  9384  9971 W ContextImpl: Calling a method in the system process without a qualified user: android.app.ContextImpl.startService:1656 android.content.ContextWrapper.startService:644 com.huawei.systemmanager.spacecleanner.receiver.SpaceCleanReceiver.checkRarelyUsedApp:87 com.huawei.systemmanager.spacecleanner.receiver.SpaceCleanReceiver.doInBackground:39 java.lang.reflect.Method.invoke:-2 
11-20 21:06:37.258 27849 27849 W ContextImpl: Calling a method in the system process without a qualified user: android.app.ContextImpl.startService:1656 android.content.ContextWrapper.startService:644 android.content.ContextWrapper.startService:644 com.android.settings.applications.BlackListReceiver.onReceive:35 android.app.ActivityThread.handleReceiver:3695 
11-20 21:06:37.336  9313  9336 W PackageParser: Unknown element under <application>: Activity at /data/app/com.taobao.taobao-xyDKdaiT7g-bUH-pkllD0w==/base.apk Binary XML file line #413
11-20 21:06:46.716  1181  1198 I chatty  : uid=1000(system) android.ui expire 1 line
11-20 21:06:47.080  1181  1215 I chatty  : uid=1000(system) PackageManager expire 4 lines
11-20 21:06:47.209  1181  1192 I chatty  : uid=1000(system) Binder:1181_2 expire 3 lines
11-20 21:06:47.286 27849 27849 W ContextImpl: Calling a method in the system process without a qualified user: android.app.ContextImpl.startService:1656 android.content.ContextWrapper.startService:644 android.content.ContextWrapper.startService:644 com.android.settings.applications.BlackListReceiver.onReceive:35 android.app.ActivityThread.handleReceiver:3695 
11-20 21:06:47.295  1181  1197 I chatty  : uid=1000(system) ActivityManager expire 18 lines
11-20 21:06:47.331  9384  9384 W ContextImpl: Calling a method in the system process without a qualified user: android.app.ContextImpl.startService:1656 android.content.ContextWrapper.startService:644 android.content.ContextWrapper.startService:644 com.huawei.systemmanager.antivirus.utils.AntiVirusTools.deleteVirusApk:632 com.huawei.systemmanager.antivirus.AntiVirusReceiver.handlerPackageRemoved:52 
11-20 21:06:47.344  9384  9993 W ContextImpl: Calling a method in the system process without a qualified user: android.app.ContextImpl.startService:1656 android.content.ContextWrapper.startService:644 com.huawei.systemmanager.spacecleanner.receiver.SpaceCleanReceiver.checkRarelyUsedApp:87 com.huawei.systemmanager.spacecleanner.receiver.SpaceCleanReceiver.doInBackground:39 java.lang.reflect.Method.invoke:-2 
11-20 21:06:47.364  1181  1464 I chatty  : uid=1000(system) Binder:1181_3 expire 2 lines
11-20 21:06:47.386 27849 27849 W ContextImpl: Calling a method in the system process without a qualified user: android.app.ContextImpl.startService:1656 android.content.ContextWrapper.startService:644 android.content.ContextWrapper.startService:644 com.android.settings.applications.BlackListReceiver.onReceive:35 android.app.ActivityThread.handleReceiver:3695 
11-20 21:06:47.398  1181  1358 I chatty  : uid=1000(system) ConnectivitySer expire 28 lines
11-20 21:06:47.435  9384  9384 W ContextImpl: Calling a method in the system process without a qualified user: android.app.ContextImpl.startService:1656 android.content.ContextWrapper.startService:644 android.content.ContextWrapper.startService:644 com.huawei.systemmanager.antivirus.utils.AntiVirusTools.checkVirusForNewInstalledApk:620 com.huawei.systemmanager.antivirus.AntiVirusReceiver.onReceive:36 
11-20 21:06:47.485  9384  9972 W ContextImpl: Calling a method in the system process without a qualified user: android.app.ContextImpl.startService:1656 android.content.ContextWrapper.startService:644 com.huawei.systemmanager.spacecleanner.receiver.SpaceCleanReceiver.checkRarelyUsedApp:87 com.huawei.systemmanager.spacecleanner.receiver.SpaceCleanReceiver.doInBackground:39 java.lang.reflect.Method.invoke:-2 
11-20 21:06:47.490  1181  6336 I chatty  : uid=1000(system) Binder:1181_17 expire 1 line
11-20 21:06:47.525 27849 27849 W ContextImpl: Calling a method in the system process without a qualified user: android.app.ContextImpl.startService:1656 android.content.ContextWrapper.startService:644 android.content.ContextWrapper.startService:644 com.android.settings.applications.BlackListReceiver.onReceive:35 android.app.ActivityThread.handleReceiver:3695 
11-20 21:06:49.986   719   719 I chatty  : uid=1010(wifi) /system/bin/wificond expire 72 lines
11-20 21:07:18.738  1181  1181 I chatty  : uid=1000 system_server expire 10 lines
11-20 21:07:32.035   487   970 W SocketListener: sending broadcast to Pid = 1181, Uid = 1000 
11-20 21:07:32.224   719   719 I chatty  : uid=1010(wifi) /system/bin/wificond expire 66 lines
11-20 21:07:56.595  1181  1197 I chatty  : uid=1000(system) ActivityManager expire 1 line
11-20 21:08:07.536   487   970 W SocketListener: sending broadcast to Pid = 1181, Uid = 1000 
11-20 21:08:08.439   719   719 I chatty  : uid=1010(wifi) /system/bin/wificond expire 27 lines
11-20 21:08:12.022   716   753 E /system/bin/storaged: open file /data/storaged/storaged.txt failed!2
11-20 21:08:12.022   716   753 E /system/bin/storaged: write(append)  diskstat data failed!ts:1542719292,read bytes:216373248, write bytes: 2128956416
11-20 21:08:12.030   716   753 E /system/bin/storaged: curr_io_stats:  size: 188
11-20 21:08:12.034   716   753 E /system/bin/storaged: open file /data/storaged/storaged.txt failed!2
11-20 21:08:12.034   716   753 E /system/bin/storaged: write(append)  uid data failed!
11-20 21:08:12.035   716   753 E /system/bin/storaged: pid_info get_pids failed
11-20 21:08:17.505  1181  1358 I chatty  : uid=1000(system) ConnectivitySer expire 4 lines
11-20 21:08:18.738  1181  1181 I chatty  : uid=1000 system_server expire 9 lines
11-20 21:08:22.595   487   970 W SocketListener: sending broadcast to Pid = 1181, Uid = 1000 
11-20 21:08:22.597  1181  1338 I chatty  : uid=1000(system) NetdConnector expire 4 lines
11-20 21:08:23.547   719   719 I chatty  : uid=1010(wifi) /system/bin/wificond expire 69 lines
11-20 21:08:26.975  1181  1407 I chatty  : uid=1000(system) StatisticsCHRMs expire 4 lines
11-20 21:08:30.113   487   970 W SocketListener: sending broadcast to Pid = 1181, Uid = 1000 
11-20 21:08:49.805  1181  1307 I chatty  : uid=1000(system) UEventObserver expire 10 lines
11-20 21:09:00.004  1181  1181 I chatty  : uid=1000 system_server expire 10 lines
11-20 21:09:00.101  1181  1464 I chatty  : uid=1000(system) Binder:1181_3 expire 2 lines
11-20 21:09:02.755   487   970 W SocketListener: sending broadcast to Pid = 1181, Uid = 1000 
11-20 21:09:02.760  1181  1338 I chatty  : uid=1000(system) NetdConnector expire 10 lines
11-20 21:09:02.766  1181  1204 I chatty  : uid=1000(system) android.fg expire 10 lines
11-20 21:09:02.783   719   719 I chatty  : uid=1010(wifi) /system/bin/wificond expire 33 lines
11-20 21:09:02.787  1181  1358 I chatty  : uid=1000(system) ConnectivitySer expire 10 lines
11-20 21:09:02.995   487   970 W SocketListener: sending broadcast to Pid = 1181, Uid = 1000 
11-20 21:09:03.926  1181  1560 I chatty  : uid=1000(system) watchdog expire 8 lines
11-20 21:09:22.567  2604  2620 W ContextImpl: Calling a method in the system process without a qualified user: android.app.ContextImpl.sendBroadcast:1074 android.content.ContextWrapper.sendBroadcast:431 com.huawei.android.pushagent.utils.a.vv:723 com.huawei.android.pushagent.model.a.f.bj:107 com.huawei.android.pushagent.model.a.b.ba:177 
11-20 21:09:22.580  1181 14251 I chatty  : uid=1000(system) Binder:1181_1F expire 10 lines
11-20 21:09:22.619  2865  2880 W SettingsEx: SettingsEx.Systemex.getInt deprecated use Settings.System.getInt instead ;callers=com.huawei.recsys.util.SystemUtil.getNotificationUpdateMode:177 com.huawei.recsys.util.SystemUtil.isAllowUpdate:112 com.huawei.recsys.controller.notification.http.NotificationUpdateController.startNotificationUpdate:85 
11-20 21:09:22.707  1181  1192 I chatty  : uid=1000(system) Binder:1181_2 expire 2 lines
11-20 21:09:23.917   719   719 I chatty  : uid=1010(wifi) /system/bin/wificond expire 27 lines
11-20 21:09:37.795   487   974 W SocketListener: sending broadcast to Pid = 1181, Uid = 1000 
11-20 21:09:38.996   719   719 I chatty  : uid=1010(wifi) /system/bin/wificond expire 30 lines
11-20 21:09:42.916   487   970 W SocketListener: sending broadcast to Pid = 1181, Uid = 1000 
11-20 21:09:47.489   487   970 W SocketListener: sending broadcast to Pid = 1181, Uid = 1000 
11-20 21:09:55.959 10288 10288 D ActivityThread: ActivityThread,attachApplication
11-20 21:09:56.751   719   719 I chatty  : uid=1010(wifi) /system/bin/wificond expire 36 lines
11-20 21:09:58.396 10288 10308 W ContextImpl: Calling a method in the system process without a qualified user: android.app.ContextImpl.sendBroadcast:1095 android.content.ContextWrapper.sendBroadcast:436 com.huawei.idaptunnel.util.Utils.sendResultBroadcast:162 com.huawei.idaptunnel.upload.UploadStateMachine.finished:225 com.huawei.idaptunnel.upload.UploadStateMachine.doUploadEndProcess:171 
11-20 21:09:58.777 10288 10310 W ContextImpl: Calling a method in the system process without a qualified user: android.app.ContextImpl.sendBroadcast:1095 android.content.ContextWrapper.sendBroadcast:436 com.huawei.idaptunnel.util.Utils.sendResultBroadcast:162 com.huawei.idaptunnel.upload.UploadStateMachine.finished:225 com.huawei.idaptunnel.upload.UploadStateMachine.doUploadEndProcess:171 
11-20 21:09:58.781 10288 10288 W ContextImpl: Calling a method in the system process without a qualified user: android.app.ContextImpl.stopService:1668 android.content.ContextWrapper.stopService:654 com.huawei.idaptunnel.MainThreadProcess$MainHandler.handleMessage:55 android.os.Handler.dispatchMessage:108 android.os.Looper.loop:166 
11-20 21:09:58.915  1181  6336 I chatty  : uid=1000(system) Binder:1181_17 expire 14 lines
11-20 21:09:59.420  1181  1181 I chatty  : uid=1000 system_server expire 10 lines
11-20 21:10:00.091  1181  1709 I chatty  : uid=1000(system) Binder:1181_8 expire 2 lines
11-20 21:10:10.948  1181  1197 I chatty  : uid=1000(system) ActivityManager expire 3 lines
11-20 21:10:13.877   487   970 W SocketListener: sending broadcast to Pid = 1181, Uid = 1000 
11-20 21:10:13.880  1181  1338 I chatty  : uid=1000(system) NetdConnector expire 10 lines
11-20 21:10:15.199   719   719 I chatty  : uid=1010(wifi) /system/bin/wificond expire 48 lines
11-20 21:10:17.751   487   970 W SocketListener: sending broadcast to Pid = 1181, Uid = 1000 
11-20 21:10:43.724   487   970 W SocketListener: sending broadcast to Pid = 1181, Uid = 1000 
11-20 21:10:44.789   719   719 I chatty  : uid=1010(wifi) /system/bin/wificond expire 36 lines
11-20 21:11:02.797   487   970 W SocketListener: sending broadcast to Pid = 1181, Uid = 1000 
11-20 21:11:02.805  1181  1204 I chatty  : uid=1000(system) android.fg expire 3 lines
11-20 21:11:03.488   719   719 I chatty  : uid=1010(wifi) /system/bin/wificond expire 27 lines
11-20 21:11:17.835   487   970 W SocketListener: sending broadcast to Pid = 1181, Uid = 1000 
11-20 21:11:18.569   719   719 I chatty  : uid=1010(wifi) /system/bin/wificond expire 144 lines
11-20 21:11:18.736  1181  1181 I chatty  : uid=1000 system_server expire 12 lines
11-20 21:11:20.209  1181  1307 I chatty  : uid=1000(system) UEventObserver expire 16 lines
11-20 21:11:27.762   487   970 W SocketListener: sending broadcast to Pid = 1181, Uid = 1000 
11-20 21:11:27.766  1181  1338 I chatty  : uid=1000(system) NetdConnector expire 12 lines
11-20 21:12:00.096  1181 14251 I chatty  : uid=1000(system) Binder:1181_1F expire 10 lines
11-20 21:12:00.769  1181  1358 I chatty  : uid=1000(system) ConnectivitySer expire 14 lines
11-20 21:12:40.865 27849 27849 V ActivityThread: ActivityThread,callActivityOnCreate
11-20 21:12:40.907  1181  1717 I chatty  : uid=1000(system) Binder:1181_9 expire 1 line
11-20 21:12:40.993 27849 27849 D ActivityThread: add activity client record, r= ActivityRecord{260c3d token=android.os.BinderProxy@7453796 {com.android.settings/com.android.settings.Settings$WirelessSettingsActivity}} token= android.os.BinderProxy@7453796
11-20 21:12:41.024  1181  5693 I chatty  : uid=1000(system) Binder:1181_14 expire 12 lines
11-20 21:12:41.157  1181  1301 I chatty  : uid=1000(system) android.anim expire 13 lines
11-20 21:12:41.957   487   970 W SocketListener: sending broadcast to Pid = 1181, Uid = 1000 
11-20 21:12:41.967  1181  1204 I chatty  : uid=1000(system) android.fg expire 10 lines
11-20 21:12:42.998   719   719 I chatty  : uid=1010(wifi) /system/bin/wificond expire 39 lines
11-20 21:12:50.465  1181  1181 I chatty  : uid=1000 system_server expire 12 lines
11-20 21:13:00.132  1181  1709 I chatty  : uid=1000(system) Binder:1181_8 expire 15 lines
11-20 21:13:02.187   487   970 W SocketListener: sending broadcast to Pid = 1181, Uid = 1000 
11-20 21:13:02.209  1181  5693 I chatty  : uid=1000(system) Binder:1181_14 expire 10 lines
11-20 21:13:03.942  1181  1560 I chatty  : uid=1000(system) watchdog expire 10 lines
11-20 21:13:04.115   719   719 I chatty  : uid=1010(wifi) /system/bin/wificond expire 30 lines
11-20 21:13:20.093  2865  6281 W ContextImpl: Calling a method in the system process without a qualified user: android.app.ContextImpl.bindService:1736 android.content.ContextWrapper.bindService:678 com.huawei.nb.dataservice.dsclient.RemoteServiceConnection.open:90 com.huawei.nb.dataservice.dsclient.DataServiceProxy.connect:105 com.huawei.nb.dataservice.rsclient.internal.RemoteRuleService.start:27 
11-20 21:13:20.142  2865  4379 W ContextImpl: Calling a method in the system process without a qualified user: android.app.ContextImpl.bindService:1736 android.content.ContextWrapper.bindService:678 com.huawei.nb.dataservice.dsclient.RemoteServiceConnection.open:90 com.huawei.nb.dataservice.dsclient.DataServiceProxy.connect:105 com.huawei.nb.dataservice.rsclient.internal.RemoteRuleService.start:27 
11-20 21:13:21.158  1181  1323 I chatty  : uid=1000(system) AlarmManager expire 1 line
11-20 21:13:22.232   719   719 I chatty  : uid=1010(wifi) /system/bin/wificond expire 39 lines
11-20 21:13:41.275   487   970 W SocketListener: sending broadcast to Pid = 1181, Uid = 1000 
11-20 21:13:43.350   719   719 I chatty  : uid=1010(wifi) /system/bin/wificond expire 72 lines
11-20 21:13:50.624  1181  1181 I chatty  : uid=1000 system_server expire 11 lines
11-20 21:14:22.891   487   970 W SocketListener: sending broadcast to Pid = 1181, Uid = 1000 
11-20 21:14:25.596   719   719 I chatty  : uid=1010(wifi) /system/bin/wificond expire 27 lines
11-20 21:14:39.020  1181  1464 I chatty  : uid=1000(system) Binder:1181_3 expire 6 lines
11-20 21:14:39.036 27849 27849 V ActivityThread: ActivityThread,callActivityOnCreate
11-20 21:14:39.134 27849 27849 D ActivityThread: add activity client record, r= ActivityRecord{44822d token=android.os.BinderProxy@9d5ac02 {com.android.settings/com.android.settings.Settings$TetherSettingsActivity}} token= android.os.BinderProxy@9d5ac02
11-20 21:14:39.154  1181  1192 I chatty  : uid=1000(system) Binder:1181_2 expire 12 lines
11-20 21:14:39.260  1181  1301 I chatty  : uid=1000(system) android.anim expire 10 lines
11-20 21:14:40.685   719   719 I chatty  : uid=1010(wifi) /system/bin/wificond expire 57 lines
11-20 21:14:47.755   487   970 W SocketListener: sending broadcast to Pid = 1181, Uid = 1000 
11-20 21:14:50.598   487   970 W SocketListener: sending broadcast to Pid = 1181, Uid = 1000 
11-20 21:14:50.601  1181  1338 I chatty  : uid=1000(system) NetdConnector expire 10 lines
11-20 21:15:00.005  1181  1181 I chatty  : uid=1000 system_server expire 10 lines
11-20 21:15:07.842  1181  1358 I chatty  : uid=1000(system) ConnectivitySer expire 10 lines
11-20 21:15:13.795   487   970 W SocketListener: sending broadcast to Pid = 1181, Uid = 1000 
11-20 21:15:13.879   719   719 I chatty  : uid=1010(wifi) /system/bin/wificond expire 138 lines
11-20 21:15:20.858  1181  1307 I chatty  : uid=1000(system) UEventObserver expire 10 lines
11-20 21:16:00.100  1181  1709 I chatty  : uid=1000(system) Binder:1181_8 expire 1 line
11-20 21:16:16.508  1181  1329 I chatty  : uid=1000(system) InputDispatcher expire 3 lines
11-20 21:16:21.017  1181  1181 I chatty  : uid=1000 system_server expire 10 lines
11-20 21:16:30.688   487   970 W SocketListener: sending broadcast to Pid = 1181, Uid = 1000 
11-20 21:16:32.331   719   719 I chatty  : uid=1010(wifi) /system/bin/wificond expire 27 lines
11-20 21:16:46.755   487   970 W SocketListener: sending broadcast to Pid = 1181, Uid = 1000 
11-20 21:16:47.431   719   719 I chatty  : uid=1010(wifi) /system/bin/wificond expire 33 lines
11-20 21:16:47.684  1181  3355 I chatty  : uid=1000(system) Binder:1181_F expire 3 lines
11-20 21:16:47.703   487   970 W SocketListener: sending broadcast to Pid = 1181, Uid = 1000 
11-20 21:17:06.795   487   970 W SocketListener: sending broadcast to Pid = 1181, Uid = 1000 
11-20 21:17:06.800  1181  1338 I chatty  : uid=1000(system) NetdConnector expire 10 lines
11-20 21:17:06.805  1181  1204 I chatty  : uid=1000(system) android.fg expire 3 lines
11-20 21:17:08.553   719   719 I chatty  : uid=1010(wifi) /system/bin/wificond expire 27 lines
11-20 21:17:21.424   487   970 W SocketListener: sending broadcast to Pid = 1181, Uid = 1000 
11-20 21:17:23.645   719   719 I chatty  : uid=1010(wifi) /system/bin/wificond expire 27 lines
11-20 21:17:25.078  1181  1358 I chatty  : uid=1000(system) ConnectivitySer expire 4 lines
11-20 21:17:36.795   487   970 W SocketListener: sending broadcast to Pid = 1181, Uid = 1000 
11-20 21:17:38.737   719   719 I chatty  : uid=1010(wifi) /system/bin/wificond expire 150 lines
11-20 21:17:51.248  1181  1307 I chatty  : uid=1000(system) UEventObserver expire 16 lines
11-20 21:18:00.003  1181  1181 I chatty  : uid=1000 system_server expire 19 lines
11-20 21:18:03.963  1181  1560 I chatty  : uid=1000(system) watchdog expire 12 lines
11-20 21:18:21.185  1181  1339 I chatty  : uid=1000(system) NetworkStats expire 7 lines
11-20 21:18:21.197  1181  5693 I chatty  : uid=1000(system) Binder:1181_14 expire 10 lines
11-20 21:19:00.083  1181  2716 I chatty  : uid=1000(system) Binder:1181_C expire 10 lines
11-20 21:19:01.695   487   970 W SocketListener: sending broadcast to Pid = 1181, Uid = 1000 
11-20 21:19:01.698  1181  1338 I chatty  : uid=1000(system) NetdConnector expire 10 lines
11-20 21:19:01.703  1181  1204 I chatty  : uid=1000(system) android.fg expire 10 lines
11-20 21:19:01.737  2604  2620 W ContextImpl: Calling a method in the system process without a qualified user: android.app.ContextImpl.sendBroadcast:1074 android.content.ContextWrapper.sendBroadcast:431 com.huawei.android.pushagent.utils.a.vv:723 com.huawei.android.pushagent.model.a.f.bj:107 com.huawei.android.pushagent.model.a.b.ba:177 
11-20 21:19:01.751  1181  3355 I chatty  : uid=1000(system) Binder:1181_F expire 7 lines
11-20 21:19:01.784  2865 10410 W SettingsEx: SettingsEx.Systemex.getInt deprecated use Settings.System.getInt instead ;callers=com.huawei.recsys.util.SystemUtil.getNotificationUpdateMode:177 com.huawei.recsys.util.SystemUtil.isAllowUpdate:112 com.huawei.recsys.controller.notification.http.NotificationUpdateController.startNotificationUpdate:85 
11-20 21:19:01.834  1181  1181 I chatty  : uid=1000 system_server expire 10 lines
11-20 21:19:03.256   719   719 I chatty  : uid=1010(wifi) /system/bin/wificond expire 21 lines
11-20 21:19:17.155   487   970 W SocketListener: sending broadcast to Pid = 1181, Uid = 1000 
11-20 21:19:17.172   719   719 I chatty  : uid=1010(wifi) /system/bin/wificond expire 36 lines
11-20 21:19:18.514   487   970 W SocketListener: sending broadcast to Pid = 1181, Uid = 1000 
11-20 21:19:33.675   487   970 W SocketListener: sending broadcast to Pid = 1181, Uid = 1000 
11-20 21:19:36.436   719   719 I chatty  : uid=1010(wifi) /system/bin/wificond expire 72 lines
11-20 21:20:16.342   487   970 W SocketListener: sending broadcast to Pid = 1181, Uid = 1000 
11-20 21:20:18.695   719   719 I chatty  : uid=1010(wifi) /system/bin/wificond expire 27 lines
11-20 21:20:21.666  1181  1181 I chatty  : uid=1000 system_server expire 10 lines
11-20 21:20:32.795   487   970 W SocketListener: sending broadcast to Pid = 1181, Uid = 1000 
11-20 21:20:32.799  1181  1338 I chatty  : uid=1000(system) NetdConnector expire 10 lines
11-20 21:20:33.776   719   719 I chatty  : uid=1010(wifi) /system/bin/wificond expire 102 lines
11-20 21:21:31.426   487   970 W SocketListener: sending broadcast to Pid = 1181, Uid = 1000 
11-20 21:21:33.301   719   719 I chatty  : uid=1010(wifi) /system/bin/wificond expire 78 lines
11-20 21:21:51.888  1181  1307 I chatty  : uid=1000(system) UEventObserver expire 10 lines
11-20 21:21:51.905  1181  1181 I chatty  : uid=1000 system_server expire 10 lines
11-20 21:21:55.242  1181  1358 I chatty  : uid=1000(system) ConnectivitySer expire 10 lines
11-20 21:22:13.635   487   970 W SocketListener: sending broadcast to Pid = 1181, Uid = 1000 
11-20 21:22:16.357   719   719 I chatty  : uid=1010(wifi) /system/bin/wificond expire 45 lines
11-20 21:22:25.555   487   970 W SocketListener: sending broadcast to Pid = 1181, Uid = 1000 
11-20 21:22:40.595   487   970 W SocketListener: sending broadcast to Pid = 1181, Uid = 1000 
11-20 21:22:43.518   719   719 I chatty  : uid=1010(wifi) /system/bin/wificond expire 42 lines
11-20 21:23:00.004  1181  1181 I chatty  : uid=1000 system_server expire 11 lines
11-20 21:23:06.535   487   970 W SocketListener: sending broadcast to Pid = 1181, Uid = 1000 
11-20 21:23:06.540  1181  1338 I chatty  : uid=1000(system) NetdConnector expire 10 lines
11-20 21:23:06.546  1181  1204 I chatty  : uid=1000(system) android.fg expire 10 lines
11-20 21:23:07.654   719   719 I chatty  : uid=1010(wifi) /system/bin/wificond expire 57 lines
11-20 21:23:12.038   716   753 E /system/bin/storaged: pid_info get_pids failed
11-20 21:23:17.220  1181  1194 I chatty  : uid=1000(system) android.bg expire 1 line
11-20 21:23:21.239  1181  4527 I chatty  : uid=1000(system) Binder:1181_11 expire 7 lines
11-20 21:23:38.275   487   970 W SocketListener: sending broadcast to Pid = 1181, Uid = 1000 
11-20 21:23:40.845   719   719 I chatty  : uid=1010(wifi) /system/bin/wificond expire 69 lines
11-20 21:23:47.762   487   970 W SocketListener: sending broadcast to Pid = 1181, Uid = 1000 
11-20 21:23:52.394  1181  1181 I chatty  : uid=1000 system_server expire 10 lines
11-20 21:24:00.101  1181 11854 I chatty  : uid=1000(system) Binder:1181_1A expire 4 lines
11-20 21:24:03.988  1181  1560 I chatty  : uid=1000(system) watchdog expire 8 lines
11-20 21:24:17.157   487   970 W SocketListener: sending broadcast to Pid = 1181, Uid = 1000 
11-20 21:24:20.070   719   719 I chatty  : uid=1010(wifi) /system/bin/wificond expire 42 lines
11-20 21:24:22.446  1181  1307 I chatty  : uid=1000(system) UEventObserver expire 10 lines
11-20 21:24:28.591   487   970 W SocketListener: sending broadcast to Pid = 1181, Uid = 1000 
11-20 21:24:43.754   487   970 W SocketListener: sending broadcast to Pid = 1181, Uid = 1000 
11-20 21:24:43.757  1181  1338 I chatty  : uid=1000(system) NetdConnector expire 10 lines
11-20 21:24:44.226   719   719 I chatty  : uid=1010(wifi) /system/bin/wificond expire 51 lines
11-20 21:24:44.230  1181  1358 I chatty  : uid=1000(system) ConnectivitySer expire 10 lines
11-20 21:25:09.477  1181 12790 I chatty  : uid=1000(system) Binder:1181_1C expire 2 lines
11-20 21:25:09.499   487   970 W SocketListener: sending broadcast to Pid = 1181, Uid = 1000 
11-20 21:25:11.401   719   719 I chatty  : uid=1010(wifi) /system/bin/wificond expire 21 lines
11-20 21:25:18.532  1181  1181 I chatty  : uid=1000 system_server expire 11 lines
11-20 21:25:24.675   487   970 W SocketListener: sending broadcast to Pid = 1181, Uid = 1000 
11-20 21:25:25.458   719   719 I chatty  : uid=1010(wifi) /system/bin/wificond expire 27 lines
11-20 21:25:40.666   487   970 W SocketListener: sending broadcast to Pid = 1181, Uid = 1000 
11-20 21:25:41.473   719   719 I chatty  : uid=1010(wifi) /system/bin/wificond expire 27 lines
11-20 21:25:55.915   487   970 W SocketListener: sending broadcast to Pid = 1181, Uid = 1000 
11-20 21:25:56.692   719   719 I chatty  : uid=1010(wifi) /system/bin/wificond expire 81 lines
11-20 21:26:20.837  1181  1358 I chatty  : uid=1000(system) ConnectivitySer expire 10 lines
11-20 21:26:41.427   487   970 W SocketListener: sending broadcast to Pid = 1181, Uid = 1000 
11-20 21:26:41.432  1181  1338 I chatty  : uid=1000(system) NetdConnector expire 14 lines
11-20 21:26:41.438  1181  1204 I chatty  : uid=1000(system) android.fg expire 12 lines
11-20 21:26:41.957   719   719 I chatty  : uid=1010(wifi) /system/bin/wificond expire 75 lines
11-20 21:26:52.847  1181  1307 I chatty  : uid=1000(system) UEventObserver expire 14 lines
11-20 21:26:52.861  1181  1181 I chatty  : uid=1000 system_server expire 10 lines
11-20 21:27:24.675   487   970 W SocketListener: sending broadcast to Pid = 1181, Uid = 1000 
11-20 21:27:25.529   719   719 I chatty  : uid=1010(wifi) /system/bin/wificond expire 24 lines
