11-21 00:24:57.594   719   719 E wificond: Failed to get NL80211_STA_INFO_CNAHLOAD
11-21 00:24:57.596  1181  1358 I chatty  : uid=1000(system) ConnectivitySer expire 3 lines
11-21 00:24:57.598   719   719 E wificond: Failed to get NL80211_RATE_INFO_NOISE
11-21 00:24:57.598   719   719 E wificond: Failed to get NL80211_RATE_INFO_SNR
11-21 00:24:57.598   719   719 E wificond: Failed to get NL80211_STA_INFO_CNAHLOAD
11-21 00:25:01.270  1181  1340 I chatty  : uid=1000(system) NetworkPolicy expire 1 line
11-21 00:25:01.275  1181  1338 I chatty  : uid=1000(system) NetdConnector expire 10 lines
11-21 00:25:05.124  1181  1560 I chatty  : uid=1000(system) watchdog expire 2 lines
11-21 00:25:05.600   719   719 E wificond: Failed to get NL80211_RATE_INFO_NOISE
11-21 00:25:05.600   719   719 E wificond: Failed to get NL80211_RATE_INFO_SNR
11-21 00:25:05.600   719   719 E wificond: Failed to get NL80211_STA_INFO_CNAHLOAD
11-21 00:25:05.602   719   719 E wificond: Failed to get NL80211_RATE_INFO_NOISE
11-21 00:25:05.602   719   719 E wificond: Failed to get NL80211_RATE_INFO_SNR
11-21 00:25:05.602   719   719 E wificond: Failed to get NL80211_STA_INFO_CNAHLOAD
11-21 00:25:06.286  1181 16073 I chatty  : uid=1000 system_server expire 9 lines
11-21 00:25:06.296  1181  1566 I chatty  : uid=1000(system) LocationThread expire 10 lines
11-21 00:25:08.373  1181 16093 I chatty  : uid=1000 system_server expire 2 lines
11-21 00:25:08.378  1181 16094 I chatty  : uid=1000 system_server expire 1 line
11-21 00:25:13.606   719   719 E wificond: Failed to get NL80211_RATE_INFO_NOISE
11-21 00:25:13.606   719   719 E wificond: Failed to get NL80211_RATE_INFO_SNR
11-21 00:25:13.606   719   719 E wificond: Failed to get NL80211_STA_INFO_CNAHLOAD
11-21 00:25:13.608   719   719 E wificond: Failed to get NL80211_RATE_INFO_NOISE
11-21 00:25:13.608   719   719 E wificond: Failed to get NL80211_RATE_INFO_SNR
11-21 00:25:13.608   719   719 E wificond: Failed to get NL80211_STA_INFO_CNAHLOAD
11-21 00:25:21.609   719   719 E wificond: Failed to get NL80211_RATE_INFO_NOISE
11-21 00:25:21.609   719   719 E wificond: Failed to get NL80211_RATE_INFO_SNR
11-21 00:25:21.609   719   719 E wificond: Failed to get NL80211_STA_INFO_CNAHLOAD
11-21 00:25:21.610   719   719 E wificond: Failed to get NL80211_RATE_INFO_NOISE
11-21 00:25:21.610   719   719 E wificond: Failed to get NL80211_RATE_INFO_SNR
11-21 00:25:21.610   719   719 E wificond: Failed to get NL80211_STA_INFO_CNAHLOAD
11-21 00:25:27.436   487   970 W SocketListener: sending broadcast to Pid = 1181, Uid = 1000 
11-21 00:25:27.439  1181  1204 I chatty  : uid=1000(system) android.fg expire 8 lines
11-21 00:25:29.615   719   719 E wificond: Failed to get NL80211_RATE_INFO_NOISE
11-21 00:25:29.615   719   719 E wificond: Failed to get NL80211_RATE_INFO_SNR
11-21 00:25:29.615   719   719 E wificond: Failed to get NL80211_STA_INFO_CNAHLOAD
11-21 00:25:29.617   719   719 E wificond: Failed to get NL80211_RATE_INFO_NOISE
11-21 00:25:29.617   719   719 E wificond: Failed to get NL80211_RATE_INFO_SNR
11-21 00:25:29.617   719   719 E wificond: Failed to get NL80211_STA_INFO_CNAHLOAD
11-21 00:25:36.290  1181  1181 I chatty  : uid=1000 system_server expire 10 lines
11-21 00:25:37.620   719   719 E wificond: Failed to get NL80211_RATE_INFO_NOISE
11-21 00:25:37.620   719   719 E wificond: Failed to get NL80211_RATE_INFO_SNR
11-21 00:25:37.620   719   719 E wificond: Failed to get NL80211_STA_INFO_CNAHLOAD
11-21 00:25:37.624   719   719 E wificond: Failed to get NL80211_RATE_INFO_NOISE
11-21 00:25:37.624   719   719 E wificond: Failed to get NL80211_RATE_INFO_SNR
11-21 00:25:37.624   719   719 E wificond: Failed to get NL80211_STA_INFO_CNAHLOAD
11-21 00:25:45.626   719   719 E wificond: Failed to get NL80211_RATE_INFO_NOISE
11-21 00:25:45.626   719   719 E wificond: Failed to get NL80211_RATE_INFO_SNR
11-21 00:25:45.626   719   719 E wificond: Failed to get NL80211_STA_INFO_CNAHLOAD
11-21 00:25:45.630   719   719 E wificond: Failed to get NL80211_RATE_INFO_NOISE
11-21 00:25:45.630   719   719 E wificond: Failed to get NL80211_RATE_INFO_SNR
11-21 00:25:45.630   719   719 E wificond: Failed to get NL80211_STA_INFO_CNAHLOAD
11-21 00:26:32.080   487   970 W SocketListener: sending broadcast to Pid = 1181, Uid = 1000 
11-21 00:26:32.083   487   970 W SocketListener: sending broadcast to Pid = 1181, Uid = 1000 
11-21 00:26:32.114   487   970 W SocketListener: sending broadcast to Pid = 1181, Uid = 1000 
11-21 00:28:49.088   487   970 W SocketListener: sending broadcast to Pid = 1181, Uid = 1000 
11-21 00:28:49.089  1181  1338 I chatty  : uid=1000(system) NetdConnector expire 8 lines
11-21 00:28:49.108  1181  6341 I chatty  : uid=1000(system) Binder:1181_18 expire 2 lines
11-21 00:29:57.090  1181  1201 I chatty  : uid=1000(system) keyAppHanderThr expire 2 lines
11-21 00:29:57.092  1181  4527 I chatty  : uid=1000(system) Binder:1181_11 expire 12 lines
11-21 00:29:57.119   487   970 W SocketListener: sending broadcast to Pid = 1181, Uid = 1000 
11-21 00:34:56.088   487   970 W SocketListener: sending broadcast to Pid = 1181, Uid = 1000 
11-21 00:34:56.147   487   970 W SocketListener: sending broadcast to Pid = 1181, Uid = 1000 
11-21 00:34:56.171  1181  1181 I chatty  : uid=1000 system_server expire 12 lines
11-21 00:34:56.172  1181  4501 I chatty  : uid=1000(system) Binder:1181_10 expire 10 lines
11-21 00:34:56.181  1181  6341 I chatty  : uid=1000(system) Binder:1181_18 expire 8 lines
11-21 00:34:56.241  1667  2301 W ContextImpl: Calling a method in the system process without a qualified user: android.app.ContextImpl.sendBroadcast:1095 android.content.ContextWrapper.sendBroadcast:436 com.huawei.iaware.userhabit.NRTUserHabitTrainManager$NRTUserHabitHandler.handleTrain:395 com.huawei.iaware.userhabit.NRTUserHabitTrainManager$NRTUserHabitHandler.handleMessage:246 android.os.Handler.dispatchMessage:108 
11-21 00:34:58.394   719   719 E wificond: Failed to get NL80211_RATE_INFO_NOISE
11-21 00:34:58.394   719   719 E wificond: Failed to get NL80211_RATE_INFO_SNR
11-21 00:34:58.394   719   719 E wificond: Failed to get NL80211_STA_INFO_CNAHLOAD
11-21 00:34:58.395   719   719 E wificond: Failed to get NL80211_RATE_INFO_NOISE
11-21 00:34:58.395   719   719 E wificond: Failed to get NL80211_RATE_INFO_SNR
11-21 00:34:58.395   719   719 E wificond: Failed to get NL80211_STA_INFO_CNAHLOAD
11-21 00:39:56.088   487   970 W SocketListener: sending broadcast to Pid = 1181, Uid = 1000 
11-21 00:39:56.089  1181  1338 I chatty  : uid=1000(system) NetdConnector expire 12 lines
11-21 00:39:56.091  1181  1204 I chatty  : uid=1000(system) android.fg expire 10 lines
11-21 00:39:56.109  1181  1201 I chatty  : uid=1000(system) keyAppHanderThr expire 4 lines
11-21 00:39:56.116  1181  1192 I chatty  : uid=1000(system) Binder:1181_2 expire 13 lines
11-21 00:39:56.129   487   970 W SocketListener: sending broadcast to Pid = 1181, Uid = 1000 
11-21 00:39:56.144  1181  1191 I chatty  : uid=1000(system) Binder:1181_1 expire 13 lines
11-21 00:44:55.086   487   970 W SocketListener: sending broadcast to Pid = 1181, Uid = 1000 
11-21 00:44:55.500   487   970 W SocketListener: sending broadcast to Pid = 1181, Uid = 1000 
11-21 00:49:56.087   487   970 W SocketListener: sending broadcast to Pid = 1181, Uid = 1000 
11-21 00:49:56.121  1181  1339 I chatty  : uid=1000(system) NetworkStats expire 7 lines
11-21 00:49:56.153   487   970 W SocketListener: sending broadcast to Pid = 1181, Uid = 1000 
11-21 00:49:56.156  1181  1338 I chatty  : uid=1000(system) NetdConnector expire 10 lines
11-21 00:54:56.084   487   970 W SocketListener: sending broadcast to Pid = 1181, Uid = 1000 
11-21 00:54:56.133  1181  4527 I chatty  : uid=1000(system) Binder:1181_11 expire 14 lines
11-21 00:54:56.138   487   970 W SocketListener: sending broadcast to Pid = 1181, Uid = 1000 
11-21 00:54:57.235  1181  1181 I chatty  : uid=1000 system_server expire 83 lines
11-21 00:59:55.084   487   970 W SocketListener: sending broadcast to Pid = 1181, Uid = 1000 
11-21 00:59:55.104   487   970 W SocketListener: sending broadcast to Pid = 1181, Uid = 1000 
11-21 00:59:55.105  1181  1338 I chatty  : uid=1000(system) NetdConnector expire 10 lines
11-21 00:59:55.750   719   719 E wificond: Failed to get NL80211_RATE_INFO_NOISE
11-21 00:59:55.751   719   719 E wificond: Failed to get NL80211_RATE_INFO_SNR
11-21 00:59:55.751   719   719 E wificond: Failed to get NL80211_STA_INFO_CNAHLOAD
11-21 00:59:55.752  1181  1358 I chatty  : uid=1000(system) ConnectivitySer expire 3 lines
11-21 00:59:55.755   719   719 E wificond: Failed to get NL80211_RATE_INFO_NOISE
11-21 00:59:55.755   719   719 E wificond: Failed to get NL80211_RATE_INFO_SNR
11-21 00:59:55.755   719   719 E wificond: Failed to get NL80211_STA_INFO_CNAHLOAD
11-21 01:01:33.090   487   970 W SocketListener: sending broadcast to Pid = 1181, Uid = 1000 
11-21 01:01:33.093  1181  1204 I chatty  : uid=1000(system) android.fg expire 8 lines
11-21 01:01:33.375  1181  1560 I chatty  : uid=1000(system) watchdog expire 2 lines
11-21 01:01:33.477   487   970 W SocketListener: sending broadcast to Pid = 1181, Uid = 1000 
11-21 01:04:56.089   487   970 W SocketListener: sending broadcast to Pid = 1181, Uid = 1000 
11-21 01:04:56.161   487   970 W SocketListener: sending broadcast to Pid = 1181, Uid = 1000 
11-21 01:04:56.191  1181  6336 I chatty  : uid=1000(system) Binder:1181_17 expire 4 lines
11-21 01:09:56.088   487   970 W SocketListener: sending broadcast to Pid = 1181, Uid = 1000 
11-21 01:09:56.089  1181  1338 I chatty  : uid=1000(system) NetdConnector expire 10 lines
11-21 01:09:56.119   487   970 W SocketListener: sending broadcast to Pid = 1181, Uid = 1000 
11-21 01:09:58.024   719   719 E wificond: Failed to get NL80211_RATE_INFO_NOISE
11-21 01:09:58.024   719   719 E wificond: Failed to get NL80211_RATE_INFO_SNR
11-21 01:09:58.024   719   719 E wificond: Failed to get NL80211_STA_INFO_CNAHLOAD
11-21 01:09:58.029   719   719 E wificond: Failed to get NL80211_RATE_INFO_NOISE
11-21 01:09:58.029   719   719 E wificond: Failed to get NL80211_RATE_INFO_SNR
11-21 01:09:58.029   719   719 E wificond: Failed to get NL80211_STA_INFO_CNAHLOAD
11-21 01:14:19.086   487   970 W SocketListener: sending broadcast to Pid = 1181, Uid = 1000 
11-21 01:14:19.113  1181  1194 I chatty  : uid=1000(system) android.bg expire 7 lines
11-21 01:14:19.115  1181  1340 I chatty  : uid=1000(system) NetworkPolicy expire 2 lines
11-21 01:14:19.257  1181  1566 I chatty  : uid=1000(system) LocationThread expire 1 line
11-21 01:14:21.019   716   753 E /system/bin/storaged: pid_info get_pids failed
11-21 01:14:22.127  1181  4501 I chatty  : uid=1000(system) Binder:1181_10 expire 2 lines
11-21 01:14:23.236   487   970 W SocketListener: sending broadcast to Pid = 1181, Uid = 1000 
11-21 01:14:23.238  1181  1338 I chatty  : uid=1000(system) NetdConnector expire 2 lines
11-21 01:14:25.804   719   719 E wificond: Failed to get NL80211_RATE_INFO_NOISE
11-21 01:14:25.804   719   719 E wificond: Failed to get NL80211_RATE_INFO_SNR
11-21 01:14:25.804   719   719 E wificond: Failed to get NL80211_STA_INFO_CNAHLOAD
11-21 01:14:25.805   719   719 E wificond: Failed to get NL80211_RATE_INFO_NOISE
11-21 01:14:25.806   719   719 E wificond: Failed to get NL80211_RATE_INFO_SNR
11-21 01:14:25.806   719   719 E wificond: Failed to get NL80211_STA_INFO_CNAHLOAD
11-21 01:14:33.812   719   719 E wificond: Failed to get NL80211_RATE_INFO_NOISE
11-21 01:14:33.812   719   719 E wificond: Failed to get NL80211_RATE_INFO_SNR
11-21 01:14:33.813   719   719 E wificond: Failed to get NL80211_STA_INFO_CNAHLOAD
11-21 01:14:33.814   719   719 E wificond: Failed to get NL80211_RATE_INFO_NOISE
11-21 01:14:33.814   719   719 E wificond: Failed to get NL80211_RATE_INFO_SNR
11-21 01:14:33.814   719   719 E wificond: Failed to get NL80211_STA_INFO_CNAHLOAD
11-21 01:14:41.815   719   719 E wificond: Failed to get NL80211_RATE_INFO_NOISE
11-21 01:14:41.815   719   719 E wificond: Failed to get NL80211_RATE_INFO_SNR
11-21 01:14:41.815   719   719 E wificond: Failed to get NL80211_STA_INFO_CNAHLOAD
11-21 01:14:41.817   719   719 E wificond: Failed to get NL80211_RATE_INFO_NOISE
11-21 01:14:41.817   719   719 E wificond: Failed to get NL80211_RATE_INFO_SNR
11-21 01:14:41.817   719   719 E wificond: Failed to get NL80211_STA_INFO_CNAHLOAD
11-21 01:14:49.340  1181  1181 I chatty  : uid=1000 system_server expire 10 lines
11-21 01:14:49.370  1181  1338 I chatty  : uid=1000(system) NetdConnector expire 10 lines
11-21 01:14:49.373  1181  1194 I chatty  : uid=1000(system) android.bg expire 1 line
11-21 01:14:49.824   719   719 E wificond: Failed to get NL80211_RATE_INFO_NOISE
11-21 01:14:49.824   719   719 E wificond: Failed to get NL80211_RATE_INFO_SNR
11-21 01:14:49.824   719   719 E wificond: Failed to get NL80211_STA_INFO_CNAHLOAD
11-21 01:14:49.826  1181  1358 I chatty  : uid=1000(system) ConnectivitySer expire 3 lines
11-21 01:14:49.826   719   719 E wificond: Failed to get NL80211_RATE_INFO_NOISE
11-21 01:14:49.827   719   719 E wificond: Failed to get NL80211_RATE_INFO_SNR
11-21 01:14:49.827   719   719 E wificond: Failed to get NL80211_STA_INFO_CNAHLOAD
11-21 01:14:56.084  1181  1307 I chatty  : uid=1000(system) UEventObserver expire 2 lines
11-21 01:14:56.087   487   970 W SocketListener: sending broadcast to Pid = 1181, Uid = 1000 
11-21 01:14:56.089  1181  1204 I chatty  : uid=1000(system) android.fg expire 10 lines
11-21 01:14:56.094  1181  1202 I chatty  : uid=1000(system) batterystats-sy expire 2 lines
11-21 01:14:56.108  1181  1201 I chatty  : uid=1000(system) keyAppHanderThr expire 7 lines
11-21 01:14:56.113  1181  4527 I chatty  : uid=1000(system) Binder:1181_11 expire 11 lines
11-21 01:14:56.137  1181  6336 I chatty  : uid=1000(system) Binder:1181_17 expire 12 lines
11-21 01:14:56.147   487   970 W SocketListener: sending broadcast to Pid = 1181, Uid = 1000 
11-21 01:14:56.225  1181  4501 I chatty  : uid=1000(system) Binder:1181_10 expire 11 lines
11-21 01:19:41.090   487   970 W SocketListener: sending broadcast to Pid = 1181, Uid = 1000 
11-21 01:19:41.112   487   970 W SocketListener: sending broadcast to Pid = 1181, Uid = 1000 
11-21 01:19:41.113  1181  1338 I chatty  : uid=1000(system) NetdConnector expire 10 lines
11-21 01:19:55.834  1181  1339 I chatty  : uid=1000(system) NetworkStats expire 14 lines
11-21 01:24:41.087   487   970 W SocketListener: sending broadcast to Pid = 1181, Uid = 1000 
11-21 01:24:56.113   487   970 W SocketListener: sending broadcast to Pid = 1181, Uid = 1000 
11-21 01:29:56.085   487   970 W SocketListener: sending broadcast to Pid = 1181, Uid = 1000 
11-21 01:29:56.086  1181  1338 I chatty  : uid=1000(system) NetdConnector expire 10 lines
11-21 01:29:56.111   487   970 W SocketListener: sending broadcast to Pid = 1181, Uid = 1000 
11-21 01:29:56.115  1181  1192 I chatty  : uid=1000(system) Binder:1181_2 expire 8 lines
11-21 01:29:56.125  1181  1692 I chatty  : uid=1000(system) Binder:1181_7 expire 2 lines
11-21 01:29:56.684   719   719 E wificond: Failed to get NL80211_RATE_INFO_NOISE
11-21 01:29:56.684   719   719 E wificond: Failed to get NL80211_RATE_INFO_SNR
11-21 01:29:56.684   719   719 E wificond: Failed to get NL80211_STA_INFO_CNAHLOAD
11-21 01:29:56.688   719   719 E wificond: Failed to get NL80211_RATE_INFO_NOISE
11-21 01:29:56.688   719   719 E wificond: Failed to get NL80211_RATE_INFO_SNR
11-21 01:29:56.688   719   719 E wificond: Failed to get NL80211_STA_INFO_CNAHLOAD
11-21 01:31:39.087   487   970 W SocketListener: sending broadcast to Pid = 1181, Uid = 1000 
11-21 01:34:57.150   487   970 W SocketListener: sending broadcast to Pid = 1181, Uid = 1000 
11-21 01:34:57.165  1181  4501 I chatty  : uid=1000(system) Binder:1181_10 expire 2 lines
11-21 01:34:57.173  1181  1191 I chatty  : uid=1000(system) Binder:1181_1 expire 7 lines
11-21 01:39:56.087   487   970 W SocketListener: sending broadcast to Pid = 1181, Uid = 1000 
11-21 01:39:56.090  1181  1204 I chatty  : uid=1000(system) android.fg expire 7 lines
11-21 01:39:56.121   487   970 W SocketListener: sending broadcast to Pid = 1181, Uid = 1000 
11-21 01:39:56.123  1181  1338 I chatty  : uid=1000(system) NetdConnector expire 12 lines
11-21 01:40:01.819   719   719 E wificond: Failed to get NL80211_RATE_INFO_NOISE
11-21 01:40:01.819   719   719 E wificond: Failed to get NL80211_RATE_INFO_SNR
11-21 01:40:01.819   719   719 E wificond: Failed to get NL80211_STA_INFO_CNAHLOAD
11-21 01:40:01.823   719   719 E wificond: Failed to get NL80211_RATE_INFO_NOISE
11-21 01:40:01.823   719   719 E wificond: Failed to get NL80211_RATE_INFO_SNR
11-21 01:40:01.823   719   719 E wificond: Failed to get NL80211_STA_INFO_CNAHLOAD
11-21 01:44:57.088   487   970 W SocketListener: sending broadcast to Pid = 1181, Uid = 1000 
11-21 01:44:57.117   487   970 W SocketListener: sending broadcast to Pid = 1181, Uid = 1000 
11-21 01:44:57.557  1181  1181 I chatty  : uid=1000 system_server expire 2 lines
11-21 01:49:56.088   487   970 W SocketListener: sending broadcast to Pid = 1181, Uid = 1000 
11-21 01:49:56.146  1181  4527 I chatty  : uid=1000(system) Binder:1181_11 expire 4 lines
11-21 01:49:56.148   487   970 W SocketListener: sending broadcast to Pid = 1181, Uid = 1000 
11-21 01:49:56.150  1181  1338 I chatty  : uid=1000(system) NetdConnector expire 6 lines
11-21 01:49:56.159  1181  6341 I chatty  : uid=1000(system) Binder:1181_18 expire 2 lines
11-21 01:49:56.162 14403 14403 W ContextImpl: Calling a method in the system process without a qualified user: android.app.ContextImpl.startService:1656 android.content.ContextWrapper.startService:644 android.content.ContextWrapper.startService:644 com.huawei.hiwibd.android.trigger.HiWiTrigger.startHiWIService:130 com.huawei.hiwibd.android.trigger.HiWiReceiver$1.handleMessage:28 
11-21 01:49:56.190  1181  6336 I chatty  : uid=1000(system) Binder:1181_17 expire 4 lines
11-21 01:54:55.088   487   970 W SocketListener: sending broadcast to Pid = 1181, Uid = 1000 
11-21 01:54:55.292   487   970 W SocketListener: sending broadcast to Pid = 1181, Uid = 1000 
11-21 01:54:55.295  1181  1204 I chatty  : uid=1000(system) android.fg expire 10 lines
11-21 01:54:55.838  1181  4501 I chatty  : uid=1000(system) Binder:1181_10 expire 10 lines
11-21 01:54:55.856  1181  4527 I chatty  : uid=1000(system) Binder:1181_11 expire 12 lines
11-21 01:57:10.077   487   970 W SocketListener: sending broadcast to Pid = 1181, Uid = 1000 
11-21 01:57:10.078  1181  1338 I chatty  : uid=1000(system) NetdConnector expire 10 lines
11-21 01:57:10.905  1181  1560 I chatty  : uid=1000(system) watchdog expire 1 line
11-21 01:59:56.111  1181  6341 I chatty  : uid=1000(system) Binder:1181_18 expire 11 lines
11-21 01:59:56.113   487   970 W SocketListener: sending broadcast to Pid = 1181, Uid = 1000 
11-21 01:59:56.123   719   719 E wificond: Failed to get NL80211_RATE_INFO_NOISE
11-21 01:59:56.123   719   719 E wificond: Failed to get NL80211_RATE_INFO_SNR
11-21 01:59:56.123   719   719 E wificond: Failed to get NL80211_STA_INFO_CNAHLOAD
11-21 01:59:56.125  1181  1358 I chatty  : uid=1000(system) ConnectivitySer expire 3 lines
11-21 01:59:56.127   719   719 E wificond: Failed to get NL80211_RATE_INFO_NOISE
11-21 01:59:56.127   719   719 E wificond: Failed to get NL80211_RATE_INFO_SNR
11-21 01:59:56.127   719   719 E wificond: Failed to get NL80211_STA_INFO_CNAHLOAD
11-21 02:02:11.062   487   970 W SocketListener: sending broadcast to Pid = 1181, Uid = 1000 
11-21 02:02:11.071  1181  1181 I chatty  : uid=1000 system_server expire 10 lines
11-21 02:04:56.094  1181  1201 I chatty  : uid=1000(system) keyAppHanderThr expire 10 lines
11-21 02:04:56.124  1181  1191 I chatty  : uid=1000(system) Binder:1181_1 expire 6 lines
11-21 02:04:56.147   487   970 W SocketListener: sending broadcast to Pid = 1181, Uid = 1000 
11-21 02:07:12.087   487   970 W SocketListener: sending broadcast to Pid = 1181, Uid = 1000 
11-21 02:09:56.104  1181  4501 I chatty  : uid=1000(system) Binder:1181_10 expire 4 lines
11-21 02:09:56.121   487   970 W SocketListener: sending broadcast to Pid = 1181, Uid = 1000 
11-21 02:09:56.122  1181  1338 I chatty  : uid=1000(system) NetdConnector expire 12 lines
11-21 02:14:55.087   487   970 W SocketListener: sending broadcast to Pid = 1181, Uid = 1000 
11-21 02:14:55.102   487   970 W SocketListener: sending broadcast to Pid = 1181, Uid = 1000 
11-21 02:19:56.088   487   970 W SocketListener: sending broadcast to Pid = 1181, Uid = 1000 
11-21 02:19:56.107  1181  1339 I chatty  : uid=1000(system) NetworkStats expire 11 lines
11-21 02:19:56.146  1181  1692 I chatty  : uid=1000(system) Binder:1181_7 expire 10 lines
11-21 02:19:56.157   487   970 W SocketListener: sending broadcast to Pid = 1181, Uid = 1000 
11-21 02:19:56.159  1181  1338 I chatty  : uid=1000(system) NetdConnector expire 10 lines
11-21 02:19:56.161  1181  1204 I chatty  : uid=1000(system) android.fg expire 10 lines
11-21 02:20:15.084   487   970 W SocketListener: sending broadcast to Pid = 1181, Uid = 1000 
11-21 02:20:15.367   719   719 E wificond: Failed to get NL80211_RATE_INFO_NOISE
11-21 02:20:15.367   719   719 E wificond: Failed to get NL80211_RATE_INFO_SNR
11-21 02:20:15.367   719   719 E wificond: Failed to get NL80211_STA_INFO_CNAHLOAD
11-21 02:20:15.370   719   719 E wificond: Failed to get NL80211_RATE_INFO_NOISE
11-21 02:20:15.370   719   719 E wificond: Failed to get NL80211_RATE_INFO_SNR
11-21 02:20:15.370   719   719 E wificond: Failed to get NL80211_STA_INFO_CNAHLOAD
11-21 02:24:57.108  1181  4527 I chatty  : uid=1000(system) Binder:1181_11 expire 8 lines
11-21 02:24:57.132   487   970 W SocketListener: sending broadcast to Pid = 1181, Uid = 1000 
11-21 02:29:55.087   487   970 W SocketListener: sending broadcast to Pid = 1181, Uid = 1000 
11-21 02:29:55.856   487   970 W SocketListener: sending broadcast to Pid = 1181, Uid = 1000 
11-21 02:29:56.793  1181  1197 I chatty  : uid=1000(system) ActivityManager expire 2 lines
11-21 02:34:23.095   487   970 W SocketListener: sending broadcast to Pid = 1181, Uid = 1000 
11-21 02:34:23.096  1181  1338 I chatty  : uid=1000(system) NetdConnector expire 10 lines
11-21 02:34:23.111  1181  6341 I chatty  : uid=1000(system) Binder:1181_18 expire 10 lines
11-21 02:34:56.111  1181  1692 I chatty  : uid=1000(system) Binder:1181_7 expire 2 lines
11-21 02:34:56.169   487   970 W SocketListener: sending broadcast to Pid = 1181, Uid = 1000 
11-21 02:34:56.185  1181  8923 I chatty  : uid=1000(system) Binder:1181_19 expire 10 lines
11-21 02:39:56.088   487   970 W SocketListener: sending broadcast to Pid = 1181, Uid = 1000 
11-21 02:39:56.119   487   970 W SocketListener: sending broadcast to Pid = 1181, Uid = 1000 
11-21 02:39:56.161  1181  1192 I chatty  : uid=1000(system) Binder:1181_2 expire 8 lines
11-21 02:44:56.088   487   970 W SocketListener: sending broadcast to Pid = 1181, Uid = 1000 
11-21 02:44:56.124   487   970 W SocketListener: sending broadcast to Pid = 1181, Uid = 1000 
11-21 02:44:56.127  1181  1338 I chatty  : uid=1000(system) NetdConnector expire 10 lines
11-21 02:44:56.129  1181  1204 I chatty  : uid=1000(system) android.fg expire 9 lines
11-21 02:44:56.344   719   719 E wificond: Failed to get NL80211_RATE_INFO_NOISE
11-21 02:44:56.345   719   719 E wificond: Failed to get NL80211_RATE_INFO_SNR
11-21 02:44:56.345   719   719 E wificond: Failed to get NL80211_STA_INFO_CNAHLOAD
11-21 02:44:56.348   719   719 E wificond: Failed to get NL80211_RATE_INFO_NOISE
11-21 02:44:56.348   719   719 E wificond: Failed to get NL80211_RATE_INFO_SNR
11-21 02:44:56.348   719   719 E wificond: Failed to get NL80211_STA_INFO_CNAHLOAD
11-21 02:49:56.087   487   970 W SocketListener: sending broadcast to Pid = 1181, Uid = 1000 
11-21 02:49:56.108  1181  1181 I chatty  : uid=1000 system_server expire 5 lines
11-21 02:49:56.143  1181  6341 I chatty  : uid=1000(system) Binder:1181_18 expire 10 lines
11-21 02:49:56.148   487   970 W SocketListener: sending broadcast to Pid = 1181, Uid = 1000 
11-21 02:49:56.149  1181  1339 I chatty  : uid=1000(system) NetworkStats expire 3 lines
11-21 02:54:56.088   487   970 W SocketListener: sending broadcast to Pid = 1181, Uid = 1000 
11-21 02:54:56.089  1181  1338 I chatty  : uid=1000(system) NetdConnector expire 10 lines
11-21 02:54:56.138   487   970 W SocketListener: sending broadcast to Pid = 1181, Uid = 1000 
11-21 02:59:55.089   487   970 W SocketListener: sending broadcast to Pid = 1181, Uid = 1000 
11-21 02:59:55.857   487   970 W SocketListener: sending broadcast to Pid = 1181, Uid = 1000 
11-21 03:04:55.093   487   970 W SocketListener: sending broadcast to Pid = 1181, Uid = 1000 
11-21 03:04:55.115   487   970 W SocketListener: sending broadcast to Pid = 1181, Uid = 1000 
11-21 03:04:55.116  1181  1338 I chatty  : uid=1000(system) NetdConnector expire 10 lines
11-21 03:04:55.888  1181  8923 I chatty  : uid=1000(system) Binder:1181_19 expire 13 lines
11-21 03:04:55.900  1181  4527 I chatty  : uid=1000(system) Binder:1181_11 expire 10 lines
11-21 03:04:56.099  1181  1181 I chatty  : uid=1000 system_server expire 42 lines
11-21 03:09:55.088   487   970 W SocketListener: sending broadcast to Pid = 1181, Uid = 1000 
11-21 03:09:55.090  1181  1204 I chatty  : uid=1000(system) android.fg expire 10 lines
11-21 03:09:55.768   719   719 E wificond: Failed to get NL80211_RATE_INFO_NOISE
11-21 03:09:55.768   719   719 E wificond: Failed to get NL80211_RATE_INFO_SNR
11-21 03:09:55.768   719   719 E wificond: Failed to get NL80211_STA_INFO_CNAHLOAD
11-21 03:09:55.770  1181  1358 I chatty  : uid=1000(system) ConnectivitySer expire 5 lines
11-21 03:09:55.773   719   719 E wificond: Failed to get NL80211_RATE_INFO_NOISE
11-21 03:09:55.773   719   719 E wificond: Failed to get NL80211_RATE_INFO_SNR
11-21 03:09:55.773   719   719 E wificond: Failed to get NL80211_STA_INFO_CNAHLOAD
11-21 03:09:55.857   487   970 W SocketListener: sending broadcast to Pid = 1181, Uid = 1000 
11-21 03:09:56.169  1181  1192 I chatty  : uid=1000(system) Binder:1181_2 expire 10 lines
11-21 03:13:41.075  1181  1307 I chatty  : uid=1000(system) UEventObserver expire 2 lines
11-21 03:13:41.079   487   970 W SocketListener: sending broadcast to Pid = 1181, Uid = 1000 
11-21 03:13:41.106  1181  1202 I chatty  : uid=1000(system) batterystats-sy expire 2 lines
11-21 03:13:41.108   487   970 W SocketListener: sending broadcast to Pid = 1181, Uid = 1000 
11-21 03:13:41.125  1181  6341 I chatty  : uid=1000(system) Binder:1181_18 expire 8 lines
11-21 03:14:17.086   487   970 W SocketListener: sending broadcast to Pid = 1181, Uid = 1000 
11-21 03:14:17.087  1181  1338 I chatty  : uid=1000(system) NetdConnector expire 10 lines
11-21 03:14:17.111  1181  1194 I chatty  : uid=1000(system) android.bg expire 3 lines
11-21 03:14:17.113  1181  1340 I chatty  : uid=1000(system) NetworkPolicy expire 2 lines
11-21 03:14:17.245  1181  1566 I chatty  : uid=1000(system) LocationThread expire 1 line
11-21 03:14:18.533   487   970 W SocketListener: sending broadcast to Pid = 1181, Uid = 1000 
11-21 03:14:19.724  1181  1560 I chatty  : uid=1000(system) watchdog expire 2 lines
11-21 03:14:22.284   719   719 E wificond: Failed to get NL80211_RATE_INFO_NOISE
11-21 03:14:22.284   719   719 E wificond: Failed to get NL80211_RATE_INFO_SNR
11-21 03:14:22.284   719   719 E wificond: Failed to get NL80211_STA_INFO_CNAHLOAD
11-21 03:14:22.287   719   719 E wificond: Failed to get NL80211_RATE_INFO_NOISE
11-21 03:14:22.287   719   719 E wificond: Failed to get NL80211_RATE_INFO_SNR
11-21 03:14:22.287   719   719 E wificond: Failed to get NL80211_STA_INFO_CNAHLOAD
11-21 03:14:30.298   719   719 E wificond: Failed to get NL80211_RATE_INFO_NOISE
11-21 03:14:30.298   719   719 E wificond: Failed to get NL80211_RATE_INFO_SNR
11-21 03:14:30.298   719   719 E wificond: Failed to get NL80211_STA_INFO_CNAHLOAD
11-21 03:14:30.301   719   719 E wificond: Failed to get NL80211_RATE_INFO_NOISE
11-21 03:14:30.301   719   719 E wificond: Failed to get NL80211_RATE_INFO_SNR
11-21 03:14:30.301   719   719 E wificond: Failed to get NL80211_STA_INFO_CNAHLOAD
11-21 03:14:38.304   719   719 E wificond: Failed to get NL80211_RATE_INFO_NOISE
11-21 03:14:38.304   719   719 E wificond: Failed to get NL80211_RATE_INFO_SNR
11-21 03:14:38.304   719   719 E wificond: Failed to get NL80211_STA_INFO_CNAHLOAD
11-21 03:14:38.306   719   719 E wificond: Failed to get NL80211_RATE_INFO_NOISE
11-21 03:14:38.306   719   719 E wificond: Failed to get NL80211_RATE_INFO_SNR
11-21 03:14:38.306   719   719 E wificond: Failed to get NL80211_STA_INFO_CNAHLOAD
11-21 03:14:46.316   719   719 E wificond: Failed to get NL80211_RATE_INFO_NOISE
11-21 03:14:46.316   719   719 E wificond: Failed to get NL80211_RATE_INFO_SNR
11-21 03:14:46.316   719   719 E wificond: Failed to get NL80211_STA_INFO_CNAHLOAD
11-21 03:14:46.317   719   719 E wificond: Failed to get NL80211_RATE_INFO_NOISE
11-21 03:14:46.317   719   719 E wificond: Failed to get NL80211_RATE_INFO_SNR
11-21 03:14:46.317   719   719 E wificond: Failed to get NL80211_STA_INFO_CNAHLOAD
11-21 03:14:47.328  1181  1181 I chatty  : uid=1000 system_server expire 6 lines
11-21 03:14:56.097  1181  1201 I chatty  : uid=1000(system) keyAppHanderThr expire 5 lines
11-21 03:14:56.104  1181  1323 I chatty  : uid=1000(system) AlarmManager expire 1 line
11-21 03:19:38.086   487   970 W SocketListener: sending broadcast to Pid = 1181, Uid = 1000 
11-21 03:19:38.107   487   970 W SocketListener: sending broadcast to Pid = 1181, Uid = 1000 
11-21 03:19:38.108  1181  1338 I chatty  : uid=1000(system) NetdConnector expire 10 lines
11-21 03:19:56.090   487   970 W SocketListener: sending broadcast to Pid = 1181, Uid = 1000 
11-21 03:19:56.094  1181  1339 I chatty  : uid=1000(system) NetworkStats expire 7 lines
11-21 03:19:56.148   487   970 W SocketListener: sending broadcast to Pid = 1181, Uid = 1000 
11-21 03:24:38.085   487   970 W SocketListener: sending broadcast to Pid = 1181, Uid = 1000 
11-21 03:24:38.087  1181  1338 I chatty  : uid=1000(system) NetdConnector expire 10 lines
11-21 03:24:38.089  1181  1204 I chatty  : uid=1000(system) android.fg expire 7 lines
11-21 03:24:38.110   487   970 W SocketListener: sending broadcast to Pid = 1181, Uid = 1000 
11-21 03:24:55.087   487   970 W SocketListener: sending broadcast to Pid = 1181, Uid = 1000 
11-21 03:24:55.842  1181  8923 I chatty  : uid=1000(system) Binder:1181_19 expire 1 line
11-21 03:24:55.861  1181  1192 I chatty  : uid=1000(system) Binder:1181_2 expire 2 lines
11-21 03:24:55.866   487   970 W SocketListener: sending broadcast to Pid = 1181, Uid = 1000 
11-21 03:24:57.186   719   719 E wificond: Failed to get NL80211_RATE_INFO_NOISE
11-21 03:24:57.186   719   719 E wificond: Failed to get NL80211_RATE_INFO_SNR
11-21 03:24:57.186   719   719 E wificond: Failed to get NL80211_STA_INFO_CNAHLOAD
11-21 03:24:57.189   719   719 E wificond: Failed to get NL80211_RATE_INFO_NOISE
11-21 03:24:57.189   719   719 E wificond: Failed to get NL80211_RATE_INFO_SNR
11-21 03:24:57.189   719   719 E wificond: Failed to get NL80211_STA_INFO_CNAHLOAD
11-21 03:29:55.088   487   970 W SocketListener: sending broadcast to Pid = 1181, Uid = 1000 
11-21 03:29:55.857   487   970 W SocketListener: sending broadcast to Pid = 1181, Uid = 1000 
11-21 03:29:55.858  1181  1338 I chatty  : uid=1000(system) NetdConnector expire 10 lines
11-21 03:34:55.087   487   970 W SocketListener: sending broadcast to Pid = 1181, Uid = 1000 
11-21 03:34:55.109   487   970 W SocketListener: sending broadcast to Pid = 1181, Uid = 1000 
11-21 03:34:55.112  1181  1204 I chatty  : uid=1000(system) android.fg expire 10 lines
11-21 03:34:55.799  1181  1181 I chatty  : uid=1000 system_server expire 11 lines
11-21 03:34:55.842  1181  6341 I chatty  : uid=1000(system) Binder:1181_18 expire 12 lines
11-21 03:34:55.863  1181  4527 I chatty  : uid=1000(system) Binder:1181_11 expire 6 lines
11-21 03:34:55.887  1181  1692 I chatty  : uid=1000(system) Binder:1181_7 expire 11 lines
11-21 03:37:05.090   487   970 W SocketListener: sending broadcast to Pid = 1181, Uid = 1000 
11-21 03:37:05.102  1181  8923 I chatty  : uid=1000(system) Binder:1181_19 expire 7 lines
11-21 03:39:57.109  1181  1201 I chatty  : uid=1000(system) keyAppHanderThr expire 8 lines
11-21 03:39:57.133   487   970 W SocketListener: sending broadcast to Pid = 1181, Uid = 1000 
11-21 03:39:57.146  1181  1192 I chatty  : uid=1000(system) Binder:1181_2 expire 10 lines
11-21 03:44:56.088   487   970 W SocketListener: sending broadcast to Pid = 1181, Uid = 1000 
11-21 03:44:56.089  1181  1338 I chatty  : uid=1000(system) NetdConnector expire 12 lines
11-21 03:44:56.126   487   970 W SocketListener: sending broadcast to Pid = 1181, Uid = 1000 
11-21 03:44:56.587   719   719 E wificond: Failed to get NL80211_RATE_INFO_NOISE
11-21 03:44:56.588   719   719 E wificond: Failed to get NL80211_RATE_INFO_SNR
11-21 03:44:56.588   719   719 E wificond: Failed to get NL80211_STA_INFO_CNAHLOAD
11-21 03:44:56.589  1181  1358 I chatty  : uid=1000(system) ConnectivitySer expire 2 lines
11-21 03:44:56.591   719   719 E wificond: Failed to get NL80211_RATE_INFO_NOISE
11-21 03:44:56.591   719   719 E wificond: Failed to get NL80211_RATE_INFO_SNR
11-21 03:44:56.591   719   719 E wificond: Failed to get NL80211_STA_INFO_CNAHLOAD
11-21 03:49:56.088   487   970 W SocketListener: sending broadcast to Pid = 1181, Uid = 1000 
11-21 03:49:56.106  1181  1339 I chatty  : uid=1000(system) NetworkStats expire 12 lines
11-21 03:49:56.132   487   970 W SocketListener: sending broadcast to Pid = 1181, Uid = 1000 
11-21 03:54:55.090   487   970 W SocketListener: sending broadcast to Pid = 1181, Uid = 1000 
11-21 03:54:55.094  1181  1338 I chatty  : uid=1000(system) NetdConnector expire 10 lines
11-21 03:54:55.104   487   970 W SocketListener: sending broadcast to Pid = 1181, Uid = 1000 
11-21 03:54:55.120  1181  6336 I chatty  : uid=1000(system) Binder:1181_17 expire 10 lines
11-21 03:54:55.842  1181  1692 I chatty  : uid=1000(system) Binder:1181_7 expire 12 lines
11-21 03:56:09.076   487   970 W SocketListener: sending broadcast to Pid = 1181, Uid = 1000 
11-21 03:59:55.856   487   970 W SocketListener: sending broadcast to Pid = 1181, Uid = 1000 
11-21 03:59:55.859  1181  1204 I chatty  : uid=1000(system) android.fg expire 10 lines
11-21 04:04:55.087   487   970 W SocketListener: sending broadcast to Pid = 1181, Uid = 1000 
11-21 04:04:55.113   487   970 W SocketListener: sending broadcast to Pid = 1181, Uid = 1000 
11-21 04:04:55.115  1181  1338 I chatty  : uid=1000(system) NetdConnector expire 10 lines
11-21 04:04:55.142   719   719 E wificond: Failed to get NL80211_RATE_INFO_NOISE
11-21 04:04:55.142   719   719 E wificond: Failed to get NL80211_RATE_INFO_SNR
11-21 04:04:55.142   719   719 E wificond: Failed to get NL80211_STA_INFO_CNAHLOAD
11-21 04:04:55.144   719   719 E wificond: Failed to get NL80211_RATE_INFO_NOISE
11-21 04:04:55.144   719   719 E wificond: Failed to get NL80211_RATE_INFO_SNR
11-21 04:04:55.144   719   719 E wificond: Failed to get NL80211_STA_INFO_CNAHLOAD
11-21 04:04:55.891  1181  1539 I chatty  : uid=1000(system) Binder:1181_5 expire 14 lines
11-21 04:09:56.090   487   970 W SocketListener: sending broadcast to Pid = 1181, Uid = 1000 
11-21 04:09:56.121   487   970 W SocketListener: sending broadcast to Pid = 1181, Uid = 1000 
11-21 04:14:56.088   487   970 W SocketListener: sending broadcast to Pid = 1181, Uid = 1000 
11-21 04:14:56.110  1181  1192 I chatty  : uid=1000(system) Binder:1181_2 expire 10 lines
11-21 04:14:56.122   487   970 W SocketListener: sending broadcast to Pid = 1181, Uid = 1000 
11-21 04:14:56.140  1181  1692 I chatty  : uid=1000(system) Binder:1181_7 expire 9 lines
11-21 04:14:56.180  1611  2477 W ContextImpl: Calling a method in the system process without a qualified user: android.app.ContextImpl.sendBroadcast:1095 com.huawei.android.chr.statistics.TelStatusService.updateStatisticDB:628 com.huawei.android.chr.statistics.TelStatusService.triggerStatsReport:545 com.huawei.android.chr.statistics.TelStatusService.triggerAllStatsReport:554 com.huawei.android.chr.statistics.TelStatusManager.triggerAllStatsReport:328 
11-21 04:14:56.222  1611  2477 W ContextImpl: Calling a method in the system process without a qualified user: android.app.ContextImpl.sendBroadcast:1095 com.huawei.android.chr.statistics.TelStatusService.updateStatisticDB:628 com.huawei.android.chr.statistics.TelStatusService.triggerStatsReport:545 com.huawei.android.chr.statistics.TelStatusService.triggerAllStatsReport:554 com.huawei.android.chr.statistics.TelStatusManager.triggerAllStatsReport:328 
11-21 04:19:56.090   487   970 W SocketListener: sending broadcast to Pid = 1181, Uid = 1000 
11-21 04:19:56.093  1181  1338 I chatty  : uid=1000(system) NetdConnector expire 10 lines
11-21 04:19:56.137   487   970 W SocketListener: sending broadcast to Pid = 1181, Uid = 1000 
11-21 04:19:56.140  1181  1339 I chatty  : uid=1000(system) NetworkStats expire 2 lines
11-21 04:24:56.089   487   970 W SocketListener: sending broadcast to Pid = 1181, Uid = 1000 
11-21 04:24:56.121  1181  4501 I chatty  : uid=1000(system) Binder:1181_10 expire 6 lines
11-21 04:24:56.141   487   970 W SocketListener: sending broadcast to Pid = 1181, Uid = 1000 
11-21 04:24:56.142  1181  1338 I chatty  : uid=1000(system) NetdConnector expire 10 lines
11-21 04:24:56.146  1181  1204 I chatty  : uid=1000(system) android.fg expire 9 lines
11-21 04:24:56.165  1181  6341 I chatty  : uid=1000(system) Binder:1181_18 expire 7 lines
11-21 04:24:56.946  1181  1181 I chatty  : uid=1000 system_server expire 5 lines
11-21 04:29:56.088   487   970 W SocketListener: sending broadcast to Pid = 1181, Uid = 1000 
11-21 04:29:56.111  1181  6336 I chatty  : uid=1000(system) Binder:1181_17 expire 4 lines
11-21 04:29:56.118   487   970 W SocketListener: sending broadcast to Pid = 1181, Uid = 1000 
11-21 04:29:57.217   719   719 E wificond: Failed to get NL80211_RATE_INFO_NOISE
11-21 04:29:57.217   719   719 E wificond: Failed to get NL80211_RATE_INFO_SNR
11-21 04:29:57.217   719   719 E wificond: Failed to get NL80211_STA_INFO_CNAHLOAD
11-21 04:29:57.220   719   719 E wificond: Failed to get NL80211_RATE_INFO_NOISE
11-21 04:29:57.220   719   719 E wificond: Failed to get NL80211_RATE_INFO_SNR
11-21 04:29:57.220   719   719 E wificond: Failed to get NL80211_STA_INFO_CNAHLOAD
11-21 04:29:58.609  1181  1560 I chatty  : uid=1000(system) watchdog expire 1 line
11-21 04:34:56.087   487   970 W SocketListener: sending broadcast to Pid = 1181, Uid = 1000 
11-21 04:34:56.165   487   970 W SocketListener: sending broadcast to Pid = 1181, Uid = 1000 
11-21 04:39:23.084   487   970 W SocketListener: sending broadcast to Pid = 1181, Uid = 1000 
11-21 04:39:23.085  1181  1338 I chatty  : uid=1000(system) NetdConnector expire 9 lines
11-21 04:39:56.123   487   970 W SocketListener: sending broadcast to Pid = 1181, Uid = 1000 
11-21 04:44:23.090   487   970 W SocketListener: sending broadcast to Pid = 1181, Uid = 1000 
11-21 04:44:56.111   487   970 W SocketListener: sending broadcast to Pid = 1181, Uid = 1000 
11-21 04:44:56.346  1181  1192 I chatty  : uid=1000(system) Binder:1181_2 expire 10 lines
11-21 04:49:56.085   487   970 W SocketListener: sending broadcast to Pid = 1181, Uid = 1000 
11-21 04:49:56.087  1181  1338 I chatty  : uid=1000(system) NetdConnector expire 11 lines
11-21 04:49:56.088  1181  1204 I chatty  : uid=1000(system) android.fg expire 10 lines
11-21 04:49:56.102  1181  1201 I chatty  : uid=1000(system) keyAppHanderThr expire 8 lines
11-21 04:49:56.115  1181  1539 I chatty  : uid=1000(system) Binder:1181_5 expire 16 lines
11-21 04:49:56.140  1181  1339 I chatty  : uid=1000(system) NetworkStats expire 14 lines
11-21 04:49:56.148   487   970 W SocketListener: sending broadcast to Pid = 1181, Uid = 1000 
11-21 04:49:56.157  1181  1692 I chatty  : uid=1000(system) Binder:1181_7 expire 8 lines
11-21 04:49:56.180  1181  1181 I chatty  : uid=1000 system_server expire 10 lines
11-21 04:49:56.201 14403 14403 W ContextImpl: Calling a method in the system process without a qualified user: android.app.ContextImpl.startService:1656 android.content.ContextWrapper.startService:644 android.content.ContextWrapper.startService:644 com.huawei.hiwibd.android.trigger.HiWiTrigger.startHiWIService:130 com.huawei.hiwibd.android.trigger.HiWiReceiver$1.handleMessage:28 
11-21 04:49:56.258   719   719 E wificond: Failed to get NL80211_RATE_INFO_NOISE
11-21 04:49:56.258   719   719 E wificond: Failed to get NL80211_RATE_INFO_SNR
11-21 04:49:56.258   719   719 E wificond: Failed to get NL80211_STA_INFO_CNAHLOAD
11-21 04:49:56.260  1181  1358 I chatty  : uid=1000(system) ConnectivitySer expire 7 lines
11-21 04:49:56.263   719   719 E wificond: Failed to get NL80211_RATE_INFO_NOISE
11-21 04:49:56.263   719   719 E wificond: Failed to get NL80211_RATE_INFO_SNR
11-21 04:49:56.263   719   719 E wificond: Failed to get NL80211_STA_INFO_CNAHLOAD
11-21 04:49:56.329  1181  6341 I chatty  : uid=1000(system) Binder:1181_18 expire 10 lines
11-21 04:54:56.084   487   970 W SocketListener: sending broadcast to Pid = 1181, Uid = 1000 
11-21 04:54:56.136   487   970 W SocketListener: sending broadcast to Pid = 1181, Uid = 1000 
11-21 04:59:55.088  1181  1307 I chatty  : uid=1000(system) UEventObserver expire 2 lines
11-21 04:59:55.089   487   970 W SocketListener: sending broadcast to Pid = 1181, Uid = 1000 
11-21 04:59:55.090  1181  1338 I chatty  : uid=1000(system) NetdConnector expire 10 lines
11-21 04:59:55.108  1181  1202 I chatty  : uid=1000(system) batterystats-sy expire 2 lines
11-21 04:59:55.131   487   970 W SocketListener: sending broadcast to Pid = 1181, Uid = 1000 
11-21 05:04:55.087   487   970 W SocketListener: sending broadcast to Pid = 1181, Uid = 1000 
11-21 05:04:55.847  1181  1323 I chatty  : uid=1000(system) AlarmManager expire 2 lines
11-21 05:04:55.866  1181  6336 I chatty  : uid=1000(system) Binder:1181_17 expire 12 lines
11-21 05:04:55.889 16483 16483 D ActivityThread: ActivityThread,attachApplication
11-21 05:04:55.890   487   970 W SocketListener: sending broadcast to Pid = 1181, Uid = 1000 
11-21 05:04:55.914  1181  1539 I chatty  : uid=1000(system) Binder:1181_5 expire 10 lines
11-21 05:09:56.086   487   970 W SocketListener: sending broadcast to Pid = 1181, Uid = 1000 
11-21 05:09:56.117   487   970 W SocketListener: sending broadcast to Pid = 1181, Uid = 1000 
11-21 05:09:56.118  1181  1181 I chatty  : uid=1000 system_server expire 9 lines
11-21 05:09:56.118  1181  1338 I chatty  : uid=1000(system) NetdConnector expire 10 lines
11-21 05:09:56.122  1181  8923 I chatty  : uid=1000(system) Binder:1181_19 expire 14 lines
11-21 05:14:55.084   487   970 W SocketListener: sending broadcast to Pid = 1181, Uid = 1000 
11-21 05:14:55.088  1181  1204 I chatty  : uid=1000(system) android.fg expire 10 lines
11-21 05:14:55.770   719   719 E wificond: Failed to get NL80211_RATE_INFO_NOISE
11-21 05:14:55.770   719   719 E wificond: Failed to get NL80211_RATE_INFO_SNR
11-21 05:14:55.770   719   719 E wificond: Failed to get NL80211_STA_INFO_CNAHLOAD
11-21 05:14:55.771   719   719 E wificond: Failed to get NL80211_RATE_INFO_NOISE
11-21 05:14:55.771   719   719 E wificond: Failed to get NL80211_RATE_INFO_SNR
11-21 05:14:55.771   719   719 E wificond: Failed to get NL80211_STA_INFO_CNAHLOAD
11-21 05:14:55.862   487   970 W SocketListener: sending broadcast to Pid = 1181, Uid = 1000 
11-21 05:19:55.089   487   970 W SocketListener: sending broadcast to Pid = 1181, Uid = 1000 
11-21 05:19:55.110  1181  6336 I chatty  : uid=1000(system) Binder:1181_17 expire 10 lines
11-21 05:19:55.118   487   970 W SocketListener: sending broadcast to Pid = 1181, Uid = 1000 
11-21 05:24:55.088   487   970 W SocketListener: sending broadcast to Pid = 1181, Uid = 1000 
11-21 05:24:55.089  1181  1338 I chatty  : uid=1000(system) NetdConnector expire 10 lines
11-21 05:24:55.114   487   970 W SocketListener: sending broadcast to Pid = 1181, Uid = 1000 
11-21 05:29:55.087   487   970 W SocketListener: sending broadcast to Pid = 1181, Uid = 1000 
11-21 05:29:55.103  1181  6341 I chatty  : uid=1000(system) Binder:1181_18 expire 10 lines
11-21 05:29:55.107   487   970 W SocketListener: sending broadcast to Pid = 1181, Uid = 1000 
11-21 05:29:55.108  1181  1338 I chatty  : uid=1000(system) NetdConnector expire 10 lines
11-21 05:34:56.090   487   970 W SocketListener: sending broadcast to Pid = 1181, Uid = 1000 
11-21 05:34:56.135   487   970 W SocketListener: sending broadcast to Pid = 1181, Uid = 1000 
11-21 05:39:56.087   487   970 W SocketListener: sending broadcast to Pid = 1181, Uid = 1000 
11-21 05:39:56.090  1181  1204 I chatty  : uid=1000(system) android.fg expire 6 lines
11-21 05:39:56.119   487   970 W SocketListener: sending broadcast to Pid = 1181, Uid = 1000 
11-21 05:39:56.308   719   719 E wificond: Failed to get NL80211_RATE_INFO_NOISE
11-21 05:39:56.308   719   719 E wificond: Failed to get NL80211_RATE_INFO_SNR
11-21 05:39:56.308   719   719 E wificond: Failed to get NL80211_STA_INFO_CNAHLOAD
11-21 05:39:56.310   719   719 E wificond: Failed to get NL80211_RATE_INFO_NOISE
11-21 05:39:56.310   719   719 E wificond: Failed to get NL80211_RATE_INFO_SNR
11-21 05:39:56.310   719   719 E wificond: Failed to get NL80211_STA_INFO_CNAHLOAD
11-21 05:42:22.087   487   970 W SocketListener: sending broadcast to Pid = 1181, Uid = 1000 
11-21 05:42:22.088  1181  1338 I chatty  : uid=1000(system) NetdConnector expire 12 lines
11-21 05:42:22.097  1181  6341 I chatty  : uid=1000(system) Binder:1181_18 expire 3 lines
11-21 05:44:57.117   487   970 W SocketListener: sending broadcast to Pid = 1181, Uid = 1000 
11-21 05:49:56.090   487   970 W SocketListener: sending broadcast to Pid = 1181, Uid = 1000 
11-21 05:49:56.098  1181  1339 I chatty  : uid=1000(system) NetworkStats expire 7 lines
11-21 05:49:56.122   487   970 W SocketListener: sending broadcast to Pid = 1181, Uid = 1000 
11-21 05:49:56.122  1181  8923 I chatty  : uid=1000(system) Binder:1181_19 expire 3 lines
11-21 05:49:56.153  1181  1539 I chatty  : uid=1000(system) Binder:1181_5 expire 11 lines
11-21 05:49:57.552  1181  1181 I chatty  : uid=1000 system_server expire 10 lines
11-21 05:54:56.078   487   970 W SocketListener: sending broadcast to Pid = 1181, Uid = 1000 
11-21 05:54:56.078  1181  1338 I chatty  : uid=1000(system) NetdConnector expire 10 lines
11-21 05:54:56.080  1181  1204 I chatty  : uid=1000(system) android.fg expire 10 lines
11-21 05:54:56.081  1181  1201 I chatty  : uid=1000(system) keyAppHanderThr expire 11 lines
11-21 05:54:56.117  1181  6341 I chatty  : uid=1000(system) Binder:1181_18 expire 2 lines
11-21 05:54:56.130   487   970 W SocketListener: sending broadcast to Pid = 1181, Uid = 1000 
11-21 05:54:56.154  1181  6336 I chatty  : uid=1000(system) Binder:1181_17 expire 11 lines
11-21 05:54:57.299  1181  1560 I chatty  : uid=1000(system) watchdog expire 1 line
11-21 05:54:57.927   719   719 E wificond: Failed to get NL80211_RATE_INFO_NOISE
11-21 05:54:57.927   719   719 E wificond: Failed to get NL80211_RATE_INFO_SNR
11-21 05:54:57.927   719   719 E wificond: Failed to get NL80211_STA_INFO_CNAHLOAD
11-21 05:54:57.928  1181  1358 I chatty  : uid=1000(system) ConnectivitySer expire 1 line
11-21 05:54:57.929   719   719 E wificond: Failed to get NL80211_RATE_INFO_NOISE
11-21 05:54:57.929   719   719 E wificond: Failed to get NL80211_RATE_INFO_SNR
11-21 05:54:57.929   719   719 E wificond: Failed to get NL80211_STA_INFO_CNAHLOAD
11-21 05:59:56.087   487   970 W SocketListener: sending broadcast to Pid = 1181, Uid = 1000 
11-21 05:59:56.128   487   970 W SocketListener: sending broadcast to Pid = 1181, Uid = 1000 
11-21 06:04:55.087   487   970 W SocketListener: sending broadcast to Pid = 1181, Uid = 1000 
11-21 06:04:55.845  1181  1692 I chatty  : uid=1000(system) Binder:1181_7 expire 9 lines
11-21 06:04:55.889   487   970 W SocketListener: sending broadcast to Pid = 1181, Uid = 1000 
11-21 06:04:55.890  1181  1338 I chatty  : uid=1000(system) NetdConnector expire 10 lines
11-21 06:04:55.974  1181  4527 I chatty  : uid=1000(system) Binder:1181_11 expire 10 lines
11-21 06:04:56.175  1181  1192 I chatty  : uid=1000(system) Binder:1181_2 expire 10 lines
11-21 06:09:55.092   487   970 W SocketListener: sending broadcast to Pid = 1181, Uid = 1000 
11-21 06:09:55.864   487   970 W SocketListener: sending broadcast to Pid = 1181, Uid = 1000 
11-21 06:09:55.884  1181  6336 I chatty  : uid=1000(system) Binder:1181_17 expire 10 lines
11-21 06:09:56.418   719   719 E wificond: Failed to get NL80211_RATE_INFO_NOISE
11-21 06:09:56.418   719   719 E wificond: Failed to get NL80211_RATE_INFO_SNR
11-21 06:09:56.418   719   719 E wificond: Failed to get NL80211_STA_INFO_CNAHLOAD
11-21 06:09:56.420   719   719 E wificond: Failed to get NL80211_RATE_INFO_NOISE
11-21 06:09:56.420   719   719 E wificond: Failed to get NL80211_RATE_INFO_SNR
11-21 06:09:56.420   719   719 E wificond: Failed to get NL80211_STA_INFO_CNAHLOAD
11-21 06:14:55.086   487   970 W SocketListener: sending broadcast to Pid = 1181, Uid = 1000 
11-21 06:14:55.857   487   970 W SocketListener: sending broadcast to Pid = 1181, Uid = 1000 
11-21 06:19:55.082   487   970 W SocketListener: sending broadcast to Pid = 1181, Uid = 1000 
11-21 06:19:55.083  1181  1338 I chatty  : uid=1000(system) NetdConnector expire 10 lines
11-21 06:19:55.086  1181  1204 I chatty  : uid=1000(system) android.fg expire 10 lines
11-21 06:19:55.105   487   970 W SocketListener: sending broadcast to Pid = 1181, Uid = 1000 
11-21 06:19:55.833  1181  1339 I chatty  : uid=1000(system) NetworkStats expire 10 lines
11-21 06:24:56.086   487   970 W SocketListener: sending broadcast to Pid = 1181, Uid = 1000 
11-21 06:24:56.145   487   970 W SocketListener: sending broadcast to Pid = 1181, Uid = 1000 
