11-20 22:22:44.828  1057  1583 I chatty  : uid=1000(system) Binder:1057_3 expire 18 lines
11-20 22:22:44.839  1601  7342 I chatty  : uid=10032(com.huawei.HwMultiScreenShot) Binder:1601_A expire 4 lines
11-20 22:22:44.839  1794 31864 E HsmCoreServiceImpl: onTransact in code is: 103
11-20 22:22:44.839  1794 31864 I MediaProcessHandler: playingUids: 
11-20 22:22:45.874   610   610 I aptouch_daemon: filter_touch_detect, down, in: 1, out: 1
11-20 22:22:45.931   610   610 I aptouch_daemon: filter_touch_detect, all_touch_up
11-20 22:22:46.565   610   610 I aptouch_daemon: filter_touch_detect, down, in: 1, out: 1
11-20 22:22:46.623   610   610 I aptouch_daemon: filter_touch_detect, all_touch_up
11-20 22:22:46.735 21236 28356 I chatty  : uid=10168(com.netease.play) expire 103 lines
11-20 22:22:46.744  1601  7342 I CommandQueue: updateBarBgColor
11-20 22:22:46.744  1601  7342 D CommandQueue: CommandQueue, setBarBackgroundColor
11-20 22:22:46.745   536 32226 W libc    : Set property "hw.wifi.dns_stat" to "461,31,483,1,6401"
11-20 22:22:46.746   606   806 E BufferQueueProducer: [] mConsumerName == NULL!!!!!!
11-20 22:22:46.763  8135  8135 I wangchen: SysInfo.getSysParam: orientation=1||config d=3.0,w=1080,h=2340||metrics d=3.0,w=1080,h=2340||sdk=27,bar_h=90
11-20 22:22:46.763  8135  8135 I KeymapLoader: w=1080 h=2340 ori=true appScale=3.3 s1=3.0
11-20 22:22:46.772  1057  1402 I chatty  : uid=1000(system) android.anim expire 8 lines
11-20 22:22:46.801 21236 21236 D ActivityThread: Remove activity client record, r= ActivityRecord{798af63 token=android.os.BinderProxy@b6f818 {com.netease.play/com.netease.play.webview.WebviewActivity}} token= android.os.BinderProxy@b6f818
11-20 22:22:46.816  1794 31864 E HsmCoreServiceImpl: onTransact in code is: 103
11-20 22:22:46.816  1794 31864 I MediaProcessHandler: playingUids: 
11-20 22:22:46.823  1057  1191 I chatty  : uid=1000(system) ActivityManager expire 6 lines
11-20 22:22:46.823 21236 21550 I chatty  : uid=10168(com.netease.play) Chrome_ProcessL expire 2 lines
11-20 22:22:46.825  1806  2620 I chatty  : uid=1000(system) GameSdkManagerT expire 6 lines
11-20 22:22:46.826  1794  1854 E HsmCoreServiceImpl: onTransact in code is: 102
11-20 22:22:46.826  1794  1854 I MediaProcessHandler: processOp opType: 1, uid: 10168, pid: 32154
11-20 22:22:46.826  1794  1854 W MediaProcessHandler: remove target not exist, maybe the UI process: uid: 10168, pid: 32154
11-20 22:22:46.826  1794  1854 I MediaProcessHandler: executedCallBack opType: 1 mMediaStatusObservers.size=0
11-20 22:22:46.834  1057  1195 I chatty  : uid=1000(system) batterystats-wo expire 1 line
11-20 22:22:46.990  1601  1601 I chatty  : uid=10032(com.huawei.HwMultiScreenShot) com.android.systemui expire 80 lines
11-20 22:22:47.153   601   601 E WifiHAL : enter wifi_get_link_stats
11-20 22:22:47.166   646   646 E wificond: Failed to get NL80211_RATE_INFO_NOISE
11-20 22:22:47.166   646   646 E wificond: Failed to get NL80211_RATE_INFO_SNR
11-20 22:22:47.166   646   646 E wificond: Failed to get NL80211_STA_INFO_CNAHLOAD
11-20 22:22:47.326   580  1294 I audio_hw_primary: usb_ext_get_parameters: check show hires (false)
11-20 22:22:47.326   629 12259 I hash_map_utils: key: 'typec_need_show_hires' value: ''
11-20 22:22:48.022   610   610 I aptouch_daemon: filter_touch_detect, down, in: 1, out: 1
11-20 22:22:48.096   610   610 I aptouch_daemon: filter_touch_detect, all_touch_up
11-20 22:22:48.121  8135  8135 I wangchen: SysInfo.getSysParam: orientation=1||config d=3.0,w=1080,h=2340||metrics d=3.0,w=1080,h=2340||sdk=27,bar_h=90
11-20 22:22:48.121  8135  8135 I KeymapLoader: w=1080 h=2340 ori=true appScale=3.3 s1=3.0
11-20 22:22:48.469  8135  8135 I wangchen: SysInfo.getSysParam: orientation=1||config d=3.0,w=1080,h=2340||metrics d=3.0,w=1080,h=2340||sdk=27,bar_h=90
11-20 22:22:48.469  8135  8135 I KeymapLoader: w=1080 h=2340 ori=true appScale=3.3 s1=3.0
11-20 22:22:50.174   601   601 E WifiHAL : enter wifi_get_link_stats
11-20 22:22:50.185   646   646 E wificond: Failed to get NL80211_RATE_INFO_NOISE
11-20 22:22:50.185   646   646 E wificond: Failed to get NL80211_RATE_INFO_SNR
11-20 22:22:50.185   646   646 E wificond: Failed to get NL80211_STA_INFO_CNAHLOAD
11-20 22:22:50.715   646   646 E wificond: Failed to get NL80211_RATE_INFO_NOISE
11-20 22:22:50.716   646   646 E wificond: Failed to get NL80211_RATE_INFO_SNR
11-20 22:22:50.716   646   646 E wificond: Failed to get NL80211_STA_INFO_CNAHLOAD
11-20 22:22:50.718   646   646 E wificond: Failed to get NL80211_RATE_INFO_NOISE
11-20 22:22:50.718   646   646 E wificond: Failed to get NL80211_RATE_INFO_SNR
11-20 22:22:50.718   646   646 E wificond: Failed to get NL80211_STA_INFO_CNAHLOAD
11-20 22:22:51.875 21236 21376 I chatty  : uid=10168(com.netease.play) upload_timer expire 10 lines
11-20 22:22:51.889   536 32234 W libc    : Set property "hw.wifi.dns_stat" to "462,31,483,1,6402"
11-20 22:22:53.129 14536 14536 I adbd    : USB disconnect
11-20 22:22:53.130 14536 14536 I adbd    : Calling send_auth_request...
11-20 22:22:53.194   601   601 E WifiHAL : enter wifi_get_link_stats
11-20 22:22:53.202   646   646 E wificond: Failed to get NL80211_RATE_INFO_NOISE
11-20 22:22:53.202   646   646 E wificond: Failed to get NL80211_RATE_INFO_SNR
11-20 22:22:53.202   646   646 E wificond: Failed to get NL80211_STA_INFO_CNAHLOAD
11-20 22:22:53.274 14536 14536 I adbd    : Loading keys from /data/misc/adb/adb_keys
11-20 22:22:53.285 14536 14536 E adbd    : Invalid base64 key  in /data/misc/adb/adb_keys
11-20 22:22:53.285 14536 14536 I adbd    : Calling send_auth_request...
11-20 22:22:53.327  1601  1601 V ActivityThread: systemui config :null mConfiguration:{1.0 ?mcc?mnc [zh_CN_#Hans] ldltr sw360dp w360dp h750dp 480dpi nrml long hdr port finger -keyb/v/h -nav/h appBounds=Rect(0, 0 - 1080, 2340) nonFullScreen=0 suim:1 s.339} compat:null called by android.app.ActivityThread.handleLaunchActivity:3418 
11-20 22:22:53.327  1601  1601 V ActivityThread: systemui pendingconfig:{1.0 ?mcc?mnc [zh_CN_#Hans] ldltr sw360dp w360dp h750dp 480dpi nrml long hdr port finger -keyb/v/h -nav/h appBounds=Rect(0, 0 - 1080, 2340) nonFullScreen=0 suim:1 s.339}
11-20 22:22:53.328  1601  1601 V ActivityThread: Skipping new config:{1.0 ?mcc?mnc [zh_CN_#Hans] ldltr sw360dp w360dp h750dp 480dpi nrml long hdr port finger -keyb/v/h -nav/h appBounds=Rect(0, 0 - 1080, 2340) nonFullScreen=0 suim:1 s.339}, config:{1.0 ?mcc?mnc [zh_CN_#Hans] ldltr sw360dp w360dp h750dp 480dpi nrml long hdr port finger -keyb/v/h -nav/h appBounds=Rect(0, 0 - 1080, 2340) nonFullScreen=0 suim:1 s.339} for app:com.android.systemui
11-20 22:22:53.329  1806  1935 I chatty  : uid=1000(system) core expire 10 lines
11-20 22:22:53.331  1057  1527 I chatty  : uid=1000(system) EmcomThread expire 28 lines
11-20 22:22:53.334  1766 25008 I OPCollectLog: Action:HwForegroundAppAction executed successfully
11-20 22:22:53.335  1601  1601 V ActivityThread: callActivityOnCreate
11-20 22:22:53.335  1779 13085 D HwNaturalBase: [Binder:1779_F]: 1766:1000 requesting insert RawFgAPPEvent.
11-20 22:22:53.338  1766  2018 I OPCollectLog: OdmfHelper:insert dsCollectEncrypt success 
11-20 22:22:53.341  2880  3310 I HwRecSys_OdmfCollectScheduler: handleMessage msg: 6
11-20 22:22:53.341  2880  3310 I HwRecSys_HwRecSysService:  cur pkg: com.android.systemui
11-20 22:22:53.342  1601  1601 D ActivityThread: add activity client record, r= ActivityRecord{7378a50 token=android.os.BinderProxy@5cf1395 {com.android.systemui/com.android.systemui.usb.HwUsbDebuggingActivity}} token= android.os.BinderProxy@5cf1395
11-20 22:22:53.347  1057  2347 I chatty  : uid=1000(system) Binder:1057_E expire 27 lines
11-20 22:22:53.347  1057  1203 I chatty  : uid=1000(system) HwGameAssistant expire 4 lines
11-20 22:22:53.347  1057  1186 I chatty  : uid=1000(system) HwActivityManag expire 4 lines
11-20 22:22:53.352  1057  1633 I chatty  : uid=1000(system) Binder:1057_5 expire 30 lines
11-20 22:22:53.358   606   794 E BufferQueueProducer: [] mConsumerName == NULL!!!!!!
11-20 22:22:53.375  1057  1402 I chatty  : uid=1000(system) android.anim expire 12 lines
11-20 22:22:53.384  1057  1202 I chatty  : uid=1000(system) android.display expire 2 lines
11-20 22:22:53.432  1794 31864 E HsmCoreServiceImpl: onTransact in code is: 103
11-20 22:22:53.432  1794 31864 I MediaProcessHandler: playingUids: 
11-20 22:22:53.832  1057  1057 I chatty  : uid=1000 system_server expire 10 lines
11-20 22:22:55.015  1057  1057 I chatty  : uid=1000 system_server expire 48 lines
11-20 22:22:56.133   610   610 I aptouch_daemon: filter_touch_detect, down, in: 1, out: 1
11-20 22:22:56.134  1057  1460 I chatty  : uid=1000(system) InputReader expire 12 lines
11-20 22:22:56.207   610   610 I aptouch_daemon: filter_touch_detect, all_touch_up
11-20 22:22:56.211   601   601 E WifiHAL : enter wifi_get_link_stats
11-20 22:22:56.222   646   646 E wificond: Failed to get NL80211_RATE_INFO_NOISE
11-20 22:22:56.222   646   646 E wificond: Failed to get NL80211_RATE_INFO_SNR
11-20 22:22:56.222   646   646 E wificond: Failed to get NL80211_STA_INFO_CNAHLOAD
11-20 22:22:57.032   610   610 I aptouch_daemon: filter_touch_detect, down, in: 1, out: 1
11-20 22:22:57.098   610   610 I aptouch_daemon: filter_touch_detect, all_touch_up
11-20 22:22:57.104 14536 14536 I adbd    : adb client authorized
11-20 22:22:57.131  1601  1601 I chatty  : uid=10032(com.huawei.HwMultiScreenShot) com.android.systemui expire 86 lines
11-20 22:22:57.173  1766 25008 I OPCollectLog: Action:HwForegroundAppAction executed successfully
11-20 22:22:57.176  1779 13085 D HwNaturalBase: [Binder:1779_F]: 1766:1000 requesting insert RawFgAPPEvent.
11-20 22:22:57.181  1766  2018 I OPCollectLog: OdmfHelper:insert dsCollectEncrypt success 
11-20 22:22:57.184  2880  3310 I HwRecSys_OdmfCollectScheduler: handleMessage msg: 6
11-20 22:22:57.185  2880  3310 I HwRecSys_HwRecSysService:  cur pkg: com.netease.play
11-20 22:22:57.247 21236 28356 I chatty  : uid=10168(com.netease.play) expire 37 lines
11-20 22:22:57.248 21236 28362 I chatty  : uid=10168(com.netease.play) expire 70 lines
11-20 22:22:57.254   536 32239 W libc    : Set property "hw.wifi.dns_stat" to "463,32,483,1,6402"
11-20 22:22:57.299  1601  1601 D ActivityThread: Remove activity client record, r= ActivityRecord{7378a50 token=android.os.BinderProxy@5cf1395 {com.android.systemui/com.android.systemui.usb.HwUsbDebuggingActivity}} token= android.os.BinderProxy@5cf1395
11-20 22:22:57.309  1794 31864 E HsmCoreServiceImpl: onTransact in code is: 103
11-20 22:22:57.309  1794 31864 I MediaProcessHandler: playingUids: 
11-20 22:22:57.328  1057  1412 I chatty  : uid=1000(system) UEventObserver expire 6 lines
11-20 22:22:57.351  9572  9572 I HwVisionService: [PhoneStateReceiver] battery current is 100 plugIn = true
11-20 22:22:57.351  9572  9572 W ContextImpl: Calling a method in the system process without a qualified user: android.app.ContextImpl.startService:1692 android.content.ContextWrapper.startService:650 com.huawei.vision.server.policy.PhoneState.doPolicyThingStop:103 com.huawei.vision.server.policy.PhoneStateReceiver.startOrStopVisionService:150 com.huawei.vision.server.policy.PhoneStateReceiver.access$200:18 
11-20 22:22:57.352  9572  9572 I HwVisionService: [VisionService] onStartCommand stopClassifyInBackend
11-20 22:22:57.528 21236 21236 I chatty  : uid=10168(com.netease.play) expire 10 lines
11-20 22:22:57.533 21236 21286 I chatty  : uid=10168(com.netease.play) StatisticUtils expire 10 lines
11-20 22:22:58.367   645   645 E Thermal-daemon: [charger_ic] temp_new :29  temp_old :28
11-20 22:22:58.369   645   645 E Thermal-daemon: Report temperature: [charger_ic] temp :29  report_threshold:1
11-20 22:22:58.729   646   646 E wificond: Failed to get NL80211_RATE_INFO_NOISE
11-20 22:22:58.730   646   646 E wificond: Failed to get NL80211_RATE_INFO_SNR
11-20 22:22:58.730   646   646 E wificond: Failed to get NL80211_STA_INFO_CNAHLOAD
11-20 22:22:58.730  1057  1474 I chatty  : uid=1000(system) WifiStateMachin expire 18 lines
11-20 22:22:58.732   646   646 E wificond: Failed to get NL80211_RATE_INFO_NOISE
11-20 22:22:58.732   646   646 E wificond: Failed to get NL80211_RATE_INFO_SNR
11-20 22:22:58.732   646   646 E wificond: Failed to get NL80211_STA_INFO_CNAHLOAD
11-20 22:22:58.735  1057  1539 I chatty  : uid=1000(system) wifipro_uid_tcp expire 13 lines
11-20 22:22:58.739  1057  1543 I chatty  : uid=1000(system) WifiProStateMac expire 6 lines
11-20 22:22:58.796  1163  1170 I OAM     : [check_file_size:505]/data/log/wifi/wifi_log_1 log file beyond size=10240Byte, creat new file
11-20 22:22:58.796  1163  1170 I OAM     : [rename_old_file:210]rename_old_file
11-20 22:22:58.796  1163  1170 I OAM     : 
11-20 22:22:59.227   601   601 E WifiHAL : enter wifi_get_link_stats
11-20 22:22:59.229   646   646 E wificond: Failed to get NL80211_RATE_INFO_NOISE
11-20 22:22:59.230   646   646 E wificond: Failed to get NL80211_RATE_INFO_SNR
11-20 22:22:59.230   646   646 E wificond: Failed to get NL80211_STA_INFO_CNAHLOAD
11-20 22:23:00.043  1601  1919 I chatty  : uid=10032(com.huawei.HwMultiScreenShot) KG_Background_H expire 3 lines
11-20 22:23:00.060  1842  1842 I HwLauncher: Model  onReceive intent=Intent { act=android.intent.action.TIME_TICK flg=0x50200014 hwFlg=0x900 (has extras) }
11-20 22:23:00.060  1842  1842 I HwLauncher: Model  onReceive user=UserHandle{0}
11-20 22:23:00.185  1057  6646 I chatty  : uid=1000(system) Binder:1057_18 expire 17 lines
11-20 22:23:00.243  1057  1190 I chatty  : uid=1000(system) android.ui expire 1 line
11-20 22:23:01.805   536   550 D         : Received kernel message payload: chr_event 9
11-20 22:23:01.805   536   550 I         : netd received web stat infomation,trigger chr report!
11-20 22:23:01.805   536   550 I         : netd received web stat infomation,trigger chr report!
11-20 22:23:01.806   536   550 I         : ReportType 0 0 0 0 0 0 0 0 0 0 0 0 0 0 0 0 0 0 0 0 0 0 0 0 0 0 0 0 0 0 0 0 0 0 0 0 0 0 0 0 0 0 0 0 0 0 0 0 0 0 0 0 0 0 0 0 0 0 0 0 0 0 0 0 0 0 0 0 0 0 0 0 0 0 0 0 0 0 0 0 0 0 0 0 0 0 0 0 0 0 0 0 0 0 0 0 0 0 0 0 0 0 0 0 0 0 0 0 0 0 0 0 0 0 0 0 0 0 0 0 0 0 0 0 0 0 0 0 0 0 0 0 0 0 0 0 0 0 0 0 0 0 0 0 0 0 0 0 0 0 0 0 0 0 0 0 0 0 0 0 0 0 0 0 0 0 0 0 0 0 0 0 0 0 0 0 0 0 0 0 0 0 0 0 0 0 0 0 0 0 0 0 0 0 0 0 0 0 0 0 0 0 0 0 0 0 0 0 0 0 0 0 0 0 0 0 0 0 0 0 0 0 0 0 0 0 0 0 0 ReportType 0 65 24 1 0 0 1 6 1 0 0 0 0 0 6 0 0 0 0 1 0 0 52 0 0 0 0 0 2 0 0 0 0 0 0 0 2 0 0 0 0 0 0 0 0 0 0 0 0 0 0 0 0 0 0 0 0 0 0 0 0 0 0 0 0 0 0 0 0 0 0 0 0 0 0 0 0 0 0 0 0 0 0 0 0 0 0 0 0 0 0 0 0 0 0 0 0 0 0 0 0 0 0 0 0 0 0 0 0 0 0 0 0 0 0 0 0 0 0 0 0 0 0 0 0 0 0 0 0 0 0 0 0 0 0 0 0 0 0 0 0 0 0 0 0 0 0 0 0 0 0 0 0 0 0 0 0 0 0 0 0 0 0 0 0 0 0 0 0 0 0 0 0 0 0 0 0 0 0 0 0 0 0 0 0 0 0 0 0 0 0 0 0 0 0 0 0 0 0 0 0 0 0 0 0 0 0 0 0 0 0 0 39 2 2 24 24 24 0 0 0 0 0 0 0 0 4 4 1
11-20 22:23:01.806   536   550 W SocketListener: sending broadcast to Pid = 1057, Uid = 1000 
11-20 22:23:01.811  1057  1468 I chatty  : uid=1000(system) NetdConnector expire 2 lines
11-20 22:23:01.819  1057  1200 I chatty  : uid=1000(system) android.fg expire 3 lines
11-20 22:23:01.833  1057  1200 I chatty  : uid=1000(system) android.fg expire 6 lines
11-20 22:23:02.238   601   601 E WifiHAL : enter wifi_get_link_stats
11-20 22:23:02.248   646   646 E wificond: Failed to get NL80211_RATE_INFO_NOISE
11-20 22:23:02.248   646   646 E wificond: Failed to get NL80211_RATE_INFO_SNR
11-20 22:23:02.248   646   646 E wificond: Failed to get NL80211_STA_INFO_CNAHLOAD
11-20 22:23:04.034  1601  1601 W ResourceType: No package identifier when getting value for resource number 0x00000000
11-20 22:23:04.034  1601  1601 E HwNotchUtils: setIconForView iconId is not found
11-20 22:23:04.034  1601  1601 I Tile.WifiTile: setWifiIndicators  CallbackInfo = CallbackInfo[enabled=true,connected=true,wifiSignalIconId=2130838423,enabledDesc="NetEase-5G",activityIn=false,activityOut=false,wifiSignalContentDescription=WLAN ]
11-20 22:23:05.257   601   601 E WifiHAL : enter wifi_get_link_stats
11-20 22:23:05.267   646   646 E wificond: Failed to get NL80211_RATE_INFO_NOISE
11-20 22:23:05.267   646   646 E wificond: Failed to get NL80211_RATE_INFO_SNR
11-20 22:23:05.267   646   646 E wificond: Failed to get NL80211_STA_INFO_CNAHLOAD
11-20 22:23:05.860  1057  1057 I chatty  : uid=1000 system_server expire 61 lines
11-20 22:23:05.972  1057  1696 I chatty  : uid=1000(system) watchdog expire 1 line
11-20 22:23:05.996  1601  1601 I NetworkSpeedManagerEx: mIsStop = false
11-20 22:23:05.996  1601  1875 I NetworkSpeedManagerEx:  runInThread getTetherStats
11-20 22:23:05.999  1601  1601 I NetworkSpeedManagerEx:  runInUI refreshSpeed
11-20 22:23:06.000  1601  1601 I NetworkSpeedManagerEx: value=0.0speed = 0
11-20 22:23:06.000  1601  1601 I NetworkSpeedManagerEx: K/smIsShowLastSpeedValuefalse
11-20 22:23:06.000  1601  1601 I NetworkSpeedView: /update(), speed=0
11-20 22:23:06.000  1601  1601 I NetworkSpeedView: K/s parent class:class com.android.systemui.statusbar.HwSystemIcons
11-20 22:23:06.002  1601  1601 I NetworkSpeedView: /update(), speed=0
11-20 22:23:06.002  1601  1601 I NetworkSpeedView: K/s parent class:class com.android.systemui.statusbar.HwSystemIcons
11-20 22:23:06.737   646   646 E wificond: Failed to get NL80211_RATE_INFO_NOISE
11-20 22:23:06.737   646   646 E wificond: Failed to get NL80211_RATE_INFO_SNR
11-20 22:23:06.737   646   646 E wificond: Failed to get NL80211_STA_INFO_CNAHLOAD
11-20 22:23:06.739  1057  1476 I chatty  : uid=1000(system) HwWifiCHRStateM expire 14 lines
11-20 22:23:06.740   646   646 E wificond: Failed to get NL80211_RATE_INFO_NOISE
11-20 22:23:06.740   646   646 E wificond: Failed to get NL80211_RATE_INFO_SNR
11-20 22:23:06.740   646   646 E wificond: Failed to get NL80211_STA_INFO_CNAHLOAD
11-20 22:23:06.753 14536 14536 I adbd    : USB disconnect
11-20 22:23:06.755 14536 14536 I adbd    : Calling send_auth_request...
11-20 22:23:06.874 14536 14536 I adbd    : Loading keys from /data/misc/adb/adb_keys
11-20 22:23:06.889 14536 14536 I adbd    : adb client authorized
11-20 22:23:08.273   601   601 E WifiHAL : enter wifi_get_link_stats
11-20 22:23:08.283   646   646 E wificond: Failed to get NL80211_RATE_INFO_NOISE
11-20 22:23:08.283   646   646 E wificond: Failed to get NL80211_RATE_INFO_SNR
11-20 22:23:08.283   646   646 E wificond: Failed to get NL80211_STA_INFO_CNAHLOAD
11-20 22:23:08.998  1601  1601 I NetworkSpeedManagerEx: mIsStop = false
11-20 22:23:08.998  1601  1875 I NetworkSpeedManagerEx:  runInThread getTetherStats
11-20 22:23:09.000  1601  1601 I NetworkSpeedManagerEx:  runInUI refreshSpeed
11-20 22:23:09.001  1601  1601 I NetworkSpeedManagerEx: value=0.0speed = 0
11-20 22:23:09.001  1601  1601 I NetworkSpeedManagerEx: K/smIsShowLastSpeedValuefalse
11-20 22:23:09.001  1601  1601 I NetworkSpeedView: /update(), speed=0
11-20 22:23:09.001  1601  1601 I NetworkSpeedView: K/s parent class:class com.android.systemui.statusbar.HwSystemIcons
11-20 22:23:09.002  1601  1601 I NetworkSpeedView: /update(), speed=0
11-20 22:23:09.002  1601  1601 I NetworkSpeedView: K/s parent class:class com.android.systemui.statusbar.HwSystemIcons
11-20 22:23:09.832  1057  1534 I chatty  : uid=1000(system) WiFiArpStateMac expire 10 lines
11-20 22:23:11.213 14536 14536 I adbd    : Calling send_auth_request...
11-20 22:23:11.247 21267 21317 I chatty  : uid=10168(com.netease.play) pool-6-thread-1 expire 12 lines
11-20 22:23:11.291   601   601 E WifiHAL : enter wifi_get_link_stats
11-20 22:23:11.301   646   646 E wificond: Failed to get NL80211_RATE_INFO_NOISE
11-20 22:23:11.301   646   646 E wificond: Failed to get NL80211_RATE_INFO_SNR
11-20 22:23:11.301   646   646 E wificond: Failed to get NL80211_STA_INFO_CNAHLOAD
11-20 22:23:11.302  1057  1474 I chatty  : uid=1000(system) WifiStateMachin expire 13 lines
11-20 22:23:11.335 14536 14536 I adbd    : Loading keys from /data/misc/adb/adb_keys
11-20 22:23:11.340 14536 14536 I adbd    : adb client authorized
11-20 22:23:11.898 32248 32248 I appproc : CLASSPATH=/system/framework/wm.jar
11-20 22:23:11.898 32248 32248 I appproc : Command=app_process /system/bin com.android.commands.wm.Wm size 
11-20 22:23:11.898 32248 32248 D AndroidRuntime: >>>>>> START com.android.internal.os.RuntimeInit uid 2000 <<<<<<
11-20 22:23:11.901 32248 32248 I AndroidRuntime: readDownloadBoosterConfig: 'false'
11-20 22:23:11.901 32248 32248 I cutils-trace: atrace_init_once, trace_marker_path = /sys/kernel/debug/tracing/trace_marker
11-20 22:23:11.984 32248 32248 I app_process: Reinit property: dalvik.vm.checkjni= false
11-20 22:23:11.988 32248 32248 V HwFrameworkFactory: : successes to get AllImpl object and return....
11-20 22:23:11.995 32248 32248 I HWSERVICES: hwnative_get_component_register:libdrmbitmap,JNI
11-20 22:23:11.999  1601  1601 I NetworkSpeedManagerEx: mIsStop = false
11-20 22:23:12.000  1601  1875 I NetworkSpeedManagerEx:  runInThread getTetherStats
11-20 22:23:12.001  1601  1601 I NetworkSpeedManagerEx:  runInUI refreshSpeed
11-20 22:23:12.003  1601  1601 I NetworkSpeedManagerEx: value=0.0speed = 0
11-20 22:23:12.003  1601  1601 I NetworkSpeedManagerEx: K/smIsShowLastSpeedValuefalse
11-20 22:23:12.003  1601  1601 I NetworkSpeedView: /update(), speed=0
11-20 22:23:12.003  1601  1601 I NetworkSpeedView: K/s parent class:class com.android.systemui.statusbar.HwSystemIcons
11-20 22:23:12.004  1601  1601 I NetworkSpeedView: /update(), speed=0
11-20 22:23:12.004  1601  1601 I NetworkSpeedView: K/s parent class:class com.android.systemui.statusbar.HwSystemIcons
11-20 22:23:12.010 32248 32248 E Zygote  : register_com_android_internal_os_Zygote num = 0
11-20 22:23:12.019 32248 32248 D AndroidRuntime: Calling main entry com.android.commands.wm.Wm
11-20 22:23:12.021 32248 32248 D AndroidRuntime: Shutting down VM
11-20 22:23:13.181 32270 32270 I appproc : CLASSPATH=/system/framework/monkey.jar
11-20 22:23:13.181 32270 32270 I appproc : Command=app_process /system/bin com.android.commands.monkey.Monkey -p com.netease.play --throttle 500 --ignore-timeouts --ignore-crashes --monitor-native-crashes -v -v -v 500 
11-20 22:23:13.181 32270 32270 D AndroidRuntime: >>>>>> START com.android.internal.os.RuntimeInit uid 2000 <<<<<<
11-20 22:23:13.183 32270 32270 I AndroidRuntime: readDownloadBoosterConfig: 'false'
11-20 22:23:13.183 32270 32270 I cutils-trace: atrace_init_once, trace_marker_path = /sys/kernel/debug/tracing/trace_marker
11-20 22:23:13.268 32270 32270 I app_process: Reinit property: dalvik.vm.checkjni= false
11-20 22:23:13.275 32270 32270 V HwFrameworkFactory: : successes to get AllImpl object and return....
11-20 22:23:13.281 32270 32270 I HWSERVICES: hwnative_get_component_register:libdrmbitmap,JNI
11-20 22:23:13.295 32270 32270 E Zygote  : register_com_android_internal_os_Zygote num = 0
11-20 22:23:13.303 32270 32270 D AndroidRuntime: Calling main entry com.android.commands.monkey.Monkey
11-20 22:23:13.306 32270 32270 W Monkey  : args: [-p, com.netease.play, --throttle, 500, --ignore-timeouts, --ignore-crashes, --monitor-native-crashes, -v, -v, -v, 500]
11-20 22:23:13.306 32270 32270 W Monkey  :  arg: "-p"
11-20 22:23:13.306 32270 32270 W Monkey  :  arg: "com.netease.play"
11-20 22:23:13.306 32270 32270 W Monkey  :  arg: "--throttle"
11-20 22:23:13.306 32270 32270 W Monkey  :  arg: "500"
11-20 22:23:13.306 32270 32270 W Monkey  :  arg: "--ignore-timeouts"
11-20 22:23:13.306 32270 32270 W Monkey  :  arg: "--ignore-crashes"
11-20 22:23:13.307 32270 32270 W Monkey  :  arg: "--monitor-native-crashes"
11-20 22:23:13.307 32270 32270 W Monkey  :  arg: "-v"
11-20 22:23:13.307 32270 32270 I chatty  : uid=2000(shell) com.android.commands.monkey identical 196 lines
11-20 22:23:13.334  1057  2347 I chatty  : uid=1000(system) Binder:1057_E expire 11 lines
11-20 22:23:13.335  1057  1189 I chatty  : uid=1000(system) ActivityManager expire 1 line
11-20 22:23:13.355  1057  1402 I chatty  : uid=1000(system) android.anim expire 10 lines
11-20 22:23:13.356   648   716 I Pged-IPgedBinderService: ****action is 1, pid num is 5***
11-20 22:23:13.356   648   716 I Pged-Freezer: freezePids
11-20 22:23:13.356   648   716 I Pged-Freezer: Freeze process: 26078
11-20 22:23:13.356   648   716 I Pged-Freezer: Freeze process: 29739
11-20 22:23:13.357   648   716 I Pged-Freezer: Freeze process: 29657
11-20 22:23:13.357   648   716 I Pged-Freezer: Freeze process: 29682
11-20 22:23:13.371   648   707 E         : iawared check failed: uid is 0, the original uid is:99193
11-20 22:23:14.215   597 25802 E PF_HM   : [checkHandleType:478] invalid handle: 10797
11-20 22:23:14.215   597 25802 E PF_CM   : [perfRelease:2486] perfRelease Invalid handle: 10797
11-20 22:23:14.308   601   601 E WifiHAL : enter wifi_get_link_stats
11-20 22:23:14.318   646   646 E wificond: Failed to get NL80211_RATE_INFO_NOISE
11-20 22:23:14.319   646   646 E wificond: Failed to get NL80211_RATE_INFO_SNR
11-20 22:23:14.319   646   646 E wificond: Failed to get NL80211_STA_INFO_CNAHLOAD
11-20 22:23:14.425  1057  6646 I chatty  : uid=1000(system) Binder:1057_18 expire 42 lines
11-20 22:23:14.428  1057  1459 I chatty  : uid=1000(system) InputDispatcher expire 64 lines
11-20 22:23:14.429  1057  1459 I chatty  : uid=1000(system) InputDispatcher expire 34 lines
11-20 22:23:14.431 21236 21236 I chatty  : uid=10168(com.netease.play) expire 95 lines
11-20 22:23:14.433  8135  8135 D KeyEvent: obtain, mHwFlags=-762756503
11-20 22:23:14.446  8135  8135 D KeyEvent: obtain, mHwFlags=-762756503
11-20 22:23:14.466  8135  8135 I wangchen: SysInfo.getSysParam: orientation=1||config d=3.0,w=1080,h=2340||metrics d=3.0,w=1080,h=2340||sdk=27,bar_h=90
11-20 22:23:14.466  8135  8135 I KeymapLoader: w=1080 h=2340 ori=true appScale=3.3 s1=3.0
11-20 22:23:14.737   646   646 E wificond: Failed to get NL80211_RATE_INFO_NOISE
11-20 22:23:14.737   646   646 E wificond: Failed to get NL80211_RATE_INFO_SNR
11-20 22:23:14.737   646   646 E wificond: Failed to get NL80211_STA_INFO_CNAHLOAD
11-20 22:23:14.739   646   646 E wificond: Failed to get NL80211_RATE_INFO_NOISE
11-20 22:23:14.739   646   646 E wificond: Failed to get NL80211_RATE_INFO_SNR
11-20 22:23:14.739   646   646 E wificond: Failed to get NL80211_STA_INFO_CNAHLOAD
11-20 22:23:14.861   648   716 I Pged-IPgedBinderService: ****action is 2, pid num is 5***
11-20 22:23:14.861   648   716 I Pged-Freezer: thawPids
11-20 22:23:14.953  8135  8135 D KeyEvent: obtain, mHwFlags=-762756503
11-20 22:23:14.965  8135  8135 D KeyEvent: obtain, mHwFlags=-762756503
11-20 22:23:14.977  8135  8135 I wangchen: SysInfo.getSysParam: orientation=1||config d=3.0,w=1080,h=2340||metrics d=3.0,w=1080,h=2340||sdk=27,bar_h=90
11-20 22:23:14.977  8135  8135 I KeymapLoader: w=1080 h=2340 ori=true appScale=3.3 s1=3.0
11-20 22:23:15.000  1601  1601 I NetworkSpeedManagerEx: mIsStop = false
11-20 22:23:15.000  1601  1875 I NetworkSpeedManagerEx:  runInThread getTetherStats
11-20 22:23:15.001  1601  1601 I NetworkSpeedManagerEx:  runInUI refreshSpeed
11-20 22:23:15.002  1601  1601 I NetworkSpeedManagerEx: value=0.0speed = 0
11-20 22:23:15.002  1601  1601 I NetworkSpeedManagerEx: K/smIsShowLastSpeedValuefalse
11-20 22:23:15.002  1601  1601 I NetworkSpeedView: /update(), speed=0
11-20 22:23:15.002  1601  1601 I NetworkSpeedView: K/s parent class:class com.android.systemui.statusbar.HwSystemIcons
11-20 22:23:15.003  1601  1601 I NetworkSpeedView: /update(), speed=0
11-20 22:23:15.003  1601  1601 I NetworkSpeedView: K/s parent class:class com.android.systemui.statusbar.HwSystemIcons
11-20 22:23:15.391 21236 21286 I chatty  : uid=10168(com.netease.play) StatisticUtils expire 46 lines
11-20 22:23:15.472  8135  8135 D KeyEvent: obtain, mHwFlags=-762756503
11-20 22:23:15.486  8135  8135 D KeyEvent: obtain, mHwFlags=-762756503
11-20 22:23:15.493  8135  8135 I wangchen: SysInfo.getSysParam: orientation=1||config d=3.0,w=1080,h=2340||metrics d=3.0,w=1080,h=2340||sdk=27,bar_h=90
11-20 22:23:15.494  8135  8135 I KeymapLoader: w=1080 h=2340 ori=true appScale=3.3 s1=3.0
11-20 22:23:16.001  8135  8135 D KeyEvent: obtain, mHwFlags=-762756503
11-20 22:23:16.001  8135  8135 D KeyEvent: obtain, mHwFlags=-762756503
11-20 22:23:16.003  8135  8135 I chatty  : uid=10055(com.baidu.input_huawei) identical 32 lines
11-20 22:23:16.003  8135  8135 D KeyEvent: obtain, mHwFlags=-762756503
11-20 22:23:16.016  8135  8135 D KeyEvent: obtain, mHwFlags=-762756503
11-20 22:23:16.018  8135  8135 D KeyEvent: obtain, mHwFlags=-762756503
11-20 22:23:16.047 32270 32279 I chatty  : uid=2000(shell) com.android.commands.monkey expire 1 line
11-20 22:23:16.060   648   716 I Pged-IPgedBinderService: ****action is 1, pid num is 5***
11-20 22:23:16.060   648   716 I Pged-Freezer: freezePids
11-20 22:23:16.060   648   716 I Pged-Freezer: Freeze process: 26078
11-20 22:23:16.060   648   716 I Pged-Freezer: Freeze process: 29739
11-20 22:23:16.061   648   716 I Pged-Freezer: Freeze process: 29657
11-20 22:23:16.061   648   716 I Pged-Freezer: Freeze process: 29682
11-20 22:23:16.073   648   707 E         : iawared check failed: uid is 0, the original uid is:99193
11-20 22:23:16.073  8135  8135 I wangchen: SysInfo.getSysParam: orientation=1||config d=3.0,w=1080,h=2340||metrics d=3.0,w=1080,h=2340||sdk=27,bar_h=90
11-20 22:23:16.073  8135  8135 I KeymapLoader: w=1080 h=2340 ori=true appScale=3.3 s1=3.0
11-20 22:23:16.117 21236 21236 V ActivityThread: Skipping new config:{1.0 ?mcc?mnc [zh_CN_#Hans] ldltr sw360dp w360dp h750dp 480dpi nrml long hdr port finger -keyb/v/h -nav/h appBounds=Rect(0, 0 - 1080, 2340) nonFullScreen=0 suim:1 s.339}, config:{1.0 ?mcc?mnc [zh_CN_#Hans] ldltr sw360dp w360dp h750dp 480dpi nrml long hdr port finger -keyb/v/h -nav/h appBounds=Rect(0, 0 - 1080, 2340) nonFullScreen=0 suim:1 s.339} for app:com.netease.play
11-20 22:23:16.134 21236 21236 V ActivityThread: callActivityOnCreate
11-20 22:23:16.163 21236 28362 I chatty  : uid=10168(com.netease.play) expire 37 lines
11-20 22:23:16.164 21236 28356 I chatty  : uid=10168(com.netease.play) expire 37 lines
11-20 22:23:16.164 21236 21236 D ActivityThread: add activity client record, r= ActivityRecord{21c41ee token=android.os.BinderProxy@20a63c1 {com.netease.play/com.netease.play.officialintro.OfficialShowIntroActivity}} token= android.os.BinderProxy@20a63c1
11-20 22:23:16.174 21236 21345 I chatty  : uid=10168(com.netease.play) RenderThread expire 18 lines
11-20 22:23:16.175  1057  1784 I chatty  : uid=1000(system) Binder:1057_6 expire 31 lines
11-20 22:23:16.177   536 32288 W libc    : Set property "hw.wifi.dns_stat" to "465,34,483,1,6402"
11-20 22:23:16.201  1601  3553 I CommandQueue: updateBarBgColor
11-20 22:23:16.202  1601  3553 D CommandQueue: CommandQueue, setBarBackgroundColor
11-20 22:23:16.202  1601  1601 D TintManager: statusBarIconTint=99ffffff,navigationBarIconTint=99000000
11-20 22:23:16.212  1601  3553 D HwRecentsLockUtils: Search
11-20 22:23:16.213  1794 31864 E HsmCoreServiceImpl: onTransact in code is: 103
11-20 22:23:16.213  1794 31864 I MediaProcessHandler: playingUids: 
11-20 22:23:16.222  1057  1068 I chatty  : uid=1000(system) HeapTaskDaemon expire 1 line
11-20 22:23:16.254  1601  1601 D StatusBarIconController: setIconVisibility icon is null or visibility not change visibility=true
11-20 22:23:16.254  8135  8135 I wangchen: SysInfo.getSysParam: orientation=1||config d=3.0,w=1080,h=2340||metrics d=3.0,w=1080,h=2340||sdk=27,bar_h=90
11-20 22:23:16.254  8135  8135 I KeymapLoader: w=1080 h=2340 ori=true appScale=3.3 s1=3.0
11-20 22:23:16.364 21236 32291 I chatty  : uid=10168(com.netease.play) expire 35 lines
11-20 22:23:16.368   536 32292 D libc    : GetAddrInfoHandler addr: 46.3.33
11-20 22:23:16.517  1057  1784 I chatty  : uid=1000(system) Binder:1057_6 expire 15 lines
11-20 22:23:16.523  8135  8135 D KeyEvent: obtain, mHwFlags=-762756503
11-20 22:23:16.525  1057  1633 I chatty  : uid=1000(system) Binder:1057_5 expire 27 lines
11-20 22:23:16.540  8135  8135 D KeyEvent: obtain, mHwFlags=-762756503
11-20 22:23:16.683  1057  1633 I chatty  : uid=1000(system) Binder:1057_5 expire 13 lines
11-20 22:23:17.061  1601  1601 D StatusBarIconController: setIconVisibility icon is null or visibility not change visibility=false
11-20 22:23:17.062  1601  1601 D StatusBarIconController: setIconVisibility icon is null or visibility not change visibility=false
11-20 22:23:17.062  1601  1601 D StatusBarIconController: setIconVisibility icon is null or visibility not change visibility=false
11-20 22:23:17.063  1601  1601 I Tile.WifiTile: setWifiIndicators  CallbackInfo = CallbackInfo[enabled=true,connected=true,wifiSignalIconId=2130838423,enabledDesc="NetEase-5G",activityIn=true,activityOut=true,wifiSignalContentDescription=WLAN ]
11-20 22:23:17.070  8135  8135 D KeyEvent: obtain, mHwFlags=-762756503
11-20 22:23:17.070  8135  8135 D KeyEvent: obtain, mHwFlags=-762756503
11-20 22:23:17.083  8135  8135 D KeyEvent: obtain, mHwFlags=-762756503
11-20 22:23:17.083  8135  8135 D KeyEvent: obtain, mHwFlags=-762756503
11-20 22:23:17.100  8135  8135 D KeyEvent: obtain, mHwFlags=-762756503
11-20 22:23:17.101  8135  8135 D KeyEvent: obtain, mHwFlags=-762756503
11-20 22:23:17.125  8135  8135 I wangchen: SysInfo.getSysParam: orientation=1||config d=3.0,w=1080,h=2340||metrics d=3.0,w=1080,h=2340||sdk=27,bar_h=90
11-20 22:23:17.126  8135  8135 I KeymapLoader: w=1080 h=2340 ori=true appScale=3.3 s1=3.0
11-20 22:23:17.126  8135  8135 D KeyEvent: obtain, mHwFlags=-762756503
11-20 22:23:17.127  8135  8135 D KeyEvent: obtain, mHwFlags=-762756503
11-20 22:23:17.325   601   601 E WifiHAL : enter wifi_get_link_stats
11-20 22:23:17.335   646   646 E wificond: Failed to get NL80211_RATE_INFO_NOISE
11-20 22:23:17.335   646   646 E wificond: Failed to get NL80211_RATE_INFO_SNR
11-20 22:23:17.335   646   646 E wificond: Failed to get NL80211_STA_INFO_CNAHLOAD
11-20 22:23:17.564   648   716 I Pged-IPgedBinderService: ****action is 2, pid num is 5***
11-20 22:23:17.564   648   716 I Pged-Freezer: thawPids
11-20 22:23:17.622  8135  8135 D KeyEvent: obtain, mHwFlags=-762756503
11-20 22:23:17.636  8135  8135 D KeyEvent: obtain, mHwFlags=-762756503
11-20 22:23:17.645  8135  8135 I wangchen: SysInfo.getSysParam: orientation=1||config d=3.0,w=1080,h=2340||metrics d=3.0,w=1080,h=2340||sdk=27,bar_h=90
11-20 22:23:17.645  8135  8135 I KeymapLoader: w=1080 h=2340 ori=true appScale=3.3 s1=3.0
11-20 22:23:18.000  1601  1601 I NetworkSpeedManagerEx: mIsStop = false
11-20 22:23:18.000  1601  1875 I NetworkSpeedManagerEx:  runInThread getTetherStats
11-20 22:23:18.001  1601  1601 I NetworkSpeedManagerEx:  runInUI refreshSpeed
11-20 22:23:18.003  1601  1601 I NetworkSpeedManagerEx: value=15191.0speed = 14.8
11-20 22:23:18.003  1601  1601 I NetworkSpeedManagerEx: K/smIsShowLastSpeedValuefalse
11-20 22:23:18.003  1601  1601 I NetworkSpeedView: /update(), speed=14.8
11-20 22:23:18.003  1601  1601 I NetworkSpeedView: K/s parent class:class com.android.systemui.statusbar.HwSystemIcons
11-20 22:23:18.004  1601  1601 I NetworkSpeedView: /update(), speed=14.8
11-20 22:23:18.004  1601  1601 I NetworkSpeedView: K/s parent class:class com.android.systemui.statusbar.HwSystemIcons
11-20 22:23:18.063  1601  1601 D StatusBarIconController: setIconVisibility icon is null or visibility not change visibility=false
11-20 22:23:18.063  1601  1601 W ResourceType: No package identifier when getting value for resource number 0x00000000
11-20 22:23:18.064  1601  1601 E HwNotchUtils: setIconForView iconId is not found
11-20 22:23:18.064  1601  1601 D StatusBarIconController: setIconVisibility icon is null or visibility not change visibility=false
11-20 22:23:18.064  1601  1601 W ResourceType: No package identifier when getting value for resource number 0x00000000
11-20 22:23:18.064  1601  1601 E HwNotchUtils: setIconForView iconId is not found
11-20 22:23:18.064  1601  1601 D StatusBarIconController: setIconVisibility icon is null or visibility not change visibility=false
11-20 22:23:18.064  1601  1601 W ResourceType: No package identifier when getting value for resource number 0x00000000
11-20 22:23:18.064  1601  1601 E HwNotchUtils: setIconForView iconId is not found
11-20 22:23:18.064  1601  1601 I Tile.WifiTile: setWifiIndicators  CallbackInfo = CallbackInfo[enabled=true,connected=true,wifiSignalIconId=2130838423,enabledDesc="NetEase-5G",activityIn=false,activityOut=false,wifiSignalContentDescription=WLAN ]
11-20 22:23:18.139  8135  8135 D KeyEvent: obtain, mHwFlags=-762756503
11-20 22:23:18.144  8135  8135 D KeyEvent: obtain, mHwFlags=-762756503
11-20 22:23:18.319 21236 22981 I chatty  : uid=10168(com.netease.play) Binder:21236_6 expire 5 lines
11-20 22:23:18.383   645   645 E Thermal-daemon: [ap] temp_new :32  temp_old :31
11-20 22:23:18.384  1806  1930 I chatty  : uid=1000(system) Binder:1806_3 expire 10 lines
11-20 22:23:18.384   645   645 E Thermal-daemon: Report temperature: [ap] temp :32  report_threshold:1
11-20 22:23:18.653  8135  8135 D KeyEvent: obtain, mHwFlags=-762756503
11-20 22:23:18.660  8135  8135 D KeyEvent: obtain, mHwFlags=-762756503
11-20 22:23:19.175 32270 32270 I Monkey  : :Sending Trackball (ACTION_MOVE): 0:(4.0,-1.0)
11-20 22:23:19.177 32270 32270 E Input   : getAxisValue(): x--1.0-0.0--1.0
11-20 22:23:19.178 32270 32270 I Monkey  : :Sending Trackball (ACTION_MOVE): 0:(-1.0,0.0)
11-20 22:23:19.180 32270 32270 E Input   : getAxisValue(): x--2.0-0.0--2.0
11-20 22:23:19.180 32270 32270 E Input   : getAxisValue(): y--5.0-0.0--5.0
11-20 22:23:19.180  8135  8135 D KeyEvent: obtain, mHwFlags=-762756503
11-20 22:23:19.181 32270 32270 I Monkey  : :Sending Trackball (ACTION_MOVE): 0:(-2.0,-5.0)
11-20 22:23:19.181  8135  8135 D KeyEvent: obtain, mHwFlags=-762756503
11-20 22:23:19.181  8135  8135 D KeyEvent: obtain, mHwFlags=-762756503
11-20 22:23:19.181  8135  8135 D KeyEvent: obtain, mHwFlags=-762756503
11-20 22:23:19.183 32270 32270 I Monkey  : :Sending Trackball (ACTION_MOVE): 0:(2.0,2.0)
11-20 22:23:19.189 32270 32270 I Monkey  : :Sending Touch (ACTION_DOWN): 0:(995.0,2126.0)
11-20 22:23:19.196 32270 32270 I Monkey  : :Sending Touch (ACTION_MOVE): 0:(1000.63586,2133.3147)
11-20 22:23:19.199 32270 32270 I Monkey  : :Sending Touch (ACTION_MOVE): 0:(1012.65436,2134.599)
11-20 22:23:19.202 32270 32270 I Monkey  : :Sending Touch (ACTION_MOVE): 0:(1018.20435,2147.3142)
11-20 22:23:19.205 32270 32270 I Monkey  : :Sending Touch (ACTION_MOVE): 0:(1022.3246,2160.9414)
11-20 22:23:19.207  8135  8135 I wangchen: SysInfo.getSysParam: orientation=1||config d=3.0,w=1080,h=2340||metrics d=3.0,w=1080,h=2340||sdk=27,bar_h=90
11-20 22:23:19.207  8135  8135 I KeymapLoader: w=1080 h=2340 ori=true appScale=3.3 s1=3.0
11-20 22:23:19.208  8135  8135 D KeyEvent: obtain, mHwFlags=-762756503
11-20 22:23:19.210  8135  8135 D KeyEvent: obtain, mHwFlags=-762756503
11-20 22:23:19.212 32270 32270 I Monkey  : :Sending Touch (ACTION_MOVE): 0:(1022.35876,2166.2832)
11-20 22:23:19.215 32270 32270 I Monkey  : :Sending Touch (ACTION_MOVE): 0:(1033.9004,2176.057)
11-20 22:23:19.215  8135  8135 D KeyEvent: obtain, mHwFlags=-762756503
11-20 22:23:19.217 32270 32270 I Monkey  : :Sending Touch (ACTION_MOVE): 0:(1044.9148,2176.2656)
11-20 22:23:19.231 32270 32270 I Monkey  : :Sending Touch (ACTION_UP): 0:(1051.7689,2188.8093)
11-20 22:23:19.236 32270 32270 I Monkey  : Sleeping for 500 milliseconds
11-20 22:23:19.241   648   707 E         : iawared check failed: uid is 0, the original uid is:99193
11-20 22:23:19.249  8135  8135 I wangchen: SysInfo.getSysParam: orientation=1||config d=3.0,w=1080,h=2340||metrics d=3.0,w=1080,h=2340||sdk=27,bar_h=90
11-20 22:23:19.249  8135  8135 I KeymapLoader: w=1080 h=2340 ori=true appScale=3.3 s1=3.0
11-20 22:23:19.737 32270 32270 E Input   : getAxisValue(): y--4.0-0.0--4.0
11-20 22:23:19.737 32270 32270 I Monkey  : :Sending Trackball (ACTION_MOVE): 0:(2.0,-4.0)
11-20 22:23:19.740 32270 32270 E Input   : getAxisValue(): y--1.0-0.0--1.0
11-20 22:23:19.740 32270 32270 I Monkey  : :Sending Trackball (ACTION_MOVE): 0:(1.0,-1.0)
11-20 22:23:19.742 32270 32270 I Monkey  : :Sending Trackball (ACTION_MOVE): 0:(0.0,4.0)
11-20 22:23:19.745 32270 32270 E Input   : getAxisValue(): x--3.0-0.0--3.0
11-20 22:23:19.745 32270 32270 E Input   : getAxisValue(): y--5.0-0.0--5.0
11-20 22:23:19.746 32270 32270 I Monkey  : :Sending Trackball (ACTION_MOVE): 0:(-3.0,-5.0)
11-20 22:23:19.752 32270 32270 E Input   : getAxisValue(): x--2.0-0.0--2.0
11-20 22:23:19.753 32270 32270 I Monkey  : :Sending Trackball (ACTION_MOVE): 0:(-2.0,0.0)
11-20 22:23:19.755  8135  8135 D KeyEvent: obtain, mHwFlags=-762756503
11-20 22:23:19.756 32270 32270 E Input   : getAxisValue(): x--5.0-0.0--5.0
11-20 22:23:19.756  8135  8135 D KeyEvent: obtain, mHwFlags=-762756503
11-20 22:23:19.756  8135  8135 D KeyEvent: obtain, mHwFlags=-762756503
11-20 22:23:19.756  8135  8135 D KeyEvent: obtain, mHwFlags=-762756503
11-20 22:23:19.757 32270 32270 I Monkey  : :Sending Trackball (ACTION_MOVE): 0:(-5.0,2.0)
11-20 22:23:19.760 32270 32270 I Monkey  : :Sending Trackball (ACTION_MOVE): 0:(4.0,2.0)
11-20 22:23:19.769 32270 32270 E Input   : getAxisValue(): x--2.0-0.0--2.0
11-20 22:23:19.770 32270 32270 E Input   : getAxisValue(): y--2.0-0.0--2.0
11-20 22:23:19.771 32270 32270 I Monkey  : :Sending Trackball (ACTION_MOVE): 0:(-2.0,-2.0)
11-20 22:23:19.774 32270 32270 E Input   : getAxisValue(): x--5.0-0.0--5.0
11-20 22:23:19.774 32270 32270 I Monkey  : :Sending Trackball (ACTION_MOVE): 0:(-5.0,3.0)
11-20 22:23:19.779 32270 32270 E Input   : getAxisValue(): x--2.0-0.0--2.0
11-20 22:23:19.779 32270 32270 I Monkey  : :Sending Trackball (ACTION_MOVE): 0:(-2.0,2.0)
11-20 22:23:19.781 32270 32270 I Monkey  : :Sending Key (ACTION_DOWN): 23    // KEYCODE_DPAD_CENTER
11-20 22:23:19.786  8135  8135 I wangchen: SysInfo.getSysParam: orientation=1||config d=3.0,w=1080,h=2340||metrics d=3.0,w=1080,h=2340||sdk=27,bar_h=90
11-20 22:23:19.786  8135  8135 I KeymapLoader: w=1080 h=2340 ori=true appScale=3.3 s1=3.0
11-20 22:23:19.787  8135  8135 D KeyEvent: obtain, mHwFlags=-762756503
11-20 22:23:19.787  8135  8135 D KeyEvent: obtain, mHwFlags=-762756503
11-20 22:23:19.797  8135  8135 D KeyEvent: obtain, mHwFlags=-762756503
11-20 22:23:19.803  8135  8135 D KeyEvent: obtain, mHwFlags=-762756503
11-20 22:23:19.812  8135  8135 D KeyEvent: obtain, mHwFlags=-762756503
11-20 22:23:19.812  8135  8135 D KeyEvent: obtain, mHwFlags=-762756503
11-20 22:23:19.815 32270 32270 I Monkey  : :Sending Key (ACTION_UP): 23    // KEYCODE_DPAD_CENTER
11-20 22:23:19.821  8135  8135 D KeyEvent: obtain, mHwFlags=-762756503
11-20 22:23:19.828 32270 32270 I Monkey  : Sleeping for 500 milliseconds
11-20 22:23:19.833  8135  8135 I wangchen: SysInfo.getSysParam: orientation=1||config d=3.0,w=1080,h=2340||metrics d=3.0,w=1080,h=2340||sdk=27,bar_h=90
11-20 22:23:19.833  8135  8135 I KeymapLoader: w=1080 h=2340 ori=true appScale=3.3 s1=3.0
11-20 22:23:19.834  8135  8135 D KeyEvent: obtain, mHwFlags=-762756503
11-20 22:23:20.329 32270 32270 I Monkey  : :Sending Key (ACTION_DOWN): 21    // KEYCODE_DPAD_LEFT
11-20 22:23:20.335 32270 32270 I Monkey  : :Sending Key (ACTION_UP): 21    // KEYCODE_DPAD_LEFT
11-20 22:23:20.335  8135  8135 D KeyEvent: obtain, mHwFlags=-762756503
11-20 22:23:20.340  8135  8135 D KeyEvent: obtain, mHwFlags=-762756503
11-20 22:23:20.340 32270 32270 I Monkey  : Sleeping for 500 milliseconds
11-20 22:23:20.341   601   601 E WifiHAL : enter wifi_get_link_stats
11-20 22:23:20.350   646   646 E wificond: Failed to get NL80211_RATE_INFO_NOISE
11-20 22:23:20.350   646   646 E wificond: Failed to get NL80211_RATE_INFO_SNR
11-20 22:23:20.350   646   646 E wificond: Failed to get NL80211_STA_INFO_CNAHLOAD
11-20 22:23:20.844 32270 32270 I Monkey  : :Sending Touch (ACTION_DOWN): 0:(635.0,1512.0)
11-20 22:23:20.847 32270 32270 I Monkey  : :Sending Touch (ACTION_UP): 0:(624.60895,1516.9838)
11-20 22:23:20.849 32270 32270 I Monkey  : Sleeping for 500 milliseconds
11-20 22:23:20.864  1057  6646 I chatty  : uid=1000(system) Binder:1057_18 expire 9 lines
11-20 22:23:20.872  8135  8135 I wangchen: SysInfo.getSysParam: orientation=1||config d=3.0,w=1080,h=2340||metrics d=3.0,w=1080,h=2340||sdk=27,bar_h=90
11-20 22:23:20.872  8135  8135 I KeymapLoader: w=1080 h=2340 ori=true appScale=3.3 s1=3.0
11-20 22:23:21.000  1601  1601 I NetworkSpeedManagerEx: mIsStop = false
11-20 22:23:21.000  1601  1875 I NetworkSpeedManagerEx:  runInThread getTetherStats
11-20 22:23:21.002  1601  1601 I NetworkSpeedManagerEx:  runInUI refreshSpeed
11-20 22:23:21.004  1601  1601 I NetworkSpeedManagerEx: value=0.0speed = 0
11-20 22:23:21.004  1601  1601 I NetworkSpeedManagerEx: K/smIsShowLastSpeedValuefalse
11-20 22:23:21.004  1601  1601 I NetworkSpeedView: /update(), speed=0
11-20 22:23:21.004  1601  1601 I NetworkSpeedView: K/s parent class:class com.android.systemui.statusbar.HwSystemIcons
11-20 22:23:21.005  1601  1601 I NetworkSpeedView: /update(), speed=0
11-20 22:23:21.005  1601  1601 I NetworkSpeedView: K/s parent class:class com.android.systemui.statusbar.HwSystemIcons
11-20 22:23:21.329 21236 21376 I chatty  : uid=10168(com.netease.play) upload_timer expire 10 lines
11-20 22:23:21.351 32270 32270 I Monkey  : :Sending Key (ACTION_DOWN): 254    // KEYCODE_TV_AUDIO_DESCRIPTION_MIX_DOWN
11-20 22:23:21.358  8135  8135 D KeyEvent: obtain, mHwFlags=-762756503
11-20 22:23:21.358 32270 32270 I Monkey  : :Sending Key (ACTION_UP): 254    // KEYCODE_TV_AUDIO_DESCRIPTION_MIX_DOWN
11-20 22:23:21.364 32270 32270 I Monkey  : Sleeping for 500 milliseconds
11-20 22:23:21.365  8135  8135 D KeyEvent: obtain, mHwFlags=-762756503
11-20 22:23:21.866 32270 32270 I Monkey  : :Sending Key (ACTION_DOWN): 82    // KEYCODE_MENU
11-20 22:23:21.873 32270 32270 I Monkey  : :Sending Key (ACTION_UP): 82    // KEYCODE_MENU
11-20 22:23:21.873  8135  8135 D KeyEvent: obtain, mHwFlags=-762756503
11-20 22:23:21.878 32270 32270 I Monkey  : Sleeping for 500 milliseconds
11-20 22:23:21.878  8135  8135 D KeyEvent: obtain, mHwFlags=-762756503
11-20 22:23:22.046  1057  1057 I chatty  : uid=1000 system_server expire 98 lines
11-20 22:23:22.072  1601  1601 D StatusBarIconController: setIconVisibility icon is null or visibility not change visibility=false
11-20 22:23:22.074  1601  1601 D StatusBarIconController: setIconVisibility icon is null or visibility not change visibility=false
11-20 22:23:22.074  1601  1601 I Tile.WifiTile: setWifiIndicators  CallbackInfo = CallbackInfo[enabled=true,connected=true,wifiSignalIconId=2130838423,enabledDesc="NetEase-5G",activityIn=true,activityOut=true,wifiSignalContentDescription=WLAN ]
11-20 22:23:22.379 32270 32270 I Monkey  : :Sending Key (ACTION_DOWN): 19    // KEYCODE_DPAD_UP
11-20 22:23:22.389  8135  8135 D KeyEvent: obtain, mHwFlags=-762756503
11-20 22:23:22.390 32270 32270 I Monkey  :     //[calendar_time:2018-11-20 22:23:22.388  system_uptime:675980966]
11-20 22:23:22.390 32270 32270 I Monkey  :     // Sending event #100
11-20 22:23:22.391 32270 32270 I Monkey  : :Sending Key (ACTION_UP): 19    // KEYCODE_DPAD_UP
11-20 22:23:22.400 32270 32270 I Monkey  : Sleeping for 500 milliseconds
11-20 22:23:22.400  8135  8135 D KeyEvent: obtain, mHwFlags=-762756503
11-20 22:23:22.416  8135  8135 I wangchen: SysInfo.getSysParam: orientation=1||config d=3.0,w=1080,h=2340||metrics d=3.0,w=1080,h=2340||sdk=27,bar_h=90
11-20 22:23:22.416  8135  8135 I KeymapLoader: w=1080 h=2340 ori=true appScale=3.3 s1=3.0
11-20 22:23:22.753   646   646 E wificond: Failed to get NL80211_RATE_INFO_NOISE
11-20 22:23:22.753   646   646 E wificond: Failed to get NL80211_RATE_INFO_SNR
11-20 22:23:22.753   646   646 E wificond: Failed to get NL80211_STA_INFO_CNAHLOAD
11-20 22:23:22.753  1057  1474 I chatty  : uid=1000(system) WifiStateMachin expire 24 lines
11-20 22:23:22.754  1057  1476 I chatty  : uid=1000(system) HwWifiCHRStateM expire 18 lines
11-20 22:23:22.755   646   646 E wificond: Failed to get NL80211_RATE_INFO_NOISE
11-20 22:23:22.755   646   646 E wificond: Failed to get NL80211_RATE_INFO_SNR
11-20 22:23:22.755   646   646 E wificond: Failed to get NL80211_STA_INFO_CNAHLOAD
11-20 22:23:22.756  1057  1548 I chatty  : uid=1000(system) HuaweiWifiWatch expire 12 lines
11-20 22:23:22.903 32270 32270 I Monkey  : :Sending Touch (ACTION_DOWN): 0:(965.0,1518.0)
11-20 22:23:22.905 32270 32270 I Monkey  : :Sending Touch (ACTION_MOVE): 0:(980.78125,1512.7773)
11-20 22:23:22.907 32270 32270 I Monkey  : :Sending Touch (ACTION_UP): 0:(999.16174,1496.4829)
11-20 22:23:22.909 32270 32270 I Monkey  : Sleeping for 500 milliseconds
11-20 22:23:23.075  1601  1601 D StatusBarIconController: setIconVisibility icon is null or visibility not change visibility=false
11-20 22:23:23.075  1601  1601 W ResourceType: No package identifier when getting value for resource number 0x00000000
11-20 22:23:23.076  1601  1601 E HwNotchUtils: setIconForView iconId is not found
11-20 22:23:23.079  1601  1601 D StatusBarIconController: setIconVisibility icon is null or visibility not change visibility=false
11-20 22:23:23.080  1601  1601 W ResourceType: No package identifier when getting value for resource number 0x00000000
11-20 22:23:23.080  1601  1601 E HwNotchUtils: setIconForView iconId is not found
11-20 22:23:23.080  1601  1601 D StatusBarIconController: setIconVisibility icon is null or visibility not change visibility=false
11-20 22:23:23.080  1601  1601 W ResourceType: No package identifier when getting value for resource number 0x00000000
11-20 22:23:23.080  1601  1601 E HwNotchUtils: setIconForView iconId is not found
11-20 22:23:23.081  1601  1601 I Tile.WifiTile: setWifiIndicators  CallbackInfo = CallbackInfo[enabled=true,connected=true,wifiSignalIconId=2130838423,enabledDesc="NetEase-5G",activityIn=false,activityOut=false,wifiSignalContentDescription=WLAN ]
11-20 22:23:23.355   601   601 E WifiHAL : enter wifi_get_link_stats
11-20 22:23:23.357   646   646 E wificond: Failed to get NL80211_RATE_INFO_NOISE
11-20 22:23:23.358   646   646 E wificond: Failed to get NL80211_RATE_INFO_SNR
11-20 22:23:23.358   646   646 E wificond: Failed to get NL80211_STA_INFO_CNAHLOAD
