--------- beginning of crash
11-13 14:50:27.252 19943 19943 F DEBUG   : *** *** *** *** *** *** *** *** *** *** *** *** *** *** *** ***
11-13 14:50:27.252 19943 19943 F DEBUG   : Build fingerprint: 'HUAWEI/PAR-AL00/HWPAR:8.1.0/HUAWEIPAR-AL00/162(C00):user/release-keys'
11-13 14:50:27.252 19943 19943 F DEBUG   : Revision: '0'
11-13 14:50:27.252 19943 19943 F DEBUG   : ABI: 'arm'
11-13 14:50:27.252 19943 19943 F DEBUG   : pid: 17518, tid: 19939, name: queued-work-loo  >>> com.netease.play:playservice <<<
11-13 14:50:27.252 19943 19943 F DEBUG   : signal 6 (SIGABRT), code -6 (SI_TKILL), fault addr --------
11-13 14:50:27.258 19943 19943 F DEBUG   : Abort message: 'Could not create epoll instance: Too many open files'
11-13 14:50:27.258 19943 19943 F DEBUG   :     r0 00000000  r1 00004de3  r2 00000006  r3 00000008
11-13 14:50:27.258 19943 19943 F DEBUG   :     r4 0000446e  r5 00004de3  r6 c82f76bc  r7 0000010c
11-13 14:50:27.258 19943 19943 F DEBUG   :     r8 00000000  r9 dea58400  sl 00000000  fp c82f7c3c
11-13 14:50:27.258 19943 19943 F DEBUG   :     ip ffffffff  sp c82f76a8  lr ebb3ead7  pc ebb3852c  cpsr 200e0030
11-13 14:50:27.751 19943 19943 F DEBUG   : 
11-13 14:50:27.751 19943 19943 F DEBUG   : backtrace:
11-13 14:50:27.751 19943 19943 F DEBUG   :     #00 pc 0001a52c  /system/lib/libc.so (abort+63)
11-13 14:50:27.752 19943 19943 F DEBUG   :     #01 pc 00006671  /system/lib/liblog.so (__android_log_assert+156)
11-13 14:50:27.752 19943 19943 F DEBUG   :     #02 pc 0000fc21  /system/lib/libutils.so (android::Looper::rebuildEpollLocked()+240)
11-13 14:50:27.752 19943 19943 F DEBUG   :     #03 pc 0000fab7  /system/lib/libutils.so (android::Looper::Looper(bool)+166)
11-13 14:50:27.752 19943 19943 F DEBUG   :     #04 pc 000b93c7  /system/lib/libandroid_runtime.so (android::NativeMessageQueue::NativeMessageQueue()+102)
11-13 14:50:27.752 19943 19943 F DEBUG   :     #05 pc 000b98a5  /system/lib/libandroid_runtime.so (android::android_os_MessageQueue_nativeInit(_JNIEnv*, _jclass*)+12)
11-13 14:50:27.752 19943 19943 F DEBUG   :     #06 pc 0060d387  /system/framework/arm/boot-framework.oat (offset 0x60d000) (android.os.Binder.clearCallingIdentity [DEDUPED]+94)
11-13 14:50:27.753 19943 19943 F DEBUG   :     #07 pc 0040e775  /system/lib/libart.so (art_quick_invoke_stub_internal+68)
11-13 14:50:27.753 19943 19943 F DEBUG   :     #08 pc 004139eb  /system/lib/libart.so (art_quick_invoke_static_stub+226)
11-13 14:50:27.753 19943 19943 F DEBUG   :     #09 pc 000b0715  /system/lib/libart.so (art::ArtMethod::Invoke(art::Thread*, unsigned int*, unsigned int, art::JValue*, char const*)+180)
11-13 14:50:27.753 19943 19943 F DEBUG   :     #10 pc 00204857  /system/lib/libart.so (art::interpreter::ArtInterpreterToCompiledCodeBridge(art::Thread*, art::ArtMethod*, art::ShadowFrame*, unsigned short, art::JValue*)+222)
11-13 14:50:27.753 19943 19943 F DEBUG   :     #11 pc 001ffd19  /system/lib/libart.so (_ZN3art11interpreter6DoCallILb0ELb0EEEbPNS_9ArtMethodEPNS_6ThreadERNS_11ShadowFrameEPKNS_11InstructionEtPNS_6JValueE+588)
11-13 14:50:27.753 19943 19943 F DEBUG   :     #12 pc 003f99cd  /system/lib/libart.so (MterpInvokeStatic+184)
11-13 14:50:27.753 19943 19943 F DEBUG   :     #13 pc 00400d94  /system/lib/libart.so (ExecuteMterpImpl+14612)
11-13 14:50:27.753 19943 19943 F DEBUG   :     #14 pc 001e6bad  /system/lib/libart.so (art::interpreter::Execute(art::Thread*, art::DexFile::CodeItem const*, art::ShadowFrame&, art::JValue, bool)+340)
11-13 14:50:27.753 19943 19943 F DEBUG   :     #15 pc 001eb35b  /system/lib/libart.so (art::interpreter::ArtInterpreterToInterpreterBridge(art::Thread*, art::DexFile::CodeItem const*, art::ShadowFrame*, art::JValue*)+142)
11-13 14:50:27.753 19943 19943 F DEBUG   :     #16 pc 001ffd01  /system/lib/libart.so (_ZN3art11interpreter6DoCallILb0ELb0EEEbPNS_9ArtMethodEPNS_6ThreadERNS_11ShadowFrameEPKNS_11InstructionEtPNS_6JValueE+564)
11-13 14:50:27.753 19943 19943 F DEBUG   :     #17 pc 003f9863  /system/lib/libart.so (MterpInvokeDirect+254)
11-13 14:50:27.753 19943 19943 F DEBUG   :     #18 pc 00400d14  /system/lib/libart.so (ExecuteMterpImpl+14484)
11-13 14:50:27.753 19943 19943 F DEBUG   :     #19 pc 001e6bad  /system/lib/libart.so (art::interpreter::Execute(art::Thread*, art::DexFile::CodeItem const*, art::ShadowFrame&, art::JValue, bool)+340)
11-13 14:50:27.753 19943 19943 F DEBUG   :     #20 pc 001eb35b  /system/lib/libart.so (art::interpreter::ArtInterpreterToInterpreterBridge(art::Thread*, art::DexFile::CodeItem const*, art::ShadowFrame*, art::JValue*)+142)
11-13 14:50:27.753 19943 19943 F DEBUG   :     #21 pc 001ffd01  /system/lib/libart.so (_ZN3art11interpreter6DoCallILb0ELb0EEEbPNS_9ArtMethodEPNS_6ThreadERNS_11ShadowFrameEPKNS_11InstructionEtPNS_6JValueE+564)
11-13 14:50:27.753 19943 19943 F DEBUG   :     #22 pc 003f9863  /system/lib/libart.so (MterpInvokeDirect+254)
11-13 14:50:27.753 19943 19943 F DEBUG   :     #23 pc 00400d14  /system/lib/libart.so (ExecuteMterpImpl+14484)
11-13 14:50:27.753 19943 19943 F DEBUG   :     #24 pc 001e6bad  /system/lib/libart.so (art::interpreter::Execute(art::Thread*, art::DexFile::CodeItem const*, art::ShadowFrame&, art::JValue, bool)+340)
11-13 14:50:27.753 19943 19943 F DEBUG   :     #25 pc 001eb35b  /system/lib/libart.so (art::interpreter::ArtInterpreterToInterpreterBridge(art::Thread*, art::DexFile::CodeItem const*, art::ShadowFrame*, art::JValue*)+142)
11-13 14:50:27.753 19943 19943 F DEBUG   :     #26 pc 001ffd01  /system/lib/libart.so (_ZN3art11interpreter6DoCallILb0ELb0EEEbPNS_9ArtMethodEPNS_6ThreadERNS_11ShadowFrameEPKNS_11InstructionEtPNS_6JValueE+564)
11-13 14:50:27.753 19943 19943 F DEBUG   :     #27 pc 003f99cd  /system/lib/libart.so (MterpInvokeStatic+184)
11-13 14:50:27.753 19943 19943 F DEBUG   :     #28 pc 00400d94  /system/lib/libart.so (ExecuteMterpImpl+14612)
11-13 14:50:27.753 19943 19943 F DEBUG   :     #29 pc 001e6bad  /system/lib/libart.so (art::interpreter::Execute(art::Thread*, art::DexFile::CodeItem const*, art::ShadowFrame&, art::JValue, bool)+340)
11-13 14:50:27.753 19943 19943 F DEBUG   :     #30 pc 001eb35b  /system/lib/libart.so (art::interpreter::ArtInterpreterToInterpreterBridge(art::Thread*, art::DexFile::CodeItem const*, art::ShadowFrame*, art::JValue*)+142)
11-13 14:50:27.753 19943 19943 F DEBUG   :     #31 pc 001ffd01  /system/lib/libart.so (_ZN3art11interpreter6DoCallILb0ELb0EEEbPNS_9ArtMethodEPNS_6ThreadERNS_11ShadowFrameEPKNS_11InstructionEtPNS_6JValueE+564)
11-13 14:50:27.753 19943 19943 F DEBUG   :     #32 pc 003f99cd  /system/lib/libart.so (MterpInvokeStatic+184)
11-13 14:50:27.753 19943 19943 F DEBUG   :     #33 pc 00400d94  /system/lib/libart.so (ExecuteMterpImpl+14612)
11-13 14:50:27.753 19943 19943 F DEBUG   :     #34 pc 001e6bad  /system/lib/libart.so (art::interpreter::Execute(art::Thread*, art::DexFile::CodeItem const*, art::ShadowFrame&, art::JValue, bool)+340)
11-13 14:50:27.753 19943 19943 F DEBUG   :     #35 pc 001eb2a9  /system/lib/libart.so (art::interpreter::EnterInterpreterFromEntryPoint(art::Thread*, art::DexFile::CodeItem const*, art::ShadowFrame*)+92)
11-13 14:50:27.753 19943 19943 F DEBUG   :     #36 pc 003ee1af  /system/lib/libart.so (artQuickToInterpreterBridge+934)
11-13 14:50:27.753 19943 19943 F DEBUG   :     #37 pc 00412cf1  /system/lib/libart.so (art_quick_to_interpreter_bridge+32)
11-13 14:50:27.753 19943 19943 F DEBUG   :     #38 pc 0040e775  /system/lib/libart.so (art_quick_invoke_stub_internal+68)
11-13 14:50:27.753 19943 19943 F DEBUG   :     #39 pc 004138e5  /system/lib/libart.so (art_quick_invoke_stub+228)
11-13 14:50:27.753 19943 19943 F DEBUG   :     #40 pc 000b06eb  /system/lib/libart.so (art::ArtMethod::Invoke(art::Thread*, unsigned int*, unsigned int, art::JValue*, char const*)+138)
11-13 14:50:27.753 19943 19943 F DEBUG   :     #41 pc 00360e15  /system/lib/libart.so (art::InvokeWithArgArray(art::ScopedObjectAccessAlreadyRunnable const&, art::ArtMethod*, art::ArgArray*, art::JValue*, char const*)+52)
11-13 14:50:27.753 19943 19943 F DEBUG   :     #42 pc 00361c27  /system/lib/libart.so (art::InvokeVirtualOrInterfaceWithJValues(art::ScopedObjectAccessAlreadyRunnable const&, _jobject*, _jmethodID*, jvalue*)+318)
11-13 14:50:27.754 19943 19943 F DEBUG   :     #43 pc 0037fde3  /system/lib/libart.so (art::Thread::CreateCallback(void*)+894)
11-13 14:50:27.759 19943 19943 F DEBUG   :     #44 pc 000485af  /system/lib/libc.so (__pthread_start(void*)+22)
11-13 14:50:27.759 19943 19943 F DEBUG   :     #45 pc 0001b0d1  /system/lib/libc.so (__start_thread+32)
11-14 11:14:08.754 18413 18413 E AndroidRuntime: FATAL EXCEPTION: main
11-14 11:14:08.754 18413 18413 E AndroidRuntime: Process: com.netease.play, PID: 18413
11-14 11:14:08.754 18413 18413 E AndroidRuntime: java.lang.NullPointerException: Attempt to invoke interface method 'void com.netease.play.livepage.chatroom.MessageObserver.onMessageReceive(com.netease.play.livepage.chatroom.meta.AbsChatMeta, java.lang.Object)' on a null object reference
11-14 11:14:08.754 18413 18413 E AndroidRuntime: 	at com.netease.play.livepage.chatroom.ChatRoomManager.notifyMessage(ChatRoomManager.java:111)
11-14 11:14:08.754 18413 18413 E AndroidRuntime: 	at com.netease.play.livepage.chatroom.ChatRoomManager$2.onEvent(ChatRoomManager.java:262)
11-14 11:14:08.754 18413 18413 E AndroidRuntime: 	at com.netease.play.livepage.chatroom.ChatRoomManager$2.onEvent(ChatRoomManager.java:242)
11-14 11:14:08.754 18413 18413 E AndroidRuntime: 	at com.netease.play.livepage.chatroom.ChatRoomManager$3$1.run(ChatRoomManager.java:292)
11-14 11:14:08.754 18413 18413 E AndroidRuntime: 	at android.os.Handler.handleCallback(Handler.java:809)
11-14 11:14:08.754 18413 18413 E AndroidRuntime: 	at android.os.Handler.dispatchMessage(Handler.java:102)
11-14 11:14:08.754 18413 18413 E AndroidRuntime: 	at android.os.Looper.loop(Looper.java:166)
11-14 11:14:08.754 18413 18413 E AndroidRuntime: 	at android.app.ActivityThread.main(ActivityThread.java:7555)
11-14 11:14:08.754 18413 18413 E AndroidRuntime: 	at java.lang.reflect.Method.invoke(Native Method)
11-14 11:14:08.754 18413 18413 E AndroidRuntime: 	at com.android.internal.os.RuntimeInit$MethodAndArgsCaller.run(RuntimeInit.java:469)
11-14 11:14:08.754 18413 18413 E AndroidRuntime: 	at com.android.internal.os.ZygoteInit.main(ZygoteInit.java:963)
--------- beginning of system
11-20 20:30:15.989 21236 21236 D ActivityThread: Remove activity client record, r= ActivityRecord{b27fcfc token=android.os.BinderProxy@52822ff {com.netease.play/com.netease.play.settings.SettingActivity}} token= android.os.BinderProxy@52822ff
11-20 20:30:30.013  1057  1057 I chatty  : uid=1000 system_server expire 8 lines
11-20 20:30:30.016  9572  9572 W ContextImpl: Calling a method in the system process without a qualified user: android.app.ContextImpl.startService:1692 android.content.ContextWrapper.startService:650 com.huawei.vision.server.policy.PhoneState.doPolicyThingStop:103 com.huawei.vision.server.policy.PhoneStateReceiver.startOrStopVisionService:150 com.huawei.vision.server.policy.PhoneStateReceiver.access$200:18 
11-20 20:30:30.257  1057  1190 I chatty  : uid=1000(system) android.ui expire 10 lines
11-20 20:30:30.512  1057  8814 I chatty  : uid=1000(system) Binder:1057_1E expire 20 lines
11-20 20:30:30.990   646   646 I chatty  : uid=1010(wifi) /system/bin/wificond expire 18 lines
11-20 20:30:35.013   644   713 E /system/bin/storaged: pid_info get_pids failed
11-20 20:30:37.431 28300 28300 D ActivityThread: Attach thread to application
11-20 20:30:37.635  1057  1402 I chatty  : uid=1000(system) android.anim expire 18 lines
11-20 20:30:37.748  9572  9572 W ContextImpl: Calling a method in the system process without a qualified user: android.app.ContextImpl.startService:1692 android.content.ContextWrapper.startService:650 com.huawei.vision.server.policy.PhoneState.doPolicyThingStop:103 com.huawei.vision.server.policy.PhoneStateReceiver.startOrStopVisionService:150 com.huawei.vision.server.policy.PhoneStateReceiver.access$200:18 
11-20 20:30:40.976 21236 21236 V ActivityThread: Skipping new config:{1.0 ?mcc?mnc [zh_CN_#Hans] ldltr sw360dp w360dp h750dp 480dpi nrml long hdr port finger -keyb/v/h -nav/h appBounds=Rect(0, 0 - 1080, 2340) nonFullScreen=0 suim:1 s.335}, config:{1.0 ?mcc?mnc [zh_CN_#Hans] ldltr sw360dp w360dp h750dp 480dpi nrml long hdr port finger -keyb/v/h -nav/h appBounds=Rect(0, 0 - 1080, 2340) nonFullScreen=0 suim:1 s.335} for app:com.netease.play
11-20 20:30:40.981 21236 21236 V ActivityThread: callActivityOnCreate
11-20 20:30:41.007 21236 21236 D ActivityThread: add activity client record, r= ActivityRecord{af6b1e2 token=android.os.BinderProxy@8d1e1cd {com.netease.play/com.netease.play.home.HomeActivity}} token= android.os.BinderProxy@8d1e1cd
11-20 20:30:41.063  1057  8814 I chatty  : uid=1000(system) Binder:1057_1E expire 5 lines
11-20 20:30:41.067  1601  1614 I CommandQueue: updateBarBgColor
11-20 20:30:41.067  1601  1614 D CommandQueue: CommandQueue, setBarBackgroundColor
11-20 20:30:41.074  1057  1583 I chatty  : uid=1000(system) Binder:1057_3 expire 19 lines
11-20 20:30:41.111  1057  1584 I chatty  : uid=1000(system) Binder:1057_4 expire 13 lines
11-20 20:30:41.320 21236 21236 D ActivityThread: Remove activity client record, r= ActivityRecord{c9a5bfa token=android.os.BinderProxy@4431624 {com.netease.play/com.netease.play.login.LoginActivity}} token= android.os.BinderProxy@4431624
11-20 20:30:43.048   646   646 I chatty  : uid=1010(wifi) /system/bin/wificond expire 27 lines
11-20 20:30:43.347  1057  1456 I chatty  : uid=1000(system) GestureNavManag expire 16 lines
11-20 20:30:45.614   536   550 W SocketListener: sending broadcast to Pid = 1057, Uid = 1000 
11-20 20:30:45.618  1057  1468 I chatty  : uid=1000(system) NetdConnector expire 8 lines
11-20 20:30:45.626  1057  1200 I chatty  : uid=1000(system) android.fg expire 7 lines
11-20 20:30:49.303  1057  8813 I chatty  : uid=1000(system) Binder:1057_1D expire 9 lines
11-20 20:30:55.270  1057  1459 I chatty  : uid=1000(system) InputDispatcher expire 2 lines
11-20 20:30:55.567  1057  2977 I chatty  : uid=1000(system) Binder:1057_10 expire 3 lines
11-20 20:30:55.568  1601  1614 I CommandQueue: updateBarBgColor
11-20 20:30:55.568  1601  1614 D CommandQueue: CommandQueue, setBarBackgroundColor
11-20 20:30:56.079  1057  1205 I chatty  : uid=1000(system) PowerManagerSer expire 2 lines
11-20 20:30:58.144   646   646 I chatty  : uid=1010(wifi) /system/bin/wificond expire 30 lines
11-20 20:30:59.054  1057  1456 I chatty  : uid=1000(system) GestureNavManag expire 1 line
11-20 20:31:05.535  1057  1696 I chatty  : uid=1000(system) watchdog expire 3 lines
11-20 20:31:07.960  1057  1412 I chatty  : uid=1000(system) UEventObserver expire 12 lines
11-20 20:31:07.970  1057  1057 I chatty  : uid=1000 system_server expire 11 lines
11-20 20:31:07.975  9572  9572 W ContextImpl: Calling a method in the system process without a qualified user: android.app.ContextImpl.startService:1692 android.content.ContextWrapper.startService:650 com.huawei.vision.server.policy.PhoneState.doPolicyThingStop:103 com.huawei.vision.server.policy.PhoneStateReceiver.startOrStopVisionService:150 com.huawei.vision.server.policy.PhoneStateReceiver.access$200:18 
11-20 20:31:15.694   536   550 W SocketListener: sending broadcast to Pid = 1057, Uid = 1000 
11-20 20:31:16.252   646   646 I chatty  : uid=1010(wifi) /system/bin/wificond expire 27 lines
11-20 20:31:19.406   536   544 W SocketListener: sending broadcast to Pid = 1057, Uid = 1000 
11-20 20:31:19.421  1057  2343 I chatty  : uid=1000(system) Binder:1057_D expire 19 lines
11-20 20:31:19.977   536   544 W SocketListener: sending broadcast to Pid = 1057, Uid = 1000 
11-20 20:31:19.982  1057  2977 I chatty  : uid=1000(system) Binder:1057_10 expire 5 lines
11-20 20:31:29.925  1057  1190 I chatty  : uid=1000(system) android.ui expire 23 lines
11-20 20:31:30.025  9572  9572 W ContextImpl: Calling a method in the system process without a qualified user: android.app.ContextImpl.startService:1692 android.content.ContextWrapper.startService:650 com.huawei.vision.server.policy.PhoneState.doPolicyThingStop:103 com.huawei.vision.server.policy.PhoneStateReceiver.startOrStopVisionService:150 com.huawei.vision.server.policy.PhoneStateReceiver.access$200:18 
11-20 20:31:31.330   646   646 I chatty  : uid=1010(wifi) /system/bin/wificond expire 27 lines
11-20 20:31:32.379  1057  1584 I chatty  : uid=1000(system) Binder:1057_4 expire 6 lines
11-20 20:31:35.030  1057  2349 I chatty  : uid=1000(system) Binder:1057_F expire 23 lines
11-20 20:31:35.092  1057  8813 I chatty  : uid=1000(system) Binder:1057_1D expire 9 lines
11-20 20:31:35.236  1057  1202 I chatty  : uid=1000(system) android.display expire 2 lines
11-20 20:31:35.271 21236 21236 V ActivityThread: Skipping new config:{1.0 ?mcc?mnc [zh_CN_#Hans] ldltr sw360dp w360dp h750dp 480dpi nrml long hdr port finger -keyb/v/h -nav/h appBounds=Rect(0, 0 - 1080, 2340) nonFullScreen=0 suim:1 s.335}, config:{1.0 ?mcc?mnc [zh_CN_#Hans] ldltr sw360dp w360dp h750dp 480dpi nrml long hdr port finger -keyb/v/h -nav/h appBounds=Rect(0, 0 - 1080, 2340) nonFullScreen=0 suim:1 s.335} for app:com.netease.play
11-20 20:31:35.275 21236 21236 V ActivityThread: callActivityOnCreate
11-20 20:31:35.312 21236 21236 D ActivityThread: add activity client record, r= ActivityRecord{3ca36f9 token=android.os.BinderProxy@3b07cea {com.netease.play/com.netease.play.certification.CertificationActivity}} token= android.os.BinderProxy@3b07cea
11-20 20:31:35.323  1057  1203 I chatty  : uid=1000(system) HwGameAssistant expire 1 line
11-20 20:31:35.323  1057  1186 I chatty  : uid=1000(system) HwActivityManag expire 1 line
11-20 20:31:35.344  1601  8597 I CommandQueue: updateBarBgColor
11-20 20:31:35.344  1601  8597 D CommandQueue: CommandQueue, setBarBackgroundColor
11-20 20:31:35.380  1057  1402 I chatty  : uid=1000(system) android.anim expire 12 lines
11-20 20:31:38.015  1057  2343 I chatty  : uid=1000(system) Binder:1057_D expire 4 lines
11-20 20:31:38.169  9572  9572 W ContextImpl: Calling a method in the system process without a qualified user: android.app.ContextImpl.startService:1692 android.content.ContextWrapper.startService:650 com.huawei.vision.server.policy.PhoneState.doPolicyThingStop:103 com.huawei.vision.server.policy.PhoneStateReceiver.startOrStopVisionService:150 com.huawei.vision.server.policy.PhoneStateReceiver.access$200:18 
11-20 20:31:45.538  1057  1195 I chatty  : uid=1000(system) batterystats-wo expire 2 lines
11-20 20:31:45.547  9572  9572 W ContextImpl: Calling a method in the system process without a qualified user: android.app.ContextImpl.startService:1692 android.content.ContextWrapper.startService:650 com.huawei.vision.server.policy.PhoneState.doPolicyThingStop:103 com.huawei.vision.server.policy.PhoneStateReceiver.startOrStopVisionService:150 com.huawei.vision.server.policy.PhoneStateReceiver.access$200:18 
11-20 20:31:46.420   646   646 I chatty  : uid=1010(wifi) /system/bin/wificond expire 42 lines
11-20 20:31:47.921  1057  2349 I chatty  : uid=1000(system) Binder:1057_F expire 5 lines
11-20 20:31:47.939  1057  1841 I chatty  : uid=1000(system) Binder:1057_B expire 9 lines
11-20 20:32:08.381  1057  1057 I chatty  : uid=1000 system_server expire 4 lines
11-20 20:32:08.385  9572  9572 W ContextImpl: Calling a method in the system process without a qualified user: android.app.ContextImpl.startService:1692 android.content.ContextWrapper.startService:650 com.huawei.vision.server.policy.PhoneState.doPolicyThingStop:103 com.huawei.vision.server.policy.PhoneStateReceiver.startOrStopVisionService:150 com.huawei.vision.server.policy.PhoneStateReceiver.access$200:18 
11-20 20:32:10.557   646   646 I chatty  : uid=1010(wifi) /system/bin/wificond expire 30 lines
11-20 20:32:27.246   536   544 W SocketListener: sending broadcast to Pid = 1057, Uid = 1000 
11-20 20:32:27.250  1057  1468 I chatty  : uid=1000(system) NetdConnector expire 2 lines
11-20 20:32:27.255  1057  1200 I chatty  : uid=1000(system) android.fg expire 1 line
11-20 20:32:27.263  1057  2343 I chatty  : uid=1000(system) Binder:1057_D expire 2 lines
11-20 20:32:28.589   646   646 I chatty  : uid=1010(wifi) /system/bin/wificond expire 24 lines
11-20 20:32:30.019  9572  9572 W ContextImpl: Calling a method in the system process without a qualified user: android.app.ContextImpl.startService:1692 android.content.ContextWrapper.startService:650 com.huawei.vision.server.policy.PhoneState.doPolicyThingStop:103 com.huawei.vision.server.policy.PhoneStateReceiver.startOrStopVisionService:150 com.huawei.vision.server.policy.PhoneStateReceiver.access$200:18 
11-20 20:32:35.541  1057  1696 I chatty  : uid=1000(system) watchdog expire 3 lines
11-20 20:32:38.583  1057  1412 I chatty  : uid=1000(system) UEventObserver expire 6 lines
11-20 20:32:38.588  1057  2343 I chatty  : uid=1000(system) Binder:1057_D expire 10 lines
11-20 20:32:38.609  1057  1057 I chatty  : uid=1000 system_server expire 8 lines
11-20 20:32:38.613  9572  9572 W ContextImpl: Calling a method in the system process without a qualified user: android.app.ContextImpl.startService:1692 android.content.ContextWrapper.startService:650 com.huawei.vision.server.policy.PhoneState.doPolicyThingStop:103 com.huawei.vision.server.policy.PhoneStateReceiver.startOrStopVisionService:150 com.huawei.vision.server.policy.PhoneStateReceiver.access$200:18 
11-20 20:32:40.724   646   646 I chatty  : uid=1010(wifi) /system/bin/wificond expire 45 lines
11-20 20:32:50.115  1057  2349 I chatty  : uid=1000(system) Binder:1057_F expire 5 lines
11-20 20:32:50.683   536   544 W SocketListener: sending broadcast to Pid = 1057, Uid = 1000 
11-20 20:32:50.684  1057  1468 I chatty  : uid=1000(system) NetdConnector expire 8 lines
11-20 20:32:50.686  1057  1200 I chatty  : uid=1000(system) android.fg expire 6 lines
11-20 20:32:50.694  1057  8813 I chatty  : uid=1000(system) Binder:1057_1D expire 10 lines
11-20 20:33:05.773   536   550 W SocketListener: sending broadcast to Pid = 1057, Uid = 1000 
11-20 20:33:07.881   646   646 I chatty  : uid=1010(wifi) /system/bin/wificond expire 24 lines
11-20 20:33:08.818  9572  9572 W ContextImpl: Calling a method in the system process without a qualified user: android.app.ContextImpl.startService:1692 android.content.ContextWrapper.startService:650 com.huawei.vision.server.policy.PhoneState.doPolicyThingStop:103 com.huawei.vision.server.policy.PhoneStateReceiver.startOrStopVisionService:150 com.huawei.vision.server.policy.PhoneStateReceiver.access$200:18 
11-20 20:33:15.181   536   544 W SocketListener: sending broadcast to Pid = 1057, Uid = 1000 
11-20 20:33:19.912   536   544 W SocketListener: sending broadcast to Pid = 1057, Uid = 1000 
11-20 20:33:19.921  1057  1841 I chatty  : uid=1000(system) Binder:1057_B expire 23 lines
11-20 20:33:19.940   646   646 I chatty  : uid=1010(wifi) /system/bin/wificond expire 18 lines
11-20 20:33:19.962  1057  8813 I chatty  : uid=1000(system) Binder:1057_1D expire 10 lines
11-20 20:33:30.019  9572  9572 W ContextImpl: Calling a method in the system process without a qualified user: android.app.ContextImpl.startService:1692 android.content.ContextWrapper.startService:650 com.huawei.vision.server.policy.PhoneState.doPolicyThingStop:103 com.huawei.vision.server.policy.PhoneStateReceiver.startOrStopVisionService:150 com.huawei.vision.server.policy.PhoneStateReceiver.access$200:18 
11-20 20:33:32.012   646   646 I chatty  : uid=1010(wifi) /system/bin/wificond expire 24 lines
11-20 20:33:33.436  1057  1203 I chatty  : uid=1000(system) HwGameAssistant expire 8 lines
11-20 20:33:33.437  1057  1186 I chatty  : uid=1000(system) HwActivityManag expire 9 lines
11-20 20:33:33.440  1601  1614 I CommandQueue: updateBarBgColor
11-20 20:33:33.440  1601  1614 D CommandQueue: CommandQueue, setBarBackgroundColor
11-20 20:33:33.467  1057  1402 I chatty  : uid=1000(system) android.anim expire 37 lines
11-20 20:33:33.498 21236 21236 D ActivityThread: Remove activity client record, r= ActivityRecord{3ca36f9 token=android.os.BinderProxy@3b07cea {com.netease.play/com.netease.play.certification.CertificationActivity}} token= android.os.BinderProxy@3b07cea
11-20 20:33:33.500  1057  2343 I chatty  : uid=1000(system) Binder:1057_D expire 39 lines
11-20 20:33:34.942 21236 21236 W ViewRootImpl[Toast]: EGLdebug relayoutWindow Surface isSurface(name=null)  (appName =com.netease.play) ( mSurfaceControllerIsValid =false) (mNativeObject  =0)/@0xb84d961,viewVisibility is0
11-20 20:33:34.957  1057  1841 I chatty  : uid=1000(system) Binder:1057_B expire 19 lines
11-20 20:33:34.969 21236 21236 W ViewRootImpl[Toast]: EGLdebug relayoutWindow Surface isSurface(name=null)  (appName =com.netease.play) ( mSurfaceControllerIsValid =true) (mNativeObject  =b85d0800)/@0xb84d961,relayoutResult is7
11-20 20:33:37.942 21236 21236 V ActivityThread: Skipping new config:{1.0 ?mcc?mnc [zh_CN_#Hans] ldltr sw360dp w360dp h750dp 480dpi nrml long hdr port finger -keyb/v/h -nav/h appBounds=Rect(0, 0 - 1080, 2340) nonFullScreen=0 suim:1 s.335}, config:{1.0 ?mcc?mnc [zh_CN_#Hans] ldltr sw360dp w360dp h750dp 480dpi nrml long hdr port finger -keyb/v/h -nav/h appBounds=Rect(0, 0 - 1080, 2340) nonFullScreen=0 suim:1 s.335} for app:com.netease.play
11-20 20:33:37.947 21236 21236 V ActivityThread: callActivityOnCreate
11-20 20:33:37.966 21236 21236 D ActivityThread: add activity client record, r= ActivityRecord{980621a token=android.os.BinderProxy@1f88a6a {com.netease.play/com.netease.play.settings.SettingActivity}} token= android.os.BinderProxy@1f88a6a
11-20 20:33:37.973  1057  1584 I chatty  : uid=1000(system) Binder:1057_4 expire 12 lines
11-20 20:33:37.985  1601  9270 I CommandQueue: updateBarBgColor
11-20 20:33:37.985  1601  9270 D CommandQueue: CommandQueue, setBarBackgroundColor
11-20 20:33:38.028  1057  1202 I chatty  : uid=1000(system) android.display expire 7 lines
11-20 20:33:38.447  1057  1057 I chatty  : uid=1000 system_server expire 9 lines
11-20 20:33:38.993  1057  1412 I chatty  : uid=1000(system) UEventObserver expire 3 lines
11-20 20:33:39.010  9572  9572 W ContextImpl: Calling a method in the system process without a qualified user: android.app.ContextImpl.startService:1692 android.content.ContextWrapper.startService:650 com.huawei.vision.server.policy.PhoneState.doPolicyThingStop:103 com.huawei.vision.server.policy.PhoneStateReceiver.startOrStopVisionService:150 com.huawei.vision.server.policy.PhoneStateReceiver.access$200:18 
11-20 20:33:39.144 21236 21236 V ActivityThread: Skipping new config:{1.0 ?mcc?mnc [zh_CN_#Hans] ldltr sw360dp w360dp h750dp 480dpi nrml long hdr port finger -keyb/v/h -nav/h appBounds=Rect(0, 0 - 1080, 2340) nonFullScreen=0 suim:1 s.335}, config:{1.0 ?mcc?mnc [zh_CN_#Hans] ldltr sw360dp w360dp h750dp 480dpi nrml long hdr port finger -keyb/v/h -nav/h appBounds=Rect(0, 0 - 1080, 2340) nonFullScreen=0 suim:1 s.335} for app:com.netease.play
11-20 20:33:39.148 21236 21236 V ActivityThread: callActivityOnCreate
11-20 20:33:39.191  1057  2349 I chatty  : uid=1000(system) Binder:1057_F expire 108 lines
11-20 20:33:39.191  1057  1490 I chatty  : uid=1000(system) ConnectivitySer expire 5 lines
11-20 20:33:39.244  1057  8813 I chatty  : uid=1000(system) Binder:1057_1D expire 108 lines
11-20 20:33:39.294 21236 21236 D ActivityThread: add activity client record, r= ActivityRecord{7202293 token=android.os.BinderProxy@c0e17b1 {com.netease.play/com.netease.play.webview.WebviewActivity}} token= android.os.BinderProxy@c0e17b1
11-20 20:33:41.229   536   550 W SocketListener: sending broadcast to Pid = 1057, Uid = 1000 
11-20 20:33:41.232  1057  1468 I chatty  : uid=1000(system) NetdConnector expire 2 lines
11-20 20:33:41.236  1057  1200 I chatty  : uid=1000(system) android.fg expire 3 lines
11-20 20:33:41.448 28481 28481 D ActivityThread: Attach thread to application
11-20 20:33:41.468  1057  1113 I chatty  : uid=1000(system) Binder:1057_1 expire 6 lines
11-20 20:33:41.468  1883  2371 I HwNetworkPolicyManager: getHwUidPolicy uid = 1000 policy = 0
11-20 20:33:41.483 28481 28481 V ActivityThread: Skipping new config:{1.0 ?mcc?mnc [zh_CN_#Hans] ldltr sw360dp w360dp h750dp 480dpi nrml long hdr port finger -keyb/v/h -nav/h appBounds=Rect(0, 0 - 1080, 2340) nonFullScreen=0 suim:1 s.335}, config:{1.0 ?mcc?mnc [zh_CN_#Hans] ldltr sw360dp w360dp h750dp 480dpi nrml long hdr port finger -keyb/v/h -nav/h appBounds=Rect(0, 0 - 1080, 2340) nonFullScreen=0 suim:1 s.335} for app:android
11-20 20:33:41.497 28481 28481 V ActivityThread: callActivityOnCreate
11-20 20:33:41.545 28481 28481 D ActivityThread: add activity client record, r= ActivityRecord{901a7f8 token=android.os.BinderProxy@ee04edc {android/com.android.internal.app.ChooserActivity}} token= android.os.BinderProxy@ee04edc
11-20 20:33:43.862  1057 28520 I chatty  : uid=1000 system_server expire 1 line
11-20 20:33:43.884 28521 28521 D ActivityThread: Attach thread to application
11-20 20:33:44.045  1057  1190 I chatty  : uid=1000(system) android.ui expire 1 line
11-20 20:33:44.054  1883  2371 I HwNetworkPolicyManager: getHwUidPolicy uid = 10015 policy = 0
11-20 20:33:44.054  1057  6305 I chatty  : uid=1000(system) Binder:1057_15 expire 22 lines
11-20 20:33:44.062 28521 28521 V ActivityThread: Skipping new config:{1.0 ?mcc?mnc [zh_CN_#Hans] ldltr sw360dp w360dp h750dp 480dpi nrml long hdr port finger -keyb/v/h -nav/h appBounds=Rect(0, 0 - 1080, 2340) nonFullScreen=0 suim:1 s.335}, config:{1.0 ?mcc?mnc [zh_CN_#Hans] ldltr sw360dp w360dp h750dp 480dpi nrml long hdr port finger -keyb/v/h -nav/h appBounds=Rect(0, 0 - 1080, 2340) nonFullScreen=0 suim:1 s.335} for app:com.android.documentsui
11-20 20:33:44.066   646   646 I chatty  : uid=1010(wifi) /system/bin/wificond expire 18 lines
11-20 20:33:44.077 28521 28521 V ActivityThread: callActivityOnCreate
11-20 20:33:44.128 28521 28521 D ActivityThread: add activity client record, r= ActivityRecord{4adb721 token=android.os.BinderProxy@3c3270c {com.android.documentsui/com.android.documentsui.picker.PickActivity}} token= android.os.BinderProxy@3c3270c
11-20 20:33:44.143  1057  9435 I chatty  : uid=1000(system) Binder:1057_1F expire 46 lines
11-20 20:33:44.167  1601  9270 I CommandQueue: updateBarBgColor
11-20 20:33:44.167  1601  9270 D CommandQueue: CommandQueue, setBarBackgroundColor
11-20 20:33:44.254  1057  1402 I chatty  : uid=1000(system) android.anim expire 54 lines
11-20 20:33:44.444 28481 28481 D ActivityThread: Remove activity client record, r= ActivityRecord{901a7f8 token=android.os.BinderProxy@ee04edc {android/com.android.internal.app.ChooserActivity}} token= android.os.BinderProxy@ee04edc
11-20 20:33:46.288  1057  1189 I chatty  : uid=1000(system) ActivityManager expire 11 lines
11-20 20:33:46.878  1057  6586 I chatty  : uid=1000(system) Binder:1057_17 expire 19 lines
11-20 20:33:46.880  1883  2371 I HwNetworkPolicyManager: getHwUidPolicy uid = 10168 policy = 0
11-20 20:33:46.888  1601  1614 I CommandQueue: updateBarBgColor
11-20 20:33:46.888  1601  1614 D CommandQueue: CommandQueue, setBarBackgroundColor
11-20 20:33:47.206 28521 28521 D ActivityThread: Remove activity client record, r= ActivityRecord{4adb721 token=android.os.BinderProxy@3c3270c {com.android.documentsui/com.android.documentsui.picker.PickActivity}} token= android.os.BinderProxy@3c3270c
11-20 20:33:48.763 28481 28481 V ActivityThread: Skipping new config:{1.0 ?mcc?mnc [zh_CN_#Hans] ldltr sw360dp w360dp h750dp 480dpi nrml long hdr port finger -keyb/v/h -nav/h appBounds=Rect(0, 0 - 1080, 2340) nonFullScreen=0 suim:1 s.335}, config:{1.0 ?mcc?mnc [zh_CN_#Hans] ldltr sw360dp w360dp h750dp 480dpi nrml long hdr port finger -keyb/v/h -nav/h appBounds=Rect(0, 0 - 1080, 2340) nonFullScreen=0 suim:1 s.335} for app:android
11-20 20:33:48.770 28481 28481 V ActivityThread: callActivityOnCreate
11-20 20:33:48.770  1883  2371 I HwNetworkPolicyManager: getHwUidPolicy uid = 1000 policy = 0
11-20 20:33:48.778 28481 28481 D ActivityThread: add activity client record, r= ActivityRecord{d5181d2 token=android.os.BinderProxy@cbbcb0f {android/com.android.internal.app.ChooserActivity}} token= android.os.BinderProxy@cbbcb0f
11-20 20:33:50.129 28521 28521 V ActivityThread: Skipping new config:{1.0 ?mcc?mnc [zh_CN_#Hans] ldltr sw360dp w360dp h750dp 480dpi nrml long hdr port finger -keyb/v/h -nav/h appBounds=Rect(0, 0 - 1080, 2340) nonFullScreen=0 suim:1 s.335}, config:{1.0 ?mcc?mnc [zh_CN_#Hans] ldltr sw360dp w360dp h750dp 480dpi nrml long hdr port finger -keyb/v/h -nav/h appBounds=Rect(0, 0 - 1080, 2340) nonFullScreen=0 suim:1 s.335} for app:com.android.documentsui
11-20 20:33:50.155 28521 28521 V ActivityThread: callActivityOnCreate
11-20 20:33:50.156  1883  2371 I HwNetworkPolicyManager: getHwUidPolicy uid = 10015 policy = 0
11-20 20:33:50.170 28521 28521 D ActivityThread: add activity client record, r= ActivityRecord{b16a153 token=android.os.BinderProxy@ffd6d73 {com.android.documentsui/com.android.documentsui.picker.PickActivity}} token= android.os.BinderProxy@ffd6d73
11-20 20:33:50.207  1601  9270 I CommandQueue: updateBarBgColor
11-20 20:33:50.207  1601  9270 D CommandQueue: CommandQueue, setBarBackgroundColor
11-20 20:33:50.232  1057  2349 I chatty  : uid=1000(system) Binder:1057_F expire 23 lines
11-20 20:33:50.248  1057  8813 I chatty  : uid=1000(system) Binder:1057_1D expire 47 lines
11-20 20:33:50.598 28481 28481 D ActivityThread: Remove activity client record, r= ActivityRecord{d5181d2 token=android.os.BinderProxy@cbbcb0f {android/com.android.internal.app.ChooserActivity}} token= android.os.BinderProxy@cbbcb0f
11-20 20:33:54.110  1057  6305 I chatty  : uid=1000(system) Binder:1057_15 expire 15 lines
11-20 20:33:54.185  1057  1584 I chatty  : uid=1000(system) Binder:1057_4 expire 32 lines
11-20 20:33:54.186  1883  2371 I HwNetworkPolicyManager: getHwUidPolicy uid = 10168 policy = 0
11-20 20:33:54.194  1057  1203 I chatty  : uid=1000(system) HwGameAssistant expire 9 lines
11-20 20:33:54.194  1057  1186 I chatty  : uid=1000(system) HwActivityManag expire 10 lines
11-20 20:33:54.202  1601  1614 I CommandQueue: updateBarBgColor
11-20 20:33:54.202  1601  1614 D CommandQueue: CommandQueue, setBarBackgroundColor
11-20 20:33:54.501 28521 28521 D ActivityThread: Remove activity client record, r= ActivityRecord{b16a153 token=android.os.BinderProxy@ffd6d73 {com.android.documentsui/com.android.documentsui.picker.PickActivity}} token= android.os.BinderProxy@ffd6d73
11-20 20:33:55.575 28481 28481 V ActivityThread: Skipping new config:{1.0 ?mcc?mnc [zh_CN_#Hans] ldltr sw360dp w360dp h750dp 480dpi nrml long hdr port finger -keyb/v/h -nav/h appBounds=Rect(0, 0 - 1080, 2340) nonFullScreen=0 suim:1 s.335}, config:{1.0 ?mcc?mnc [zh_CN_#Hans] ldltr sw360dp w360dp h750dp 480dpi nrml long hdr port finger -keyb/v/h -nav/h appBounds=Rect(0, 0 - 1080, 2340) nonFullScreen=0 suim:1 s.335} for app:android
11-20 20:33:55.581  1883  2371 I HwNetworkPolicyManager: getHwUidPolicy uid = 1000 policy = 0
11-20 20:33:55.581 28481 28481 V ActivityThread: callActivityOnCreate
11-20 20:33:55.591 28481 28481 D ActivityThread: add activity client record, r= ActivityRecord{4c77800 token=android.os.BinderProxy@8fc9a85 {android/com.android.internal.app.ChooserActivity}} token= android.os.BinderProxy@8fc9a85
11-20 20:33:56.116   646   646 I chatty  : uid=1010(wifi) /system/bin/wificond expire 24 lines
11-20 20:33:56.607 28521 28521 V ActivityThread: Skipping new config:{1.0 ?mcc?mnc [zh_CN_#Hans] ldltr sw360dp w360dp h750dp 480dpi nrml long hdr port finger -keyb/v/h -nav/h appBounds=Rect(0, 0 - 1080, 2340) nonFullScreen=0 suim:1 s.335}, config:{1.0 ?mcc?mnc [zh_CN_#Hans] ldltr sw360dp w360dp h750dp 480dpi nrml long hdr port finger -keyb/v/h -nav/h appBounds=Rect(0, 0 - 1080, 2340) nonFullScreen=0 suim:1 s.335} for app:com.android.documentsui
11-20 20:33:56.635 28521 28521 V ActivityThread: callActivityOnCreate
11-20 20:33:56.636  1883  2371 I HwNetworkPolicyManager: getHwUidPolicy uid = 10015 policy = 0
11-20 20:33:56.650 28521 28521 D ActivityThread: add activity client record, r= ActivityRecord{c50554f token=android.os.BinderProxy@e2ac480 {com.android.documentsui/com.android.documentsui.picker.PickActivity}} token= android.os.BinderProxy@e2ac480
11-20 20:33:56.655  1057  6119 I chatty  : uid=1000(system) Binder:1057_14 expire 67 lines
11-20 20:33:56.687  1601  7342 I CommandQueue: updateBarBgColor
11-20 20:33:56.687  1601  7342 D CommandQueue: CommandQueue, setBarBackgroundColor
11-20 20:33:56.769  1057  1202 I chatty  : uid=1000(system) android.display expire 5 lines
11-20 20:33:57.083  1057  1402 I chatty  : uid=1000(system) android.anim expire 34 lines
11-20 20:33:57.092 28481 28481 D ActivityThread: Remove activity client record, r= ActivityRecord{4c77800 token=android.os.BinderProxy@8fc9a85 {android/com.android.internal.app.ChooserActivity}} token= android.os.BinderProxy@8fc9a85
11-20 20:33:57.112  1057  1057 I chatty  : uid=1000 system_server expire 10 lines
11-20 20:34:05.505  1883  2371 I HwNetworkPolicyManager: getHwUidPolicy uid = 10168 policy = 0
11-20 20:34:05.509  1601  9270 I CommandQueue: updateBarBgColor
11-20 20:34:05.509  1601  9270 D CommandQueue: CommandQueue, setBarBackgroundColor
11-20 20:34:05.547  1057  1696 I chatty  : uid=1000(system) watchdog expire 1 line
11-20 20:34:05.810 28521 28521 D ActivityThread: Remove activity client record, r= ActivityRecord{c50554f token=android.os.BinderProxy@e2ac480 {com.android.documentsui/com.android.documentsui.picker.PickActivity}} token= android.os.BinderProxy@e2ac480
11-20 20:34:05.814  1057  2349 I chatty  : uid=1000(system) Binder:1057_F expire 14 lines
11-20 20:34:07.869  1057  6586 I chatty  : uid=1000(system) Binder:1057_17 expire 7 lines
11-20 20:34:07.896 28481 28481 V ActivityThread: Skipping new config:{1.0 ?mcc?mnc [zh_CN_#Hans] ldltr sw360dp w360dp h750dp 480dpi nrml long hdr port finger -keyb/v/h -nav/h appBounds=Rect(0, 0 - 1080, 2340) nonFullScreen=0 suim:1 s.335}, config:{1.0 ?mcc?mnc [zh_CN_#Hans] ldltr sw360dp w360dp h750dp 480dpi nrml long hdr port finger -keyb/v/h -nav/h appBounds=Rect(0, 0 - 1080, 2340) nonFullScreen=0 suim:1 s.335} for app:android
11-20 20:34:07.902  1883  2371 I HwNetworkPolicyManager: getHwUidPolicy uid = 1000 policy = 0
11-20 20:34:07.906 28481 28481 V ActivityThread: callActivityOnCreate
11-20 20:34:07.926 28481 28481 D ActivityThread: add activity client record, r= ActivityRecord{2e75fea token=android.os.BinderProxy@26dbf65 {android/com.android.internal.app.ChooserActivity}} token= android.os.BinderProxy@26dbf65
11-20 20:34:07.945  1057  9435 I chatty  : uid=1000(system) Binder:1057_1F expire 66 lines
11-20 20:34:08.170   646   646 I chatty  : uid=1010(wifi) /system/bin/wificond expire 30 lines
11-20 20:34:08.795  1057 28654 I chatty  : uid=1000 system_server expire 1 line
11-20 20:34:08.801 28650 28650 D ActivityThread: Attach thread to application
11-20 20:34:08.979  1057  1190 I chatty  : uid=1000(system) android.ui expire 1 line
11-20 20:34:08.981  1057  1584 I chatty  : uid=1000(system) Binder:1057_4 expire 2 lines
11-20 20:34:08.981  1883  2371 I HwNetworkPolicyManager: getHwUidPolicy uid = 10028 policy = 0
11-20 20:34:09.012 28650 28650 V ActivityThread: Skipping new config:{1.0 ?mcc?mnc [zh_CN_#Hans] ldltr sw360dp w360dp h750dp 480dpi nrml long hdr port finger -keyb/v/h -nav/h appBounds=Rect(0, 0 - 1080, 2340) nonFullScreen=0 suim:1 s.335}, config:{1.0 ?mcc?mnc [zh_CN_#Hans] ldltr sw360dp w360dp h750dp 480dpi nrml long hdr port finger -keyb/v/h -nav/h appBounds=Rect(0, 0 - 1080, 2340) nonFullScreen=0 suim:1 s.335} for app:com.huawei.camera
11-20 20:34:09.029 28650 28650 V ActivityThread: callActivityOnCreate
11-20 20:34:09.057 28650 28684 I PermissionManager: camera remind result:true
11-20 20:34:09.167 28650 28650 D ActivityThread: add activity client record, r= ActivityRecord{21e5132 token=android.os.BinderProxy@460935a {com.huawei.camera/com.huawei.camera.ThirdCamera}} token= android.os.BinderProxy@460935a
11-20 20:34:09.201  1057  1412 I chatty  : uid=1000(system) UEventObserver expire 3 lines
11-20 20:34:09.209  9572  9572 W ContextImpl: Calling a method in the system process without a qualified user: android.app.ContextImpl.startService:1692 android.content.ContextWrapper.startService:650 com.huawei.vision.server.policy.PhoneState.doPolicyThingStop:103 com.huawei.vision.server.policy.PhoneStateReceiver.startOrStopVisionService:150 com.huawei.vision.server.policy.PhoneStateReceiver.access$200:18 
11-20 20:34:09.245  1601  8597 I CommandQueue: updateBarBgColor
11-20 20:34:09.245  1601  8597 D CommandQueue: CommandQueue, setBarBackgroundColor
11-20 20:34:09.434  2880  2904 W ContextImpl: Calling a method in the system process without a qualified user: android.app.ContextImpl.bindService:1772 android.content.ContextWrapper.bindService:684 com.huawei.nb.dataservice.dsclient.RemoteServiceConnection.open:90 com.huawei.nb.dataservice.dsclient.DataServiceProxy.connect:105 com.huawei.nb.dataservice.rsclient.internal.RemoteRuleService.start:27 
11-20 20:34:09.455  2880  2904 W ContextImpl: Calling a method in the system process without a qualified user: android.app.ContextImpl.bindService:1772 android.content.ContextWrapper.bindService:684 com.huawei.nb.dataservice.dsclient.RemoteServiceConnection.open:90 com.huawei.nb.dataservice.dsclient.DataServiceProxy.connect:105 com.huawei.nb.dataservice.rsclient.internal.RemoteRuleService.start:27 
11-20 20:34:09.532 28481 28481 D ActivityThread: Remove activity client record, r= ActivityRecord{2e75fea token=android.os.BinderProxy@26dbf65 {android/com.android.internal.app.ChooserActivity}} token= android.os.BinderProxy@26dbf65
11-20 20:34:09.799  1057  1468 I chatty  : uid=1000(system) NetdConnector expire 14 lines
11-20 20:34:09.799  1057  1205 I chatty  : uid=1000(system) PowerManagerSer expire 8 lines
11-20 20:34:09.806  1057  6119 I chatty  : uid=1000(system) Binder:1057_14 expire 2 lines
11-20 20:34:09.807  1057 28865 I chatty  : uid=1000 system_server expire 6 lines
11-20 20:34:09.807  1057  1707 I chatty  : uid=1000(system) LocationThread expire 11 lines
11-20 20:34:09.835  1057  6305 I chatty  : uid=1000(system) Binder:1057_15 expire 25 lines
11-20 20:34:09.840  1057  1485 I chatty  : uid=1000(system) WifiScanningSer expire 1 line
11-20 20:34:10.354   536   545 W SocketListener: sending broadcast to Pid = 1057, Uid = 1000 
11-20 20:34:10.363  1057  1200 I chatty  : uid=1000(system) android.fg expire 5 lines
11-20 20:34:10.567  1057 28889 I chatty  : uid=1000 system_server expire 2 lines
11-20 20:34:10.572  1057 28890 I chatty  : uid=1000 system_server expire 1 line
11-20 20:34:10.606  1057  1113 I chatty  : uid=1000(system) Binder:1057_1 expire 55 lines
11-20 20:34:10.607  1057  8813 I chatty  : uid=1000(system) Binder:1057_1D expire 1 line
11-20 20:34:11.376  1794  1794 E AuthenticationService: sendCmdToHal result: 0
11-20 20:34:11.379  1057  1841 I chatty  : uid=1000(system) Binder:1057_B expire 11 lines
11-20 20:34:11.380  1794  1794 E AuthenticationService: sendCmdToHal result: 0
11-20 20:34:14.968  1794  1794 E AuthenticationService: sendCmdToHal result: 0
11-20 20:34:14.971  1794  1794 E AuthenticationService: sendCmdToHal result: 0
11-20 20:34:15.073 21236 28909 W StubController: getContentType, auth is null.
11-20 20:34:15.078  1883  2371 I HwNetworkPolicyManager: getHwUidPolicy uid = 10168 policy = 0
11-20 20:34:15.095  1601  9270 I CommandQueue: updateBarBgColor
11-20 20:34:15.096  1601  9270 D CommandQueue: CommandQueue, setBarBackgroundColor
11-20 20:34:15.126  1057  1402 I chatty  : uid=1000(system) android.anim expire 11 lines
11-20 20:34:15.453 28650 28650 D ActivityThread: Remove activity client record, r= ActivityRecord{21e5132 token=android.os.BinderProxy@460935a {com.huawei.camera/com.huawei.camera.ThirdCamera}} token= android.os.BinderProxy@460935a
11-20 20:34:23.302   536   546 W SocketListener: sending broadcast to Pid = 1057, Uid = 1000 
11-20 20:34:23.304  1057  1468 I chatty  : uid=1000(system) NetdConnector expire 8 lines
11-20 20:34:23.319  1057  1470 I chatty  : uid=1000(system) NetworkStats expire 5 lines
11-20 20:34:25.261   536   550 W SocketListener: sending broadcast to Pid = 1057, Uid = 1000 
11-20 20:34:26.248   646   646 I chatty  : uid=1010(wifi) /system/bin/wificond expire 27 lines
11-20 20:34:26.686  1057  1113 I chatty  : uid=1000(system) Binder:1057_1 expire 53 lines
11-20 20:34:26.720  1057  6305 I chatty  : uid=1000(system) Binder:1057_15 expire 22 lines
11-20 20:34:26.803 21236 21236 D ActivityThread: Remove activity client record, r= ActivityRecord{7202293 token=android.os.BinderProxy@c0e17b1 {com.netease.play/com.netease.play.webview.WebviewActivity}} token= android.os.BinderProxy@c0e17b1
11-20 20:34:26.813  1057  1490 I chatty  : uid=1000(system) ConnectivitySer expire 11 lines
11-20 20:34:26.858  1057  1195 I chatty  : uid=1000(system) batterystats-wo expire 5 lines
11-20 20:34:27.014  1057  1402 I chatty  : uid=1000(system) android.anim expire 34 lines
11-20 20:34:28.450  1601  8597 I CommandQueue: updateBarBgColor
11-20 20:34:28.450  1601  8597 D CommandQueue: CommandQueue, setBarBackgroundColor
11-20 20:34:28.518  1057  1841 I chatty  : uid=1000(system) Binder:1057_B expire 41 lines
11-20 20:34:28.528 21236 21236 D ActivityThread: Remove activity client record, r= ActivityRecord{980621a token=android.os.BinderProxy@1f88a6a {com.netease.play/com.netease.play.settings.SettingActivity}} token= android.os.BinderProxy@1f88a6a
11-20 20:34:29.659 21236 21236 V ActivityThread: Skipping new config:{1.0 ?mcc?mnc [zh_CN_#Hans] ldltr sw360dp w360dp h750dp 480dpi nrml long hdr port finger -keyb/v/h -nav/h appBounds=Rect(0, 0 - 1080, 2340) nonFullScreen=0 suim:1 s.335}, config:{1.0 ?mcc?mnc [zh_CN_#Hans] ldltr sw360dp w360dp h750dp 480dpi nrml long hdr port finger -keyb/v/h -nav/h appBounds=Rect(0, 0 - 1080, 2340) nonFullScreen=0 suim:1 s.335} for app:com.netease.play
11-20 20:34:29.666 21236 21236 V ActivityThread: callActivityOnCreate
11-20 20:34:29.781 21236 21236 D ActivityThread: add activity client record, r= ActivityRecord{da60cd6 token=android.os.BinderProxy@cca1a23 {com.netease.play/com.netease.play.livepage.LiveAnchorActivity}} token= android.os.BinderProxy@cca1a23
11-20 20:34:29.802  1057  9435 I chatty  : uid=1000(system) Binder:1057_1F expire 22 lines
11-20 20:34:29.806  1057  2349 I chatty  : uid=1000(system) Binder:1057_F expire 39 lines
11-20 20:34:29.807  1057  1186 I chatty  : uid=1000(system) HwActivityManag expire 2 lines
11-20 20:34:29.807  1057  1203 I chatty  : uid=1000(system) HwGameAssistant expire 2 lines
11-20 20:34:29.822  1601  9270 I CommandQueue: updateBarBgColor
11-20 20:34:29.822  1601  9270 D CommandQueue: CommandQueue, setBarBackgroundColor
11-20 20:34:29.954 21236 28930 I PermissionManager: camera remind result:true
11-20 20:34:30.003  9572  9572 W ContextImpl: Calling a method in the system process without a qualified user: android.app.ContextImpl.startService:1692 android.content.ContextWrapper.startService:650 com.huawei.vision.server.policy.PhoneState.doPolicyThingStop:103 com.huawei.vision.server.policy.PhoneStateReceiver.startOrStopVisionService:150 com.huawei.vision.server.policy.PhoneStateReceiver.access$200:18 
11-20 20:34:30.004  1057  1057 I chatty  : uid=1000 system_server expire 13 lines
11-20 20:34:30.016  1057  8813 I chatty  : uid=1000(system) Binder:1057_1D expire 30 lines
11-20 20:34:30.020 21236 28930 D ActivityThread: isOptEnabled=false isWechatScanOpt=false
11-20 20:34:30.081  1057  1202 I chatty  : uid=1000(system) android.display expire 2 lines
11-20 20:34:32.153  1601  9270 I CommandQueue: updateBarBgColor
11-20 20:34:32.153  1601  9270 D CommandQueue: CommandQueue, setBarBackgroundColor
11-20 20:34:32.354 21236 21236 D ActivityThread: Remove activity client record, r= ActivityRecord{da60cd6 token=android.os.BinderProxy@cca1a23 {com.netease.play/com.netease.play.livepage.LiveAnchorActivity}} token= android.os.BinderProxy@cca1a23
11-20 20:34:32.948  1057  1190 I chatty  : uid=1000(system) android.ui expire 21 lines
11-20 20:34:33.168  1057  1460 I chatty  : uid=1000(system) InputReader expire 2 lines
11-20 20:34:33.332  1057  1205 I chatty  : uid=1000(system) PowerManagerSer expire 20 lines
11-20 20:34:33.365  1057  1466 I chatty  : uid=1000(system) CryptdConnector expire 1 line
11-20 20:34:33.590 21236 21236 V ActivityThread: Finishing stop of ActivityRecord{af6b1e2 token=android.os.BinderProxy@8d1e1cd {com.netease.play/com.netease.play.home.HomeActivity}}
11-20 20:34:33.885  1601  1601 V KeyguardViewMediator: updateInputRestrictedLocked 1 isInputApp = false, inputRestricted = true
11-20 20:34:33.927  1057  1487 I chatty  : uid=1000(system) WifiP2pService expire 5 lines
11-20 20:34:33.932  1601  1601 V KeyguardStatusView: refresh statusview showing:true
11-20 20:34:33.934 21236 21236 V ActivityThread: Handle window ActivityRecord{af6b1e2 token=android.os.BinderProxy@8d1e1cd {com.netease.play/com.netease.play.home.HomeActivity}} visibility: false
11-20 20:34:33.936  1601  1601 V KeyguardDisplayManager: show
11-20 20:34:33.944  1794  1854 D AntiBruteForceProcessor: RemainingAuthenticateNum = 5
11-20 20:34:33.967  1794  1983 I BoosterSwitchP: handleStateChanged reason=2
11-20 20:34:33.967  1794  1983 I DeepNoDisturbP: handleStateChanged reason=2
11-20 20:34:33.967  1794  1983 I DeepNoDisturbSM: setScreenState isScreenOn=false
11-20 20:34:33.968  1794  1794 I DeepNoDisturbSM: IdleState processMessage msg.what=EVENT_SCREEN_OFF
11-20 20:34:33.968  1794  1794 I DeepNoDisturbSM: IdleState: default msg.what=11
11-20 20:34:33.984  1057  1456 I chatty  : uid=1000(system) GestureNavManag expire 1 line
