11-20 22:17:46.441   646   646 E wificond: Failed to get NL80211_STA_INFO_CNAHLOAD
11-20 22:17:46.444   646   646 E wificond: Failed to get NL80211_RATE_INFO_NOISE
11-20 22:17:46.444   646   646 E wificond: Failed to get NL80211_RATE_INFO_SNR
11-20 22:17:46.444   646   646 E wificond: Failed to get NL80211_STA_INFO_CNAHLOAD
11-20 22:17:48.502   646   646 E wificond: Failed to get NL80211_RATE_INFO_NOISE
11-20 22:17:48.502   646   646 E wificond: Failed to get NL80211_RATE_INFO_SNR
11-20 22:17:48.502   646   646 E wificond: Failed to get NL80211_STA_INFO_CNAHLOAD
11-20 22:17:51.521   646   646 E wificond: Failed to get NL80211_RATE_INFO_NOISE
11-20 22:17:51.521   646   646 E wificond: Failed to get NL80211_RATE_INFO_SNR
11-20 22:17:51.521   646   646 E wificond: Failed to get NL80211_STA_INFO_CNAHLOAD
11-20 22:17:54.458   646   646 E wificond: Failed to get NL80211_RATE_INFO_NOISE
11-20 22:17:54.458   646   646 E wificond: Failed to get NL80211_RATE_INFO_SNR
11-20 22:17:54.458   646   646 E wificond: Failed to get NL80211_STA_INFO_CNAHLOAD
11-20 22:17:54.461   646   646 E wificond: Failed to get NL80211_RATE_INFO_NOISE
11-20 22:17:54.461   646   646 E wificond: Failed to get NL80211_RATE_INFO_SNR
11-20 22:17:54.461   646   646 E wificond: Failed to get NL80211_STA_INFO_CNAHLOAD
11-20 22:17:54.530   646   646 E wificond: Failed to get NL80211_RATE_INFO_NOISE
11-20 22:17:54.531   646   646 E wificond: Failed to get NL80211_RATE_INFO_SNR
11-20 22:17:54.531   646   646 E wificond: Failed to get NL80211_STA_INFO_CNAHLOAD
11-20 22:17:55.268  9572  9572 W ContextImpl: Calling a method in the system process without a qualified user: android.app.ContextImpl.startService:1692 android.content.ContextWrapper.startService:650 com.huawei.vision.server.policy.PhoneState.doPolicyThingStop:103 com.huawei.vision.server.policy.PhoneStateReceiver.startOrStopVisionService:150 com.huawei.vision.server.policy.PhoneStateReceiver.access$200:18 
11-20 22:17:57.552   646   646 E wificond: Failed to get NL80211_RATE_INFO_NOISE
11-20 22:17:57.552   646   646 E wificond: Failed to get NL80211_RATE_INFO_SNR
11-20 22:17:57.552   646   646 E wificond: Failed to get NL80211_STA_INFO_CNAHLOAD
11-20 22:18:00.571   646   646 E wificond: Failed to get NL80211_RATE_INFO_NOISE
11-20 22:18:00.571   646   646 E wificond: Failed to get NL80211_RATE_INFO_SNR
11-20 22:18:00.572   646   646 E wificond: Failed to get NL80211_STA_INFO_CNAHLOAD
11-20 22:18:02.465   646   646 E wificond: Failed to get NL80211_RATE_INFO_NOISE
11-20 22:18:02.465   646   646 E wificond: Failed to get NL80211_RATE_INFO_SNR
11-20 22:18:02.465   646   646 E wificond: Failed to get NL80211_STA_INFO_CNAHLOAD
11-20 22:18:02.468   646   646 E wificond: Failed to get NL80211_RATE_INFO_NOISE
11-20 22:18:02.468   646   646 E wificond: Failed to get NL80211_RATE_INFO_SNR
11-20 22:18:02.468   646   646 E wificond: Failed to get NL80211_STA_INFO_CNAHLOAD
11-20 22:18:03.587   646   646 E wificond: Failed to get NL80211_RATE_INFO_NOISE
11-20 22:18:03.587   646   646 E wificond: Failed to get NL80211_RATE_INFO_SNR
11-20 22:18:03.587   646   646 E wificond: Failed to get NL80211_STA_INFO_CNAHLOAD
11-20 22:18:06.607   646   646 E wificond: Failed to get NL80211_RATE_INFO_NOISE
11-20 22:18:06.607   646   646 E wificond: Failed to get NL80211_RATE_INFO_SNR
11-20 22:18:06.607   646   646 E wificond: Failed to get NL80211_STA_INFO_CNAHLOAD
11-20 22:18:09.621   646   646 E wificond: Failed to get NL80211_RATE_INFO_NOISE
11-20 22:18:09.621   646   646 E wificond: Failed to get NL80211_RATE_INFO_SNR
11-20 22:18:09.621   646   646 E wificond: Failed to get NL80211_STA_INFO_CNAHLOAD
11-20 22:18:10.464   646   646 E wificond: Failed to get NL80211_RATE_INFO_NOISE
11-20 22:18:10.464   646   646 E wificond: Failed to get NL80211_RATE_INFO_SNR
11-20 22:18:10.464   646   646 E wificond: Failed to get NL80211_STA_INFO_CNAHLOAD
11-20 22:18:10.466   646   646 E wificond: Failed to get NL80211_RATE_INFO_NOISE
11-20 22:18:10.466   646   646 E wificond: Failed to get NL80211_RATE_INFO_SNR
11-20 22:18:10.466   646   646 E wificond: Failed to get NL80211_STA_INFO_CNAHLOAD
11-20 22:18:12.640   646   646 E wificond: Failed to get NL80211_RATE_INFO_NOISE
11-20 22:18:12.640   646   646 E wificond: Failed to get NL80211_RATE_INFO_SNR
11-20 22:18:12.640   646   646 E wificond: Failed to get NL80211_STA_INFO_CNAHLOAD
11-20 22:18:15.656   646   646 E wificond: Failed to get NL80211_RATE_INFO_NOISE
11-20 22:18:15.657   646   646 E wificond: Failed to get NL80211_RATE_INFO_SNR
11-20 22:18:15.657   646   646 E wificond: Failed to get NL80211_STA_INFO_CNAHLOAD
11-20 22:18:18.479   646   646 E wificond: Failed to get NL80211_RATE_INFO_NOISE
11-20 22:18:18.479   646   646 E wificond: Failed to get NL80211_RATE_INFO_SNR
11-20 22:18:18.479   646   646 E wificond: Failed to get NL80211_STA_INFO_CNAHLOAD
11-20 22:18:18.483   646   646 E wificond: Failed to get NL80211_RATE_INFO_NOISE
11-20 22:18:18.483   646   646 E wificond: Failed to get NL80211_RATE_INFO_SNR
11-20 22:18:18.483   646   646 E wificond: Failed to get NL80211_STA_INFO_CNAHLOAD
11-20 22:18:18.665   646   646 E wificond: Failed to get NL80211_RATE_INFO_NOISE
11-20 22:18:18.665   646   646 E wificond: Failed to get NL80211_RATE_INFO_SNR
11-20 22:18:18.665   646   646 E wificond: Failed to get NL80211_STA_INFO_CNAHLOAD
11-20 22:18:21.684   646   646 E wificond: Failed to get NL80211_RATE_INFO_NOISE
11-20 22:18:21.685   646   646 E wificond: Failed to get NL80211_RATE_INFO_SNR
11-20 22:18:21.685   646   646 E wificond: Failed to get NL80211_STA_INFO_CNAHLOAD
11-20 22:18:24.097  9572  9572 W ContextImpl: Calling a method in the system process without a qualified user: android.app.ContextImpl.startService:1692 android.content.ContextWrapper.startService:650 com.huawei.vision.server.policy.PhoneState.doPolicyThingStop:103 com.huawei.vision.server.policy.PhoneStateReceiver.startOrStopVisionService:150 com.huawei.vision.server.policy.PhoneStateReceiver.access$200:18 
11-20 22:18:24.578  1057  2009 I chatty  : uid=1000(system) UsbDebuggingMan expire 1 line
11-20 22:18:24.605  1057  9435 I chatty  : uid=1000(system) Binder:1057_1F expire 6 lines
11-20 22:18:24.609  1601  1601 V ActivityThread: systemui config :null mConfiguration:{1.0 ?mcc?mnc [zh_CN_#Hans] ldltr sw360dp w360dp h750dp 480dpi nrml long hdr port finger -keyb/v/h -nav/h appBounds=Rect(0, 0 - 1080, 2340) nonFullScreen=0 suim:1 s.339} compat:null called by android.app.ActivityThread.handleLaunchActivity:3418 
11-20 22:18:24.609  1601  1601 V ActivityThread: systemui pendingconfig:{1.0 ?mcc?mnc [zh_CN_#Hans] ldltr sw360dp w360dp h750dp 480dpi nrml long hdr port finger -keyb/v/h -nav/h appBounds=Rect(0, 0 - 1080, 2340) nonFullScreen=0 suim:1 s.339}
11-20 22:18:24.609  1601  1601 V ActivityThread: Skipping new config:{1.0 ?mcc?mnc [zh_CN_#Hans] ldltr sw360dp w360dp h750dp 480dpi nrml long hdr port finger -keyb/v/h -nav/h appBounds=Rect(0, 0 - 1080, 2340) nonFullScreen=0 suim:1 s.339}, config:{1.0 ?mcc?mnc [zh_CN_#Hans] ldltr sw360dp w360dp h750dp 480dpi nrml long hdr port finger -keyb/v/h -nav/h appBounds=Rect(0, 0 - 1080, 2340) nonFullScreen=0 suim:1 s.339} for app:com.android.systemui
11-20 22:18:24.616  1601  1601 V ActivityThread: callActivityOnCreate
11-20 22:18:24.631  1601  1601 D ActivityThread: add activity client record, r= ActivityRecord{8c08068 token=android.os.BinderProxy@d97a80b {com.android.systemui/com.android.systemui.usb.HwUsbDebuggingActivity}} token= android.os.BinderProxy@d97a80b
11-20 22:18:24.637  1057  1784 I chatty  : uid=1000(system) Binder:1057_6 expire 24 lines
11-20 22:18:24.638  1057  1203 I chatty  : uid=1000(system) HwGameAssistant expire 3 lines
11-20 22:18:24.638  1057  1186 I chatty  : uid=1000(system) HwActivityManag expire 3 lines
11-20 22:18:24.664  1057  1402 I chatty  : uid=1000(system) android.anim expire 11 lines
11-20 22:18:24.669  1057  1202 I chatty  : uid=1000(system) android.display expire 1 line
11-20 22:18:24.701   646   646 E wificond: Failed to get NL80211_RATE_INFO_NOISE
11-20 22:18:24.701   646   646 E wificond: Failed to get NL80211_RATE_INFO_SNR
11-20 22:18:24.701   646   646 E wificond: Failed to get NL80211_STA_INFO_CNAHLOAD
11-20 22:18:25.467  1057  1583 I chatty  : uid=1000(system) Binder:1057_3 expire 14 lines
11-20 22:18:25.471  9572  9572 W ContextImpl: Calling a method in the system process without a qualified user: android.app.ContextImpl.startService:1692 android.content.ContextWrapper.startService:650 com.huawei.vision.server.policy.PhoneState.doPolicyThingStop:103 com.huawei.vision.server.policy.PhoneStateReceiver.startOrStopVisionService:150 com.huawei.vision.server.policy.PhoneStateReceiver.access$200:18 
11-20 22:18:26.485   646   646 E wificond: Failed to get NL80211_RATE_INFO_NOISE
11-20 22:18:26.485   646   646 E wificond: Failed to get NL80211_RATE_INFO_SNR
11-20 22:18:26.485   646   646 E wificond: Failed to get NL80211_STA_INFO_CNAHLOAD
11-20 22:18:26.488   646   646 E wificond: Failed to get NL80211_RATE_INFO_NOISE
11-20 22:18:26.488   646   646 E wificond: Failed to get NL80211_RATE_INFO_SNR
11-20 22:18:26.489   646   646 E wificond: Failed to get NL80211_STA_INFO_CNAHLOAD
11-20 22:18:27.716   646   646 E wificond: Failed to get NL80211_RATE_INFO_NOISE
11-20 22:18:27.716   646   646 E wificond: Failed to get NL80211_RATE_INFO_SNR
11-20 22:18:27.716   646   646 E wificond: Failed to get NL80211_STA_INFO_CNAHLOAD
11-20 22:18:30.736   646   646 E wificond: Failed to get NL80211_RATE_INFO_NOISE
11-20 22:18:30.736   646   646 E wificond: Failed to get NL80211_RATE_INFO_SNR
11-20 22:18:30.736   646   646 E wificond: Failed to get NL80211_STA_INFO_CNAHLOAD
11-20 22:18:32.813   536   544 W SocketListener: sending broadcast to Pid = 1057, Uid = 1000 
11-20 22:18:33.665  1057  1584 I chatty  : uid=1000(system) Binder:1057_4 expire 6 lines
11-20 22:18:33.666  1057  1113 I chatty  : uid=1000(system) Binder:1057_1 expire 1 line
11-20 22:18:33.669  1057  1633 I chatty  : uid=1000(system) Binder:1057_5 expire 18 lines
11-20 22:18:33.694  1601  1601 D ActivityThread: Remove activity client record, r= ActivityRecord{8c08068 token=android.os.BinderProxy@d97a80b {com.android.systemui/com.android.systemui.usb.HwUsbDebuggingActivity}} token= android.os.BinderProxy@d97a80b
11-20 22:18:33.750   646   646 E wificond: Failed to get NL80211_RATE_INFO_NOISE
11-20 22:18:33.750   646   646 E wificond: Failed to get NL80211_RATE_INFO_SNR
11-20 22:18:33.750   646   646 E wificond: Failed to get NL80211_STA_INFO_CNAHLOAD
11-20 22:18:34.070  1057  1057 I chatty  : uid=1000 system_server expire 5 lines
11-20 22:18:34.485   646   646 E wificond: Failed to get NL80211_RATE_INFO_NOISE
11-20 22:18:34.485   646   646 E wificond: Failed to get NL80211_RATE_INFO_SNR
11-20 22:18:34.485   646   646 E wificond: Failed to get NL80211_STA_INFO_CNAHLOAD
11-20 22:18:34.487   646   646 E wificond: Failed to get NL80211_RATE_INFO_NOISE
11-20 22:18:34.487   646   646 E wificond: Failed to get NL80211_RATE_INFO_SNR
11-20 22:18:34.487   646   646 E wificond: Failed to get NL80211_STA_INFO_CNAHLOAD
11-20 22:18:36.766   646   646 E wificond: Failed to get NL80211_RATE_INFO_NOISE
11-20 22:18:36.766   646   646 E wificond: Failed to get NL80211_RATE_INFO_SNR
11-20 22:18:36.766   646   646 E wificond: Failed to get NL80211_STA_INFO_CNAHLOAD
11-20 22:18:39.785   646   646 E wificond: Failed to get NL80211_RATE_INFO_NOISE
11-20 22:18:39.785   646   646 E wificond: Failed to get NL80211_RATE_INFO_SNR
11-20 22:18:39.786   646   646 E wificond: Failed to get NL80211_STA_INFO_CNAHLOAD
11-20 22:18:42.501   646   646 E wificond: Failed to get NL80211_RATE_INFO_NOISE
11-20 22:18:42.501   646   646 E wificond: Failed to get NL80211_RATE_INFO_SNR
11-20 22:18:42.501   646   646 E wificond: Failed to get NL80211_STA_INFO_CNAHLOAD
11-20 22:18:42.504   646   646 E wificond: Failed to get NL80211_RATE_INFO_NOISE
11-20 22:18:42.504   646   646 E wificond: Failed to get NL80211_RATE_INFO_SNR
11-20 22:18:42.504   646   646 E wificond: Failed to get NL80211_STA_INFO_CNAHLOAD
11-20 22:18:42.794   646   646 E wificond: Failed to get NL80211_RATE_INFO_NOISE
11-20 22:18:42.795   646   646 E wificond: Failed to get NL80211_RATE_INFO_SNR
11-20 22:18:42.795   646   646 E wificond: Failed to get NL80211_STA_INFO_CNAHLOAD
11-20 22:18:45.813   646   646 E wificond: Failed to get NL80211_RATE_INFO_NOISE
11-20 22:18:45.813   646   646 E wificond: Failed to get NL80211_RATE_INFO_SNR
11-20 22:18:45.813   646   646 E wificond: Failed to get NL80211_STA_INFO_CNAHLOAD
11-20 22:18:47.918   536   544 W SocketListener: sending broadcast to Pid = 1057, Uid = 1000 
11-20 22:18:47.935  1057  1583 I chatty  : uid=1000(system) Binder:1057_3 expire 3 lines
11-20 22:18:48.833   646   646 E wificond: Failed to get NL80211_RATE_INFO_NOISE
11-20 22:18:48.833   646   646 E wificond: Failed to get NL80211_RATE_INFO_SNR
11-20 22:18:48.833   646   646 E wificond: Failed to get NL80211_STA_INFO_CNAHLOAD
11-20 22:18:50.508   646   646 E wificond: Failed to get NL80211_RATE_INFO_NOISE
11-20 22:18:50.508   646   646 E wificond: Failed to get NL80211_RATE_INFO_SNR
11-20 22:18:50.508   646   646 E wificond: Failed to get NL80211_STA_INFO_CNAHLOAD
11-20 22:18:50.510   646   646 E wificond: Failed to get NL80211_RATE_INFO_NOISE
11-20 22:18:50.511   646   646 E wificond: Failed to get NL80211_RATE_INFO_SNR
11-20 22:18:50.511   646   646 E wificond: Failed to get NL80211_STA_INFO_CNAHLOAD
11-20 22:18:51.851   646   646 E wificond: Failed to get NL80211_RATE_INFO_NOISE
11-20 22:18:51.851   646   646 E wificond: Failed to get NL80211_RATE_INFO_SNR
11-20 22:18:51.851   646   646 E wificond: Failed to get NL80211_STA_INFO_CNAHLOAD
11-20 22:18:54.870   646   646 E wificond: Failed to get NL80211_RATE_INFO_NOISE
11-20 22:18:54.870   646   646 E wificond: Failed to get NL80211_RATE_INFO_SNR
11-20 22:18:54.870   646   646 E wificond: Failed to get NL80211_STA_INFO_CNAHLOAD
11-20 22:18:55.692  9572  9572 W ContextImpl: Calling a method in the system process without a qualified user: android.app.ContextImpl.startService:1692 android.content.ContextWrapper.startService:650 com.huawei.vision.server.policy.PhoneState.doPolicyThingStop:103 com.huawei.vision.server.policy.PhoneStateReceiver.startOrStopVisionService:150 com.huawei.vision.server.policy.PhoneStateReceiver.access$200:18 
11-20 22:18:57.889   646   646 E wificond: Failed to get NL80211_RATE_INFO_NOISE
11-20 22:18:57.889   646   646 E wificond: Failed to get NL80211_RATE_INFO_SNR
11-20 22:18:57.889   646   646 E wificond: Failed to get NL80211_STA_INFO_CNAHLOAD
11-20 22:18:58.511   646   646 E wificond: Failed to get NL80211_RATE_INFO_NOISE
11-20 22:18:58.511   646   646 E wificond: Failed to get NL80211_RATE_INFO_SNR
11-20 22:18:58.511   646   646 E wificond: Failed to get NL80211_STA_INFO_CNAHLOAD
11-20 22:18:58.514   646   646 E wificond: Failed to get NL80211_RATE_INFO_NOISE
11-20 22:18:58.514   646   646 E wificond: Failed to get NL80211_RATE_INFO_SNR
11-20 22:18:58.514   646   646 E wificond: Failed to get NL80211_STA_INFO_CNAHLOAD
11-20 22:19:00.905   646   646 E wificond: Failed to get NL80211_RATE_INFO_NOISE
11-20 22:19:00.906   646   646 E wificond: Failed to get NL80211_RATE_INFO_SNR
11-20 22:19:00.906   646   646 E wificond: Failed to get NL80211_STA_INFO_CNAHLOAD
11-20 22:19:02.001  1057  1784 I chatty  : uid=1000(system) Binder:1057_6 expire 29 lines
11-20 22:19:02.086  1057  7360 I chatty  : uid=1000(system) Binder:1057_1B expire 3 lines
11-20 22:19:02.093 31025 31025 E ActivityThread: Failed to find provider info for com.huawei.wildkids
11-20 22:19:02.096  1057  6646 I chatty  : uid=1000(system) Binder:1057_18 expire 1 line
11-20 22:19:02.429 31025 31025 D ActivityThread: Remove activity client record, r= ActivityRecord{6ee0b14 token=android.os.BinderProxy@9439387 {com.android.settings/com.android.settings.Settings$DevelopmentSettingsActivity}} token= android.os.BinderProxy@9439387
11-20 22:19:02.434  1057  1633 I chatty  : uid=1000(system) Binder:1057_5 expire 30 lines
11-20 22:19:02.503  1057  1402 I chatty  : uid=1000(system) android.anim expire 30 lines
11-20 22:19:03.780  1057  1584 I chatty  : uid=1000(system) Binder:1057_4 expire 6 lines
11-20 22:19:03.822 31025 31025 W ContextImpl: Calling a method in the system process without a qualified user: android.app.ContextImpl.sendBroadcast:1131 android.content.ContextWrapper.sendBroadcast:442 com.android.settings.HWSettings.onResume:163 android.app.Instrumentation.callActivityOnResume:1365 android.app.Activity.performResume:7452 
11-20 22:19:03.831  1057  6646 I chatty  : uid=1000(system) Binder:1057_18 expire 14 lines
11-20 22:19:03.831  1057  1203 I chatty  : uid=1000(system) HwGameAssistant expire 3 lines
11-20 22:19:03.833  1057  1186 I chatty  : uid=1000(system) HwActivityManag expire 5 lines
11-20 22:19:03.839  1057  7360 I chatty  : uid=1000(system) Binder:1057_1B expire 16 lines
11-20 22:19:03.923   646   646 E wificond: Failed to get NL80211_RATE_INFO_NOISE
11-20 22:19:03.923   646   646 E wificond: Failed to get NL80211_RATE_INFO_SNR
11-20 22:19:03.923   646   646 E wificond: Failed to get NL80211_STA_INFO_CNAHLOAD
11-20 22:19:04.139  1057  1189 I chatty  : uid=1000(system) ActivityManager expire 4 lines
11-20 22:19:04.142 31025 31025 D ActivityThread: Remove activity client record, r= ActivityRecord{67a3d1d token=android.os.BinderProxy@cc47f64 {com.android.settings/com.android.settings.Settings$HwSystemDashboardActivity}} token= android.os.BinderProxy@cc47f64
11-20 22:19:05.958  1057  1696 I chatty  : uid=1000(system) watchdog expire 3 lines
11-20 22:19:06.524   646   646 E wificond: Failed to get NL80211_RATE_INFO_NOISE
11-20 22:19:06.525   646   646 E wificond: Failed to get NL80211_RATE_INFO_SNR
11-20 22:19:06.525   646   646 E wificond: Failed to get NL80211_STA_INFO_CNAHLOAD
11-20 22:19:06.527   646   646 E wificond: Failed to get NL80211_RATE_INFO_NOISE
11-20 22:19:06.528   646   646 E wificond: Failed to get NL80211_RATE_INFO_SNR
11-20 22:19:06.528   646   646 E wificond: Failed to get NL80211_STA_INFO_CNAHLOAD
11-20 22:19:06.928   646   646 E wificond: Failed to get NL80211_RATE_INFO_NOISE
11-20 22:19:06.928   646   646 E wificond: Failed to get NL80211_RATE_INFO_SNR
11-20 22:19:06.928   646   646 E wificond: Failed to get NL80211_STA_INFO_CNAHLOAD
11-20 22:19:08.686  1057  1456 I chatty  : uid=1000(system) GestureNavManag expire 38 lines
11-20 22:19:08.856  1057  1583 I chatty  : uid=1000(system) Binder:1057_3 expire 12 lines
11-20 22:19:08.931  1057  2347 I chatty  : uid=1000(system) Binder:1057_E expire 19 lines
11-20 22:19:08.933  1883  2371 I HwNetworkPolicyManager: getHwUidPolicy uid = 10069 policy = 0
11-20 22:19:09.015  1601  7342 I CommandQueue: updateBarBgColor
11-20 22:19:09.015  1601  7342 D CommandQueue: CommandQueue, setBarBackgroundColor
11-20 22:19:09.366  1057  1057 I chatty  : uid=1000 system_server expire 10 lines
11-20 22:19:09.947   646   646 E wificond: Failed to get NL80211_RATE_INFO_NOISE
11-20 22:19:09.947   646   646 E wificond: Failed to get NL80211_RATE_INFO_SNR
11-20 22:19:09.947   646   646 E wificond: Failed to get NL80211_STA_INFO_CNAHLOAD
11-20 22:19:11.159  1057  9435 I chatty  : uid=1000(system) Binder:1057_1F expire 27 lines
11-20 22:19:11.219   536   544 W SocketListener: sending broadcast to Pid = 1057, Uid = 1000 
11-20 22:19:11.220  1883  2371 I HwNetworkPolicyManager: getHwUidPolicy uid = 10168 policy = 0
--------- beginning of main
11-20 22:19:11.220 21236 28362 I chatty  : uid=10168(com.netease.play) expire 70 lines
11-20 22:19:11.220  1057  1468 I chatty  : uid=1000(system) NetdConnector expire 10 lines
11-20 22:19:11.221  1057  1200 I chatty  : uid=1000(system) android.fg expire 10 lines
11-20 22:19:11.224   629 12259 I AudioFlinger: setParameters(): io 0, keyvalue game_mode=off, calling pid 1057
11-20 22:19:11.224   580  1294 I spk_dev_interface: spk_set_parameters: use new smartpakit version
11-20 22:19:11.224   580  1294 I audio_custom: game mode exit.
11-20 22:19:11.224   580  1294 I dsp_soc : set primary algo bypass 0 succ
11-20 22:19:11.225 21236 28356 I chatty  : uid=10168(com.netease.play) expire 37 lines
11-20 22:19:11.226  1601  3553 I CommandQueue: updateBarBgColor
11-20 22:19:11.226  1601  3553 D CommandQueue: CommandQueue, setBarBackgroundColor
11-20 22:19:11.228   606  2127 E BufferQueueProducer: [] mConsumerName == NULL!!!!!!
11-20 22:19:11.229 21236 21345 I chatty  : uid=10168(com.netease.play) RenderThread expire 16 lines
11-20 22:19:11.230   606  2127 E BufferQueueProducer: [] mConsumerName == NULL!!!!!!
11-20 22:19:11.235   606  2127 E BufferQueueProducer: [] mConsumerName == NULL!!!!!!
11-20 22:19:11.242  8135  8135 I wangchen: SysInfo.getSysParam: orientation=1||config d=3.0,w=1080,h=2340||metrics d=3.0,w=1080,h=2340||sdk=27,bar_h=90
11-20 22:19:11.242  8135  8135 I KeymapLoader: w=1080 h=2340 ori=true appScale=3.3 s1=3.0
11-20 22:19:11.244   536 32097 W libc    : Set property "hw.wifi.dns_stat" to "446,26,483,1,6386"
11-20 22:19:11.245   624   704 I emcomd  : [EMCOMD_NET] parse_dns_process# dns query duplication
11-20 22:19:11.308  1794 31864 E HsmCoreServiceImpl: onTransact in code is: 103
11-20 22:19:11.308  1794 31864 I MediaProcessHandler: playingUids: 
11-20 22:19:11.331  3482 17741 W libEGL  : EGLNativeWindowType 0x73a0961010 disconnect failed
11-20 22:19:11.331  1842  2057 W libEGL  : EGLNativeWindowType 0x7399190010 disconnect failed
11-20 22:19:12.683   648   716 I Pged-IPgedBinderService: ****action is 2, pid num is 5***
11-20 22:19:12.683   648   716 I Pged-Freezer: thawPids
11-20 22:19:12.956   601   601 E WifiHAL : enter wifi_get_link_stats
11-20 22:19:12.966   646   646 E wificond: Failed to get NL80211_RATE_INFO_NOISE
11-20 22:19:12.966   646   646 E wificond: Failed to get NL80211_RATE_INFO_SNR
11-20 22:19:12.966   646   646 E wificond: Failed to get NL80211_STA_INFO_CNAHLOAD
11-20 22:19:13.167   645   645 E Thermal-daemon: [pa_0] temp_new :29  temp_old :28
11-20 22:19:13.169  1806  1930 I chatty  : uid=1000(system) Binder:1806_3 expire 12 lines
11-20 22:19:13.169   645   645 E Thermal-daemon: Report temperature: [pa_0] temp :29  report_threshold:1
11-20 22:19:13.170   645   645 E Thermal-daemon: [ap] temp_new :31  temp_old :30
11-20 22:19:13.170   645   645 E Thermal-daemon: Report temperature: [ap] temp :31  report_threshold:1
11-20 22:19:14.015   599   599 D SensorHub: huawei Hal strandard_stepcounter is 4772
11-20 22:19:14.529   646   646 E wificond: Failed to get NL80211_RATE_INFO_NOISE
11-20 22:19:14.530   646   646 E wificond: Failed to get NL80211_RATE_INFO_SNR
11-20 22:19:14.530   646   646 E wificond: Failed to get NL80211_STA_INFO_CNAHLOAD
11-20 22:19:14.533   646   646 E wificond: Failed to get NL80211_RATE_INFO_NOISE
11-20 22:19:14.533   646   646 E wificond: Failed to get NL80211_RATE_INFO_SNR
11-20 22:19:14.533   646   646 E wificond: Failed to get NL80211_STA_INFO_CNAHLOAD
11-20 22:19:14.538  1057  1542 I chatty  : uid=1000(system) HwWifiConnectiv expire 13 lines
11-20 22:19:15.974   601   601 E WifiHAL : enter wifi_get_link_stats
11-20 22:19:15.984   646   646 E wificond: Failed to get NL80211_RATE_INFO_NOISE
11-20 22:19:15.984   646   646 E wificond: Failed to get NL80211_RATE_INFO_SNR
11-20 22:19:15.984   646   646 E wificond: Failed to get NL80211_STA_INFO_CNAHLOAD
11-20 22:19:16.448 21236 21376 I chatty  : uid=10168(com.netease.play) upload_timer expire 10 lines
11-20 22:19:16.459   536 32101 W libc    : Set property "hw.wifi.dns_stat" to "448,26,483,1,6391"
11-20 22:19:18.171   645   645 E Thermal-daemon: [charger_ic] temp_new :29  temp_old :28
11-20 22:19:18.173   645   645 E Thermal-daemon: Report temperature: [charger_ic] temp :29  report_threshold:1
11-20 22:19:18.993   601   601 E WifiHAL : enter wifi_get_link_stats
11-20 22:19:19.004   646   646 E wificond: Failed to get NL80211_RATE_INFO_NOISE
11-20 22:19:19.004   646   646 E wificond: Failed to get NL80211_RATE_INFO_SNR
11-20 22:19:19.004   646   646 E wificond: Failed to get NL80211_STA_INFO_CNAHLOAD
11-20 22:19:20.015   599   599 D SensorHub: huawei Hal strandard_stepcounter is 4772
11-20 22:19:21.014   599   599 D SensorHub: huawei Hal strandard_stepcounter is 4772
11-20 22:19:22.013   601   601 E WifiHAL : enter wifi_get_link_stats
11-20 22:19:22.024   646   646 E wificond: Failed to get NL80211_RATE_INFO_NOISE
11-20 22:19:22.024   646   646 E wificond: Failed to get NL80211_RATE_INFO_SNR
11-20 22:19:22.024   646   646 E wificond: Failed to get NL80211_STA_INFO_CNAHLOAD
11-20 22:19:22.530   646   646 E wificond: Failed to get NL80211_RATE_INFO_NOISE
11-20 22:19:22.531   646   646 E wificond: Failed to get NL80211_RATE_INFO_SNR
11-20 22:19:22.531   646   646 E wificond: Failed to get NL80211_STA_INFO_CNAHLOAD
11-20 22:19:22.533   646   646 E wificond: Failed to get NL80211_RATE_INFO_NOISE
11-20 22:19:22.533   646   646 E wificond: Failed to get NL80211_RATE_INFO_SNR
11-20 22:19:22.533   646   646 E wificond: Failed to get NL80211_STA_INFO_CNAHLOAD
11-20 22:19:22.536  1057  1057 I chatty  : uid=1000 system_server expire 74 lines
11-20 22:19:22.541  1057  1543 I chatty  : uid=1000(system) WifiProStateMac expire 12 lines
11-20 22:19:23.148 21236 21286 I chatty  : uid=10168(com.netease.play) StatisticUtils expire 42 lines
11-20 22:19:23.175   645   645 E Thermal-daemon: [battery] temp_new :28  temp_old :27
11-20 22:19:23.176   645   645 E Thermal-daemon: Report temperature: [battery] temp :28  report_threshold:1
11-20 22:19:23.179   645   645 E Thermal-daemon: [ap] temp_new :30  temp_old :31
11-20 22:19:23.180   645   645 E Thermal-daemon: Report temperature: [ap] temp :30  report_threshold:1
11-20 22:19:23.937  1601  1601 I chatty  : uid=10032(com.huawei.HwMultiScreenShot) com.android.systemui expire 87 lines
11-20 22:19:24.080  1057  9435 I chatty  : uid=1000(system) Binder:1057_1F expire 1 line
11-20 22:19:24.099  9572  9572 I HwVisionService: [PhoneStateReceiver] battery current is 100 plugIn = true
11-20 22:19:24.100  9572  9572 W ContextImpl: Calling a method in the system process without a qualified user: android.app.ContextImpl.startService:1692 android.content.ContextWrapper.startService:650 com.huawei.vision.server.policy.PhoneState.doPolicyThingStop:103 com.huawei.vision.server.policy.PhoneStateReceiver.startOrStopVisionService:150 com.huawei.vision.server.policy.PhoneStateReceiver.access$200:18 
11-20 22:19:24.103  9572  9572 I HwVisionService: [VisionService] onStartCommand stopClassifyInBackend
11-20 22:19:25.032   601   601 E WifiHAL : enter wifi_get_link_stats
11-20 22:19:25.042   646   646 E wificond: Failed to get NL80211_RATE_INFO_NOISE
11-20 22:19:25.042   646   646 E wificond: Failed to get NL80211_RATE_INFO_SNR
11-20 22:19:25.042   646   646 E wificond: Failed to get NL80211_STA_INFO_CNAHLOAD
11-20 22:19:25.043  1057  1474 I chatty  : uid=1000(system) WifiStateMachin expire 17 lines
11-20 22:19:25.043  1057  1476 I chatty  : uid=1000(system) HwWifiCHRStateM expire 12 lines
11-20 22:19:25.374   564   617 I ArData  : (ar_data_netlink_cb:810):cmd[2].length[60]
11-20 22:19:25.378  1766 25008 I OPCollectLog: Action:RawARStatus executed successfully
11-20 22:19:25.382  1779 13085 D HwNaturalBase: [Binder:1779_F]: 1766:1000 requesting insert RawARStatus.
11-20 22:19:25.390  1766  2018 I OPCollectLog: OdmfHelper:insert dsCollectEncrypt success 
11-20 22:19:25.869  1057  1412 I chatty  : uid=1000(system) UEventObserver expire 6 lines
11-20 22:19:25.887  1057  1633 I chatty  : uid=1000(system) Binder:1057_5 expire 9 lines
11-20 22:19:25.902  9572  9572 I HwVisionService: [PhoneStateReceiver] battery current is 100 plugIn = true
11-20 22:19:25.902  9572  9572 W ContextImpl: Calling a method in the system process without a qualified user: android.app.ContextImpl.startService:1692 android.content.ContextWrapper.startService:650 com.huawei.vision.server.policy.PhoneState.doPolicyThingStop:103 com.huawei.vision.server.policy.PhoneStateReceiver.startOrStopVisionService:150 com.huawei.vision.server.policy.PhoneStateReceiver.access$200:18 
11-20 22:19:25.906  9572  9572 I HwVisionService: [VisionService] onStartCommand stopClassifyInBackend
11-20 22:19:26.285   536   550 D         : Received kernel message payload: chr_event 9
11-20 22:19:26.285   536   550 I         : netd received web stat infomation,trigger chr report!
11-20 22:19:26.286   536   550 I         : netd received web stat infomation,trigger chr report!
11-20 22:19:26.286   536   550 I         : ReportType 0 0 0 0 0 0 0 0 0 0 0 0 0 0 0 0 0 0 0 0 0 0 0 0 0 0 0 0 0 0 0 0 0 0 0 0 0 0 0 0 0 0 0 0 0 0 0 0 0 0 0 0 0 0 0 0 0 0 0 0 0 0 0 0 0 0 0 0 0 0 0 0 0 0 0 0 0 0 0 0 0 0 0 0 0 0 0 0 0 0 0 0 0 0 0 0 0 0 0 0 0 0 0 0 0 0 0 0 0 0 0 0 0 0 0 0 0 0 0 0 0 0 0 0 0 0 0 0 0 0 0 0 0 0 0 0 0 0 0 0 0 0 0 0 0 0 0 0 0 0 0 0 0 0 0 0 0 0 0 0 0 0 0 0 0 0 0 0 0 0 0 0 0 0 0 0 0 0 0 0 0 0 0 0 0 0 0 0 0 0 0 0 0 0 0 0 0 0 0 0 0 0 0 0 0 0 0 0 0 0 0 0 0 0 0 0 0 0 0 0 0 0 0 0 0 0 0 0 0 ReportType 0 12 8 1 0 0 1 3 1 0 0 0 0 0 3 0 0 0 0 1 0 0 0 0 0 0 0 0 0 0 0 0 0 0 0 0 0 0 0 0 0 0 0 0 0 0 0 0 0 0 0 0 0 0 0 0 0 0 0 0 0 0 0 0 0 0 0 0 0 0 0 0 0 0 0 0 0 0 0 0 0 0 0 0 0 0 0 0 0 0 0 0 0 0 0 0 0 0 0 0 0 0 0 0 0 0 0 0 0 0 0 0 0 0 0 0 0 0 0 0 0 0 0 0 0 0 0 0 0 0 0 0 0 0 0 0 0 0 0 0 0 0 0 0 0 0 0 0 0 0 0 0 0 0 0 0 0 0 0 0 0 0 0 0 0 0 0 0 0 0 0 0 0 0 0 0 0 0 0 0 0 0 0 0 0 0 0 0 0 0 0 0 0 0 0 0 0 0 0 0 0 0 0 0 0 0 0 0 0 0 0 0 5 3 5 8 8 8 0 0 0 0 0 0 0 0 0 4 1
11-20 22:19:26.286   536   550 W SocketListener: sending broadcast to Pid = 1057, Uid = 1000 
11-20 22:19:27.015   599   795 D SensorHub: huawei Hal strandard_stepcounter is 4772
11-20 22:19:28.052   601   601 E WifiHAL : enter wifi_get_link_stats
11-20 22:19:28.061   646   646 E wificond: Failed to get NL80211_RATE_INFO_NOISE
11-20 22:19:28.061   646   646 E wificond: Failed to get NL80211_RATE_INFO_SNR
11-20 22:19:28.061   646   646 E wificond: Failed to get NL80211_STA_INFO_CNAHLOAD
11-20 22:19:29.606   536 32106 W libc    : Set property "hw.wifi.dns_stat" to "449,26,483,1,6392"
11-20 22:19:30.546   646   646 E wificond: Failed to get NL80211_RATE_INFO_NOISE
11-20 22:19:30.546   646   646 E wificond: Failed to get NL80211_RATE_INFO_SNR
11-20 22:19:30.546   646   646 E wificond: Failed to get NL80211_STA_INFO_CNAHLOAD
11-20 22:19:30.548   646   646 E wificond: Failed to get NL80211_RATE_INFO_NOISE
11-20 22:19:30.548   646   646 E wificond: Failed to get NL80211_RATE_INFO_SNR
11-20 22:19:30.548   646   646 E wificond: Failed to get NL80211_STA_INFO_CNAHLOAD
11-20 22:19:31.066   601   601 E WifiHAL : enter wifi_get_link_stats
11-20 22:19:31.068   646   646 E wificond: Failed to get NL80211_RATE_INFO_NOISE
11-20 22:19:31.068   646   646 E wificond: Failed to get NL80211_RATE_INFO_SNR
11-20 22:19:31.068   646   646 E wificond: Failed to get NL80211_STA_INFO_CNAHLOAD
11-20 22:19:34.077   601   601 E WifiHAL : enter wifi_get_link_stats
11-20 22:19:34.086   646   646 E wificond: Failed to get NL80211_RATE_INFO_NOISE
11-20 22:19:34.086   646   646 E wificond: Failed to get NL80211_RATE_INFO_SNR
11-20 22:19:34.086   646   646 E wificond: Failed to get NL80211_STA_INFO_CNAHLOAD
11-20 22:19:35.945  1601  1601 I chatty  : uid=10032(com.huawei.HwMultiScreenShot) com.android.systemui expire 46 lines
11-20 22:19:37.095   601   601 E WifiHAL : enter wifi_get_link_stats
11-20 22:19:37.107   646   646 E wificond: Failed to get NL80211_RATE_INFO_NOISE
11-20 22:19:37.107   646   646 E wificond: Failed to get NL80211_RATE_INFO_SNR
11-20 22:19:37.107   646   646 E wificond: Failed to get NL80211_STA_INFO_CNAHLOAD
11-20 22:19:37.791  1057  1057 I chatty  : uid=1000 system_server expire 80 lines
11-20 22:19:38.172 21236 21286 I chatty  : uid=10168(com.netease.play) StatisticUtils expire 11 lines
11-20 22:19:38.550   646   646 E wificond: Failed to get NL80211_RATE_INFO_NOISE
11-20 22:19:38.550   646   646 E wificond: Failed to get NL80211_RATE_INFO_SNR
11-20 22:19:38.550   646   646 E wificond: Failed to get NL80211_STA_INFO_CNAHLOAD
11-20 22:19:38.551  1057  1474 I chatty  : uid=1000(system) WifiStateMachin expire 24 lines
11-20 22:19:38.551  1057  1476 I chatty  : uid=1000(system) HwWifiCHRStateM expire 10 lines
11-20 22:19:38.553   646   646 E wificond: Failed to get NL80211_RATE_INFO_NOISE
11-20 22:19:38.553   646   646 E wificond: Failed to get NL80211_RATE_INFO_SNR
11-20 22:19:38.553   646   646 E wificond: Failed to get NL80211_STA_INFO_CNAHLOAD
11-20 22:19:40.114   601   601 E WifiHAL : enter wifi_get_link_stats
11-20 22:19:40.126   646   646 E wificond: Failed to get NL80211_RATE_INFO_NOISE
11-20 22:19:40.126   646   646 E wificond: Failed to get NL80211_RATE_INFO_SNR
11-20 22:19:40.126   646   646 E wificond: Failed to get NL80211_STA_INFO_CNAHLOAD
11-20 22:19:41.944  1601  1875 I chatty  : uid=10032(com.huawei.HwMultiScreenShot) SystemUI_subThr expire 10 lines
11-20 22:19:42.745 21236 21236 I chatty  : uid=10168(com.netease.play) expire 10 lines
11-20 22:19:43.134   601   601 E WifiHAL : enter wifi_get_link_stats
11-20 22:19:43.144   646   646 E wificond: Failed to get NL80211_RATE_INFO_NOISE
11-20 22:19:43.144   646   646 E wificond: Failed to get NL80211_RATE_INFO_SNR
11-20 22:19:43.144   646   646 E wificond: Failed to get NL80211_STA_INFO_CNAHLOAD
11-20 22:19:46.152   601   601 E WifiHAL : enter wifi_get_link_stats
11-20 22:19:46.162   646   646 E wificond: Failed to get NL80211_RATE_INFO_NOISE
11-20 22:19:46.162   646   646 E wificond: Failed to get NL80211_RATE_INFO_SNR
11-20 22:19:46.162   646   646 E wificond: Failed to get NL80211_STA_INFO_CNAHLOAD
11-20 22:19:46.551   646   646 E wificond: Failed to get NL80211_RATE_INFO_NOISE
11-20 22:19:46.551   646   646 E wificond: Failed to get NL80211_RATE_INFO_SNR
11-20 22:19:46.551   646   646 E wificond: Failed to get NL80211_STA_INFO_CNAHLOAD
11-20 22:19:46.553   646   646 E wificond: Failed to get NL80211_RATE_INFO_NOISE
11-20 22:19:46.554   646   646 E wificond: Failed to get NL80211_RATE_INFO_SNR
11-20 22:19:46.554   646   646 E wificond: Failed to get NL80211_STA_INFO_CNAHLOAD
11-20 22:19:47.948  1601  1601 I chatty  : uid=10032(com.huawei.HwMultiScreenShot) com.android.systemui expire 50 lines
11-20 22:19:49.169   601   601 E WifiHAL : enter wifi_get_link_stats
11-20 22:19:49.179   646   646 E wificond: Failed to get NL80211_RATE_INFO_NOISE
11-20 22:19:49.180   646   646 E wificond: Failed to get NL80211_RATE_INFO_SNR
11-20 22:19:49.180   646   646 E wificond: Failed to get NL80211_STA_INFO_CNAHLOAD
11-20 22:19:49.181  1057  1476 I chatty  : uid=1000(system) HwWifiCHRStateM expire 10 lines
11-20 22:19:49.998   536   544 W SocketListener: sending broadcast to Pid = 1057, Uid = 1000 
11-20 22:19:50.018  1057  6646 I chatty  : uid=1000(system) Binder:1057_18 expire 3 lines
11-20 22:19:52.188   601   601 E WifiHAL : enter wifi_get_link_stats
11-20 22:19:52.199   646   646 E wificond: Failed to get NL80211_RATE_INFO_NOISE
11-20 22:19:52.199   646   646 E wificond: Failed to get NL80211_RATE_INFO_SNR
11-20 22:19:52.199   646   646 E wificond: Failed to get NL80211_STA_INFO_CNAHLOAD
11-20 22:19:53.196   645   645 E Thermal-daemon: [battery] temp_new :27  temp_old :28
11-20 22:19:53.197  1806  2691 I chatty  : uid=1000(system) Binder:1806_6 expire 11 lines
11-20 22:19:53.197   645   645 E Thermal-daemon: Report temperature: [battery] temp :27  report_threshold:1
11-20 22:19:54.567   646   646 E wificond: Failed to get NL80211_RATE_INFO_NOISE
11-20 22:19:54.567   646   646 E wificond: Failed to get NL80211_RATE_INFO_SNR
11-20 22:19:54.567   646   646 E wificond: Failed to get NL80211_STA_INFO_CNAHLOAD
11-20 22:19:54.570   646   646 E wificond: Failed to get NL80211_RATE_INFO_NOISE
11-20 22:19:54.570   646   646 E wificond: Failed to get NL80211_RATE_INFO_SNR
11-20 22:19:54.570   646   646 E wificond: Failed to get NL80211_STA_INFO_CNAHLOAD
11-20 22:19:55.206   601   601 E WifiHAL : enter wifi_get_link_stats
11-20 22:19:55.208   646   646 E wificond: Failed to get NL80211_RATE_INFO_NOISE
11-20 22:19:55.208   646   646 E wificond: Failed to get NL80211_RATE_INFO_SNR
11-20 22:19:55.208   646   646 E wificond: Failed to get NL80211_STA_INFO_CNAHLOAD
11-20 22:19:55.640  1163  1170 I OAM     : [check_file_size:505]/data/log/wifi/wifi_log_1 log file beyond size=10240Byte, creat new file
11-20 22:19:55.640  1163  1170 I OAM     : [rename_old_file:210]rename_old_file
11-20 22:19:55.640  1163  1170 I OAM     : 
11-20 22:19:56.111  9572  9572 I HwVisionService: [PhoneStateReceiver] battery current is 100 plugIn = true
11-20 22:19:56.111  9572  9572 W ContextImpl: Calling a method in the system process without a qualified user: android.app.ContextImpl.startService:1692 android.content.ContextWrapper.startService:650 com.huawei.vision.server.policy.PhoneState.doPolicyThingStop:103 com.huawei.vision.server.policy.PhoneStateReceiver.startOrStopVisionService:150 com.huawei.vision.server.policy.PhoneStateReceiver.access$200:18 
11-20 22:19:56.117  9572  9572 I HwVisionService: [VisionService] onStartCommand stopClassifyInBackend
11-20 22:19:58.217   601   601 E WifiHAL : enter wifi_get_link_stats
11-20 22:19:58.226   646   646 E wificond: Failed to get NL80211_RATE_INFO_NOISE
11-20 22:19:58.226   646   646 E wificond: Failed to get NL80211_RATE_INFO_SNR
11-20 22:19:58.226   646   646 E wificond: Failed to get NL80211_STA_INFO_CNAHLOAD
11-20 22:19:58.227  1057  1474 I chatty  : uid=1000(system) WifiStateMachin expire 20 lines
11-20 22:19:58.813  1057  1057 I chatty  : uid=1000 system_server expire 55 lines
11-20 22:20:00.003   649  1438 D dubaid  : [HourlyRoutine.cpp] handleRequestOffset# timestamp=1542722400000, expire=2399997
11-20 22:20:00.058  1601  1601 I chatty  : uid=10032(com.huawei.HwMultiScreenShot) com.android.systemui expire 40 lines
11-20 22:20:00.069  1842  1842 I HwLauncher: Model  onReceive intent=Intent { act=android.intent.action.TIME_TICK flg=0x50200014 hwFlg=0x900 (has extras) }
11-20 22:20:00.069  1842  1842 I HwLauncher: Model  onReceive user=UserHandle{0}
11-20 22:20:01.236   601   601 E WifiHAL : enter wifi_get_link_stats
11-20 22:20:01.246   646   646 E wificond: Failed to get NL80211_RATE_INFO_NOISE
11-20 22:20:01.246   646   646 E wificond: Failed to get NL80211_RATE_INFO_SNR
11-20 22:20:01.247   646   646 E wificond: Failed to get NL80211_STA_INFO_CNAHLOAD
11-20 22:20:01.248  1057  1476 I chatty  : uid=1000(system) HwWifiCHRStateM expire 14 lines
11-20 22:20:01.657  1057  1534 I chatty  : uid=1000(system) WiFiArpStateMac expire 10 lines
11-20 22:20:02.574   646   646 E wificond: Failed to get NL80211_RATE_INFO_NOISE
11-20 22:20:02.574   646   646 E wificond: Failed to get NL80211_RATE_INFO_SNR
11-20 22:20:02.574   646   646 E wificond: Failed to get NL80211_STA_INFO_CNAHLOAD
11-20 22:20:02.578   646   646 E wificond: Failed to get NL80211_RATE_INFO_NOISE
11-20 22:20:02.578   646   646 E wificond: Failed to get NL80211_RATE_INFO_SNR
11-20 22:20:02.578   646   646 E wificond: Failed to get NL80211_STA_INFO_CNAHLOAD
11-20 22:20:03.194 21236 21236 I chatty  : uid=10168(com.netease.play) expire 10 lines
11-20 22:20:04.255   601   601 E WifiHAL : enter wifi_get_link_stats
11-20 22:20:04.265   646   646 E wificond: Failed to get NL80211_RATE_INFO_NOISE
11-20 22:20:04.265   646   646 E wificond: Failed to get NL80211_RATE_INFO_SNR
11-20 22:20:04.265   646   646 E wificond: Failed to get NL80211_STA_INFO_CNAHLOAD
11-20 22:20:04.934   536   544 W SocketListener: sending broadcast to Pid = 1057, Uid = 1000 
11-20 22:20:05.194  1057  1475 I chatty  : uid=1000(system) HwWifiStatStore expire 10 lines
11-20 22:20:07.275   601   601 E WifiHAL : enter wifi_get_link_stats
11-20 22:20:07.288   646   646 E wificond: Failed to get NL80211_RATE_INFO_NOISE
11-20 22:20:07.288   646   646 E wificond: Failed to get NL80211_RATE_INFO_SNR
11-20 22:20:07.288   646   646 E wificond: Failed to get NL80211_STA_INFO_CNAHLOAD
11-20 22:20:10.298   601   601 E WifiHAL : enter wifi_get_link_stats
11-20 22:20:10.308   646   646 E wificond: Failed to get NL80211_RATE_INFO_NOISE
11-20 22:20:10.308   646   646 E wificond: Failed to get NL80211_RATE_INFO_SNR
11-20 22:20:10.308   646   646 E wificond: Failed to get NL80211_STA_INFO_CNAHLOAD
11-20 22:20:10.575   646   646 E wificond: Failed to get NL80211_RATE_INFO_NOISE
11-20 22:20:10.576   646   646 E wificond: Failed to get NL80211_RATE_INFO_SNR
11-20 22:20:10.576   646   646 E wificond: Failed to get NL80211_STA_INFO_CNAHLOAD
11-20 22:20:10.578   646   646 E wificond: Failed to get NL80211_RATE_INFO_NOISE
11-20 22:20:10.578   646   646 E wificond: Failed to get NL80211_RATE_INFO_SNR
11-20 22:20:10.578   646   646 E wificond: Failed to get NL80211_STA_INFO_CNAHLOAD
11-20 22:20:10.580  1057  1548 I chatty  : uid=1000(system) HuaweiWifiWatch expire 14 lines
11-20 22:20:10.583  1057  1539 I chatty  : uid=1000(system) wifipro_uid_tcp expire 13 lines
11-20 22:20:11.951  1601  1875 I chatty  : uid=10032(com.huawei.HwMultiScreenShot) SystemUI_subThr expire 15 lines
11-20 22:20:11.954  1601  1601 I chatty  : uid=10032(com.huawei.HwMultiScreenShot) com.android.systemui expire 142 lines
11-20 22:20:13.318   601   601 E WifiHAL : enter wifi_get_link_stats
11-20 22:20:13.327   646   646 E wificond: Failed to get NL80211_RATE_INFO_NOISE
11-20 22:20:13.327   646   646 E wificond: Failed to get NL80211_RATE_INFO_SNR
11-20 22:20:13.327   646   646 E wificond: Failed to get NL80211_STA_INFO_CNAHLOAD
11-20 22:20:13.327  1057  1474 I chatty  : uid=1000(system) WifiStateMachin expire 14 lines
11-20 22:20:16.334   601   601 E WifiHAL : enter wifi_get_link_stats
11-20 22:20:16.344   646   646 E wificond: Failed to get NL80211_RATE_INFO_NOISE
11-20 22:20:16.344   646   646 E wificond: Failed to get NL80211_RATE_INFO_SNR
11-20 22:20:16.344   646   646 E wificond: Failed to get NL80211_STA_INFO_CNAHLOAD
11-20 22:20:16.345  1057  1476 I chatty  : uid=1000(system) HwWifiCHRStateM expire 20 lines
11-20 22:20:16.830  1057  1057 I chatty  : uid=1000 system_server expire 85 lines
11-20 22:20:18.589   646   646 E wificond: Failed to get NL80211_RATE_INFO_NOISE
11-20 22:20:18.589   646   646 E wificond: Failed to get NL80211_RATE_INFO_SNR
11-20 22:20:18.589   646   646 E wificond: Failed to get NL80211_STA_INFO_CNAHLOAD
11-20 22:20:18.592   646   646 E wificond: Failed to get NL80211_RATE_INFO_NOISE
11-20 22:20:18.592   646   646 E wificond: Failed to get NL80211_RATE_INFO_SNR
11-20 22:20:18.592   646   646 E wificond: Failed to get NL80211_STA_INFO_CNAHLOAD
11-20 22:20:19.351   601   601 E WifiHAL : enter wifi_get_link_stats
11-20 22:20:19.353   646   646 E wificond: Failed to get NL80211_RATE_INFO_NOISE
11-20 22:20:19.353   646   646 E wificond: Failed to get NL80211_RATE_INFO_SNR
11-20 22:20:19.353   646   646 E wificond: Failed to get NL80211_STA_INFO_CNAHLOAD
11-20 22:20:20.014   536   544 W SocketListener: sending broadcast to Pid = 1057, Uid = 1000 
11-20 22:20:21.199 14536 14536 I adbd    : USB disconnect
11-20 22:20:21.201 14536 14536 I adbd    : Calling send_auth_request...
11-20 22:20:21.273   645  2833 E Thermal-daemon: device current too high (-170), during charging or current std is invalid. 
11-20 22:20:21.273   645  2833 E Thermal-daemon: latest temp 20644 at 2018/11/20, 14h:20m:21s.
11-20 22:20:21.320 14536 14536 I adbd    : Loading keys from /data/misc/adb/adb_keys
11-20 22:20:21.330 14536 14536 E adbd    : Invalid base64 key  in /data/misc/adb/adb_keys
11-20 22:20:21.330 14536 14536 I adbd    : Calling send_auth_request...
11-20 22:20:21.336  1057  2009 I chatty  : uid=1000(system) UsbDebuggingMan expire 2 lines
11-20 22:20:21.390  1601  1601 V ActivityThread: systemui config :null mConfiguration:{1.0 ?mcc?mnc [zh_CN_#Hans] ldltr sw360dp w360dp h750dp 480dpi nrml long hdr port finger -keyb/v/h -nav/h appBounds=Rect(0, 0 - 1080, 2340) nonFullScreen=0 suim:1 s.339} compat:null called by android.app.ActivityThread.handleLaunchActivity:3418 
11-20 22:20:21.390  1601  1601 V ActivityThread: systemui pendingconfig:{1.0 ?mcc?mnc [zh_CN_#Hans] ldltr sw360dp w360dp h750dp 480dpi nrml long hdr port finger -keyb/v/h -nav/h appBounds=Rect(0, 0 - 1080, 2340) nonFullScreen=0 suim:1 s.339}
11-20 22:20:21.390  1601  1601 V ActivityThread: Skipping new config:{1.0 ?mcc?mnc [zh_CN_#Hans] ldltr sw360dp w360dp h750dp 480dpi nrml long hdr port finger -keyb/v/h -nav/h appBounds=Rect(0, 0 - 1080, 2340) nonFullScreen=0 suim:1 s.339}, config:{1.0 ?mcc?mnc [zh_CN_#Hans] ldltr sw360dp w360dp h750dp 480dpi nrml long hdr port finger -keyb/v/h -nav/h appBounds=Rect(0, 0 - 1080, 2340) nonFullScreen=0 suim:1 s.339} for app:com.android.systemui
11-20 22:20:21.392  1057  1633 I chatty  : uid=1000(system) Binder:1057_5 expire 30 lines
11-20 22:20:21.392  1057  1527 I chatty  : uid=1000(system) EmcomThread expire 28 lines
11-20 22:20:21.393  1806  2576 I chatty  : uid=1000(system) sdk thread expire 16 lines
11-20 22:20:21.393  1766 25008 I OPCollectLog: Action:HwForegroundAppAction executed successfully
11-20 22:20:21.394  1806  2580 I chatty  : uid=1000(system) thermal-core-th expire 13 lines
11-20 22:20:21.394  1601  1601 V ActivityThread: callActivityOnCreate
11-20 22:20:21.394  1779 13085 D HwNaturalBase: [Binder:1779_F]: 1766:1000 requesting insert RawFgAPPEvent.
11-20 22:20:21.397  1766  2018 I OPCollectLog: OdmfHelper:insert dsCollectEncrypt success 
11-20 22:20:21.398  2880  3310 I HwRecSys_OdmfCollectScheduler: handleMessage msg: 6
11-20 22:20:21.398  2880  3310 I HwRecSys_HwRecSysService:  cur pkg: com.android.systemui
11-20 22:20:21.401  1601  1601 D ActivityThread: add activity client record, r= ActivityRecord{d359912 token=android.os.BinderProxy@cac454f {com.android.systemui/com.android.systemui.usb.HwUsbDebuggingActivity}} token= android.os.BinderProxy@cac454f
11-20 22:20:21.406  1057  2347 I chatty  : uid=1000(system) Binder:1057_E expire 29 lines
11-20 22:20:21.407  1057  1203 I chatty  : uid=1000(system) HwGameAssistant expire 4 lines
11-20 22:20:21.407  1057  1186 I chatty  : uid=1000(system) HwActivityManag expire 4 lines
11-20 22:20:21.425   606  2127 E BufferQueueProducer: [] mConsumerName == NULL!!!!!!
11-20 22:20:21.426   572  8468 I chatty  : uid=1000(system) HwBinder:572_3 expire 18 lines
11-20 22:20:21.443  1057  1402 I chatty  : uid=1000(system) android.anim expire 11 lines
11-20 22:20:21.449  1057  1202 I chatty  : uid=1000(system) android.display expire 2 lines
11-20 22:20:21.492  1794 31864 E HsmCoreServiceImpl: onTransact in code is: 103
11-20 22:20:21.492  1794 31864 I MediaProcessHandler: playingUids: 
11-20 22:20:21.878 21267 21317 I chatty  : uid=10168(com.netease.play) pool-6-thread-1 expire 13 lines
11-20 22:20:21.880   536   544 W SocketListener: sending broadcast to Pid = 1057, Uid = 1000 
11-20 22:20:21.881  1057  1468 I chatty  : uid=1000(system) NetdConnector expire 10 lines
11-20 22:20:21.882  1057  1200 I chatty  : uid=1000(system) android.fg expire 12 lines
11-20 22:20:21.896  1057  1057 I chatty  : uid=1000 system_server expire 10 lines
11-20 22:20:22.363   601   601 E WifiHAL : enter wifi_get_link_stats
11-20 22:20:22.371   646   646 E wificond: Failed to get NL80211_RATE_INFO_NOISE
11-20 22:20:22.372   646   646 E wificond: Failed to get NL80211_RATE_INFO_SNR
11-20 22:20:22.372   646   646 E wificond: Failed to get NL80211_STA_INFO_CNAHLOAD
11-20 22:20:22.799 21236 21236 I chatty  : uid=10168(com.netease.play) expire 15 lines
11-20 22:20:23.221   645   645 E Thermal-daemon: [ap] temp_new :31  temp_old :30
11-20 22:20:23.223   645   645 E Thermal-daemon: Report temperature: [ap] temp :31  report_threshold:1
11-20 22:20:23.225 21236 21286 I chatty  : uid=10168(com.netease.play) StatisticUtils expire 11 lines
11-20 22:20:23.978   610   610 I aptouch_daemon: filter_touch_detect, down, in: 1, out: 1
11-20 22:20:23.978  1057  1460 I chatty  : uid=1000(system) InputReader expire 12 lines
11-20 22:20:24.010   610   610 I aptouch_daemon: filter_touch_detect, all_touch_up
11-20 22:20:24.018 14536 14536 I adbd    : adb client authorized
11-20 22:20:24.050  1806  1935 D ScenarioService: front pkg : com.netease.play launcher: false
11-20 22:20:24.051  1806  1935 D ScenarioService: new above launcher front pkgs: [com.netease.play]
11-20 22:20:24.051  1806  1935 I AppManager: handleAppFrontEvent: com.netease.play
11-20 22:20:24.051  1806  1935 I AppsUsage: scnOff:false FgAPP:com.netease.play BgAPP:com.android.systemui
11-20 22:20:24.051  1806  1935 D PG_DBS_WIFI: mBgScanTimer == null, switch error!
11-20 22:20:24.052  1806  2555 I ash     : front pkg : com.netease.play launcher: false
11-20 22:20:24.052  1806  2555 I ash     : above launcher front pkgs: [com.netease.play]
11-20 22:20:24.057  1806  2576 I PGServer: report state:10000 event type:2 pid:0 uid:0 pkg:com.android.systemui to pid: 1057
11-20 22:20:24.057  1806  2576 I PGServer: report state:10000 event type:2 pid:0 uid:0 pkg:com.android.systemui to pid: 1806
11-20 22:20:24.057  1806  2576 I SceneReceiver: state type: 10000 eventType:2 pid:0 uid:0 pkg:com.android.systemui
11-20 22:20:24.057  1806  2576 I PGServer: report state:10000 event type:2 pid:0 uid:0 pkg:com.android.systemui to pid: 1766
11-20 22:20:24.058  1806  2576 I PGServer: report state:10000 event type:1 pid:0 uid:0 pkg:com.netease.play to pid: 1057
11-20 22:20:24.058  1806  2576 I PGServer: report state:10000 event type:1 pid:0 uid:0 pkg:com.netease.play to pid: 1806
11-20 22:20:24.058  1806  2576 I SceneReceiver: state type: 10000 eventType:1 pid:0 uid:0 pkg:com.netease.play
11-20 22:20:24.058  1806  2576 I PGServer: report state:10000 event type:1 pid:0 uid:0 pkg:com.netease.play to pid: 1766
11-20 22:20:24.059  1806  2580 D HwThermalStateManager: current foreapp pkg : com.netease.play
11-20 22:20:24.059  1806  2580 D HwThermalStateManager: really app:com.netease.play
11-20 22:20:24.059  1806  1930 I PGServer: checkPkgType. calling pkg: android
11-20 22:20:24.060  1806  1930 I PGServer: checkPkgType. calling pkg: android
