11-20 20:34:34.017  1883  1883 W ContextImpl: Calling a method in the system process without a qualified user: android.app.ContextImpl.stopService:1704 android.content.ContextWrapper.stopService:660 com.huawei.systemmanager.spacecleanner.autoclean.AutoCleanService.stopSelfService:116 com.huawei.systemmanager.spacecleanner.hivision.AutoHiVisionService.onStartCommand:47 android.app.ActivityThread.handleServiceArgs:4140 
11-20 20:34:34.017  1883 29011 W ContextImpl: Calling a method in the system process without a qualified user: android.app.ContextImpl.stopService:1704 android.content.ContextWrapper.stopService:660 com.huawei.systemmanager.spacecleanner.autoclean.AutoCleanService.stopSelfService:116 com.huawei.systemmanager.spacecleanner.hivision.AutoHiVisionService.lambda$-com_huawei_systemmanager_spacecleanner_hivision_AutoHiVisionService_lambda$0:25 com.huawei.systemmanager.spacecleanner.hivision.-$Lambda$nxzswPQxpMbVwIpd4jdraj2kRKk.$m$0:4 
11-20 20:34:34.147  1057  2806 I chatty  : uid=1000(system) HwDeviceUsageCo expire 1 line
11-20 20:34:34.207  2880 13622 W ContextImpl: Calling a method in the system process without a qualified user: android.app.ContextImpl.bindService:1772 android.content.ContextWrapper.bindService:684 com.huawei.nb.dataservice.dsclient.RemoteServiceConnection.open:90 com.huawei.nb.dataservice.dsclient.DataServiceProxy.connect:105 com.huawei.nb.dataservice.rsclient.internal.RemoteRuleService.start:27 
11-20 20:34:35.548  1057  1696 I chatty  : uid=1000(system) watchdog expire 12 lines
11-20 20:34:35.873  1057  1189 I chatty  : uid=1000(system) ActivityManager expire 1 line
11-20 20:34:36.020  1057  1468 I chatty  : uid=1000(system) NetdConnector expire 16 lines
11-20 20:34:39.415  1057  1412 I chatty  : uid=1000(system) UEventObserver expire 21 lines
11-20 20:34:49.863  1057  1485 I chatty  : uid=1000(system) WifiScanningSer expire 1 line
11-20 20:34:51.032   536   545 W SocketListener: sending broadcast to Pid = 1057, Uid = 1000 
11-20 20:34:51.040  1057  1200 I chatty  : uid=1000(system) android.fg expire 15 lines
11-20 20:34:51.374  1057  1707 I chatty  : uid=1000(system) LocationThread expire 9 lines
11-20 20:34:51.378  1057 29026 I chatty  : uid=1000 system_server expire 2 lines
11-20 20:34:51.384  1057 29027 I chatty  : uid=1000 system_server expire 1 line
11-20 20:34:51.393  1057  1841 I chatty  : uid=1000(system) Binder:1057_B expire 17 lines
11-20 20:34:52.732   646   646 I chatty  : uid=1010(wifi) /system/bin/wificond expire 12 lines
11-20 20:35:06.222   536   550 W SocketListener: sending broadcast to Pid = 1057, Uid = 1000 
11-20 20:35:08.750   646   646 I chatty  : uid=1010(wifi) /system/bin/wificond expire 42 lines
11-20 20:35:09.939  1057 29033 I chatty  : uid=1000 system_server expire 2 lines
11-20 20:35:09.944  1057 29034 I chatty  : uid=1000 system_server expire 1 line
11-20 20:35:14.242 29036 29036 D ActivityThread: Attach thread to application
11-20 20:35:14.527  1057  1113 I chatty  : uid=1000(system) Binder:1057_1 expire 3 lines
11-20 20:35:15.780  1057  1841 I chatty  : uid=1000(system) Binder:1057_B expire 11 lines
11-20 20:35:28.930  1057  8813 I chatty  : uid=1000(system) Binder:1057_1D expire 15 lines
11-20 20:35:39.843  1057  1057 I chatty  : uid=1000 system_server expire 12 lines
11-20 20:35:57.230   536   544 W SocketListener: sending broadcast to Pid = 1057, Uid = 1000 
11-20 20:35:57.234  1057  1468 I chatty  : uid=1000(system) NetdConnector expire 14 lines
11-20 20:35:57.247  1057  1841 I chatty  : uid=1000(system) Binder:1057_B expire 6 lines
11-20 20:35:57.793   536   544 W SocketListener: sending broadcast to Pid = 1057, Uid = 1000 
11-20 20:36:04.803   646   646 I chatty  : uid=1010(wifi) /system/bin/wificond expire 12 lines
11-20 20:36:16.494   536   544 W SocketListener: sending broadcast to Pid = 1057, Uid = 1000 
11-20 20:36:20.820   646   646 I chatty  : uid=1010(wifi) /system/bin/wificond expire 12 lines
11-20 20:36:32.400   536   544 W SocketListener: sending broadcast to Pid = 1057, Uid = 1000 
11-20 20:36:36.838   646   646 I chatty  : uid=1010(wifi) /system/bin/wificond expire 12 lines
11-20 20:36:47.470   536   550 W SocketListener: sending broadcast to Pid = 1057, Uid = 1000 
11-20 20:36:52.718   536   544 W SocketListener: sending broadcast to Pid = 1057, Uid = 1000 
11-20 20:36:52.735  1057  9435 I chatty  : uid=1000(system) Binder:1057_1F expire 10 lines
11-20 20:36:52.855   646   646 I chatty  : uid=1010(wifi) /system/bin/wificond expire 12 lines
11-20 20:37:07.726   536   544 W SocketListener: sending broadcast to Pid = 1057, Uid = 1000 
11-20 20:37:08.871   646   646 I chatty  : uid=1010(wifi) /system/bin/wificond expire 12 lines
11-20 20:37:22.798   536   544 W SocketListener: sending broadcast to Pid = 1057, Uid = 1000 
11-20 20:37:22.803  1057  1468 I chatty  : uid=1000(system) NetdConnector expire 10 lines
11-20 20:37:24.887   646   646 I chatty  : uid=1010(wifi) /system/bin/wificond expire 72 lines
11-20 20:37:30.012  1057  1057 I chatty  : uid=1000 system_server expire 20 lines
11-20 20:37:40.667  1057  1412 I chatty  : uid=1000(system) UEventObserver expire 12 lines
11-20 20:37:40.671  1057  6305 I chatty  : uid=1000(system) Binder:1057_15 expire 3 lines
11-20 20:38:10.877  1057  1113 I chatty  : uid=1000(system) Binder:1057_1 expire 3 lines
11-20 20:38:59.280   536   544 W SocketListener: sending broadcast to Pid = 1057, Uid = 1000 
11-20 20:38:59.297  1057  2349 I chatty  : uid=1000(system) Binder:1057_F expire 2 lines
11-20 20:39:00.988   646   646 I chatty  : uid=1010(wifi) /system/bin/wificond expire 24 lines
11-20 20:39:26.261  1057  1412 I chatty  : uid=1000(system) UEventObserver expire 21 lines
11-20 20:39:27.822   536   544 W SocketListener: sending broadcast to Pid = 1057, Uid = 1000 
11-20 20:39:27.830  1057  1200 I chatty  : uid=1000(system) android.fg expire 14 lines
11-20 20:39:29.655   536   544 W SocketListener: sending broadcast to Pid = 1057, Uid = 1000 
11-20 20:39:33.025   646   646 I chatty  : uid=1010(wifi) /system/bin/wificond expire 12 lines
11-20 20:39:41.508  1057  1057 I chatty  : uid=1000 system_server expire 16 lines
11-20 20:39:44.685   536   544 W SocketListener: sending broadcast to Pid = 1057, Uid = 1000 
11-20 20:39:49.042   646   646 I chatty  : uid=1010(wifi) /system/bin/wificond expire 30 lines
11-20 20:39:51.259   536   544 W SocketListener: sending broadcast to Pid = 1057, Uid = 1000 
11-20 20:39:51.263  1057  1468 I chatty  : uid=1000(system) NetdConnector expire 16 lines
11-20 20:40:25.955  1057  1470 I chatty  : uid=1000(system) NetworkStats expire 7 lines
11-20 20:40:25.985  1057  9435 I chatty  : uid=1000(system) Binder:1057_1F expire 11 lines
11-20 20:40:26.078 29085 29085 D ActivityThread: Attach thread to application
11-20 20:40:26.596 29085 29085 W ContextImpl: Calling a method in the system process without a qualified user: android.app.ContextImpl.startService:1692 android.content.ContextWrapper.startService:650 android.content.ContextWrapper.startService:650 com.huawei.hiwibd.android.trigger.HiWiTrigger.startHiWIService:140 com.huawei.hiwibd.android.trigger.HiWiReceiver$1.handleMessage:28 
11-20 20:40:26.627  1057  1113 I chatty  : uid=1000(system) Binder:1057_1 expire 12 lines
11-20 20:40:26.652  1057  6305 I chatty  : uid=1000(system) Binder:1057_15 expire 18 lines
11-20 20:40:29.080   646   646 I chatty  : uid=1010(wifi) /system/bin/wificond expire 12 lines
11-20 20:40:35.571  1057  1696 I chatty  : uid=1000(system) watchdog expire 10 lines
11-20 20:40:36.014   536   544 W SocketListener: sending broadcast to Pid = 1057, Uid = 1000 
11-20 20:40:36.032  1057  9435 I chatty  : uid=1000(system) Binder:1057_1F expire 11 lines
11-20 20:40:39.207   536   544 W SocketListener: sending broadcast to Pid = 1057, Uid = 1000 
11-20 20:40:39.218  1057  8813 I chatty  : uid=1000(system) Binder:1057_1D expire 10 lines
11-20 20:40:45.098   646   646 I chatty  : uid=1010(wifi) /system/bin/wificond expire 24 lines
11-20 20:41:17.102   536   550 W SocketListener: sending broadcast to Pid = 1057, Uid = 1000 
11-20 20:41:17.131   646   646 I chatty  : uid=1010(wifi) /system/bin/wificond expire 12 lines
11-20 20:41:17.197   536   544 W SocketListener: sending broadcast to Pid = 1057, Uid = 1000 
11-20 20:41:32.395   536   544 W SocketListener: sending broadcast to Pid = 1057, Uid = 1000 
11-20 20:41:33.149   646   646 I chatty  : uid=1010(wifi) /system/bin/wificond expire 12 lines
11-20 20:41:47.438   536   550 W SocketListener: sending broadcast to Pid = 1057, Uid = 1000 
11-20 20:41:47.443  1057  1468 I chatty  : uid=1000(system) NetdConnector expire 10 lines
11-20 20:41:49.162   646   646 I chatty  : uid=1010(wifi) /system/bin/wificond expire 54 lines
11-20 20:41:59.996  1057  9435 I chatty  : uid=1000(system) Binder:1057_1F expire 15 lines
11-20 20:42:01.564  1057  8813 I chatty  : uid=1000(system) Binder:1057_1D expire 2 lines
11-20 20:42:01.692  1057  1057 I chatty  : uid=1000 system_server expire 18 lines
11-20 20:42:26.550  1057  1412 I chatty  : uid=1000(system) UEventObserver expire 15 lines
11-20 20:42:26.569  1057  1195 I chatty  : uid=1000(system) batterystats-wo expire 2 lines
11-20 20:42:59.054   536   544 W SocketListener: sending broadcast to Pid = 1057, Uid = 1000 
11-20 20:42:59.062  1057  1200 I chatty  : uid=1000(system) android.fg expire 7 lines
11-20 20:43:01.237   646   646 I chatty  : uid=1010(wifi) /system/bin/wificond expire 18 lines
11-20 20:43:07.694   536   544 W SocketListener: sending broadcast to Pid = 1057, Uid = 1000 
11-20 20:43:07.845  1057  9435 I chatty  : uid=1000(system) Binder:1057_1F expire 1 line
11-20 20:43:08.887  1057  8814 I chatty  : uid=1000(system) Binder:1057_1E expire 11 lines
11-20 20:43:17.865  1057  6119 I chatty  : uid=1000(system) Binder:1057_14 expire 11 lines
11-20 20:43:22.797   536   550 W SocketListener: sending broadcast to Pid = 1057, Uid = 1000 
11-20 20:43:25.264   646   646 I chatty  : uid=1010(wifi) /system/bin/wificond expire 36 lines
11-20 20:43:42.221  1057  6305 I chatty  : uid=1000(system) Binder:1057_15 expire 10 lines
11-20 20:43:52.145  1057  8814 I chatty  : uid=1000(system) Binder:1057_1E expire 9 lines
11-20 20:44:09.070   536   550 W SocketListener: sending broadcast to Pid = 1057, Uid = 1000 
11-20 20:44:10.762  1057  6305 I chatty  : uid=1000(system) Binder:1057_15 expire 11 lines
11-20 20:44:13.311   646   646 I chatty  : uid=1010(wifi) /system/bin/wificond expire 66 lines
11-20 20:44:13.386  1057  1057 I chatty  : uid=1000 system_server expire 30 lines
11-20 20:44:15.749  1057  1584 I chatty  : uid=1000(system) Binder:1057_4 expire 25 lines
11-20 20:44:22.273  1057  6119 I chatty  : uid=1000(system) Binder:1057_14 expire 17 lines
11-20 20:44:43.577  1057  1412 I chatty  : uid=1000(system) UEventObserver expire 15 lines
11-20 20:45:26.858  1057  1195 I chatty  : uid=1000(system) batterystats-wo expire 2 lines
11-20 20:45:35.177   644   713 E /system/bin/storaged: pid_info get_pids failed
11-20 20:45:35.591  1057  1696 I chatty  : uid=1000(system) watchdog expire 3 lines
11-20 20:45:37.774   536   550 W SocketListener: sending broadcast to Pid = 1057, Uid = 1000 
11-20 20:45:37.778  1057  1468 I chatty  : uid=1000(system) NetdConnector expire 8 lines
11-20 20:45:37.786  1057  1200 I chatty  : uid=1000(system) android.fg expire 8 lines
11-20 20:45:37.838   536   544 W SocketListener: sending broadcast to Pid = 1057, Uid = 1000 
11-20 20:45:41.384   646   646 I chatty  : uid=1010(wifi) /system/bin/wificond expire 42 lines
11-20 20:46:32.388   536   544 W SocketListener: sending broadcast to Pid = 1057, Uid = 1000 
11-20 20:46:37.440   646   646 I chatty  : uid=1010(wifi) /system/bin/wificond expire 12 lines
11-20 20:46:37.888  1057  1057 I chatty  : uid=1000 system_server expire 15 lines
11-20 20:46:44.411  1057  1412 I chatty  : uid=1000(system) UEventObserver expire 15 lines
11-20 20:46:47.470   536   550 W SocketListener: sending broadcast to Pid = 1057, Uid = 1000 
11-20 20:46:52.974   536   544 W SocketListener: sending broadcast to Pid = 1057, Uid = 1000 
11-20 20:46:52.978  1057  1468 I chatty  : uid=1000(system) NetdConnector expire 10 lines
11-20 20:46:52.983  1057  1200 I chatty  : uid=1000(system) android.fg expire 10 lines
11-20 20:46:52.991  1057  6119 I chatty  : uid=1000(system) Binder:1057_14 expire 8 lines
11-20 20:46:53.449   646   646 I chatty  : uid=1010(wifi) /system/bin/wificond expire 30 lines
11-20 20:47:01.455  1057  6305 I chatty  : uid=1000(system) Binder:1057_15 expire 5 lines
11-20 20:47:01.466  1057  1584 I chatty  : uid=1000(system) Binder:1057_4 expire 10 lines
11-20 20:47:01.506  1057  8814 I chatty  : uid=1000(system) Binder:1057_1E expire 7 lines
11-20 20:47:01.534  1057  2343 I chatty  : uid=1000(system) Binder:1057_D expire 2 lines
11-20 20:47:01.626   536   544 W SocketListener: sending broadcast to Pid = 1057, Uid = 1000 
11-20 20:47:05.596  1057  1696 I chatty  : uid=1000(system) watchdog expire 8 lines
11-20 20:47:31.694   536   550 W SocketListener: sending broadcast to Pid = 1057, Uid = 1000 
11-20 20:47:31.889   646   646 I chatty  : uid=1010(wifi) /system/bin/wificond expire 15 lines
11-20 20:47:44.750   536   544 W SocketListener: sending broadcast to Pid = 1057, Uid = 1000 
11-20 20:47:44.765  1057  6586 I chatty  : uid=1000(system) Binder:1057_17 expire 9 lines
11-20 20:47:49.512   646   646 I chatty  : uid=1010(wifi) /system/bin/wificond expire 12 lines
11-20 20:47:53.646   536   544 W SocketListener: sending broadcast to Pid = 1057, Uid = 1000 
11-20 20:48:01.774   536   550 W SocketListener: sending broadcast to Pid = 1057, Uid = 1000 
11-20 20:48:01.778  1057  1468 I chatty  : uid=1000(system) NetdConnector expire 10 lines
11-20 20:48:05.528   646   646 I chatty  : uid=1010(wifi) /system/bin/wificond expire 30 lines
11-20 20:48:08.686   536   544 W SocketListener: sending broadcast to Pid = 1057, Uid = 1000 
11-20 20:48:15.041  1057  1057 I chatty  : uid=1000 system_server expire 10 lines
11-20 20:48:17.125  1057  1195 I chatty  : uid=1000(system) batterystats-wo expire 2 lines
11-20 20:48:42.031   536   544 W SocketListener: sending broadcast to Pid = 1057, Uid = 1000 
11-20 20:48:42.041  1057  1200 I chatty  : uid=1000(system) android.fg expire 8 lines
11-20 20:48:45.245  1057  1412 I chatty  : uid=1000(system) UEventObserver expire 12 lines
11-20 20:48:45.573   646   646 I chatty  : uid=1010(wifi) /system/bin/wificond expire 12 lines
11-20 20:48:57.070   536   544 W SocketListener: sending broadcast to Pid = 1057, Uid = 1000 
11-20 20:49:01.587   646   646 I chatty  : uid=1010(wifi) /system/bin/wificond expire 12 lines
11-20 20:49:14.454   536   544 W SocketListener: sending broadcast to Pid = 1057, Uid = 1000 
11-20 20:49:17.602   646   646 I chatty  : uid=1010(wifi) /system/bin/wificond expire 24 lines
11-20 20:49:30.012  1057  1057 I chatty  : uid=1000 system_server expire 10 lines
11-20 20:49:44.622   536   544 W SocketListener: sending broadcast to Pid = 1057, Uid = 1000 
11-20 20:49:44.626  1057  1468 I chatty  : uid=1000(system) NetdConnector expire 10 lines
11-20 20:49:44.718   536   544 W SocketListener: sending broadcast to Pid = 1057, Uid = 1000 
11-20 20:49:49.626   646   646 I chatty  : uid=1010(wifi) /system/bin/wificond expire 12 lines
11-20 20:49:59.726   536   544 W SocketListener: sending broadcast to Pid = 1057, Uid = 1000 
11-20 20:49:59.743  1057  1584 I chatty  : uid=1000(system) Binder:1057_4 expire 2 lines
11-20 20:50:00.353  1057  1185 I chatty  : uid=1000(system) android.bg expire 1 line
11-20 20:50:05.644   646   646 I chatty  : uid=1010(wifi) /system/bin/wificond expire 30 lines
11-20 20:50:07.971   536   544 W SocketListener: sending broadcast to Pid = 1057, Uid = 1000 
11-20 20:50:44.846   536   544 W SocketListener: sending broadcast to Pid = 1057, Uid = 1000 
11-20 20:50:45.684   646   646 I chatty  : uid=1010(wifi) /system/bin/wificond expire 18 lines
11-20 20:50:46.070  1057  1412 I chatty  : uid=1000(system) UEventObserver expire 12 lines
11-20 20:50:46.074  1057  8814 I chatty  : uid=1000(system) Binder:1057_1E expire 12 lines
11-20 20:50:46.082  1057  1057 I chatty  : uid=1000 system_server expire 10 lines
11-20 20:50:47.856   536   544 W SocketListener: sending broadcast to Pid = 1057, Uid = 1000 
11-20 20:50:47.859  1057  1468 I chatty  : uid=1000(system) NetdConnector expire 10 lines
11-20 20:50:47.864  1057  1200 I chatty  : uid=1000(system) android.fg expire 10 lines
11-20 20:50:47.871  1057  6586 I chatty  : uid=1000(system) Binder:1057_17 expire 10 lines
11-20 20:51:02.894   536   544 W SocketListener: sending broadcast to Pid = 1057, Uid = 1000 
11-20 20:51:05.611  1057  1696 I chatty  : uid=1000(system) watchdog expire 8 lines
11-20 20:51:09.707   646   646 I chatty  : uid=1010(wifi) /system/bin/wificond expire 18 lines
11-20 20:51:17.408  1057  1195 I chatty  : uid=1000(system) batterystats-wo expire 4 lines
11-20 20:51:29.775  1057  1584 I chatty  : uid=1000(system) Binder:1057_4 expire 7 lines
11-20 20:51:29.795   536   544 W SocketListener: sending broadcast to Pid = 1057, Uid = 1000 
11-20 20:51:33.718   646   646 I chatty  : uid=1010(wifi) /system/bin/wificond expire 12 lines
11-20 20:51:46.500  1057  1057 I chatty  : uid=1000 system_server expire 10 lines
11-20 20:51:47.438   536   550 W SocketListener: sending broadcast to Pid = 1057, Uid = 1000 
11-20 20:51:49.731   646   646 I chatty  : uid=1010(wifi) /system/bin/wificond expire 18 lines
11-20 20:51:52.686   536   544 W SocketListener: sending broadcast to Pid = 1057, Uid = 1000 
11-20 20:52:07.657   536   544 W SocketListener: sending broadcast to Pid = 1057, Uid = 1000 
11-20 20:52:07.661  1057  1468 I chatty  : uid=1000(system) NetdConnector expire 10 lines
11-20 20:52:13.754   646   646 I chatty  : uid=1010(wifi) /system/bin/wificond expire 66 lines
11-20 20:52:16.694  1057  1412 I chatty  : uid=1000(system) UEventObserver expire 12 lines
11-20 20:52:22.702   536   544 W SocketListener: sending broadcast to Pid = 1057, Uid = 1000 
11-20 20:53:30.011  1057  1057 I chatty  : uid=1000 system_server expire 12 lines
11-20 20:53:38.027   536   544 W SocketListener: sending broadcast to Pid = 1057, Uid = 1000 
11-20 20:53:41.848   646   646 I chatty  : uid=1010(wifi) /system/bin/wificond expire 12 lines
11-20 20:53:53.070   536   544 W SocketListener: sending broadcast to Pid = 1057, Uid = 1000 
11-20 20:53:53.079  1057  1200 I chatty  : uid=1000(system) android.fg expire 11 lines
11-20 20:53:57.863   646   646 I chatty  : uid=1010(wifi) /system/bin/wificond expire 18 lines
11-20 20:54:01.816   536   544 W SocketListener: sending broadcast to Pid = 1057, Uid = 1000 
11-20 20:54:01.816  1057  6586 I chatty  : uid=1000(system) Binder:1057_17 expire 8 lines
11-20 20:54:01.955  1057  6119 I chatty  : uid=1000(system) Binder:1057_14 expire 10 lines
11-20 20:54:16.878   536   544 W SocketListener: sending broadcast to Pid = 1057, Uid = 1000 
11-20 20:54:16.881  1057  1468 I chatty  : uid=1000(system) NetdConnector expire 12 lines
11-20 20:54:17.536  1057  1412 I chatty  : uid=1000(system) UEventObserver expire 18 lines
11-20 20:54:21.889   646   646 I chatty  : uid=1010(wifi) /system/bin/wificond expire 54 lines
11-20 20:54:30.004  1057  2343 I chatty  : uid=1000(system) Binder:1057_D expire 7 lines
11-20 20:54:30.019  1057  1057 I chatty  : uid=1000 system_server expire 10 lines
11-20 20:55:05.628  1057  1696 I chatty  : uid=1000(system) watchdog expire 5 lines
11-20 20:55:29.836  1057  6119 I chatty  : uid=1000(system) Binder:1057_14 expire 10 lines
11-20 20:55:29.837   536   544 W SocketListener: sending broadcast to Pid = 1057, Uid = 1000 
11-20 20:55:33.954   646   646 I chatty  : uid=1010(wifi) /system/bin/wificond expire 18 lines
11-20 20:55:44.860  1057  6305 I chatty  : uid=1000(system) Binder:1057_15 expire 1 line
11-20 20:55:48.154  1057  1584 I chatty  : uid=1000(system) Binder:1057_4 expire 3 lines
11-20 20:55:48.162  1057  1057 I chatty  : uid=1000 system_server expire 11 lines
11-20 20:55:54.958   536   544 W SocketListener: sending broadcast to Pid = 1057, Uid = 1000 
11-20 20:55:57.980   646   646 I chatty  : uid=1010(wifi) /system/bin/wificond expire 30 lines
11-20 20:56:32.401   536   544 W SocketListener: sending broadcast to Pid = 1057, Uid = 1000 
11-20 20:56:38.007   646   646 I chatty  : uid=1010(wifi) /system/bin/wificond expire 12 lines
11-20 20:56:47.470   536   550 W SocketListener: sending broadcast to Pid = 1057, Uid = 1000 
11-20 20:56:48.570  1057  1412 I chatty  : uid=1000(system) UEventObserver expire 21 lines
11-20 20:56:52.718   536   544 W SocketListener: sending broadcast to Pid = 1057, Uid = 1000 
11-20 20:56:54.024   646   646 I chatty  : uid=1010(wifi) /system/bin/wificond expire 24 lines
11-20 20:57:01.803   536   544 W SocketListener: sending broadcast to Pid = 1057, Uid = 1000 
11-20 20:57:01.805  1057  1468 I chatty  : uid=1000(system) NetdConnector expire 12 lines
11-20 20:57:01.815  1057  6119 I chatty  : uid=1000(system) Binder:1057_14 expire 19 lines
11-20 20:57:17.990  1057  1195 I chatty  : uid=1000(system) batterystats-wo expire 6 lines
11-20 20:57:18.793  1057  1057 I chatty  : uid=1000 system_server expire 20 lines
11-20 20:57:22.798   536   544 W SocketListener: sending broadcast to Pid = 1057, Uid = 1000 
11-20 20:57:22.807  1057  1200 I chatty  : uid=1000(system) android.fg expire 7 lines
11-20 20:57:22.816  1057  2343 I chatty  : uid=1000(system) Binder:1057_D expire 10 lines
11-20 20:57:26.056   646   646 I chatty  : uid=1010(wifi) /system/bin/wificond expire 96 lines
11-20 20:57:35.638  1057  1696 I chatty  : uid=1000(system) watchdog expire 6 lines
11-20 20:58:19.194  1057  1584 I chatty  : uid=1000(system) Binder:1057_4 expire 4 lines
11-20 20:59:29.890   536   544 W SocketListener: sending broadcast to Pid = 1057, Uid = 1000 
11-20 20:59:34.144   646   646 I chatty  : uid=1010(wifi) /system/bin/wificond expire 12 lines
11-20 20:59:44.941   536   544 W SocketListener: sending broadcast to Pid = 1057, Uid = 1000 
11-20 20:59:49.818  1057  1412 I chatty  : uid=1000(system) UEventObserver expire 21 lines
11-20 20:59:50.150   646   646 I chatty  : uid=1010(wifi) /system/bin/wificond expire 12 lines
11-20 21:00:00.479  1057  1057 I chatty  : uid=1000 system_server expire 14 lines
11-20 21:00:00.580 29276 29276 D ActivityThread: Attach thread to application
11-20 21:00:00.661  1057  2343 I chatty  : uid=1000(system) Binder:1057_D expire 16 lines
11-20 21:00:06.168   646   646 I chatty  : uid=1010(wifi) /system/bin/wificond expire 18 lines
11-20 21:00:09.090  1057  1544 I chatty  : uid=1000(system) StatisticsCHRMs expire 4 lines
11-20 21:00:11.694   536   544 W SocketListener: sending broadcast to Pid = 1057, Uid = 1000 
11-20 21:00:18.282  1057  1057 I chatty  : uid=1000 system_server expire 15 lines
11-20 21:00:26.734   536   550 W SocketListener: sending broadcast to Pid = 1057, Uid = 1000 
11-20 21:00:27.758   536   544 W SocketListener: sending broadcast to Pid = 1057, Uid = 1000 
11-20 21:00:27.762  1057  1468 I chatty  : uid=1000(system) NetdConnector expire 10 lines
11-20 21:00:27.768  1057  1200 I chatty  : uid=1000(system) android.fg expire 10 lines
11-20 21:00:27.776  1057  1584 I chatty  : uid=1000(system) Binder:1057_4 expire 13 lines
11-20 21:00:30.192   646   646 I chatty  : uid=1010(wifi) /system/bin/wificond expire 18 lines
11-20 21:00:35.344   644   713 E /system/bin/storaged: open file /data/storaged/storaged.txt failed!2
11-20 21:00:35.344   644   713 E /system/bin/storaged: write(append)  diskstat data failed!ts:1542718835,read bytes:631078912, write bytes: 1799380992
11-20 21:00:35.367   644   713 E /system/bin/storaged: curr_io_stats:  size: 204
11-20 21:00:35.371   644   713 E /system/bin/storaged: open file /data/storaged/storaged.txt failed!2
11-20 21:00:35.371   644   713 E /system/bin/storaged: write(append)  uid data failed!
11-20 21:00:35.372   644   713 E /system/bin/storaged: pid_info get_pids failed
11-20 21:00:35.650  1057  1696 I chatty  : uid=1000(system) watchdog expire 10 lines
11-20 21:00:49.989   536   544 W SocketListener: sending broadcast to Pid = 1057, Uid = 1000 
11-20 21:00:50.231  1057  1057 I chatty  : uid=1000 system_server expire 10 lines
11-20 21:00:54.219   646   646 I chatty  : uid=1010(wifi) /system/bin/wificond expire 24 lines
11-20 21:01:19.982   536   544 W SocketListener: sending broadcast to Pid = 1057, Uid = 1000 
11-20 21:01:26.243   646   646 I chatty  : uid=1010(wifi) /system/bin/wificond expire 18 lines
11-20 21:01:32.405   536   544 W SocketListener: sending broadcast to Pid = 1057, Uid = 1000 
11-20 21:01:47.470   536   550 W SocketListener: sending broadcast to Pid = 1057, Uid = 1000 
11-20 21:01:50.263   646   646 I chatty  : uid=1010(wifi) /system/bin/wificond expire 18 lines
11-20 21:01:50.655  1057  6119 I chatty  : uid=1000(system) Binder:1057_14 expire 10 lines
11-20 21:01:52.686   536   544 W SocketListener: sending broadcast to Pid = 1057, Uid = 1000 
11-20 21:01:52.688  1057  1468 I chatty  : uid=1000(system) NetdConnector expire 10 lines
11-20 21:02:07.715   536   544 W SocketListener: sending broadcast to Pid = 1057, Uid = 1000 
11-20 21:02:14.279   646   646 I chatty  : uid=1010(wifi) /system/bin/wificond expire 48 lines
11-20 21:02:22.766   536   544 W SocketListener: sending broadcast to Pid = 1057, Uid = 1000 
11-20 21:02:30.011  1057  1057 I chatty  : uid=1000 system_server expire 10 lines
11-20 21:02:51.063  1057  1412 I chatty  : uid=1000(system) UEventObserver expire 12 lines
11-20 21:03:18.076   536   544 W SocketListener: sending broadcast to Pid = 1057, Uid = 1000 
11-20 21:03:18.080  1057  1200 I chatty  : uid=1000(system) android.fg expire 5 lines
11-20 21:03:18.118  1057  6305 I chatty  : uid=1000(system) Binder:1057_15 expire 5 lines
11-20 21:03:18.345   646   646 I chatty  : uid=1010(wifi) /system/bin/wificond expire 24 lines
11-20 21:03:18.571  1057  1195 I chatty  : uid=1000(system) batterystats-wo expire 2 lines
11-20 21:03:30.006  1057  1057 I chatty  : uid=1000 system_server expire 12 lines
11-20 21:03:44.952   536   544 W SocketListener: sending broadcast to Pid = 1057, Uid = 1000 
11-20 21:03:50.367   646   646 I chatty  : uid=1010(wifi) /system/bin/wificond expire 36 lines
11-20 21:04:21.685  1057  1412 I chatty  : uid=1000(system) UEventObserver expire 12 lines
11-20 21:04:21.847  1057  7359 I chatty  : uid=1000(system) Binder:1057_1A expire 7 lines
11-20 21:04:21.857  1057  1202 I chatty  : uid=1000(system) android.display expire 2 lines
11-20 21:04:21.897  1057  6586 I chatty  : uid=1000(system) Binder:1057_17 expire 10 lines
11-20 21:04:34.041  1883 29012 W ContextImpl: Calling a method in the system process without a qualified user: android.app.ContextImpl.sendBroadcast:1110 android.content.ContextWrapper.sendBroadcast:437 com.huawei.systemmanager.spacecleanner.autoclean.AutoCleanFragmentReceiveServer.createCheckPieceIntent:253 com.huawei.systemmanager.spacecleanner.autoclean.AutoCleanFragmentReceiveServer.sendCheckPieceMsg:246 com.huawei.systemmanager.spacecleanner.autoclean.AutoCleanFragmentReceiveServer.-wrap6:0 
11-20 21:04:38.403   646   646 I chatty  : uid=1010(wifi) /system/bin/wificond expire 30 lines
11-20 21:04:51.906  1057  1057 I chatty  : uid=1000 system_server expire 10 lines
11-20 21:05:12.727   536   544 W SocketListener: sending broadcast to Pid = 1057, Uid = 1000 
11-20 21:05:12.729  1057  1468 I chatty  : uid=1000(system) NetdConnector expire 8 lines
11-20 21:05:12.741  1057  6119 I chatty  : uid=1000(system) Binder:1057_14 expire 1 line
11-20 21:05:18.435   646   646 I chatty  : uid=1010(wifi) /system/bin/wificond expire 18 lines
11-20 21:05:19.746  1057  2984 I chatty  : uid=1000(system) Binder:1057_11 expire 3 lines
11-20 21:05:34.798   536   544 W SocketListener: sending broadcast to Pid = 1057, Uid = 1000 
11-20 21:05:35.671  1057  1696 I chatty  : uid=1000(system) watchdog expire 2 lines
11-20 21:05:42.460   646   646 I chatty  : uid=1010(wifi) /system/bin/wificond expire 18 lines
11-20 21:06:01.887  1057  1057 I chatty  : uid=1000 system_server expire 10 lines
11-20 21:06:01.908   536   544 W SocketListener: sending broadcast to Pid = 1057, Uid = 1000 
11-20 21:06:06.483   646   646 I chatty  : uid=1010(wifi) /system/bin/wificond expire 12 lines
11-20 21:06:17.197   536   550 W SocketListener: sending broadcast to Pid = 1057, Uid = 1000 
11-20 21:06:17.209  1057  1200 I chatty  : uid=1000(system) android.fg expire 10 lines
11-20 21:06:17.265  1057  7359 I chatty  : uid=1000(system) Binder:1057_1A expire 11 lines
11-20 21:06:17.286  1057  1189 I chatty  : uid=1000(system) ActivityManager expire 3 lines
11-20 21:06:17.288  1057  6119 I chatty  : uid=1000(system) Binder:1057_14 expire 3 lines
11-20 21:06:17.348 29347 29347 D ActivityThread: Attach thread to application
11-20 21:06:18.837  1057  1412 I chatty  : uid=1000(system) UEventObserver expire 12 lines
11-20 21:06:18.849  1057  1195 I chatty  : uid=1000(system) batterystats-wo expire 4 lines
11-20 21:06:22.253  1057  6586 I chatty  : uid=1000(system) Binder:1057_17 expire 6 lines
11-20 21:06:22.502   646   646 I chatty  : uid=1010(wifi) /system/bin/wificond expire 24 lines
11-20 21:06:35.674  1057  1696 I chatty  : uid=1000(system) watchdog expire 7 lines
11-20 21:06:52.654   536   550 W SocketListener: sending broadcast to Pid = 1057, Uid = 1000 
11-20 21:06:52.658  1057  1468 I chatty  : uid=1000(system) NetdConnector expire 10 lines
11-20 21:06:52.719   536   544 W SocketListener: sending broadcast to Pid = 1057, Uid = 1000 
11-20 21:06:54.532   646   646 I chatty  : uid=1010(wifi) /system/bin/wificond expire 12 lines
11-20 21:07:07.693   536   544 W SocketListener: sending broadcast to Pid = 1057, Uid = 1000 
11-20 21:07:10.554   646   646 I chatty  : uid=1010(wifi) /system/bin/wificond expire 12 lines
11-20 21:07:22.734   536   544 W SocketListener: sending broadcast to Pid = 1057, Uid = 1000 
11-20 21:07:22.950  1057  1057 I chatty  : uid=1000 system_server expire 12 lines
11-20 21:07:26.570   646   646 I chatty  : uid=1010(wifi) /system/bin/wificond expire 18 lines
11-20 21:07:29.970  1057  2984 I chatty  : uid=1000(system) Binder:1057_11 expire 5 lines
11-20 21:07:29.980   536   544 W SocketListener: sending broadcast to Pid = 1057, Uid = 1000 
11-20 21:07:45.007   536   544 W SocketListener: sending broadcast to Pid = 1057, Uid = 1000 
11-20 21:07:45.010  1057  1468 I chatty  : uid=1000(system) NetdConnector expire 4 lines
11-20 21:07:50.588   646   646 I chatty  : uid=1010(wifi) /system/bin/wificond expire 102 lines
11-20 21:07:53.146  1057  1412 I chatty  : uid=1000(system) UEventObserver expire 24 lines
11-20 21:08:53.562  1057  7359 I chatty  : uid=1000(system) Binder:1057_1A expire 13 lines
11-20 21:08:53.573  1057  1057 I chatty  : uid=1000 system_server expire 10 lines
11-20 21:10:02.436   536   544 W SocketListener: sending broadcast to Pid = 1057, Uid = 1000 
11-20 21:10:02.444  1057  1200 I chatty  : uid=1000(system) android.fg expire 10 lines
11-20 21:10:02.452  1057  2984 I chatty  : uid=1000(system) Binder:1057_11 expire 7 lines
11-20 21:10:05.688  1057  1696 I chatty  : uid=1000(system) watchdog expire 9 lines
11-20 21:10:06.731   646   646 I chatty  : uid=1010(wifi) /system/bin/wificond expire 12 lines
11-20 21:10:17.774   536   544 W SocketListener: sending broadcast to Pid = 1057, Uid = 1000 
11-20 21:10:17.777  1057  1468 I chatty  : uid=1000(system) NetdConnector expire 12 lines
11-20 21:10:22.745   646   646 I chatty  : uid=1010(wifi) /system/bin/wificond expire 30 lines
11-20 21:10:24.203  1057  1057 I chatty  : uid=1000 system_server expire 15 lines
11-20 21:10:30.032  1057  6646 I chatty  : uid=1000(system) Binder:1057_18 expire 5 lines
11-20 21:11:02.416   536   544 W SocketListener: sending broadcast to Pid = 1057, Uid = 1000 
11-20 21:11:02.781   646   646 I chatty  : uid=1010(wifi) /system/bin/wificond expire 12 lines
11-20 21:11:17.806   536   544 W SocketListener: sending broadcast to Pid = 1057, Uid = 1000 
11-20 21:11:17.870   536   544 W SocketListener: sending broadcast to Pid = 1057, Uid = 1000 
11-20 21:11:18.802   646   646 I chatty  : uid=1010(wifi) /system/bin/wificond expire 24 lines
11-20 21:11:24.598  1057  1412 I chatty  : uid=1000(system) UEventObserver expire 12 lines
11-20 21:11:27.278  1057  1470 I chatty  : uid=1000(system) NetworkStats expire 7 lines
11-20 21:11:27.312  1057  6119 I chatty  : uid=1000(system) Binder:1057_14 expire 4 lines
11-20 21:11:27.361  1057  6586 I chatty  : uid=1000(system) Binder:1057_17 expire 1 line
11-20 21:11:27.376  1057  8814 I chatty  : uid=1000(system) Binder:1057_1E expire 6 lines
11-20 21:11:27.409  1057  1841 I chatty  : uid=1000(system) Binder:1057_B expire 8 lines
11-20 21:11:47.438   536   550 W SocketListener: sending broadcast to Pid = 1057, Uid = 1000 
11-20 21:11:47.442  1057  1468 I chatty  : uid=1000(system) NetdConnector expire 10 lines
11-20 21:11:50.836   646   646 I chatty  : uid=1010(wifi) /system/bin/wificond expire 18 lines
11-20 21:11:52.687   536   544 W SocketListener: sending broadcast to Pid = 1057, Uid = 1000 
11-20 21:11:54.821  1057  1057 I chatty  : uid=1000 system_server expire 12 lines
11-20 21:12:07.669   536   544 W SocketListener: sending broadcast to Pid = 1057, Uid = 1000 
11-20 21:12:14.861   646   646 I chatty  : uid=1010(wifi) /system/bin/wificond expire 36 lines
11-20 21:12:22.734   536   544 W SocketListener: sending broadcast to Pid = 1057, Uid = 1000 
11-20 21:12:22.743  1057  1200 I chatty  : uid=1000(system) android.fg expire 4 lines
11-20 21:12:39.466  1057  1195 I chatty  : uid=1000(system) batterystats-wo expire 2 lines
11-20 21:12:55.224  1057  1412 I chatty  : uid=1000(system) UEventObserver expire 9 lines
11-20 21:12:58.132   536   544 W SocketListener: sending broadcast to Pid = 1057, Uid = 1000 
11-20 21:13:02.893   646   646 I chatty  : uid=1010(wifi) /system/bin/wificond expire 12 lines
11-20 21:13:13.198   536   544 W SocketListener: sending broadcast to Pid = 1057, Uid = 1000 
11-20 21:13:13.203  1057  1468 I chatty  : uid=1000(system) NetdConnector expire 6 lines
11-20 21:13:18.903   646   646 I chatty  : uid=1010(wifi) /system/bin/wificond expire 30 lines
11-20 21:13:25.447  1057  1057 I chatty  : uid=1000 system_server expire 6 lines
11-20 21:13:30.003  1057  7359 I chatty  : uid=1000(system) Binder:1057_1A expire 1 line
11-20 21:13:54.013   536   544 W SocketListener: sending broadcast to Pid = 1057, Uid = 1000 
11-20 21:13:58.934   646   646 I chatty  : uid=1010(wifi) /system/bin/wificond expire 12 lines
11-20 21:14:02.132  1057  1185 I chatty  : uid=1000(system) android.bg expire 1 line
11-20 21:14:09.070   536   550 W SocketListener: sending broadcast to Pid = 1057, Uid = 1000 
11-20 21:14:09.082  1057  1200 I chatty  : uid=1000(system) android.fg expire 10 lines
11-20 21:14:09.326   536   544 W SocketListener: sending broadcast to Pid = 1057, Uid = 1000 
11-20 21:14:09.330  1057  1468 I chatty  : uid=1000(system) NetdConnector expire 10 lines
11-20 21:14:09.344  1057  1841 I chatty  : uid=1000(system) Binder:1057_B expire 3 lines
11-20 21:14:14.939   646   646 I chatty  : uid=1010(wifi) /system/bin/wificond expire 54 lines
11-20 21:14:25.850  1057  1412 I chatty  : uid=1000(system) UEventObserver expire 12 lines
11-20 21:14:25.863  1057  1057 I chatty  : uid=1000 system_server expire 11 lines
11-20 21:14:30.003  1057  7359 I chatty  : uid=1000(system) Binder:1057_1A expire 1 line
11-20 21:14:35.706  1057  1696 I chatty  : uid=1000(system) watchdog expire 5 lines
11-20 21:15:19.661   536   544 W SocketListener: sending broadcast to Pid = 1057, Uid = 1000 
11-20 21:15:19.666  1057  1057 I chatty  : uid=1000 system_server expire 11 lines
11-20 21:15:19.682  1057  6646 I chatty  : uid=1000(system) Binder:1057_18 expire 14 lines
11-20 21:15:19.692  1057  8814 I chatty  : uid=1000(system) Binder:1057_1E expire 2 lines
11-20 21:15:19.734  1057  6586 I chatty  : uid=1000(system) Binder:1057_17 expire 3 lines
11-20 21:15:19.736  1057  1490 I chatty  : uid=1000(system) ConnectivitySer expire 6 lines
11-20 21:15:19.739  1057  2984 I chatty  : uid=1000(system) Binder:1057_11 expire 2 lines
11-20 21:15:26.999   646   646 I chatty  : uid=1010(wifi) /system/bin/wificond expire 18 lines
11-20 21:15:35.537   644   713 E /system/bin/storaged: pid_info get_pids failed
11-20 21:15:39.746  1057  1195 I chatty  : uid=1000(system) batterystats-wo expire 2 lines
11-20 21:15:39.747  1057  1057 I chatty  : uid=1000 system_server expire 10 lines
11-20 21:15:45.075  1057  6583 I chatty  : uid=1000(system) Binder:1057_16 expire 17 lines
11-20 21:15:45.102   536   544 W SocketListener: sending broadcast to Pid = 1057, Uid = 1000 
11-20 21:15:48.510   536   544 W SocketListener: sending broadcast to Pid = 1057, Uid = 1000 
11-20 21:15:51.018   646   646 I chatty  : uid=1010(wifi) /system/bin/wificond expire 12 lines
11-20 21:15:56.473  1057  1412 I chatty  : uid=1000(system) UEventObserver expire 18 lines
11-20 21:16:03.566   536   544 W SocketListener: sending broadcast to Pid = 1057, Uid = 1000 
11-20 21:16:03.583  1057  6646 I chatty  : uid=1000(system) Binder:1057_18 expire 13 lines
11-20 21:16:07.031   646   646 I chatty  : uid=1010(wifi) /system/bin/wificond expire 24 lines
11-20 21:16:32.406   536   544 W SocketListener: sending broadcast to Pid = 1057, Uid = 1000 
11-20 21:16:32.409  1057  1468 I chatty  : uid=1000(system) NetdConnector expire 10 lines
11-20 21:16:39.065   646   646 I chatty  : uid=1010(wifi) /system/bin/wificond expire 12 lines
11-20 21:16:47.470   536   550 W SocketListener: sending broadcast to Pid = 1057, Uid = 1000 
11-20 21:16:47.494  1057  1200 I chatty  : uid=1000(system) android.fg expire 10 lines
11-20 21:16:52.654   536   544 W SocketListener: sending broadcast to Pid = 1057, Uid = 1000 
11-20 21:16:52.670  1057  6586 I chatty  : uid=1000(system) Binder:1057_17 expire 9 lines
11-20 21:16:55.078   646   646 I chatty  : uid=1010(wifi) /system/bin/wificond expire 12 lines
11-20 21:16:56.898  1057  1057 I chatty  : uid=1000 system_server expire 10 lines
11-20 21:17:05.716  1057  1696 I chatty  : uid=1000(system) watchdog expire 10 lines
11-20 21:17:07.751   536   544 W SocketListener: sending broadcast to Pid = 1057, Uid = 1000 
11-20 21:17:11.086   646   646 I chatty  : uid=1010(wifi) /system/bin/wificond expire 12 lines
11-20 21:17:22.798   536   544 W SocketListener: sending broadcast to Pid = 1057, Uid = 1000 
11-20 21:17:27.098   646   646 I chatty  : uid=1010(wifi) /system/bin/wificond expire 30 lines
11-20 21:18:01.990  1057  1057 I chatty  : uid=1000 system_server expire 10 lines
11-20 21:18:02.011   536   544 W SocketListener: sending broadcast to Pid = 1057, Uid = 1000 
11-20 21:18:02.013  1057  1468 I chatty  : uid=1000(system) NetdConnector expire 10 lines
11-20 21:18:02.149  1057  2984 I chatty  : uid=1000(system) Binder:1057_11 expire 8 lines
11-20 21:18:02.241  1057  7360 I chatty  : uid=1000(system) Binder:1057_1B expire 3 lines
11-20 21:18:07.135   646   646 I chatty  : uid=1010(wifi) /system/bin/wificond expire 66 lines
11-20 21:18:17.102   536   544 W SocketListener: sending broadcast to Pid = 1057, Uid = 1000 
11-20 21:18:40.021  1057  1412 I chatty  : uid=1000(system) UEventObserver expire 12 lines
11-20 21:18:40.045  1057  1195 I chatty  : uid=1000(system) batterystats-wo expire 4 lines
11-20 21:19:27.939  1057  1057 I chatty  : uid=1000 system_server expire 10 lines
11-20 21:19:30.109   536   544 W SocketListener: sending broadcast to Pid = 1057, Uid = 1000 
11-20 21:19:35.206   646   646 I chatty  : uid=1010(wifi) /system/bin/wificond expire 60 lines
11-20 21:19:45.133   536   544 W SocketListener: sending broadcast to Pid = 1057, Uid = 1000 
11-20 21:20:28.349  1057  1412 I chatty  : uid=1000(system) UEventObserver expire 12 lines
11-20 21:20:54.928   536   544 W SocketListener: sending broadcast to Pid = 1057, Uid = 1000 
11-20 21:20:55.274   646   646 I chatty  : uid=1010(wifi) /system/bin/wificond expire 12 lines
11-20 21:20:58.561  1057  1057 I chatty  : uid=1000 system_server expire 16 lines
11-20 21:21:09.998   536   544 W SocketListener: sending broadcast to Pid = 1057, Uid = 1000 
11-20 21:21:10.002  1057  1468 I chatty  : uid=1000(system) NetdConnector expire 16 lines
11-20 21:21:10.007  1057  1200 I chatty  : uid=1000(system) android.fg expire 10 lines
11-20 21:21:11.292   646   646 I chatty  : uid=1010(wifi) /system/bin/wificond expire 18 lines
11-20 21:21:32.408   536   544 W SocketListener: sending broadcast to Pid = 1057, Uid = 1000 
11-20 21:21:35.320   646   646 I chatty  : uid=1010(wifi) /system/bin/wificond expire 12 lines
11-20 21:21:47.470   536   550 W SocketListener: sending broadcast to Pid = 1057, Uid = 1000 
11-20 21:21:47.576  1057  2984 I chatty  : uid=1000(system) Binder:1057_11 expire 16 lines
11-20 21:21:47.612  1057  6646 I chatty  : uid=1000(system) Binder:1057_18 expire 6 lines
11-20 21:21:47.640  1057  7360 I chatty  : uid=1000(system) Binder:1057_1B expire 2 lines
11-20 21:21:51.323   646   646 I chatty  : uid=1010(wifi) /system/bin/wificond expire 12 lines
11-20 21:21:58.971  1057  1412 I chatty  : uid=1000(system) UEventObserver expire 12 lines
11-20 21:22:02.670   536   544 W SocketListener: sending broadcast to Pid = 1057, Uid = 1000 
11-20 21:22:05.735  1057  1696 I chatty  : uid=1000(system) watchdog expire 10 lines
11-20 21:22:07.338   646   646 I chatty  : uid=1010(wifi) /system/bin/wificond expire 12 lines
11-20 21:22:07.729   536   544 W SocketListener: sending broadcast to Pid = 1057, Uid = 1000 
11-20 21:22:22.798   536   544 W SocketListener: sending broadcast to Pid = 1057, Uid = 1000 
11-20 21:22:23.355   646   646 I chatty  : uid=1010(wifi) /system/bin/wificond expire 12 lines
11-20 21:22:38.189   536   544 W SocketListener: sending broadcast to Pid = 1057, Uid = 1000 
11-20 21:22:38.191  1057  6583 I chatty  : uid=1000(system) Binder:1057_16 expire 12 lines
11-20 21:22:39.371   646   646 I chatty  : uid=1010(wifi) /system/bin/wificond expire 12 lines
11-20 21:22:53.230   536   544 W SocketListener: sending broadcast to Pid = 1057, Uid = 1000 
11-20 21:22:55.389   646   646 I chatty  : uid=1010(wifi) /system/bin/wificond expire 30 lines
11-20 21:23:29.605  1057  1057 I chatty  : uid=1000 system_server expire 18 lines
11-20 21:23:30.150   536   544 W SocketListener: sending broadcast to Pid = 1057, Uid = 1000 
11-20 21:23:30.152  1057  1468 I chatty  : uid=1000(system) NetdConnector expire 10 lines
11-20 21:23:30.155  1057  1200 I chatty  : uid=1000(system) android.fg expire 11 lines
11-20 21:23:35.432   646   646 I chatty  : uid=1010(wifi) /system/bin/wificond expire 12 lines
11-20 21:23:45.198   536   544 W SocketListener: sending broadcast to Pid = 1057, Uid = 1000 
11-20 21:23:47.688   536   544 W SocketListener: sending broadcast to Pid = 1057, Uid = 1000 
11-20 21:23:47.750  1057  6586 I chatty  : uid=1000(system) Binder:1057_17 expire 6 lines
11-20 21:23:47.804  2880  3062 W SettingsEx: SettingsEx.Systemex.getInt deprecated use Settings.System.getInt instead ;callers=com.huawei.recsys.util.SystemUtil.getNotificationUpdateMode:203 com.huawei.recsys.util.SystemUtil.isAllowUpdate:138 com.huawei.recsys.controller.notification.http.NotificationUpdateController.startNotificationUpdate:85 
11-20 21:23:47.807  2880 13647 W SettingsEx: SettingsEx.Systemex.getInt deprecated use Settings.System.getInt instead ;callers=com.huawei.recsys.util.SystemUtil.getNotificationUpdateMode:203 com.huawei.recsys.util.SystemUtil.isAllowUpdate:138 com.huawei.recsys.controller.notification.http.UpgradeManager.startDownloadResource:130 
11-20 21:23:47.807  2880 13647 W SettingsEx: SettingsEx.Systemex.getInt deprecated use Settings.System.getInt instead ;callers=com.huawei.recsys.util.SystemUtil.getNotificationUpdateMode:203 com.huawei.recsys.util.SystemUtil.isAllowUpdate:138 com.huawei.recsys.controller.notification.http.UpgradeManager.startDownloadResource:137 
11-20 21:23:47.846  2880 13647 W SettingsEx: SettingsEx.Systemex.getInt deprecated use Settings.System.getInt instead ;callers=com.huawei.recsys.util.SystemUtil.getNotificationUpdateMode:203 com.huawei.recsys.util.SystemUtil.isAllowUpdate:138 com.huawei.recsys.controller.notification.http.UpgradeManager.startDownloadResource:130 
11-20 21:23:47.847  2880 13647 W SettingsEx: SettingsEx.Systemex.getInt deprecated use Settings.System.getInt instead ;callers=com.huawei.recsys.util.SystemUtil.getNotificationUpdateMode:203 com.huawei.recsys.util.SystemUtil.isAllowUpdate:138 com.huawei.recsys.controller.notification.http.UpgradeManager.startDownloadResource:137 
11-20 21:23:51.450   646   646 I chatty  : uid=1010(wifi) /system/bin/wificond expire 12 lines
11-20 21:23:59.799  1057  1412 I chatty  : uid=1000(system) UEventObserver expire 12 lines
11-20 21:24:02.862   536   550 W SocketListener: sending broadcast to Pid = 1057, Uid = 1000 
11-20 21:24:07.463   646   646 I chatty  : uid=1010(wifi) /system/bin/wificond expire 48 lines
11-20 21:24:12.974   536   544 W SocketListener: sending broadcast to Pid = 1057, Uid = 1000 
11-20 21:25:00.657  1057  1195 I chatty  : uid=1000(system) batterystats-wo expire 2 lines
11-20 21:25:08.987   536   544 W SocketListener: sending broadcast to Pid = 1057, Uid = 1000 
11-20 21:25:08.989  1057  1468 I chatty  : uid=1000(system) NetdConnector expire 10 lines
11-20 21:25:11.518   646   646 I chatty  : uid=1010(wifi) /system/bin/wificond expire 12 lines
11-20 21:25:24.014   536   550 W SocketListener: sending broadcast to Pid = 1057, Uid = 1000 
11-20 21:25:24.334   536   544 W SocketListener: sending broadcast to Pid = 1057, Uid = 1000 
11-20 21:25:24.344  1057  1200 I chatty  : uid=1000(system) android.fg expire 14 lines
11-20 21:25:27.527   646   646 I chatty  : uid=1010(wifi) /system/bin/wificond expire 18 lines
11-20 21:25:30.429  1057  1412 I chatty  : uid=1000(system) UEventObserver expire 21 lines
11-20 21:25:30.438  1057  6646 I chatty  : uid=1000(system) Binder:1057_18 expire 1 line
11-20 21:25:49.056   536   544 W SocketListener: sending broadcast to Pid = 1057, Uid = 1000 
11-20 21:25:51.542   646   646 I chatty  : uid=1010(wifi) /system/bin/wificond expire 12 lines
11-20 21:26:00.643  1057  1057 I chatty  : uid=1000 system_server expire 16 lines
11-20 21:26:04.337   536   544 W SocketListener: sending broadcast to Pid = 1057, Uid = 1000 
11-20 21:26:07.560   646   646 I chatty  : uid=1010(wifi) /system/bin/wificond expire 24 lines
11-20 21:26:32.405   536   544 W SocketListener: sending broadcast to Pid = 1057, Uid = 1000 
11-20 21:26:32.407  1057  1468 I chatty  : uid=1000(system) NetdConnector expire 12 lines
11-20 21:26:32.416  1057  2984 I chatty  : uid=1000(system) Binder:1057_11 expire 10 lines
11-20 21:26:39.596   646   646 I chatty  : uid=1010(wifi) /system/bin/wificond expire 12 lines
11-20 21:26:47.469   536   550 W SocketListener: sending broadcast to Pid = 1057, Uid = 1000 
11-20 21:26:52.718   536   544 W SocketListener: sending broadcast to Pid = 1057, Uid = 1000 
11-20 21:26:55.611   646   646 I chatty  : uid=1010(wifi) /system/bin/wificond expire 12 lines
11-20 21:27:05.754  1057  1696 I chatty  : uid=1000(system) watchdog expire 8 lines
11-20 21:27:07.705   536   544 W SocketListener: sending broadcast to Pid = 1057, Uid = 1000 
11-20 21:27:11.625   646   646 I chatty  : uid=1010(wifi) /system/bin/wificond expire 12 lines
11-20 21:27:22.798   536   544 W SocketListener: sending broadcast to Pid = 1057, Uid = 1000 
11-20 21:27:27.644   646   646 I chatty  : uid=1010(wifi) /system/bin/wificond expire 18 lines
11-20 21:27:30.210   536   544 W SocketListener: sending broadcast to Pid = 1057, Uid = 1000 
11-20 21:27:30.214  1057  6586 I chatty  : uid=1000(system) Binder:1057_17 expire 7 lines
11-20 21:27:30.231  1057  6583 I chatty  : uid=1000(system) Binder:1057_16 expire 10 lines
11-20 21:27:48.334   536   550 W SocketListener: sending broadcast to Pid = 1057, Uid = 1000 
11-20 21:27:48.338  1057  1468 I chatty  : uid=1000(system) NetdConnector expire 10 lines
11-20 21:27:48.430   536   544 W SocketListener: sending broadcast to Pid = 1057, Uid = 1000 
11-20 21:27:51.662   646   646 I chatty  : uid=1010(wifi) /system/bin/wificond expire 48 lines
11-20 21:28:00.931  1057  1195 I chatty  : uid=1000(system) batterystats-wo expire 4 lines
11-20 21:28:30.012  1057  1057 I chatty  : uid=1000 system_server expire 10 lines
11-20 21:28:31.669  1057  1412 I chatty  : uid=1000(system) UEventObserver expire 12 lines
11-20 21:28:47.864   536   544 W SocketListener: sending broadcast to Pid = 1057, Uid = 1000 
11-20 21:28:47.869  1057  1200 I chatty  : uid=1000(system) android.fg expire 4 lines
11-20 21:28:55.715   646   646 I chatty  : uid=1010(wifi) /system/bin/wificond expire 54 lines
11-20 21:29:03.150   536   544 W SocketListener: sending broadcast to Pid = 1057, Uid = 1000 
11-20 21:29:03.167  1057  2984 I chatty  : uid=1000(system) Binder:1057_11 expire 10 lines
11-20 21:30:02.093  1057  1057 I chatty  : uid=1000 system_server expire 10 lines
11-20 21:30:02.124   536   544 W SocketListener: sending broadcast to Pid = 1057, Uid = 1000 
11-20 21:30:02.159  1057  6646 I chatty  : uid=1000(system) Binder:1057_18 expire 35 lines
11-20 21:30:07.791   646   646 I chatty  : uid=1010(wifi) /system/bin/wificond expire 18 lines
11-20 21:30:09.182  1057  1544 I chatty  : uid=1000(system) StatisticsCHRMs expire 4 lines
11-20 21:30:24.302   536   544 W SocketListener: sending broadcast to Pid = 1057, Uid = 1000 
11-20 21:30:24.305  1057  1468 I chatty  : uid=1000(system) NetdConnector expire 2 lines
11-20 21:30:31.818   646   646 I chatty  : uid=1010(wifi) /system/bin/wificond expire 15 lines
11-20 21:30:32.505  1057  1412 I chatty  : uid=1000(system) UEventObserver expire 9 lines
11-20 21:30:32.523  1057  1057 I chatty  : uid=1000 system_server expire 12 lines
11-20 21:30:35.704   644   713 E /system/bin/storaged: pid_info get_pids failed
