11-23 15:51:22.497 17647 17647 D ActivityThread: add activity client record, r= ActivityRecord{18569f3 token=android.os.BinderProxy@67fde67 {com.netease.play/com.netease.play.webview.WebviewActivity}} token= android.os.BinderProxy@67fde67
11-23 15:51:22.538  1163  8060 I chatty  : uid=1000(system) Binder:1163_1A expire 57 lines
11-23 15:51:23.480 17647 17647 V ActivityThread: ActivityThread,callActivityOnCreate
11-23 15:51:23.569 17647 17647 D ActivityThread: add activity client record, r= ActivityRecord{99527d1 token=android.os.BinderProxy@8a44bc8 {com.netease.play/com.netease.play.webview.WebviewActivity}} token= android.os.BinderProxy@8a44bc8
11-23 15:51:24.216   486   738 W SocketListener: sending broadcast to Pid = 1163, Uid = 1000 
11-23 15:51:24.217  1163  1333 I chatty  : uid=1000(system) NetdConnector expire 19 lines
11-23 15:51:24.226  1163  1334 I chatty  : uid=1000(system) NetworkStats expire 15 lines
11-23 15:51:25.284   760   760 I chatty  : uid=1010(wifi) /system/bin/wificond expire 21 lines
11-23 15:51:27.864 17647 17647 D ActivityThread: Remove activity client record, r= ActivityRecord{99527d1 token=android.os.BinderProxy@8a44bc8 {com.netease.play/com.netease.play.webview.WebviewActivity}} token= android.os.BinderProxy@8a44bc8
11-23 15:51:27.866  1163  6183 I chatty  : uid=1000(system) Binder:1163_15 expire 19 lines
11-23 15:51:27.929  1163  1284 I chatty  : uid=1000(system) android.anim expire 39 lines
11-23 15:51:28.731 17647 17647 D ActivityThread: Remove activity client record, r= ActivityRecord{18569f3 token=android.os.BinderProxy@67fde67 {com.netease.play/com.netease.play.webview.WebviewActivity}} token= android.os.BinderProxy@67fde67
11-23 15:51:29.633 17647 17647 D ActivityThread: Remove activity client record, r= ActivityRecord{a2a69ca token=android.os.BinderProxy@a6a3e3f {com.netease.play/com.netease.play.webview.WebviewActivity}} token= android.os.BinderProxy@a6a3e3f
11-23 15:51:29.662  1163  5118 I chatty  : uid=1000(system) Binder:1163_10 expire 11 lines
11-23 15:51:29.785   486   738 W SocketListener: sending broadcast to Pid = 1163, Uid = 1000 
11-23 15:51:29.786  1163  1186 I chatty  : uid=1000(system) android.fg expire 12 lines
11-23 15:51:31.139 17647 17647 V ActivityThread: ActivityThread,callActivityOnCreate
11-23 15:51:31.196 17647 17647 D ActivityThread: add activity client record, r= ActivityRecord{233eb3a token=android.os.BinderProxy@1318983 {com.netease.play/com.netease.play.livepage.gift.GiftActivity}} token= android.os.BinderProxy@1318983
11-23 15:51:32.679   486   738 W SocketListener: sending broadcast to Pid = 1163, Uid = 1000 
11-23 15:51:34.688   486   738 W SocketListener: sending broadcast to Pid = 1163, Uid = 1000 
11-23 15:51:34.690  1163  1333 I chatty  : uid=1000(system) NetdConnector expire 17 lines
11-23 15:51:34.697  1163  1334 I chatty  : uid=1000(system) NetworkStats expire 15 lines
11-23 15:51:37.487  1163  8060 I chatty  : uid=1000(system) Binder:1163_1A expire 28 lines
11-23 15:51:37.514 17647 17647 W ViewRootImpl[Toast]: EGLdebug relayoutWindow Surface isSurface(name=null)  (appName =com.netease.play) ( mSurfaceControllerIsValid =false) (mNativeObject  =0)/@0xf4d7fcd,viewVisibility is0
11-23 15:51:37.538 17647 17647 W ViewRootImpl[Toast]: EGLdebug relayoutWindow Surface isSurface(name=null)  (appName =com.netease.play) ( mSurfaceControllerIsValid =true) (mNativeObject  =c74a1000)/@0xf4d7fcd,relayoutResult is7
11-23 15:51:37.850   760   760 I chatty  : uid=1010(wifi) /system/bin/wificond expire 21 lines
11-23 15:51:39.596  1163  1174 I chatty  : uid=1000(system) Binder:1163_2 expire 34 lines
11-23 15:51:39.789 17647 17647 D ActivityThread: Remove activity client record, r= ActivityRecord{233eb3a token=android.os.BinderProxy@1318983 {com.netease.play/com.netease.play.livepage.gift.GiftActivity}} token= android.os.BinderProxy@1318983
11-23 15:51:39.790  1163  5118 I chatty  : uid=1000(system) Binder:1163_10 expire 10 lines
11-23 15:51:40.077  1163  1184 I chatty  : uid=1000(system) batterystats-sy expire 2 lines
11-23 15:51:40.394   486   738 W SocketListener: sending broadcast to Pid = 1163, Uid = 1000 
11-23 15:51:42.252 17647 17647 V ActivityThread: ActivityThread,callActivityOnCreate
11-23 15:51:42.369 17647 17647 D ActivityThread: add activity client record, r= ActivityRecord{affa9b7 token=android.os.BinderProxy@5d85b2e {com.netease.play/com.netease.play.webview.WebviewActivity}} token= android.os.BinderProxy@5d85b2e
11-23 15:51:42.396 18050 18050 D ActivityThread: ActivityThread,attachApplication
11-23 15:51:44.425   486   738 W SocketListener: sending broadcast to Pid = 1163, Uid = 1000 
11-23 15:51:45.998 17647 17647 V ActivityThread: ActivityThread,callActivityOnCreate
11-23 15:51:46.079 17647 17647 D ActivityThread: add activity client record, r= ActivityRecord{a2f916d token=android.os.BinderProxy@c482f54 {com.netease.play/com.netease.play.webview.WebviewActivity}} token= android.os.BinderProxy@c482f54
11-23 15:51:48.332   486   738 W SocketListener: sending broadcast to Pid = 1163, Uid = 1000 
11-23 15:51:48.333  1163  1333 I chatty  : uid=1000(system) NetdConnector expire 12 lines
11-23 15:51:48.340  1163  1334 I chatty  : uid=1000(system) NetworkStats expire 10 lines
11-23 15:51:49.364   760   760 I chatty  : uid=1010(wifi) /system/bin/wificond expire 18 lines
11-23 15:51:54.309   486   738 W SocketListener: sending broadcast to Pid = 1163, Uid = 1000 
11-23 15:51:57.581  1163  1174 I chatty  : uid=1000(system) Binder:1163_2 expire 4 lines
11-23 15:52:00.003  1163  1163 I chatty  : uid=1000 system_server expire 22 lines
11-23 15:52:00.770   486   738 W SocketListener: sending broadcast to Pid = 1163, Uid = 1000 
11-23 15:52:00.771  1163  1333 I chatty  : uid=1000(system) NetdConnector expire 12 lines
11-23 15:52:00.777  1163  1334 I chatty  : uid=1000(system) NetworkStats expire 10 lines
11-23 15:52:01.415   760   760 I chatty  : uid=1010(wifi) /system/bin/wificond expire 24 lines
11-23 15:52:06.477   486   738 W SocketListener: sending broadcast to Pid = 1163, Uid = 1000 
11-23 15:52:12.461   486   738 W SocketListener: sending broadcast to Pid = 1163, Uid = 1000 
11-23 15:52:12.463  1163  1333 I chatty  : uid=1000(system) NetdConnector expire 12 lines
11-23 15:52:12.471  1163  1334 I chatty  : uid=1000(system) NetworkStats expire 10 lines
11-23 15:52:13.445   760   760 I chatty  : uid=1010(wifi) /system/bin/wificond expire 18 lines
11-23 15:52:18.512   486   738 W SocketListener: sending broadcast to Pid = 1163, Uid = 1000 
11-23 15:52:24.788   486   738 W SocketListener: sending broadcast to Pid = 1163, Uid = 1000 
11-23 15:52:24.789  1163  1333 I chatty  : uid=1000(system) NetdConnector expire 24 lines
11-23 15:52:24.796  1163  1334 I chatty  : uid=1000(system) NetworkStats expire 20 lines
11-23 15:52:25.483   760   760 I chatty  : uid=1010(wifi) /system/bin/wificond expire 24 lines
11-23 15:52:30.769   756   811 E /system/bin/storaged: pid_info get_pids failed
11-23 15:52:30.919   486   738 W SocketListener: sending broadcast to Pid = 1163, Uid = 1000 
11-23 15:52:30.923  1163  1186 I chatty  : uid=1000(system) android.fg expire 10 lines
11-23 15:52:33.893  1163  1353 I chatty  : uid=1000(system) ConnectivitySer expire 8 lines
11-23 15:52:36.229  1163  1295 I chatty  : uid=1000(system) UEventObserver expire 8 lines
11-23 15:52:36.692   486   738 W SocketListener: sending broadcast to Pid = 1163, Uid = 1000 
11-23 15:52:37.525   760   760 I chatty  : uid=1010(wifi) /system/bin/wificond expire 18 lines
11-23 15:52:42.735   486   738 W SocketListener: sending broadcast to Pid = 1163, Uid = 1000 
11-23 15:52:48.834   486   738 W SocketListener: sending broadcast to Pid = 1163, Uid = 1000 
11-23 15:52:48.835  1163  1333 I chatty  : uid=1000(system) NetdConnector expire 12 lines
11-23 15:52:48.842  1163  1334 I chatty  : uid=1000(system) NetworkStats expire 10 lines
11-23 15:52:49.571   760   760 I chatty  : uid=1010(wifi) /system/bin/wificond expire 24 lines
11-23 15:52:54.797   486   738 W SocketListener: sending broadcast to Pid = 1163, Uid = 1000 
11-23 15:53:00.690   486   738 W SocketListener: sending broadcast to Pid = 1163, Uid = 1000 
11-23 15:53:00.691  1163  1333 I chatty  : uid=1000(system) NetdConnector expire 12 lines
11-23 15:53:00.697  1163  1334 I chatty  : uid=1000(system) NetworkStats expire 10 lines
11-23 15:53:01.602   760   760 I chatty  : uid=1010(wifi) /system/bin/wificond expire 18 lines
11-23 15:53:02.005  1163  1179 I chatty  : uid=1000(system) ActivityManager expire 1 line
11-23 15:53:02.041  1163  6183 I chatty  : uid=1000(system) Binder:1163_15 expire 3 lines
11-23 15:53:02.116  1163  5553 I chatty  : uid=1000(system) Binder:1163_12 expire 4 lines
11-23 15:53:07.373   486   738 W SocketListener: sending broadcast to Pid = 1163, Uid = 1000 
11-23 15:53:13.532   486   738 W SocketListener: sending broadcast to Pid = 1163, Uid = 1000 
11-23 15:53:13.534  1163  1333 I chatty  : uid=1000(system) NetdConnector expire 12 lines
11-23 15:53:13.544  1163  1334 I chatty  : uid=1000(system) NetworkStats expire 10 lines
11-23 15:53:13.637   760   760 I chatty  : uid=1010(wifi) /system/bin/wificond expire 27 lines
11-23 15:53:19.546   486   738 W SocketListener: sending broadcast to Pid = 1163, Uid = 1000 
11-23 15:53:25.748   486   738 W SocketListener: sending broadcast to Pid = 1163, Uid = 1000 
11-23 15:53:25.749  1163  1333 I chatty  : uid=1000(system) NetdConnector expire 12 lines
11-23 15:53:25.754  1163  1334 I chatty  : uid=1000(system) NetworkStats expire 10 lines
11-23 15:53:28.683   760   760 I chatty  : uid=1010(wifi) /system/bin/wificond expire 27 lines
11-23 15:53:29.056  1163  1319 I chatty  : uid=1000(system) AlarmManager expire 2 lines
11-23 15:53:29.095  1163 12464 I chatty  : uid=1000(system) Binder:1163_1F expire 8 lines
11-23 15:53:29.101 18128 18128 D ActivityThread: ActivityThread,attachApplication
11-23 15:53:29.111  1163  1176 I chatty  : uid=1000(system) android.bg expire 3 lines
11-23 15:53:29.116  1163  1163 I chatty  : uid=1000 system_server expire 10 lines
11-23 15:53:31.597   486   738 W SocketListener: sending broadcast to Pid = 1163, Uid = 1000 
11-23 15:53:31.602  1163  1186 I chatty  : uid=1000(system) android.fg expire 13 lines
11-23 15:53:31.702 18173 18173 D ActivityThread: ActivityThread,attachApplication
11-23 15:53:37.648   486   738 W SocketListener: sending broadcast to Pid = 1163, Uid = 1000 
11-23 15:53:37.650  1163  1333 I chatty  : uid=1000(system) NetdConnector expire 12 lines
11-23 15:53:37.656  1163  1334 I chatty  : uid=1000(system) NetworkStats expire 10 lines
11-23 15:53:40.315  1163  1184 I chatty  : uid=1000(system) batterystats-sy expire 2 lines
11-23 15:53:43.687   486   738 W SocketListener: sending broadcast to Pid = 1163, Uid = 1000 
11-23 15:53:43.717   760   760 I chatty  : uid=1010(wifi) /system/bin/wificond expire 27 lines
11-23 15:53:44.271  1163  5118 I chatty  : uid=1000(system) Binder:1163_10 expire 10 lines
11-23 15:53:50.068   486   738 W SocketListener: sending broadcast to Pid = 1163, Uid = 1000 
11-23 15:53:50.069  1163  1333 I chatty  : uid=1000(system) NetdConnector expire 12 lines
11-23 15:53:50.077  1163  1334 I chatty  : uid=1000(system) NetworkStats expire 10 lines
11-23 15:53:56.233   486   738 W SocketListener: sending broadcast to Pid = 1163, Uid = 1000 
11-23 15:53:58.761   760   760 I chatty  : uid=1010(wifi) /system/bin/wificond expire 30 lines
11-23 15:54:00.005  1163  1163 I chatty  : uid=1000 system_server expire 11 lines
11-23 15:54:00.105  1163  5553 I chatty  : uid=1000(system) Binder:1163_12 expire 1 line
11-23 15:54:02.062  1163  5118 I chatty  : uid=1000(system) Binder:1163_10 expire 7 lines
11-23 15:54:02.351   486   738 W SocketListener: sending broadcast to Pid = 1163, Uid = 1000 
11-23 15:54:02.352  1163  1333 I chatty  : uid=1000(system) NetdConnector expire 12 lines
11-23 15:54:02.359  1163  1334 I chatty  : uid=1000(system) NetworkStats expire 10 lines
11-23 15:54:06.486  1163  1295 I chatty  : uid=1000(system) UEventObserver expire 6 lines
11-23 15:54:08.368   486   738 W SocketListener: sending broadcast to Pid = 1163, Uid = 1000 
11-23 15:54:11.760  1163  1558 I chatty  : uid=1000(system) watchdog expire 3 lines
11-23 15:54:14.867   486   738 W SocketListener: sending broadcast to Pid = 1163, Uid = 1000 
11-23 15:54:14.869  1163  1333 I chatty  : uid=1000(system) NetdConnector expire 12 lines
11-23 15:54:14.877  1163  1334 I chatty  : uid=1000(system) NetworkStats expire 10 lines
11-23 15:54:16.825   760   760 I chatty  : uid=1010(wifi) /system/bin/wificond expire 24 lines
11-23 15:54:20.876   486   738 W SocketListener: sending broadcast to Pid = 1163, Uid = 1000 
11-23 15:54:26.944   486   738 W SocketListener: sending broadcast to Pid = 1163, Uid = 1000 
11-23 15:54:26.946  1163  1333 I chatty  : uid=1000(system) NetdConnector expire 12 lines
11-23 15:54:26.953  1163  1334 I chatty  : uid=1000(system) NetworkStats expire 10 lines
11-23 15:54:28.871   760   760 I chatty  : uid=1010(wifi) /system/bin/wificond expire 18 lines
11-23 15:54:32.896   486   738 W SocketListener: sending broadcast to Pid = 1163, Uid = 1000 
11-23 15:54:39.098   486   738 W SocketListener: sending broadcast to Pid = 1163, Uid = 1000 
11-23 15:54:39.099  1163  1333 I chatty  : uid=1000(system) NetdConnector expire 12 lines
11-23 15:54:39.106  1163  1334 I chatty  : uid=1000(system) NetworkStats expire 10 lines
11-23 15:54:40.920   760   760 I chatty  : uid=1010(wifi) /system/bin/wificond expire 24 lines
11-23 15:54:45.198   486   738 W SocketListener: sending broadcast to Pid = 1163, Uid = 1000 
11-23 15:54:51.106   486   738 W SocketListener: sending broadcast to Pid = 1163, Uid = 1000 
11-23 15:54:51.107  1163  1333 I chatty  : uid=1000(system) NetdConnector expire 12 lines
11-23 15:54:51.109  1163  1186 I chatty  : uid=1000(system) android.fg expire 19 lines
11-23 15:54:51.113  1163  1334 I chatty  : uid=1000(system) NetworkStats expire 10 lines
11-23 15:54:52.968   760   760 I chatty  : uid=1010(wifi) /system/bin/wificond expire 18 lines
11-23 15:54:52.971  1163  1353 I chatty  : uid=1000(system) ConnectivitySer expire 5 lines
11-23 15:54:57.246   486   738 W SocketListener: sending broadcast to Pid = 1163, Uid = 1000 
11-23 15:55:00.003  1163  1163 I chatty  : uid=1000 system_server expire 10 lines
11-23 15:55:02.006  1163  1179 I chatty  : uid=1000(system) ActivityManager expire 2 lines
11-23 15:55:02.017  1163  1174 I chatty  : uid=1000(system) Binder:1163_2 expire 20 lines
11-23 15:55:02.123  1163 12464 I chatty  : uid=1000(system) Binder:1163_1F expire 25 lines
11-23 15:55:03.416   486   738 W SocketListener: sending broadcast to Pid = 1163, Uid = 1000 
11-23 15:55:03.417  1163  1333 I chatty  : uid=1000(system) NetdConnector expire 12 lines
11-23 15:55:03.424  1163  1334 I chatty  : uid=1000(system) NetworkStats expire 10 lines
11-23 15:55:05.012   760   760 I chatty  : uid=1010(wifi) /system/bin/wificond expire 24 lines
11-23 15:55:09.599   486   738 W SocketListener: sending broadcast to Pid = 1163, Uid = 1000 
11-23 15:55:12.712  1163  1284 I chatty  : uid=1000(system) android.anim expire 16 lines
11-23 15:55:12.876 17647 17647 D ActivityThread: Remove activity client record, r= ActivityRecord{a2f916d token=android.os.BinderProxy@c482f54 {com.netease.play/com.netease.play.webview.WebviewActivity}} token= android.os.BinderProxy@c482f54
11-23 15:55:13.932  1163  5118 I chatty  : uid=1000(system) Binder:1163_10 expire 9 lines
11-23 15:55:14.136  1163 12464 I chatty  : uid=1000(system) Binder:1163_1F expire 16 lines
11-23 15:55:14.405  1163  5553 I chatty  : uid=1000(system) Binder:1163_12 expire 17 lines
11-23 15:55:14.408 17647 17647 D ActivityThread: Remove activity client record, r= ActivityRecord{affa9b7 token=android.os.BinderProxy@5d85b2e {com.netease.play/com.netease.play.webview.WebviewActivity}} token= android.os.BinderProxy@5d85b2e
11-23 15:55:14.458  1163  8060 I chatty  : uid=1000(system) Binder:1163_1A expire 14 lines
11-23 15:55:15.915 17647 17647 V ActivityThread: ActivityThread,callActivityOnCreate
11-23 15:55:15.936   486   738 W SocketListener: sending broadcast to Pid = 1163, Uid = 1000 
11-23 15:55:15.937  1163  1333 I chatty  : uid=1000(system) NetdConnector expire 18 lines
11-23 15:55:15.944  1163  1334 I chatty  : uid=1000(system) NetworkStats expire 15 lines
11-23 15:55:15.960 17647 17647 D ActivityThread: add activity client record, r= ActivityRecord{37fd0bf token=android.os.BinderProxy@d36c7c4 {com.netease.play/com.netease.play.livepage.gift.GiftActivity}} token= android.os.BinderProxy@d36c7c4
11-23 15:55:17.045   760   760 I chatty  : uid=1010(wifi) /system/bin/wificond expire 30 lines
11-23 15:55:17.988   486   738 W SocketListener: sending broadcast to Pid = 1163, Uid = 1000 
11-23 15:55:20.114   486   738 W SocketListener: sending broadcast to Pid = 1163, Uid = 1000 
11-23 15:55:21.489 17647 17647 D ActivityThread: Remove activity client record, r= ActivityRecord{37fd0bf token=android.os.BinderProxy@d36c7c4 {com.netease.play/com.netease.play.livepage.gift.GiftActivity}} token= android.os.BinderProxy@d36c7c4
11-23 15:55:26.332   486   738 W SocketListener: sending broadcast to Pid = 1163, Uid = 1000 
11-23 15:55:26.333  1163  1333 I chatty  : uid=1000(system) NetdConnector expire 12 lines
11-23 15:55:26.344  1163  1334 I chatty  : uid=1000(system) NetworkStats expire 10 lines
11-23 15:55:28.782  1163 12464 I chatty  : uid=1000(system) Binder:1163_1F expire 28 lines
11-23 15:55:32.944   486   738 W SocketListener: sending broadcast to Pid = 1163, Uid = 1000 
11-23 15:55:35.101   760   760 I chatty  : uid=1010(wifi) /system/bin/wificond expire 30 lines
11-23 15:55:36.720  1163  1295 I chatty  : uid=1000(system) UEventObserver expire 6 lines
11-23 15:55:38.519   486   738 W SocketListener: sending broadcast to Pid = 1163, Uid = 1000 
11-23 15:55:38.521  1163  1333 I chatty  : uid=1000(system) NetdConnector expire 12 lines
11-23 15:55:38.532  1163  1334 I chatty  : uid=1000(system) NetworkStats expire 10 lines
11-23 15:55:41.766  1163  1558 I chatty  : uid=1000(system) watchdog expire 3 lines
11-23 15:55:44.622   486   738 W SocketListener: sending broadcast to Pid = 1163, Uid = 1000 
11-23 15:55:50.413   486   738 W SocketListener: sending broadcast to Pid = 1163, Uid = 1000 
11-23 15:55:50.414  1163  1333 I chatty  : uid=1000(system) NetdConnector expire 12 lines
11-23 15:55:50.419  1163  1334 I chatty  : uid=1000(system) NetworkStats expire 10 lines
11-23 15:55:53.142   760   760 I chatty  : uid=1010(wifi) /system/bin/wificond expire 30 lines
11-23 15:55:56.564   486   738 W SocketListener: sending broadcast to Pid = 1163, Uid = 1000 
11-23 15:56:00.003  1163  1163 I chatty  : uid=1000 system_server expire 11 lines
11-23 15:56:00.183  1163  5553 I chatty  : uid=1000(system) Binder:1163_12 expire 20 lines
11-23 15:56:01.016 17647 17647 W ViewRootImpl[Toast]: EGLdebug relayoutWindow Surface isSurface(name=null)  (appName =com.netease.play) ( mSurfaceControllerIsValid =false) (mNativeObject  =0)/@0x29170b4,viewVisibility is0
11-23 15:56:01.031 17647 17647 W ViewRootImpl[Toast]: EGLdebug relayoutWindow Surface isSurface(name=null)  (appName =com.netease.play) ( mSurfaceControllerIsValid =true) (mNativeObject  =c16c1800)/@0x29170b4,relayoutResult is7
11-23 15:56:02.519   486   738 W SocketListener: sending broadcast to Pid = 1163, Uid = 1000 
11-23 15:56:02.520  1163  1333 I chatty  : uid=1000(system) NetdConnector expire 18 lines
11-23 15:56:02.530  1163  1334 I chatty  : uid=1000(system) NetworkStats expire 15 lines
11-23 15:56:04.785  1163  1284 I chatty  : uid=1000(system) android.anim expire 12 lines
11-23 15:56:08.982   486   738 W SocketListener: sending broadcast to Pid = 1163, Uid = 1000 
11-23 15:56:10.032   760   760 I chatty  : uid=1010(wifi) /system/bin/wificond expire 21 lines
11-23 15:56:10.873 17647 17647 V ActivityThread: ActivityThread,callActivityOnCreate
11-23 15:56:10.910 17647 17647 D ActivityThread: add activity client record, r= ActivityRecord{fe9875a token=android.os.BinderProxy@a6e224c {com.netease.play/com.netease.play.livepage.gift.GiftActivity}} token= android.os.BinderProxy@a6e224c
11-23 15:56:10.963  1163  8060 I chatty  : uid=1000(system) Binder:1163_1A expire 12 lines
11-23 15:56:12.154   486   738 W SocketListener: sending broadcast to Pid = 1163, Uid = 1000 
11-23 15:56:14.187   486   738 W SocketListener: sending broadcast to Pid = 1163, Uid = 1000 
11-23 15:56:14.188  1163  1333 I chatty  : uid=1000(system) NetdConnector expire 12 lines
11-23 15:56:14.195  1163  1334 I chatty  : uid=1000(system) NetworkStats expire 10 lines
11-23 15:56:16.704  1163  6183 I chatty  : uid=1000(system) Binder:1163_15 expire 36 lines
11-23 15:56:16.748 17647 17647 D ActivityThread: Remove activity client record, r= ActivityRecord{fe9875a token=android.os.BinderProxy@a6e224c {com.netease.play/com.netease.play.livepage.gift.GiftActivity}} token= android.os.BinderProxy@a6e224c
11-23 15:56:20.150   486   738 W SocketListener: sending broadcast to Pid = 1163, Uid = 1000 
11-23 15:56:20.221   760   760 I chatty  : uid=1010(wifi) /system/bin/wificond expire 21 lines
11-23 15:56:26.175   486   738 W SocketListener: sending broadcast to Pid = 1163, Uid = 1000 
11-23 15:56:26.176  1163  1333 I chatty  : uid=1000(system) NetdConnector expire 12 lines
11-23 15:56:26.186  1163  1334 I chatty  : uid=1000(system) NetworkStats expire 10 lines
11-23 15:56:32.316   486   738 W SocketListener: sending broadcast to Pid = 1163, Uid = 1000 
11-23 15:56:32.319  1163  1186 I chatty  : uid=1000(system) android.fg expire 15 lines
11-23 15:56:34.046   760   760 I chatty  : uid=1010(wifi) /system/bin/wificond expire 24 lines
11-23 15:56:38.732   486   738 W SocketListener: sending broadcast to Pid = 1163, Uid = 1000 
11-23 15:56:38.735  1163  1333 I chatty  : uid=1000(system) NetdConnector expire 12 lines
11-23 15:56:38.745  1163  1334 I chatty  : uid=1000(system) NetworkStats expire 10 lines
11-23 15:56:44.822   486   738 W SocketListener: sending broadcast to Pid = 1163, Uid = 1000 
11-23 15:56:47.310   760   760 I chatty  : uid=1010(wifi) /system/bin/wificond expire 27 lines
11-23 15:56:51.085   486   738 W SocketListener: sending broadcast to Pid = 1163, Uid = 1000 
11-23 15:56:51.086  1163  1333 I chatty  : uid=1000(system) NetdConnector expire 30 lines
11-23 15:56:51.098  1163  1334 I chatty  : uid=1000(system) NetworkStats expire 10 lines
11-23 15:56:56.989   486   738 W SocketListener: sending broadcast to Pid = 1163, Uid = 1000 
11-23 15:56:59.852  1450  2191 I CommandQueue: updateBarBgColor
11-23 15:56:59.852  1450  2191 D CommandQueue: CommandQueue, setBarBackgroundColor
11-23 15:56:59.925  1163  1284 I chatty  : uid=1000(system) android.anim expire 13 lines
11-23 15:56:59.978 17647 17647 D ActivityThread: Remove activity client record, r= ActivityRecord{3327f3a token=android.os.BinderProxy@fc5eaf8 {com.netease.play/com.netease.play.livepage.LiveViewerActivity}} token= android.os.BinderProxy@fc5eaf8
11-23 15:57:00.001  1163  1163 I chatty  : uid=1000 system_server expire 8 lines
11-23 15:57:01.136 17647 17647 V ActivityThread: ActivityThread,callActivityOnCreate
11-23 15:57:01.317 17647 17647 D ActivityThread: add activity client record, r= ActivityRecord{c998b3 token=android.os.BinderProxy@69c7b50 {com.netease.play/com.netease.play.livepage.LiveViewerActivity}} token= android.os.BinderProxy@69c7b50
11-23 15:57:01.363  1450  2191 I CommandQueue: updateBarBgColor
11-23 15:57:01.363  1450  2191 D CommandQueue: CommandQueue, setBarBackgroundColor
11-23 15:57:01.676  1163  8060 I chatty  : uid=1000(system) Binder:1163_1A expire 8 lines
11-23 15:57:02.118   486   738 W SocketListener: sending broadcast to Pid = 1163, Uid = 1000 
11-23 15:57:02.129  1163  1334 I chatty  : uid=1000(system) NetworkStats expire 25 lines
11-23 15:57:02.358   760   760 I chatty  : uid=1010(wifi) /system/bin/wificond expire 18 lines
11-23 15:57:04.119   486   738 W SocketListener: sending broadcast to Pid = 1163, Uid = 1000 
11-23 15:57:06.135   486   738 W SocketListener: sending broadcast to Pid = 1163, Uid = 1000 
11-23 15:57:06.969  1163  1295 I chatty  : uid=1000(system) UEventObserver expire 6 lines
11-23 15:57:07.441  1163  5553 I chatty  : uid=1000(system) Binder:1163_12 expire 11 lines
11-23 15:57:07.468 17647 17647 V ActivityThread: ActivityThread,callActivityOnCreate
11-23 15:57:07.508 17647 17647 D ActivityThread: add activity client record, r= ActivityRecord{8ee51c0 token=android.os.BinderProxy@be9951 {com.netease.play/com.netease.play.livepage.gift.GiftActivity}} token= android.os.BinderProxy@be9951
11-23 15:57:08.913   486   738 W SocketListener: sending broadcast to Pid = 1163, Uid = 1000 
11-23 15:57:08.914  1163  1333 I chatty  : uid=1000(system) NetdConnector expire 18 lines
11-23 15:57:10.942   486   738 W SocketListener: sending broadcast to Pid = 1163, Uid = 1000 
11-23 15:57:11.769  1163  1558 I chatty  : uid=1000(system) watchdog expire 3 lines
11-23 15:57:13.394  1450  1450 V DeadZone: consuming errant click: (1068.0111,67.02759)
11-23 15:57:14.085   760   760 I chatty  : uid=1010(wifi) /system/bin/wificond expire 27 lines
11-23 15:57:15.561  1163 12464 I chatty  : uid=1000(system) Binder:1163_1F expire 7 lines
11-23 15:57:15.624  1163  1284 I chatty  : uid=1000(system) android.anim expire 36 lines
11-23 15:57:16.368 17647 17647 D ActivityThread: Remove activity client record, r= ActivityRecord{8ee51c0 token=android.os.BinderProxy@be9951 {com.netease.play/com.netease.play.livepage.gift.GiftActivity}} token= android.os.BinderProxy@be9951
11-23 15:57:16.645   486   738 W SocketListener: sending broadcast to Pid = 1163, Uid = 1000 
11-23 15:57:16.654  1163  1334 I chatty  : uid=1000(system) NetworkStats expire 10 lines
11-23 15:57:22.092  1163  1353 I chatty  : uid=1000(system) ConnectivitySer expire 2 lines
11-23 15:57:22.677   486   738 W SocketListener: sending broadcast to Pid = 1163, Uid = 1000 
11-23 15:57:22.679  1163  1333 I chatty  : uid=1000(system) NetdConnector expire 12 lines
11-23 15:57:28.820   486   738 W SocketListener: sending broadcast to Pid = 1163, Uid = 1000 
11-23 15:57:28.830  1163  1334 I chatty  : uid=1000(system) NetworkStats expire 10 lines
11-23 15:57:29.426   760   760 I chatty  : uid=1010(wifi) /system/bin/wificond expire 24 lines
11-23 15:57:34.771   486   738 W SocketListener: sending broadcast to Pid = 1163, Uid = 1000 
11-23 15:57:34.773  1163  1333 I chatty  : uid=1000(system) NetdConnector expire 12 lines
11-23 15:57:40.742   486   738 W SocketListener: sending broadcast to Pid = 1163, Uid = 1000 
11-23 15:57:40.754  1163  1334 I chatty  : uid=1000(system) NetworkStats expire 15 lines
11-23 15:57:41.458   760   760 I chatty  : uid=1010(wifi) /system/bin/wificond expire 18 lines
11-23 15:57:45.961  1163  5553 I chatty  : uid=1000(system) Binder:1163_12 expire 17 lines
11-23 15:57:46.768   486   738 W SocketListener: sending broadcast to Pid = 1163, Uid = 1000 
11-23 15:57:46.768  1163  1333 I chatty  : uid=1000(system) NetdConnector expire 12 lines
11-23 15:57:46.771  1163  1186 I chatty  : uid=1000(system) android.fg expire 16 lines
11-23 15:57:46.947  1163  8060 I chatty  : uid=1000(system) Binder:1163_1A expire 74 lines
11-23 15:57:53.265  1163 15893 I chatty  : uid=1000(system) Binder:1163_20 expire 56 lines
11-23 15:57:53.311   486   738 W SocketListener: sending broadcast to Pid = 1163, Uid = 1000 
11-23 15:57:53.484   760   760 I chatty  : uid=1010(wifi) /system/bin/wificond expire 24 lines
11-23 15:57:54.298  1163  1174 I chatty  : uid=1000(system) Binder:1163_2 expire 51 lines
11-23 15:57:54.388  1163  1180 I chatty  : uid=1000(system) android.ui expire 8 lines
11-23 15:57:54.395  1779  2045 I HwNetworkPolicyManager: getHwUidPolicy uid = 10048 policy = 0
11-23 15:57:54.395  4631  4631 V ActivityThread: ActivityThread,callActivityOnCreate
11-23 15:57:54.492  1163  6100 I chatty  : uid=1000(system) Binder:1163_14 expire 31 lines
11-23 15:57:54.497  4631  4631 D ActivityThread: add activity client record, r= ActivityRecord{9d005a0 token=android.os.BinderProxy@c75ed61 {com.tencent.mm/com.tencent.mm.plugin.base.stub.WXEntryActivity}} token= android.os.BinderProxy@c75ed61
11-23 15:57:54.509  1163  5118 I chatty  : uid=1000(system) Binder:1163_10 expire 80 lines
11-23 15:57:54.667  1450  1462 I CommandQueue: updateBarBgColor
11-23 15:57:54.667  1450  1462 D CommandQueue: CommandQueue, setBarBackgroundColor
11-23 15:57:54.753  4631  4631 V ActivityThread: ActivityThread,callActivityOnCreate
11-23 15:57:54.761  4631  4631 D ActivityThread: add activity client record, r= ActivityRecord{a63450b token=android.os.BinderProxy@18bff82 {com.tencent.mm/com.tencent.mm.plugin.base.stub.UIEntryStub}} token= android.os.BinderProxy@18bff82
11-23 15:57:54.873  4631  4631 V ActivityThread: ActivityThread,callActivityOnCreate
11-23 15:57:54.944  4631  4631 D ActivityThread: add activity client record, r= ActivityRecord{3b9ccb6 token=android.os.BinderProxy@5ad302c {com.tencent.mm/com.tencent.mm.ui.transmit.SelectConversationUI}} token= android.os.BinderProxy@5ad302c
11-23 15:57:54.968  1163  1704 I chatty  : uid=1000(system) Binder:1163_A expire 80 lines
11-23 15:57:54.987  1450  1462 I CommandQueue: updateBarBgColor
11-23 15:57:54.987  1450  1462 D CommandQueue: CommandQueue, setBarBackgroundColor
11-23 15:57:55.344  4631  4631 D ActivityThread: Remove activity client record, r= ActivityRecord{a63450b token=android.os.BinderProxy@18bff82 {com.tencent.mm/com.tencent.mm.plugin.base.stub.UIEntryStub}} token= android.os.BinderProxy@18bff82
11-23 15:57:55.370  4631  4631 D ActivityThread: Remove activity client record, r= ActivityRecord{9d005a0 token=android.os.BinderProxy@c75ed61 {com.tencent.mm/com.tencent.mm.plugin.base.stub.WXEntryActivity}} token= android.os.BinderProxy@c75ed61
11-23 15:57:56.462  4631  4631 V ActivityThread: ActivityThread,callActivityOnCreate
11-23 15:57:56.510  4631  4631 D ActivityThread: add activity client record, r= ActivityRecord{b5355e7 token=android.os.BinderProxy@4ca102a {com.tencent.mm/com.tencent.mm.ui.transmit.SendAppMessageWrapperUI}} token= android.os.BinderProxy@4ca102a
11-23 15:57:57.796  1163  1734 I chatty  : uid=1000(system) Binder:1163_C expire 17 lines
11-23 15:57:57.898  4631  4631 D ActivityThread: Remove activity client record, r= ActivityRecord{b5355e7 token=android.os.BinderProxy@4ca102a {com.tencent.mm/com.tencent.mm.ui.transmit.SendAppMessageWrapperUI}} token= android.os.BinderProxy@4ca102a
11-23 15:57:57.920  1163  1284 I chatty  : uid=1000(system) android.anim expire 57 lines
11-23 15:57:58.895 17647 17647 V ActivityThread: Handle window ActivityRecord{c998b3 token=android.os.BinderProxy@69c7b50 {com.netease.play/com.netease.play.livepage.LiveViewerActivity}} visibility: true
11-23 15:57:58.900  1779  2045 I HwNetworkPolicyManager: getHwUidPolicy uid = 10300 policy = 0
11-23 15:57:58.931 17647 17647 V ActivityThread: ActivityThread,callActivityOnCreate
11-23 15:57:58.949 17647 17647 D ActivityThread: add activity client record, r= ActivityRecord{bd41586 token=android.os.BinderProxy@8217dc {com.netease.play/com.netease.play.wxapi.WXEntryActivity}} token= android.os.BinderProxy@8217dc
11-23 15:57:58.981   486   738 W SocketListener: sending broadcast to Pid = 1163, Uid = 1000 
11-23 15:57:58.982  1163  1333 I chatty  : uid=1000(system) NetdConnector expire 18 lines
11-23 15:57:58.988  1163  1334 I chatty  : uid=1000(system) NetworkStats expire 15 lines
11-23 15:57:59.018 17647 17647 W ViewRootImpl[Toast]: EGLdebug relayoutWindow Surface isSurface(name=null)  (appName =com.netease.play) ( mSurfaceControllerIsValid =false) (mNativeObject  =0)/@0x9e9300c,viewVisibility is0
11-23 15:57:59.033 17647 17647 W ViewRootImpl[Toast]: EGLdebug relayoutWindow Surface isSurface(name=null)  (appName =com.netease.play) ( mSurfaceControllerIsValid =true) (mNativeObject  =c8d78800)/@0x9e9300c,relayoutResult is7
11-23 15:57:59.041  1450  1462 I CommandQueue: updateBarBgColor
11-23 15:57:59.041  1450  1462 D CommandQueue: CommandQueue, setBarBackgroundColor
11-23 15:57:59.209 17647 17647 D ActivityThread: Remove activity client record, r= ActivityRecord{bd41586 token=android.os.BinderProxy@8217dc {com.netease.play/com.netease.play.wxapi.WXEntryActivity}} token= android.os.BinderProxy@8217dc
11-23 15:57:59.245  4631  4631 D ActivityThread: Remove activity client record, r= ActivityRecord{3b9ccb6 token=android.os.BinderProxy@5ad302c {com.tencent.mm/com.tencent.mm.ui.transmit.SelectConversationUI}} token= android.os.BinderProxy@5ad302c
11-23 15:57:59.721  1163  1183 I chatty  : uid=1000(system) keyAppHanderThr expire 1 line
11-23 15:57:59.767 17647 17647 W ViewRootImpl[Toast]: EGLdebug relayoutWindow Surface isSurface(name=null)  (appName =com.netease.play) ( mSurfaceControllerIsValid =true) (mNativeObject  =c8d78800)/@0x9e9300c,viewVisibility is0
11-23 15:57:59.790 17647 17647 W ViewRootImpl[Toast]: EGLdebug relayoutWindow Surface isSurface(name=null)  (appName =com.netease.play) ( mSurfaceControllerIsValid =true) (mNativeObject  =c8d78800)/@0x9e9300c,relayoutResult is33
11-23 15:58:00.001  1163  1163 I chatty  : uid=1000 system_server expire 14 lines
11-23 15:58:03.665  4631  4631 V ActivityThread: ActivityThread,callActivityOnCreate
11-23 15:58:03.668  1779  2045 I HwNetworkPolicyManager: getHwUidPolicy uid = 10048 policy = 0
11-23 15:58:03.763  4631  4631 D ActivityThread: add activity client record, r= ActivityRecord{9dfa1cc token=android.os.BinderProxy@50f5d5b {com.tencent.mm/com.tencent.mm.plugin.base.stub.WXEntryActivity}} token= android.os.BinderProxy@50f5d5b
11-23 15:58:03.934  1450  1462 I CommandQueue: updateBarBgColor
11-23 15:58:03.935  1450  1462 D CommandQueue: CommandQueue, setBarBackgroundColor
11-23 15:58:04.010  4631  4631 V ActivityThread: ActivityThread,callActivityOnCreate
11-23 15:58:04.019  4631  4631 D ActivityThread: add activity client record, r= ActivityRecord{a0a22a6 token=android.os.BinderProxy@ab734c9 {com.tencent.mm/com.tencent.mm.plugin.base.stub.UIEntryStub}} token= android.os.BinderProxy@ab734c9
11-23 15:58:04.126  4631  4631 V ActivityThread: ActivityThread,callActivityOnCreate
11-23 15:58:04.194  4631  4631 D ActivityThread: add activity client record, r= ActivityRecord{7eb0f24 token=android.os.BinderProxy@32e868a {com.tencent.mm/com.tencent.mm.ui.transmit.SelectConversationUI}} token= android.os.BinderProxy@32e868a
11-23 15:58:04.234  1450  1462 I CommandQueue: updateBarBgColor
11-23 15:58:04.234  1450  1462 D CommandQueue: CommandQueue, setBarBackgroundColor
11-23 15:58:04.573  4631  4631 D ActivityThread: Remove activity client record, r= ActivityRecord{a0a22a6 token=android.os.BinderProxy@ab734c9 {com.tencent.mm/com.tencent.mm.plugin.base.stub.UIEntryStub}} token= android.os.BinderProxy@ab734c9
11-23 15:58:04.594  1163  5118 I chatty  : uid=1000(system) Binder:1163_10 expire 37 lines
11-23 15:58:04.614  4631  4631 D ActivityThread: Remove activity client record, r= ActivityRecord{9dfa1cc token=android.os.BinderProxy@50f5d5b {com.tencent.mm/com.tencent.mm.plugin.base.stub.WXEntryActivity}} token= android.os.BinderProxy@50f5d5b
11-23 15:58:04.913   486   738 W SocketListener: sending broadcast to Pid = 1163, Uid = 1000 
11-23 15:58:05.520   760   760 I chatty  : uid=1010(wifi) /system/bin/wificond expire 18 lines
11-23 15:58:06.742  4631  4631 V ActivityThread: ActivityThread,callActivityOnCreate
11-23 15:58:06.785  4631  4631 D ActivityThread: add activity client record, r= ActivityRecord{7ea3310 token=android.os.BinderProxy@b66ab5e {com.tencent.mm/com.tencent.mm.ui.transmit.SendAppMessageWrapperUI}} token= android.os.BinderProxy@b66ab5e
11-23 15:58:06.795  1163  1174 I chatty  : uid=1000(system) Binder:1163_2 expire 35 lines
11-23 15:58:06.815  1163  8060 I chatty  : uid=1000(system) Binder:1163_1A expire 40 lines
11-23 15:58:09.844  4631  4631 D ActivityThread: Remove activity client record, r= ActivityRecord{7ea3310 token=android.os.BinderProxy@b66ab5e {com.tencent.mm/com.tencent.mm.ui.transmit.SendAppMessageWrapperUI}} token= android.os.BinderProxy@b66ab5e
11-23 15:58:10.323 17647 17647 V ActivityThread: Handle window ActivityRecord{c998b3 token=android.os.BinderProxy@69c7b50 {com.netease.play/com.netease.play.livepage.LiveViewerActivity}} visibility: true
11-23 15:58:10.333  1779  2045 I HwNetworkPolicyManager: getHwUidPolicy uid = 10300 policy = 0
11-23 15:58:10.349 17647 17647 V ActivityThread: ActivityThread,callActivityOnCreate
11-23 15:58:10.367 17647 17647 D ActivityThread: add activity client record, r= ActivityRecord{a48d95d token=android.os.BinderProxy@6eb8a88 {com.netease.play/com.netease.play.wxapi.WXEntryActivity}} token= android.os.BinderProxy@6eb8a88
11-23 15:58:10.455 17647 17647 W ViewRootImpl[Toast]: EGLdebug relayoutWindow Surface isSurface(name=null)  (appName =com.netease.play) ( mSurfaceControllerIsValid =false) (mNativeObject  =0)/@0xa58a1e,viewVisibility is0
11-23 15:58:10.470 17647 17647 W ViewRootImpl[Toast]: EGLdebug relayoutWindow Surface isSurface(name=null)  (appName =com.netease.play) ( mSurfaceControllerIsValid =true) (mNativeObject  =c1763800)/@0xa58a1e,relayoutResult is7
11-23 15:58:10.477  1450  1462 I CommandQueue: updateBarBgColor
11-23 15:58:10.477  1450  1462 D CommandQueue: CommandQueue, setBarBackgroundColor
11-23 15:58:10.666 17647 17647 D ActivityThread: Remove activity client record, r= ActivityRecord{a48d95d token=android.os.BinderProxy@6eb8a88 {com.netease.play/com.netease.play.wxapi.WXEntryActivity}} token= android.os.BinderProxy@6eb8a88
11-23 15:58:10.686  4631  4631 D ActivityThread: Remove activity client record, r= ActivityRecord{7eb0f24 token=android.os.BinderProxy@32e868a {com.tencent.mm/com.tencent.mm.ui.transmit.SelectConversationUI}} token= android.os.BinderProxy@32e868a
11-23 15:58:11.021 17647 17647 W ViewRootImpl[Toast]: EGLdebug relayoutWindow Surface isSurface(name=null)  (appName =com.netease.play) ( mSurfaceControllerIsValid =true) (mNativeObject  =c1763800)/@0xa58a1e,viewVisibility is0
11-23 15:58:11.042 17647 17647 W ViewRootImpl[Toast]: EGLdebug relayoutWindow Surface isSurface(name=null)  (appName =com.netease.play) ( mSurfaceControllerIsValid =true) (mNativeObject  =c1763800)/@0xa58a1e,relayoutResult is33
11-23 15:58:11.072   486   738 W SocketListener: sending broadcast to Pid = 1163, Uid = 1000 
11-23 15:58:14.620 17647 17647 V ActivityThread: ActivityThread,callActivityOnCreate
11-23 15:58:14.660 17647 17647 D ActivityThread: add activity client record, r= ActivityRecord{23b9d2c token=android.os.BinderProxy@7dadfc9 {com.netease.play/com.netease.play.livepage.gift.GiftActivity}} token= android.os.BinderProxy@7dadfc9
11-23 15:58:14.834  1163  1284 I chatty  : uid=1000(system) android.anim expire 18 lines
11-23 15:58:17.084  1163  2704 I chatty  : uid=1000(system) Binder:1163_E expire 21 lines
11-23 15:58:17.148   486   738 W SocketListener: sending broadcast to Pid = 1163, Uid = 1000 
11-23 15:58:17.149  1163  1333 I chatty  : uid=1000(system) NetdConnector expire 30 lines
11-23 15:58:17.155  1163  1334 I chatty  : uid=1000(system) NetworkStats expire 25 lines
11-23 15:58:17.566   760   760 I chatty  : uid=1010(wifi) /system/bin/wificond expire 24 lines
11-23 15:58:18.049  1163  1174 I chatty  : uid=1000(system) Binder:1163_2 expire 12 lines
11-23 15:58:18.056 17647 17647 D ActivityThread: Remove activity client record, r= ActivityRecord{23b9d2c token=android.os.BinderProxy@7dadfc9 {com.netease.play/com.netease.play.livepage.gift.GiftActivity}} token= android.os.BinderProxy@7dadfc9
11-23 15:58:18.283 17647 17647 V ActivityThread: ActivityThread,callActivityOnCreate
11-23 15:58:18.324 17647 17647 D ActivityThread: add activity client record, r= ActivityRecord{844b81f token=android.os.BinderProxy@862aa10 {com.netease.play/com.netease.play.livepage.gift.GiftActivity}} token= android.os.BinderProxy@862aa10
11-23 15:58:19.151   486   738 W SocketListener: sending broadcast to Pid = 1163, Uid = 1000 
11-23 15:58:21.159   486   738 W SocketListener: sending broadcast to Pid = 1163, Uid = 1000 
11-23 15:58:21.201  1163  8060 I chatty  : uid=1000(system) Binder:1163_1A expire 10 lines
11-23 15:58:21.278  1163  2704 I chatty  : uid=1000(system) Binder:1163_E expire 36 lines
11-23 15:58:21.328 17647 17647 D ActivityThread: Remove activity client record, r= ActivityRecord{844b81f token=android.os.BinderProxy@862aa10 {com.netease.play/com.netease.play.livepage.gift.GiftActivity}} token= android.os.BinderProxy@862aa10
11-23 15:58:23.183   486   738 W SocketListener: sending broadcast to Pid = 1163, Uid = 1000 
11-23 15:58:29.145   486   738 W SocketListener: sending broadcast to Pid = 1163, Uid = 1000 
11-23 15:58:29.593   760   760 I chatty  : uid=1010(wifi) /system/bin/wificond expire 18 lines
11-23 15:58:30.141  1163  1163 I chatty  : uid=1000 system_server expire 17 lines
11-23 15:58:35.260   486   738 W SocketListener: sending broadcast to Pid = 1163, Uid = 1000 
11-23 15:58:35.261  1163  1333 I chatty  : uid=1000(system) NetdConnector expire 12 lines
11-23 15:58:35.269  1163  1334 I chatty  : uid=1000(system) NetworkStats expire 10 lines
11-23 15:58:37.203  1163  1295 I chatty  : uid=1000(system) UEventObserver expire 12 lines
11-23 15:58:41.254   486   738 W SocketListener: sending broadcast to Pid = 1163, Uid = 1000 
11-23 15:58:41.640   760   760 I chatty  : uid=1010(wifi) /system/bin/wificond expire 24 lines
11-23 15:58:41.772  1163  1558 I chatty  : uid=1000(system) watchdog expire 6 lines
11-23 15:58:47.266   486   738 W SocketListener: sending broadcast to Pid = 1163, Uid = 1000 
11-23 15:58:47.267  1163  1333 I chatty  : uid=1000(system) NetdConnector expire 12 lines
11-23 15:58:47.273  1163  1334 I chatty  : uid=1000(system) NetworkStats expire 10 lines
11-23 15:58:47.657  1163  1353 I chatty  : uid=1000(system) ConnectivitySer expire 4 lines
11-23 15:58:53.282   486   738 W SocketListener: sending broadcast to Pid = 1163, Uid = 1000 
11-23 15:58:53.670   760   760 I chatty  : uid=1010(wifi) /system/bin/wificond expire 18 lines
11-23 15:58:59.289   486   738 W SocketListener: sending broadcast to Pid = 1163, Uid = 1000 
11-23 15:58:59.290  1163  1333 I chatty  : uid=1000(system) NetdConnector expire 12 lines
11-23 15:58:59.298  1163  1334 I chatty  : uid=1000(system) NetworkStats expire 10 lines
11-23 15:59:02.004  1163  1179 I chatty  : uid=1000(system) ActivityManager expire 2 lines
11-23 15:59:05.435   486   738 W SocketListener: sending broadcast to Pid = 1163, Uid = 1000 
11-23 15:59:05.715   760   760 I chatty  : uid=1010(wifi) /system/bin/wificond expire 24 lines
11-23 15:59:08.224  1163  8060 I chatty  : uid=1000(system) Binder:1163_1A expire 13 lines
11-23 15:59:09.552  1163  2704 I chatty  : uid=1000(system) Binder:1163_E expire 18 lines
11-23 15:59:11.507   486   738 W SocketListener: sending broadcast to Pid = 1163, Uid = 1000 
11-23 15:59:11.508  1163  1333 I chatty  : uid=1000(system) NetdConnector expire 24 lines
11-23 15:59:11.511  1163  1186 I chatty  : uid=1000(system) android.fg expire 11 lines
11-23 15:59:11.516  1163  1334 I chatty  : uid=1000(system) NetworkStats expire 20 lines
11-23 15:59:12.067  1163  1734 I chatty  : uid=1000(system) Binder:1163_C expire 14 lines
11-23 15:59:12.109  1450  3050 I CommandQueue: updateBarBgColor
11-23 15:59:12.109  1450  3050 D CommandQueue: CommandQueue, setBarBackgroundColor
11-23 15:59:12.189  1163  1284 I chatty  : uid=1000(system) android.anim expire 13 lines
11-23 15:59:12.227 17647 17647 D ActivityThread: Remove activity client record, r= ActivityRecord{c998b3 token=android.os.BinderProxy@69c7b50 {com.netease.play/com.netease.play.livepage.LiveViewerActivity}} token= android.os.BinderProxy@69c7b50
11-23 15:59:14.498 17647 17647 V ActivityThread: ActivityThread,callActivityOnCreate
11-23 15:59:14.592  1163  1174 I chatty  : uid=1000(system) Binder:1163_2 expire 19 lines
11-23 15:59:14.631 17647 17647 D ActivityThread: add activity client record, r= ActivityRecord{efcf05a token=android.os.BinderProxy@6222a8d {com.netease.play/com.netease.play.livepage.LiveViewerActivity}} token= android.os.BinderProxy@6222a8d
11-23 15:59:14.643  1163  1692 I chatty  : uid=1000(system) Binder:1163_9 expire 13 lines
11-23 15:59:14.667  1163  7184 I chatty  : uid=1000(system) Binder:1163_16 expire 10 lines
11-23 15:59:14.671  1450  3050 I CommandQueue: updateBarBgColor
11-23 15:59:14.672  1450  3050 D CommandQueue: CommandQueue, setBarBackgroundColor
11-23 15:59:16.460   486   738 W SocketListener: sending broadcast to Pid = 1163, Uid = 1000 
11-23 15:59:17.322  1163  1704 I chatty  : uid=1000(system) Binder:1163_A expire 16 lines
11-23 15:59:17.751   760   760 I chatty  : uid=1010(wifi) /system/bin/wificond expire 18 lines
11-23 15:59:18.471   486   738 W SocketListener: sending broadcast to Pid = 1163, Uid = 1000 
11-23 15:59:22.474   486   738 W SocketListener: sending broadcast to Pid = 1163, Uid = 1000 
11-23 15:59:28.777   486   738 W SocketListener: sending broadcast to Pid = 1163, Uid = 1000 
11-23 15:59:28.777  1163  1333 I chatty  : uid=1000(system) NetdConnector expire 12 lines
11-23 15:59:28.785  1163  1334 I chatty  : uid=1000(system) NetworkStats expire 10 lines
11-23 15:59:29.787   760   760 I chatty  : uid=1010(wifi) /system/bin/wificond expire 24 lines
11-23 15:59:34.680   486   738 W SocketListener: sending broadcast to Pid = 1163, Uid = 1000 
11-23 15:59:40.717   486   738 W SocketListener: sending broadcast to Pid = 1163, Uid = 1000 
11-23 15:59:40.718  1163  1333 I chatty  : uid=1000(system) NetdConnector expire 12 lines
11-23 15:59:40.724  1163  1334 I chatty  : uid=1000(system) NetworkStats expire 10 lines
11-23 15:59:41.816   760   760 I chatty  : uid=1010(wifi) /system/bin/wificond expire 18 lines
11-23 15:59:47.146   486   738 W SocketListener: sending broadcast to Pid = 1163, Uid = 1000 
11-23 15:59:53.255   486   738 W SocketListener: sending broadcast to Pid = 1163, Uid = 1000 
11-23 15:59:53.258  1163  1333 I chatty  : uid=1000(system) NetdConnector expire 12 lines
11-23 15:59:53.267  1163  1334 I chatty  : uid=1000(system) NetworkStats expire 10 lines
11-23 15:59:53.849   760   760 I chatty  : uid=1010(wifi) /system/bin/wificond expire 24 lines
11-23 15:59:59.325   486   738 W SocketListener: sending broadcast to Pid = 1163, Uid = 1000 
11-23 16:00:00.108  2767  8064 W ContextImpl: Calling a method in the system process without a qualified user: android.app.ContextImpl.bindService:1736 android.content.ContextWrapper.bindService:678 com.huawei.nb.dataservice.dsclient.RemoteServiceConnection.open:90 com.huawei.nb.dataservice.dsclient.DataServiceProxy.connect:105 com.huawei.nb.dataservice.rsclient.internal.RemoteRuleService.start:27 
11-23 16:00:00.212  2767  8066 W ContextImpl: Calling a method in the system process without a qualified user: android.app.ContextImpl.bindService:1736 android.content.ContextWrapper.bindService:678 com.huawei.nb.dataservice.dsclient.RemoteServiceConnection.open:90 com.huawei.nb.dataservice.dsclient.DataServiceProxy.connect:105 com.huawei.nb.dataservice.rsclient.internal.RemoteRuleService.start:27 
11-23 16:00:05.347   486   738 W SocketListener: sending broadcast to Pid = 1163, Uid = 1000 
11-23 16:00:05.348  1163  1333 I chatty  : uid=1000(system) NetdConnector expire 12 lines
11-23 16:00:05.357  1163  1334 I chatty  : uid=1000(system) NetworkStats expire 10 lines
11-23 16:00:05.877   760   760 I chatty  : uid=1010(wifi) /system/bin/wificond expire 18 lines
11-23 16:00:11.667   486   738 W SocketListener: sending broadcast to Pid = 1163, Uid = 1000 
11-23 16:00:11.669  1163  1186 I chatty  : uid=1000(system) android.fg expire 10 lines
11-23 16:00:17.427   486   738 W SocketListener: sending broadcast to Pid = 1163, Uid = 1000 
11-23 16:00:17.428  1163  1333 I chatty  : uid=1000(system) NetdConnector expire 18 lines
11-23 16:00:17.434  1163  1334 I chatty  : uid=1000(system) NetworkStats expire 10 lines
11-23 16:00:17.910   760   760 I chatty  : uid=1010(wifi) /system/bin/wificond expire 24 lines
11-23 16:00:23.786   486   738 W SocketListener: sending broadcast to Pid = 1163, Uid = 1000 
11-23 16:00:29.836   486   738 W SocketListener: sending broadcast to Pid = 1163, Uid = 1000 
11-23 16:00:29.844  1163  1334 I chatty  : uid=1000(system) NetworkStats expire 10 lines
11-23 16:00:29.940   760   760 I chatty  : uid=1010(wifi) /system/bin/wificond expire 27 lines
11-23 16:00:30.138  1163  1163 I chatty  : uid=1000 system_server expire 20 lines
11-23 16:00:35.876   486   738 W SocketListener: sending broadcast to Pid = 1163, Uid = 1000 
11-23 16:00:35.878  1163  1333 I chatty  : uid=1000(system) NetdConnector expire 12 lines
11-23 16:00:42.209   486   738 W SocketListener: sending broadcast to Pid = 1163, Uid = 1000 
11-23 16:00:42.215  1163  1334 I chatty  : uid=1000(system) NetworkStats expire 10 lines
11-23 16:00:44.980   760   760 I chatty  : uid=1010(wifi) /system/bin/wificond expire 30 lines
11-23 16:00:46.848  1163  8060 I chatty  : uid=1000(system) Binder:1163_1A expire 17 lines
11-23 16:00:46.851  1163  1692 I chatty  : uid=1000(system) Binder:1163_9 expire 2 lines
11-23 16:00:48.117   486   738 W SocketListener: sending broadcast to Pid = 1163, Uid = 1000 
11-23 16:00:48.118  1163  1333 I chatty  : uid=1000(system) NetdConnector expire 12 lines
11-23 16:00:54.310   486   738 W SocketListener: sending broadcast to Pid = 1163, Uid = 1000 
11-23 16:00:54.322  1163  1334 I chatty  : uid=1000(system) NetworkStats expire 10 lines
11-23 16:01:00.002  1163  1163 I chatty  : uid=1000 system_server expire 6 lines
11-23 16:01:00.342   486   738 W SocketListener: sending broadcast to Pid = 1163, Uid = 1000 
11-23 16:01:00.343  1163  1333 I chatty  : uid=1000(system) NetdConnector expire 12 lines
11-23 16:01:03.031   760   760 I chatty  : uid=1010(wifi) /system/bin/wificond expire 27 lines
11-23 16:01:06.229   486   738 W SocketListener: sending broadcast to Pid = 1163, Uid = 1000 
