--------- beginning of system
11-23 14:55:51.892  1163  1334 I chatty  : uid=1000(system) NetworkStats expire 10 lines
11-23 14:55:53.215   760   760 I chatty  : uid=1010(wifi) /system/bin/wificond expire 18 lines
11-23 14:56:00.112  1163  1665 I chatty  : uid=1000(system) Binder:1163_6 expire 4 lines
11-23 14:56:04.555   486   738 W SocketListener: sending broadcast to Pid = 1163, Uid = 1000 
11-23 14:56:04.556  1163  1333 I chatty  : uid=1000(system) NetdConnector expire 12 lines
11-23 14:56:05.267   760   760 I chatty  : uid=1010(wifi) /system/bin/wificond expire 24 lines
11-23 14:56:17.138   486   738 W SocketListener: sending broadcast to Pid = 1163, Uid = 1000 
11-23 14:56:17.148  1163  1334 I chatty  : uid=1000(system) NetworkStats expire 10 lines
11-23 14:56:17.306   760   760 I chatty  : uid=1010(wifi) /system/bin/wificond expire 21 lines
11-23 14:56:23.692  1163  7779 I chatty  : uid=1000(system) Binder:1163_18 expire 1 line
11-23 14:56:27.128  1163  1295 I chatty  : uid=1000(system) UEventObserver expire 6 lines
11-23 14:56:30.109   486   738 W SocketListener: sending broadcast to Pid = 1163, Uid = 1000 
11-23 14:56:30.110  1163  1333 I chatty  : uid=1000(system) NetdConnector expire 12 lines
11-23 14:56:30.113  1163  1186 I chatty  : uid=1000(system) android.fg expire 5 lines
11-23 14:56:30.144  1163  1163 I chatty  : uid=1000 system_server expire 8 lines
11-23 14:56:31.731   760   760 I chatty  : uid=1010(wifi) /system/bin/wificond expire 24 lines
11-23 14:56:42.883   486   738 W SocketListener: sending broadcast to Pid = 1163, Uid = 1000 
11-23 14:56:42.891  1163  1334 I chatty  : uid=1000(system) NetworkStats expire 10 lines
11-23 14:56:44.398   760   760 I chatty  : uid=1010(wifi) /system/bin/wificond expire 18 lines
11-23 14:56:55.503   486   738 W SocketListener: sending broadcast to Pid = 1163, Uid = 1000 
11-23 14:56:55.505  1163  1333 I chatty  : uid=1000(system) NetdConnector expire 10 lines
11-23 14:56:55.744   760   760 I chatty  : uid=1010(wifi) /system/bin/wificond expire 24 lines
11-23 14:57:08.449   486   738 W SocketListener: sending broadcast to Pid = 1163, Uid = 1000 
11-23 14:57:08.461  1163  1334 I chatty  : uid=1000(system) NetworkStats expire 10 lines
11-23 14:57:08.490   760   760 I chatty  : uid=1010(wifi) /system/bin/wificond expire 27 lines
11-23 14:57:08.496  1163  1333 I chatty  : uid=1000(system) NetdConnector expire 14 lines
11-23 14:57:21.155   486   738 W SocketListener: sending broadcast to Pid = 1163, Uid = 1000 
11-23 14:57:23.537   760   760 I chatty  : uid=1010(wifi) /system/bin/wificond expire 18 lines
11-23 14:57:30.138  1163  1163 I chatty  : uid=1000 system_server expire 10 lines
11-23 14:57:34.208   486   738 W SocketListener: sending broadcast to Pid = 1163, Uid = 1000 
11-23 14:57:34.213  1163  1186 I chatty  : uid=1000(system) android.fg expire 7 lines
11-23 14:57:34.218  1163  1334 I chatty  : uid=1000(system) NetworkStats expire 10 lines
11-23 14:57:35.583   760   760 I chatty  : uid=1010(wifi) /system/bin/wificond expire 24 lines
11-23 14:57:41.625  1163  1558 I chatty  : uid=1000(system) watchdog expire 3 lines
11-23 14:57:46.961   486   738 W SocketListener: sending broadcast to Pid = 1163, Uid = 1000 
11-23 14:57:46.963  1163  1333 I chatty  : uid=1000(system) NetdConnector expire 12 lines
11-23 14:57:47.615   760   760 I chatty  : uid=1010(wifi) /system/bin/wificond expire 18 lines
11-23 14:57:57.365  1163  1295 I chatty  : uid=1000(system) UEventObserver expire 6 lines
11-23 14:57:59.586   486   738 W SocketListener: sending broadcast to Pid = 1163, Uid = 1000 
11-23 14:57:59.597  1163  1334 I chatty  : uid=1000(system) NetworkStats expire 10 lines
11-23 14:57:59.651   760   760 I chatty  : uid=1010(wifi) /system/bin/wificond expire 27 lines
11-23 14:58:00.114  1163  7779 I chatty  : uid=1000(system) Binder:1163_18 expire 6 lines
11-23 14:58:12.594   486   738 W SocketListener: sending broadcast to Pid = 1163, Uid = 1000 
11-23 14:58:12.596  1163  1333 I chatty  : uid=1000(system) NetdConnector expire 12 lines
11-23 14:58:14.700   760   760 I chatty  : uid=1010(wifi) /system/bin/wificond expire 24 lines
11-23 14:58:25.620   486   738 W SocketListener: sending broadcast to Pid = 1163, Uid = 1000 
11-23 14:58:25.628  1163  1334 I chatty  : uid=1000(system) NetworkStats expire 10 lines
11-23 14:58:26.739   760   760 I chatty  : uid=1010(wifi) /system/bin/wificond expire 18 lines
11-23 14:58:38.152   486   738 W SocketListener: sending broadcast to Pid = 1163, Uid = 1000 
11-23 14:58:38.153  1163  1333 I chatty  : uid=1000(system) NetdConnector expire 12 lines
11-23 14:58:38.773   760   760 I chatty  : uid=1010(wifi) /system/bin/wificond expire 27 lines
11-23 14:58:51.151   486   738 W SocketListener: sending broadcast to Pid = 1163, Uid = 1000 
11-23 14:58:51.159  1163  1334 I chatty  : uid=1000(system) NetworkStats expire 15 lines
11-23 14:58:51.763  1163  1665 I chatty  : uid=1000(system) Binder:1163_6 expire 1 line
11-23 14:58:53.823   760   760 I chatty  : uid=1010(wifi) /system/bin/wificond expire 24 lines
11-23 14:58:57.531  1163  1163 I chatty  : uid=1000 system_server expire 11 lines
11-23 14:59:02.003  1163  1179 I chatty  : uid=1000(system) ActivityManager expire 2 lines
11-23 14:59:02.035  1163  5118 I chatty  : uid=1000(system) Binder:1163_10 expire 11 lines
11-23 14:59:04.042   486   738 W SocketListener: sending broadcast to Pid = 1163, Uid = 1000 
11-23 14:59:04.045  1163  1333 I chatty  : uid=1000(system) NetdConnector expire 12 lines
11-23 14:59:04.047  1163  1186 I chatty  : uid=1000(system) android.fg expire 10 lines
11-23 14:59:05.867   760   760 I chatty  : uid=1010(wifi) /system/bin/wificond expire 18 lines
11-23 14:59:11.628  1163  1558 I chatty  : uid=1000(system) watchdog expire 4 lines
11-23 14:59:16.624   486   738 W SocketListener: sending broadcast to Pid = 1163, Uid = 1000 
11-23 14:59:17.917   760   760 I chatty  : uid=1010(wifi) /system/bin/wificond expire 24 lines
11-23 14:59:27.606  1163  1295 I chatty  : uid=1000(system) UEventObserver expire 8 lines
11-23 14:59:29.683   486   738 W SocketListener: sending broadcast to Pid = 1163, Uid = 1000 
11-23 14:59:29.686  1163  1333 I chatty  : uid=1000(system) NetdConnector expire 12 lines
11-23 14:59:29.694  1163  1334 I chatty  : uid=1000(system) NetworkStats expire 10 lines
11-23 14:59:29.961   760   760 I chatty  : uid=1010(wifi) /system/bin/wificond expire 21 lines
11-23 14:59:42.488   486   738 W SocketListener: sending broadcast to Pid = 1163, Uid = 1000 
11-23 14:59:43.869   760   760 I chatty  : uid=1010(wifi) /system/bin/wificond expire 24 lines
11-23 14:59:53.749  1163  5553 I chatty  : uid=1000(system) Binder:1163_12 expire 4 lines
11-23 14:59:55.151   486   738 W SocketListener: sending broadcast to Pid = 1163, Uid = 1000 
11-23 14:59:55.152  1163  1333 I chatty  : uid=1000(system) NetdConnector expire 12 lines
11-23 14:59:55.161  1163  1334 I chatty  : uid=1000(system) NetworkStats expire 10 lines
11-23 14:59:57.055   760   760 I chatty  : uid=1010(wifi) /system/bin/wificond expire 24 lines
11-23 15:00:00.002  1163  1163 I chatty  : uid=1000 system_server expire 22 lines
11-23 15:00:00.103  2767  4481 W ContextImpl: Calling a method in the system process without a qualified user: android.app.ContextImpl.bindService:1736 android.content.ContextWrapper.bindService:678 com.huawei.nb.dataservice.dsclient.RemoteServiceConnection.open:90 com.huawei.nb.dataservice.dsclient.DataServiceProxy.connect:105 com.huawei.nb.dataservice.rsclient.internal.RemoteRuleService.start:27 
11-23 15:00:00.147  2767  5034 W ContextImpl: Calling a method in the system process without a qualified user: android.app.ContextImpl.bindService:1736 android.content.ContextWrapper.bindService:678 com.huawei.nb.dataservice.dsclient.RemoteServiceConnection.open:90 com.huawei.nb.dataservice.dsclient.DataServiceProxy.connect:105 com.huawei.nb.dataservice.rsclient.internal.RemoteRuleService.start:27 
11-23 15:00:08.149   486   738 W SocketListener: sending broadcast to Pid = 1163, Uid = 1000 
11-23 15:00:09.101   760   760 I chatty  : uid=1010(wifi) /system/bin/wificond expire 21 lines
11-23 15:00:21.221   486   738 W SocketListener: sending broadcast to Pid = 1163, Uid = 1000 
11-23 15:00:21.222  1163  1333 I chatty  : uid=1000(system) NetdConnector expire 12 lines
11-23 15:00:21.229  1163  1334 I chatty  : uid=1000(system) NetworkStats expire 10 lines
11-23 15:00:23.893   760   760 I chatty  : uid=1010(wifi) /system/bin/wificond expire 42 lines
11-23 15:00:33.785   486   738 W SocketListener: sending broadcast to Pid = 1163, Uid = 1000 
11-23 15:00:46.492   486   738 W SocketListener: sending broadcast to Pid = 1163, Uid = 1000 
11-23 15:00:46.494  1163  1333 I chatty  : uid=1000(system) NetdConnector expire 12 lines
11-23 15:00:46.503  1163  1334 I chatty  : uid=1000(system) NetworkStats expire 10 lines
11-23 15:00:46.850  1163  6100 I chatty  : uid=1000(system) Binder:1163_14 expire 6 lines
11-23 15:00:46.867  1163  1665 I chatty  : uid=1000(system) Binder:1163_6 expire 1 line
11-23 15:00:47.903   760   760 I chatty  : uid=1010(wifi) /system/bin/wificond expire 24 lines
11-23 15:00:57.854  1163  1163 I chatty  : uid=1000 system_server expire 12 lines
11-23 15:00:59.517   486   738 W SocketListener: sending broadcast to Pid = 1163, Uid = 1000 
11-23 15:01:00.292   760   760 I chatty  : uid=1010(wifi) /system/bin/wificond expire 18 lines
11-23 15:01:02.043  1163  5118 I chatty  : uid=1000(system) Binder:1163_10 expire 6 lines
11-23 15:01:11.632  1163  1558 I chatty  : uid=1000(system) watchdog expire 8 lines
11-23 15:01:11.866   486   738 W SocketListener: sending broadcast to Pid = 1163, Uid = 1000 
11-23 15:01:11.867  1163  1333 I chatty  : uid=1000(system) NetdConnector expire 12 lines
11-23 15:01:11.869  1163  1186 I chatty  : uid=1000(system) android.fg expire 13 lines
11-23 15:01:11.875  1163  1334 I chatty  : uid=1000(system) NetworkStats expire 10 lines
11-23 15:01:11.921   760   760 I chatty  : uid=1010(wifi) /system/bin/wificond expire 27 lines
11-23 15:01:14.026  1163  1295 I chatty  : uid=1000(system) UEventObserver expire 14 lines
11-23 15:01:14.030  1163  1184 I chatty  : uid=1000(system) batterystats-sy expire 2 lines
11-23 15:01:25.013   486   738 W SocketListener: sending broadcast to Pid = 1163, Uid = 1000 
11-23 15:01:27.390   760   760 I chatty  : uid=1010(wifi) /system/bin/wificond expire 24 lines
11-23 15:01:37.795   486   738 W SocketListener: sending broadcast to Pid = 1163, Uid = 1000 
11-23 15:01:37.797  1163  1333 I chatty  : uid=1000(system) NetdConnector expire 18 lines
11-23 15:01:37.802  1163  1334 I chatty  : uid=1000(system) NetworkStats expire 10 lines
11-23 15:01:39.423   760   760 I chatty  : uid=1010(wifi) /system/bin/wificond expire 18 lines
11-23 15:01:50.444   486   738 W SocketListener: sending broadcast to Pid = 1163, Uid = 1000 
11-23 15:01:51.463   760   760 I chatty  : uid=1010(wifi) /system/bin/wificond expire 24 lines
11-23 15:01:58.008  1163  1163 I chatty  : uid=1000 system_server expire 12 lines
11-23 15:02:00.101  1163  5553 I chatty  : uid=1000(system) Binder:1163_12 expire 3 lines
11-23 15:02:02.870   486   738 W SocketListener: sending broadcast to Pid = 1163, Uid = 1000 
11-23 15:02:02.882  1163  1334 I chatty  : uid=1000(system) NetworkStats expire 10 lines
11-23 15:02:03.497   760   760 I chatty  : uid=1010(wifi) /system/bin/wificond expire 21 lines
11-23 15:02:15.900   486   738 W SocketListener: sending broadcast to Pid = 1163, Uid = 1000 
11-23 15:02:15.901  1163  1333 I chatty  : uid=1000(system) NetdConnector expire 12 lines
11-23 15:02:15.968   760   760 I chatty  : uid=1010(wifi) /system/bin/wificond expire 24 lines
11-23 15:02:28.327   486   738 W SocketListener: sending broadcast to Pid = 1163, Uid = 1000 
11-23 15:02:28.338  1163  1334 I chatty  : uid=1000(system) NetworkStats expire 10 lines
11-23 15:02:30.587   760   760 I chatty  : uid=1010(wifi) /system/bin/wificond expire 24 lines
11-23 15:02:41.150   486   738 W SocketListener: sending broadcast to Pid = 1163, Uid = 1000 
11-23 15:02:41.151  1163  1333 I chatty  : uid=1000(system) NetdConnector expire 12 lines
11-23 15:02:42.634   760   760 I chatty  : uid=1010(wifi) /system/bin/wificond expire 18 lines
11-23 15:02:53.869   486   738 W SocketListener: sending broadcast to Pid = 1163, Uid = 1000 
11-23 15:02:53.878  1163  1334 I chatty  : uid=1000(system) NetworkStats expire 10 lines
11-23 15:02:54.675   760   760 I chatty  : uid=1010(wifi) /system/bin/wificond expire 27 lines
11-23 15:03:02.005  1163  1179 I chatty  : uid=1000(system) ActivityManager expire 1 line
11-23 15:03:06.852   486   738 W SocketListener: sending broadcast to Pid = 1163, Uid = 1000 
11-23 15:03:06.854  1163  1333 I chatty  : uid=1000(system) NetdConnector expire 12 lines
11-23 15:03:09.730   760   760 I chatty  : uid=1010(wifi) /system/bin/wificond expire 18 lines
11-23 15:03:11.276  1163  1665 I chatty  : uid=1000(system) Binder:1163_6 expire 3 lines
11-23 15:03:19.949   486   738 W SocketListener: sending broadcast to Pid = 1163, Uid = 1000 
11-23 15:03:19.961  1163  1334 I chatty  : uid=1000(system) NetworkStats expire 10 lines
11-23 15:03:20.004   760   760 I chatty  : uid=1010(wifi) /system/bin/wificond expire 24 lines
11-23 15:03:21.358  1163  1163 I chatty  : uid=1000 system_server expire 17 lines
11-23 15:03:21.386  1163  1176 I chatty  : uid=1000(system) android.bg expire 3 lines
11-23 15:03:32.427   486   738 W SocketListener: sending broadcast to Pid = 1163, Uid = 1000 
11-23 15:03:32.430  1163  1333 I chatty  : uid=1000(system) NetdConnector expire 12 lines
11-23 15:03:33.813   760   760 I chatty  : uid=1010(wifi) /system/bin/wificond expire 24 lines
11-23 15:03:45.159   486   738 W SocketListener: sending broadcast to Pid = 1163, Uid = 1000 
11-23 15:03:45.171  1163  1334 I chatty  : uid=1000(system) NetworkStats expire 10 lines
11-23 15:03:45.853   760   760 I chatty  : uid=1010(wifi) /system/bin/wificond expire 21 lines
11-23 15:03:57.906   486   738 W SocketListener: sending broadcast to Pid = 1163, Uid = 1000 
11-23 15:03:57.908  1163  1333 I chatty  : uid=1000(system) NetdConnector expire 12 lines
11-23 15:03:57.913  1163  1186 I chatty  : uid=1000(system) android.fg expire 5 lines
11-23 15:03:58.334  1163  1163 I chatty  : uid=1000 system_server expire 10 lines
11-23 15:04:00.040   760   760 I chatty  : uid=1010(wifi) /system/bin/wificond expire 24 lines
11-23 15:04:00.110  1163  7779 I chatty  : uid=1000(system) Binder:1163_18 expire 1 line
11-23 15:04:10.986   486   738 W SocketListener: sending broadcast to Pid = 1163, Uid = 1000 
11-23 15:04:10.998  1163  1334 I chatty  : uid=1000(system) NetworkStats expire 10 lines
11-23 15:04:12.954   760   760 I chatty  : uid=1010(wifi) /system/bin/wificond expire 18 lines
11-23 15:04:23.496   486   738 W SocketListener: sending broadcast to Pid = 1163, Uid = 1000 
11-23 15:04:23.498  1163  1333 I chatty  : uid=1000(system) NetdConnector expire 12 lines
11-23 15:04:24.055   760   760 I chatty  : uid=1010(wifi) /system/bin/wificond expire 24 lines
11-23 15:04:28.406  1163  1295 I chatty  : uid=1000(system) UEventObserver expire 4 lines
11-23 15:04:36.418   486   738 W SocketListener: sending broadcast to Pid = 1163, Uid = 1000 
11-23 15:04:36.430  1163  1334 I chatty  : uid=1000(system) NetworkStats expire 10 lines
11-23 15:04:37.041   760   760 I chatty  : uid=1010(wifi) /system/bin/wificond expire 24 lines
11-23 15:04:49.007   486   738 W SocketListener: sending broadcast to Pid = 1163, Uid = 1000 
11-23 15:04:49.008  1163  1333 I chatty  : uid=1000(system) NetdConnector expire 12 lines
11-23 15:04:49.090   760   760 I chatty  : uid=1010(wifi) /system/bin/wificond expire 21 lines
11-23 15:04:58.501  1163  1163 I chatty  : uid=1000 system_server expire 11 lines
11-23 15:05:01.535   486   738 W SocketListener: sending broadcast to Pid = 1163, Uid = 1000 
11-23 15:05:01.539  1163  1186 I chatty  : uid=1000(system) android.fg expire 10 lines
11-23 15:05:01.544  1163  1334 I chatty  : uid=1000(system) NetworkStats expire 10 lines
11-23 15:05:02.004  1163  1179 I chatty  : uid=1000(system) ActivityManager expire 2 lines
11-23 15:05:02.044  1163  7779 I chatty  : uid=1000(system) Binder:1163_18 expire 3 lines
11-23 15:05:04.081   760   760 I chatty  : uid=1010(wifi) /system/bin/wificond expire 24 lines
11-23 15:05:04.166  1163  5118 I chatty  : uid=1000(system) Binder:1163_10 expire 6 lines
11-23 15:05:04.167  1163  5553 I chatty  : uid=1000(system) Binder:1163_12 expire 1 line
11-23 15:05:09.819   486   740 W SocketListener: sending broadcast to Pid = 1163, Uid = 1000 
11-23 15:05:09.822  1163  1333 I chatty  : uid=1000(system) NetdConnector expire 14 lines
11-23 15:05:11.645  1163  1558 I chatty  : uid=1000(system) watchdog expire 6 lines
11-23 15:05:14.601   486   738 W SocketListener: sending broadcast to Pid = 1163, Uid = 1000 
11-23 15:05:16.180   760   760 I chatty  : uid=1010(wifi) /system/bin/wificond expire 18 lines
11-23 15:05:27.415   486   738 W SocketListener: sending broadcast to Pid = 1163, Uid = 1000 
11-23 15:05:27.426  1163  1334 I chatty  : uid=1000(system) NetworkStats expire 10 lines
11-23 15:05:28.099   760   760 I chatty  : uid=1010(wifi) /system/bin/wificond expire 24 lines
11-23 15:05:28.565  1163  1295 I chatty  : uid=1000(system) UEventObserver expire 10 lines
11-23 15:05:40.025   486   738 W SocketListener: sending broadcast to Pid = 1163, Uid = 1000 
11-23 15:05:40.026  1163  1333 I chatty  : uid=1000(system) NetdConnector expire 12 lines
11-23 15:05:40.270   760   760 I chatty  : uid=1010(wifi) /system/bin/wificond expire 27 lines
11-23 15:05:52.115  1163  1353 I chatty  : uid=1000(system) ConnectivitySer expire 6 lines
11-23 15:05:52.846   486   738 W SocketListener: sending broadcast to Pid = 1163, Uid = 1000 
11-23 15:05:52.862  1163  1334 I chatty  : uid=1000(system) NetworkStats expire 10 lines
11-23 15:05:55.320   760   760 I chatty  : uid=1010(wifi) /system/bin/wificond expire 18 lines
11-23 15:06:05.559   486   738 W SocketListener: sending broadcast to Pid = 1163, Uid = 1000 
11-23 15:06:05.560  1163  1333 I chatty  : uid=1000(system) NetdConnector expire 12 lines
11-23 15:06:07.367   760   760 I chatty  : uid=1010(wifi) /system/bin/wificond expire 24 lines
11-23 15:06:18.232   486   738 W SocketListener: sending broadcast to Pid = 1163, Uid = 1000 
11-23 15:06:18.244  1163  1334 I chatty  : uid=1000(system) NetworkStats expire 10 lines
11-23 15:06:19.417   760   760 I chatty  : uid=1010(wifi) /system/bin/wificond expire 18 lines
11-23 15:06:28.740  1163  1163 I chatty  : uid=1000 system_server expire 10 lines
11-23 15:06:30.608   486   738 W SocketListener: sending broadcast to Pid = 1163, Uid = 1000 
11-23 15:06:30.610  1163  1333 I chatty  : uid=1000(system) NetdConnector expire 12 lines
11-23 15:06:30.614  1163  1186 I chatty  : uid=1000(system) android.fg expire 8 lines
11-23 15:06:31.466   760   760 I chatty  : uid=1010(wifi) /system/bin/wificond expire 24 lines
11-23 15:06:43.145   486   738 W SocketListener: sending broadcast to Pid = 1163, Uid = 1000 
11-23 15:06:43.154  1163  1334 I chatty  : uid=1000(system) NetworkStats expire 10 lines
11-23 15:06:43.513   760   760 I chatty  : uid=1010(wifi) /system/bin/wificond expire 27 lines
11-23 15:06:54.718  1163  1184 I chatty  : uid=1000(system) batterystats-sy expire 4 lines
11-23 15:06:56.181   486   738 W SocketListener: sending broadcast to Pid = 1163, Uid = 1000 
11-23 15:06:56.183  1163  1333 I chatty  : uid=1000(system) NetdConnector expire 12 lines
11-23 15:06:58.577   760   760 I chatty  : uid=1010(wifi) /system/bin/wificond expire 18 lines
11-23 15:07:02.052  1163  1665 I chatty  : uid=1000(system) Binder:1163_6 expire 4 lines
11-23 15:07:09.355   486   738 W SocketListener: sending broadcast to Pid = 1163, Uid = 1000 
11-23 15:07:09.365  1163  1334 I chatty  : uid=1000(system) NetworkStats expire 10 lines
11-23 15:07:10.617   760   760 I chatty  : uid=1010(wifi) /system/bin/wificond expire 24 lines
11-23 15:07:21.617   486   738 W SocketListener: sending broadcast to Pid = 1163, Uid = 1000 
11-23 15:07:21.619  1163  1333 I chatty  : uid=1000(system) NetdConnector expire 12 lines
11-23 15:07:22.668   760   760 I chatty  : uid=1010(wifi) /system/bin/wificond expire 21 lines
11-23 15:07:28.886  1163  1295 I chatty  : uid=1000(system) UEventObserver expire 4 lines
11-23 15:07:28.900  1163  1163 I chatty  : uid=1000 system_server expire 8 lines
11-23 15:07:30.724   756   811 E /system/bin/storaged: pid_info get_pids failed
11-23 15:07:34.968   486   738 W SocketListener: sending broadcast to Pid = 1163, Uid = 1000 
11-23 15:07:34.981  1163  1334 I chatty  : uid=1000(system) NetworkStats expire 10 lines
11-23 15:07:36.184   760   760 I chatty  : uid=1010(wifi) /system/bin/wificond expire 24 lines
11-23 15:07:40.162  1163  1402 I chatty  : uid=1000(system) StatisticsCHRMs expire 4 lines
11-23 15:07:47.274   486   738 W SocketListener: sending broadcast to Pid = 1163, Uid = 1000 
11-23 15:07:47.276  1163  1333 I chatty  : uid=1000(system) NetdConnector expire 18 lines
11-23 15:07:49.754   760   760 I chatty  : uid=1010(wifi) /system/bin/wificond expire 24 lines
11-23 15:08:00.099  1163  6100 I chatty  : uid=1000(system) Binder:1163_14 expire 6 lines
11-23 15:08:00.200   486   738 W SocketListener: sending broadcast to Pid = 1163, Uid = 1000 
11-23 15:08:00.210  1163  1334 I chatty  : uid=1000(system) NetworkStats expire 10 lines
11-23 15:08:01.788   760   760 I chatty  : uid=1010(wifi) /system/bin/wificond expire 18 lines
11-23 15:08:11.651  1163  1558 I chatty  : uid=1000(system) watchdog expire 4 lines
11-23 15:08:12.836   486   738 W SocketListener: sending broadcast to Pid = 1163, Uid = 1000 
11-23 15:08:12.840  1163  1186 I chatty  : uid=1000(system) android.fg expire 9 lines
11-23 15:08:13.833   760   760 I chatty  : uid=1010(wifi) /system/bin/wificond expire 39 lines
11-23 15:08:21.277  1163  1334 I chatty  : uid=1000(system) NetworkStats expire 12 lines
11-23 15:08:21.280  1163  1333 I chatty  : uid=1000(system) NetdConnector expire 10 lines
11-23 15:08:29.046  1163  1295 I chatty  : uid=1000(system) UEventObserver expire 8 lines
11-23 15:08:29.053  1163  1163 I chatty  : uid=1000 system_server expire 10 lines
11-23 15:08:31.521  1163  5553 I chatty  : uid=1000(system) Binder:1163_12 expire 1 line
11-23 15:08:33.895   486   738 W SocketListener: sending broadcast to Pid = 1163, Uid = 1000 
11-23 15:08:34.892   760   760 I chatty  : uid=1010(wifi) /system/bin/wificond expire 18 lines
11-23 15:08:46.294   486   738 W SocketListener: sending broadcast to Pid = 1163, Uid = 1000 
11-23 15:08:46.295  1163  1333 I chatty  : uid=1000(system) NetdConnector expire 12 lines
11-23 15:08:46.302  1163  1334 I chatty  : uid=1000(system) NetworkStats expire 10 lines
11-23 15:08:46.929   760   760 I chatty  : uid=1010(wifi) /system/bin/wificond expire 27 lines
11-23 15:08:59.145   486   738 W SocketListener: sending broadcast to Pid = 1163, Uid = 1000 
11-23 15:09:01.984   760   760 I chatty  : uid=1010(wifi) /system/bin/wificond expire 42 lines
11-23 15:09:02.005  1163  1179 I chatty  : uid=1000(system) ActivityManager expire 1 line
11-23 15:09:02.038  1163  2122 I chatty  : uid=1000(system) Binder:1163_D expire 5 lines
11-23 15:09:08.073  3801  3823 W ContextImpl: Calling a method in the system process without a qualified user: android.app.ContextImpl.sendBroadcast:1074 android.content.ContextWrapper.sendBroadcast:431 com.huawei.android.pushagent.utils.a.vv:723 com.huawei.android.pushagent.model.a.f.bj:107 com.huawei.android.pushagent.model.a.b.ba:177 
11-23 15:09:08.080  1163  8398 I chatty  : uid=1000(system) Binder:1163_1B expire 11 lines
11-23 15:09:08.119  2767  8192 W SettingsEx: SettingsEx.Systemex.getInt deprecated use Settings.System.getInt instead ;callers=com.huawei.recsys.util.SystemUtil.getNotificationUpdateMode:177 com.huawei.recsys.util.SystemUtil.isAllowUpdate:112 com.huawei.recsys.controller.notification.http.NotificationUpdateController.startNotificationUpdate:85 
11-23 15:09:11.012  1163  1353 I chatty  : uid=1000(system) ConnectivitySer expire 2 lines
11-23 15:09:11.849   486   738 W SocketListener: sending broadcast to Pid = 1163, Uid = 1000 
11-23 15:09:11.850  1163  1333 I chatty  : uid=1000(system) NetdConnector expire 12 lines
11-23 15:09:11.860  1163  1334 I chatty  : uid=1000(system) NetworkStats expire 10 lines
11-23 15:09:13.050  1163  7779 I chatty  : uid=1000(system) Binder:1163_18 expire 3 lines
11-23 15:09:24.721   486   738 W SocketListener: sending broadcast to Pid = 1163, Uid = 1000 
11-23 15:09:26.066   760   760 I chatty  : uid=1010(wifi) /system/bin/wificond expire 24 lines
11-23 15:09:29.221  1163  1163 I chatty  : uid=1000 system_server expire 8 lines
11-23 15:09:37.367   486   738 W SocketListener: sending broadcast to Pid = 1163, Uid = 1000 
11-23 15:09:37.368  1163  1333 I chatty  : uid=1000(system) NetdConnector expire 12 lines
11-23 15:09:37.374  1163  1334 I chatty  : uid=1000(system) NetworkStats expire 10 lines
11-23 15:09:38.107   760   760 I chatty  : uid=1010(wifi) /system/bin/wificond expire 21 lines
11-23 15:09:39.258  3801  3823 W ContextImpl: Calling a method in the system process without a qualified user: android.app.ContextImpl.sendBroadcast:1074 android.content.ContextWrapper.sendBroadcast:431 com.huawei.android.pushagent.utils.a.vv:723 com.huawei.android.pushagent.model.a.f.bj:107 com.huawei.android.pushagent.model.a.b.ba:177 
11-23 15:09:39.319  2767  8192 W SettingsEx: SettingsEx.Systemex.getInt deprecated use Settings.System.getInt instead ;callers=com.huawei.recsys.util.SystemUtil.getNotificationUpdateMode:177 com.huawei.recsys.util.SystemUtil.isAllowUpdate:112 com.huawei.recsys.controller.notification.http.NotificationUpdateController.startNotificationUpdate:85 
11-23 15:09:50.268   486   738 W SocketListener: sending broadcast to Pid = 1163, Uid = 1000 
11-23 15:09:52.261   760   760 I chatty  : uid=1010(wifi) /system/bin/wificond expire 24 lines
11-23 15:10:03.353   486   738 W SocketListener: sending broadcast to Pid = 1163, Uid = 1000 
11-23 15:10:03.355  1163  1333 I chatty  : uid=1000(system) NetdConnector expire 18 lines
11-23 15:10:03.367  1163  1334 I chatty  : uid=1000(system) NetworkStats expire 10 lines
11-23 15:10:05.229   760   760 I chatty  : uid=1010(wifi) /system/bin/wificond expire 24 lines
11-23 15:10:11.656  1163  1558 I chatty  : uid=1000(system) watchdog expire 5 lines
11-23 15:10:16.324   486   738 W SocketListener: sending broadcast to Pid = 1163, Uid = 1000 
11-23 15:10:16.328  1163  1186 I chatty  : uid=1000(system) android.fg expire 10 lines
11-23 15:10:17.279   760   760 I chatty  : uid=1010(wifi) /system/bin/wificond expire 18 lines
11-23 15:10:20.297  1163  1353 I chatty  : uid=1000(system) ConnectivitySer expire 10 lines
11-23 15:10:28.206   486   738 W SocketListener: sending broadcast to Pid = 1163, Uid = 1000 
11-23 15:10:28.216  1163  1334 I chatty  : uid=1000(system) NetworkStats expire 10 lines
11-23 15:10:29.338   760   760 I chatty  : uid=1010(wifi) /system/bin/wificond expire 24 lines
11-23 15:10:29.366  1163  1295 I chatty  : uid=1000(system) UEventObserver expire 10 lines
11-23 15:10:29.380  1163  1163 I chatty  : uid=1000 system_server expire 10 lines
11-23 15:10:41.053   486   738 W SocketListener: sending broadcast to Pid = 1163, Uid = 1000 
11-23 15:10:41.054  1163  1333 I chatty  : uid=1000(system) NetdConnector expire 12 lines
11-23 15:10:41.384   760   760 I chatty  : uid=1010(wifi) /system/bin/wificond expire 21 lines
11-23 15:10:53.831   486   738 W SocketListener: sending broadcast to Pid = 1163, Uid = 1000 
11-23 15:10:53.836  1163  1334 I chatty  : uid=1000(system) NetworkStats expire 10 lines
11-23 15:10:56.293   760   760 I chatty  : uid=1010(wifi) /system/bin/wificond expire 24 lines
11-23 15:11:02.005  1163  1179 I chatty  : uid=1000(system) ActivityManager expire 2 lines
11-23 15:11:02.046  1163  2122 I chatty  : uid=1000(system) Binder:1163_D expire 12 lines
11-23 15:11:02.056  1163  8398 I chatty  : uid=1000(system) Binder:1163_1B expire 2 lines
11-23 15:11:04.175  1163  7779 I chatty  : uid=1000(system) Binder:1163_18 expire 6 lines
11-23 15:11:06.445   486   738 W SocketListener: sending broadcast to Pid = 1163, Uid = 1000 
11-23 15:11:06.447  1163  1333 I chatty  : uid=1000(system) NetdConnector expire 12 lines
11-23 15:11:08.481   760   760 I chatty  : uid=1010(wifi) /system/bin/wificond expire 18 lines
11-23 15:11:18.938   486   738 W SocketListener: sending broadcast to Pid = 1163, Uid = 1000 
11-23 15:11:18.952  1163  1334 I chatty  : uid=1000(system) NetworkStats expire 10 lines
11-23 15:11:20.309   760   760 I chatty  : uid=1010(wifi) /system/bin/wificond expire 24 lines
11-23 15:11:30.140  1163  1163 I chatty  : uid=1000 system_server expire 8 lines
11-23 15:11:31.345   486   738 W SocketListener: sending broadcast to Pid = 1163, Uid = 1000 
11-23 15:11:31.348  1163  1333 I chatty  : uid=1000(system) NetdConnector expire 12 lines
11-23 15:11:32.564   760   760 I chatty  : uid=1010(wifi) /system/bin/wificond expire 18 lines
11-23 15:11:44.071   486   738 W SocketListener: sending broadcast to Pid = 1163, Uid = 1000 
11-23 15:11:44.080  1163  1334 I chatty  : uid=1000(system) NetworkStats expire 10 lines
11-23 15:11:44.321   760   760 I chatty  : uid=1010(wifi) /system/bin/wificond expire 27 lines
11-23 15:11:56.719   486   738 W SocketListener: sending broadcast to Pid = 1163, Uid = 1000 
11-23 15:11:56.721  1163  1333 I chatty  : uid=1000(system) NetdConnector expire 12 lines
11-23 15:11:59.654   760   760 I chatty  : uid=1010(wifi) /system/bin/wificond expire 36 lines
11-23 15:12:00.100  1163  5118 I chatty  : uid=1000(system) Binder:1163_10 expire 12 lines
11-23 15:12:09.564   486   738 W SocketListener: sending broadcast to Pid = 1163, Uid = 1000 
11-23 15:12:09.574  1163  1334 I chatty  : uid=1000(system) NetworkStats expire 15 lines
11-23 15:12:15.362  1163  1184 I chatty  : uid=1000(system) batterystats-sy expire 2 lines
11-23 15:12:17.418  1450  8397 I CommandQueue: updateBarBgColor
11-23 15:12:17.418  1450  8397 D CommandQueue: CommandQueue, setBarBackgroundColor
11-23 15:12:17.465  1163  1284 I chatty  : uid=1000(system) android.anim expire 27 lines
11-23 15:12:17.529  5121  5121 D ActivityThread: Remove activity client record, r= ActivityRecord{8e3753f token=android.os.BinderProxy@4ad7bdd {com.netease.play/com.netease.play.livepage.LiveViewerActivity}} token= android.os.BinderProxy@4ad7bdd
11-23 15:12:17.534  1163  2122 I chatty  : uid=1000(system) Binder:1163_D expire 10 lines
11-23 15:12:17.717   760   760 I chatty  : uid=1010(wifi) /system/bin/wificond expire 21 lines
11-23 15:12:18.266  1163  1324 I chatty  : uid=1000(system) InputDispatcher expire 12 lines
11-23 15:12:18.342  1163  5118 I chatty  : uid=1000(system) Binder:1163_10 expire 14 lines
11-23 15:12:18.407  1163  1665 I chatty  : uid=1000(system) Binder:1163_6 expire 4 lines
11-23 15:12:18.415  1163  1180 I chatty  : uid=1000(system) android.ui expire 9 lines
11-23 15:12:18.422  1779  2045 I HwNetworkPolicyManager: getHwUidPolicy uid = 10062 policy = 0
11-23 15:12:18.426  1450  3050 I CommandQueue: updateBarBgColor
11-23 15:12:18.426  1450  3050 D CommandQueue: CommandQueue, setBarBackgroundColor
11-23 15:12:18.663 14951 14951 D ActivityThread: ActivityThread,attachApplication
11-23 15:12:18.804  1163  6183 I chatty  : uid=1000(system) Binder:1163_15 expire 13 lines
11-23 15:12:18.808  1163  8060 I chatty  : uid=1000(system) Binder:1163_1A expire 15 lines
11-23 15:12:19.305  1163  1163 I chatty  : uid=1000 system_server expire 16 lines
11-23 15:12:19.702  1163  2704 I chatty  : uid=1000(system) Binder:1163_E expire 19 lines
11-23 15:12:19.723  1163  1336 I chatty  : uid=1000(system) tworkPolicy.uid expire 1 line
11-23 15:12:19.724  1779  2045 I HwNetworkPolicyManager: getHwUidPolicy uid = 10048 policy = 0
11-23 15:12:19.776  1163  1333 I chatty  : uid=1000(system) NetdConnector expire 14 lines
11-23 15:12:19.787  4631  4631 V ActivityThread: ActivityThread,callActivityOnCreate
11-23 15:12:19.801  1163 10425 I chatty  : uid=1000(system) Binder:1163_1E expire 34 lines
11-23 15:12:19.880  4631  4631 D ActivityThread: add activity client record, r= ActivityRecord{7bf596d token=android.os.BinderProxy@baef6a7 {com.tencent.mm/com.tencent.mm.ui.LauncherUI}} token= android.os.BinderProxy@baef6a7
11-23 15:12:19.983  1163  1667 I chatty  : uid=1000(system) Binder:1163_7 expire 96 lines
11-23 15:12:20.078  4631  4631 V ActivityThread: ActivityThread,callActivityOnCreate
11-23 15:12:20.359  4631  4631 D ActivityThread: add activity client record, r= ActivityRecord{46b8a0f token=android.os.BinderProxy@be17e03 {com.tencent.mm/com.tencent.mm.plugin.account.ui.LoginPasswordUI}} token= android.os.BinderProxy@be17e03
11-23 15:12:20.423  1450  3050 I CommandQueue: updateBarBgColor
11-23 15:12:20.423  1450  3050 D CommandQueue: CommandQueue, setBarBackgroundColor
11-23 15:12:20.581  1163  1173 I chatty  : uid=1000(system) Binder:1163_1 expire 10 lines
11-23 15:12:20.643 15038 15038 D ActivityThread: ActivityThread,attachApplication
11-23 15:12:29.666  1163  1295 I chatty  : uid=1000(system) UEventObserver expire 6 lines
11-23 15:12:29.787  1163  1353 I chatty  : uid=1000(system) ConnectivitySer expire 27 lines
11-23 15:12:30.435 15104 15104 D ActivityThread: ActivityThread,attachApplication
11-23 15:12:31.538 15104 15104 E ActivityThread: Failed to find provider info for com.tencent.mm.coolassist.debugprovider
11-23 15:12:31.539  1163  1173 I chatty  : uid=1000(system) Binder:1163_1 expire 10 lines
11-23 15:12:31.675  1163  1667 I chatty  : uid=1000(system) Binder:1163_7 expire 24 lines
11-23 15:12:31.766  1163  9236 I chatty  : uid=1000(system) Binder:1163_1C expire 38 lines
11-23 15:12:31.811  1163  2704 I chatty  : uid=1000(system) Binder:1163_E expire 10 lines
11-23 15:12:31.814 15204 15204 D ActivityThread: ActivityThread,attachApplication
11-23 15:12:32.276  1450  1462 I CommandQueue: updateBarBgColor
11-23 15:12:32.276  1450  1462 D CommandQueue: CommandQueue, setBarBackgroundColor
11-23 15:12:32.354   760   760 I chatty  : uid=1010(wifi) /system/bin/wificond expire 24 lines
11-23 15:12:32.585  1163  1692 I chatty  : uid=1000(system) Binder:1163_9 expire 16 lines
11-23 15:12:32.592 15204 15204 E ActivityThread: Failed to find provider info for com.tencent.mm.coolassist.debugprovider
11-23 15:12:32.702  1163  1284 I chatty  : uid=1000(system) android.anim expire 28 lines
11-23 15:12:32.879  1163  1183 I chatty  : uid=1000(system) keyAppHanderThr expire 5 lines
11-23 15:12:32.940 15284 15284 D ActivityThread: ActivityThread,attachApplication
11-23 15:12:33.353 15320 15320 D ActivityThread: ActivityThread,attachApplication
11-23 15:12:33.966 15284 15284 E ActivityThread: Failed to find provider info for com.tencent.mm.coolassist.debugprovider
11-23 15:12:34.032 15320 15320 E ActivityThread: Failed to find provider info for com.tencent.mm.coolassist.debugprovider
11-23 15:12:34.215 15396 15396 D ActivityThread: ActivityThread,attachApplication
11-23 15:12:35.100 15396 15396 E ActivityThread: Failed to find provider info for com.tencent.mm.coolassist.debugprovider
11-23 15:12:35.316  4631  4631 D ActivityThread: Remove activity client record, r= ActivityRecord{46b8a0f token=android.os.BinderProxy@be17e03 {com.tencent.mm/com.tencent.mm.plugin.account.ui.LoginPasswordUI}} token= android.os.BinderProxy@be17e03
11-23 15:12:36.333 15572 15572 D ActivityThread: ActivityThread,attachApplication
11-23 15:12:36.335  1163 12464 I chatty  : uid=1000(system) Binder:1163_1F expire 28 lines
11-23 15:12:36.910   486   738 W SocketListener: sending broadcast to Pid = 1163, Uid = 1000 
11-23 15:12:36.916  1163  1186 I chatty  : uid=1000(system) android.fg expire 12 lines
11-23 15:12:37.492 15572 15572 E ActivityThread: Failed to find provider info for com.tencent.mm.coolassist.debugprovider
11-23 15:12:38.353  4631 15770 W PackageParser: Failed to parse /storage/emulated/0/tencent/MicroMsg/WebNetFile/0f572c477d5aa73380f578a803874001
11-23 15:12:38.353  4631 15770 W PackageParser: java.io.FileNotFoundException: AndroidManifest.xml
11-23 15:12:38.353  4631 15770 W PackageParser: 	at android.content.res.AssetManager.openXmlAssetNative(Native Method)
11-23 15:12:38.353  4631 15770 W PackageParser: 	at android.content.res.AssetManager.openXmlBlockAsset(AssetManager.java:862)
11-23 15:12:38.353  4631 15770 W PackageParser: 	at android.content.res.AssetManager.openXmlResourceParser(AssetManager.java:830)
11-23 15:12:38.353  4631 15770 W PackageParser: 	at android.content.pm.PackageParser.parseApkLite(PackageParser.java:1771)
11-23 15:12:38.353  4631 15770 W PackageParser: 	at android.content.pm.PackageParser.parseMonolithicPackageLite(PackageParser.java:913)
11-23 15:12:38.353  4631 15770 W PackageParser: 	at android.content.pm.PackageParser.parseMonolithicPackage(PackageParser.java:1290)
11-23 15:12:38.353  4631 15770 W PackageParser: 	at android.content.pm.PackageParser.parseMonolithicPackage(PackageParser.java:1285)
11-23 15:12:38.353  4631 15770 W PackageParser: 	at android.content.pm.PackageManager.getPackageArchiveInfo(PackageManager.java:4605)
11-23 15:12:38.353  4631 15770 W PackageParser: 	at com.tencent.mm.pluginsdk.model.app.q.Wb(SourceFile:104)
11-23 15:12:38.353  4631 15770 W PackageParser: 	at com.tencent.mm.plugin.downloader.model.d.l(SourceFile:523)
11-23 15:12:38.353  4631 15770 W PackageParser: 	at com.tencent.mm.plugin.downloader.model.FileDownloadService.onHandleIntent(SourceFile:59)
11-23 15:12:38.353  4631 15770 W PackageParser: 	at android.app.IntentService$ServiceHandler.handleMessage(IntentService.java:68)
11-23 15:12:38.353  4631 15770 W PackageParser: 	at android.os.Handler.dispatchMessage(Handler.java:108)
11-23 15:12:38.353  4631 15770 W PackageParser: 	at android.os.Looper.loop(Looper.java:166)
11-23 15:12:38.353  4631 15770 W PackageParser: 	at android.os.HandlerThread.run(HandlerThread.java:65)
11-23 15:12:38.363  4631 15770 W PackageParser: Failed to parse /storage/emulated/0/tencent/MicroMsg/WebNetFile/0f572c477d5aa73380f578a803874001
11-23 15:12:38.363  4631 15770 W PackageParser: java.io.FileNotFoundException: AndroidManifest.xml
11-23 15:12:38.363  4631 15770 W PackageParser: 	at android.content.res.AssetManager.openXmlAssetNative(Native Method)
11-23 15:12:38.363  4631 15770 W PackageParser: 	at android.content.res.AssetManager.openXmlBlockAsset(AssetManager.java:862)
11-23 15:12:38.363  4631 15770 W PackageParser: 	at android.content.res.AssetManager.openXmlResourceParser(AssetManager.java:830)
11-23 15:12:38.363  4631 15770 W PackageParser: 	at android.content.pm.PackageParser.parseApkLite(PackageParser.java:1771)
11-23 15:12:38.363  4631 15770 W PackageParser: 	at android.content.pm.PackageParser.parseMonolithicPackageLite(PackageParser.java:913)
11-23 15:12:38.363  4631 15770 W PackageParser: 	at android.content.pm.PackageParser.parseMonolithicPackage(PackageParser.java:1290)
11-23 15:12:38.363  4631 15770 W PackageParser: 	at android.content.pm.PackageParser.parseMonolithicPackage(PackageParser.java:1285)
11-23 15:12:38.363  4631 15770 W PackageParser: 	at android.content.pm.PackageManager.getPackageArchiveInfo(PackageManager.java:4605)
11-23 15:12:38.363  4631 15770 W PackageParser: 	at com.tencent.mm.pluginsdk.model.app.q.Wc(SourceFile:124)
11-23 15:12:38.363  4631 15770 W PackageParser: 	at com.tencent.mm.plugin.downloader.model.d.l(SourceFile:531)
11-23 15:12:38.363  4631 15770 W PackageParser: 	at com.tencent.mm.plugin.downloader.model.FileDownloadService.onHandleIntent(SourceFile:59)
11-23 15:12:38.363  4631 15770 W PackageParser: 	at android.app.IntentService$ServiceHandler.handleMessage(IntentService.java:68)
11-23 15:12:38.363  4631 15770 W PackageParser: 	at android.os.Handler.dispatchMessage(Handler.java:108)
11-23 15:12:38.363  4631 15770 W PackageParser: 	at android.os.Looper.loop(Looper.java:166)
11-23 15:12:38.363  4631 15770 W PackageParser: 	at android.os.HandlerThread.run(HandlerThread.java:65)
11-23 15:12:38.920   486   738 W SocketListener: sending broadcast to Pid = 1163, Uid = 1000 
11-23 15:12:39.116 15838 15838 D ActivityThread: ActivityThread,attachApplication
11-23 15:12:39.432 15838 15838 E ActivityThread: Failed to find provider info for com.tencent.mm.coolassist.debugprovider
11-23 15:12:41.661  1163  1558 I chatty  : uid=1000(system) watchdog expire 2 lines
11-23 15:12:42.306  1163  5725 I chatty  : uid=1000(system) Binder:1163_13 expire 9 lines
11-23 15:12:44.178  1163 15893 I chatty  : uid=1000(system) Binder:1163_20 expire 2 lines
11-23 15:12:44.582  2767  8192 W SettingsEx: SettingsEx.Systemex.getInt deprecated use Settings.System.getInt instead ;callers=com.huawei.recsys.util.SystemUtil.getNotificationUpdateMode:177 com.huawei.recsys.util.SystemUtil.isAllowUpdate:112 com.huawei.recsys.controller.notification.http.NotificationUpdateController.startNotificationUpdate:85 
11-23 15:12:44.618  1163  5137 I chatty  : uid=1000(system) Binder:1163_11 expire 68 lines
11-23 15:12:44.657  4631  4631 V ActivityThread: ActivityThread,callActivityOnCreate
11-23 15:12:44.675  1163  5118 I chatty  : uid=1000(system) Binder:1163_10 expire 22 lines
11-23 15:12:44.781  4631  4631 D ActivityThread: add activity client record, r= ActivityRecord{b11a548 token=android.os.BinderProxy@b7ccdc9 {com.tencent.mm/com.tencent.mm.plugin.webwx.ui.ExtDeviceWXLoginUI}} token= android.os.BinderProxy@b7ccdc9
11-23 15:12:44.848   760   760 I chatty  : uid=1010(wifi) /system/bin/wificond expire 18 lines
11-23 15:12:45.397  1163  1734 I chatty  : uid=1000(system) Binder:1163_C expire 12 lines
11-23 15:12:45.525  1163  1353 I chatty  : uid=1000(system) ConnectivitySer expire 11 lines
11-23 15:12:45.529 16032 16032 D ActivityThread: ActivityThread,attachApplication
11-23 15:12:45.713  1163  1163 I chatty  : uid=1000 system_server expire 16 lines
11-23 15:12:46.046  1163  1682 I chatty  : uid=1000(system) Binder:1163_8 expire 22 lines
11-23 15:12:46.240  1163  6183 I chatty  : uid=1000(system) Binder:1163_15 expire 38 lines
11-23 15:12:46.464  1163  1692 I chatty  : uid=1000(system) Binder:1163_9 expire 6 lines
11-23 15:12:46.579  4631  4631 D ActivityThread: Remove activity client record, r= ActivityRecord{b11a548 token=android.os.BinderProxy@b7ccdc9 {com.tencent.mm/com.tencent.mm.plugin.webwx.ui.ExtDeviceWXLoginUI}} token= android.os.BinderProxy@b7ccdc9
11-23 15:12:47.983  1779  2045 I HwNetworkPolicyManager: getHwUidPolicy uid = 10062 policy = 0
11-23 15:12:47.984  1450  1462 I CommandQueue: updateBarBgColor
11-23 15:12:47.984  1450  1462 D CommandQueue: CommandQueue, setBarBackgroundColor
11-23 15:12:48.245 16081 16081 D ActivityThread: ActivityThread,attachApplication
11-23 15:12:48.398  1163 10425 I chatty  : uid=1000(system) Binder:1163_1E expire 26 lines
11-23 15:12:49.057 16124 16124 D ActivityThread: ActivityThread,attachApplication
11-23 15:12:52.505  1450  3050 I CommandQueue: updateBarBgColor
11-23 15:12:52.506  1450  3050 D CommandQueue: CommandQueue, setBarBackgroundColor
11-23 15:12:52.508  1779  2045 I HwNetworkPolicyManager: getHwUidPolicy uid = 10300 policy = 0
11-23 15:12:52.689  1163  1188 I chatty  : uid=1000(system) android.display expire 2 lines
11-23 15:12:52.869  1163  7544 I chatty  : uid=1000(system) Binder:1163_17 expire 10 lines
11-23 15:12:55.108  5121  5121 V ActivityThread: ActivityThread,callActivityOnCreate
11-23 15:12:55.261  5121  5121 D ActivityThread: add activity client record, r= ActivityRecord{6f65232 token=android.os.BinderProxy@593243c {com.netease.play/com.netease.play.livepage.LiveViewerActivity}} token= android.os.BinderProxy@593243c
11-23 15:12:55.309  1450  3050 I CommandQueue: updateBarBgColor
11-23 15:12:55.309  1450  3050 D CommandQueue: CommandQueue, setBarBackgroundColor
11-23 15:12:55.727   486   738 W SocketListener: sending broadcast to Pid = 1163, Uid = 1000 
11-23 15:12:55.729  1163  1333 I chatty  : uid=1000(system) NetdConnector expire 30 lines
11-23 15:12:55.742  1163  1334 I chatty  : uid=1000(system) NetworkStats expire 25 lines
11-23 15:12:56.361   760   760 I chatty  : uid=1010(wifi) /system/bin/wificond expire 27 lines
11-23 15:12:56.811  5121  5121 V ActivityThread: ActivityThread,callActivityOnCreate
11-23 15:12:56.867  5121  5121 D ActivityThread: add activity client record, r= ActivityRecord{e6a170f token=android.os.BinderProxy@e3d4f7d {com.netease.play/com.netease.play.livepage.music.PlaylistViewerActivity}} token= android.os.BinderProxy@e3d4f7d
11-23 15:12:56.878  1163 12464 I chatty  : uid=1000(system) Binder:1163_1F expire 4 lines
11-23 15:12:56.980  1163  1173 I chatty  : uid=1000(system) Binder:1163_1 expire 21 lines
11-23 15:12:56.984  1163  1284 I chatty  : uid=1000(system) android.anim expire 10 lines
11-23 15:12:57.729   486   738 W SocketListener: sending broadcast to Pid = 1163, Uid = 1000 
11-23 15:12:58.575  5121  5121 D ActivityThread: Remove activity client record, r= ActivityRecord{e6a170f token=android.os.BinderProxy@e3d4f7d {com.netease.play/com.netease.play.livepage.music.PlaylistViewerActivity}} token= android.os.BinderProxy@e3d4f7d
11-23 15:12:58.577  1163  5137 I chatty  : uid=1000(system) Binder:1163_11 expire 15 lines
11-23 15:12:59.759   486   738 W SocketListener: sending broadcast to Pid = 1163, Uid = 1000 
11-23 15:12:59.899  1163  1163 I chatty  : uid=1000 system_server expire 20 lines
11-23 15:12:59.902  1163  1353 I chatty  : uid=1000(system) ConnectivitySer expire 6 lines
11-23 15:13:00.804  5121  5121 V ActivityThread: ActivityThread,callActivityOnCreate
11-23 15:13:00.839  5121  5121 D ActivityThread: add activity client record, r= ActivityRecord{a79b397 token=android.os.BinderProxy@150f66 {com.netease.play/com.netease.play.livepage.gift.GiftActivity}} token= android.os.BinderProxy@150f66
11-23 15:13:01.872   486   738 W SocketListener: sending broadcast to Pid = 1163, Uid = 1000 
11-23 15:13:02.002  1163  1179 I chatty  : uid=1000(system) ActivityManager expire 1 line
11-23 15:13:04.098   486   738 W SocketListener: sending broadcast to Pid = 1163, Uid = 1000 
11-23 15:13:09.416  1163 10425 I chatty  : uid=1000(system) Binder:1163_1E expire 2 lines
11-23 15:13:10.304   486   738 W SocketListener: sending broadcast to Pid = 1163, Uid = 1000 
11-23 15:13:10.305  1163  1333 I chatty  : uid=1000(system) NetdConnector expire 12 lines
11-23 15:13:10.311  1163  1334 I chatty  : uid=1000(system) NetworkStats expire 10 lines
11-23 15:13:10.551  1163  1173 I chatty  : uid=1000(system) Binder:1163_1 expire 3 lines
11-23 15:13:11.942   760   760 I chatty  : uid=1010(wifi) /system/bin/wificond expire 24 lines
11-23 15:13:16.247   486   738 W SocketListener: sending broadcast to Pid = 1163, Uid = 1000 
11-23 15:13:19.592  1163  1682 I chatty  : uid=1000(system) Binder:1163_8 expire 6 lines
11-23 15:13:21.267  1163  1176 I chatty  : uid=1000(system) android.bg expire 3 lines
11-23 15:13:22.331   486   738 W SocketListener: sending broadcast to Pid = 1163, Uid = 1000 
11-23 15:13:22.332  1163  1333 I chatty  : uid=1000(system) NetdConnector expire 12 lines
11-23 15:13:22.339  1163  1334 I chatty  : uid=1000(system) NetworkStats expire 10 lines
11-23 15:13:23.990   760   760 I chatty  : uid=1010(wifi) /system/bin/wificond expire 18 lines
11-23 15:13:28.340   486   738 W SocketListener: sending broadcast to Pid = 1163, Uid = 1000 
11-23 15:13:29.603  1163  1163 I chatty  : uid=1000 system_server expire 10 lines
11-23 15:13:34.709   486   738 W SocketListener: sending broadcast to Pid = 1163, Uid = 1000 
11-23 15:13:34.710  1163  1333 I chatty  : uid=1000(system) NetdConnector expire 18 lines
11-23 15:13:34.718  1163  1334 I chatty  : uid=1000(system) NetworkStats expire 10 lines
11-23 15:13:36.023   760   760 I chatty  : uid=1010(wifi) /system/bin/wificond expire 24 lines
11-23 15:13:40.404   486   738 W SocketListener: sending broadcast to Pid = 1163, Uid = 1000 
11-23 15:13:40.408  1163  1186 I chatty  : uid=1000(system) android.fg expire 6 lines
11-23 15:13:41.663  1163  1558 I chatty  : uid=1000(system) watchdog expire 2 lines
11-23 15:13:46.885   486   738 W SocketListener: sending broadcast to Pid = 1163, Uid = 1000 
11-23 15:13:46.892  1163  1334 I chatty  : uid=1000(system) NetworkStats expire 10 lines
11-23 15:13:48.065   760   760 I chatty  : uid=1010(wifi) /system/bin/wificond expire 18 lines
11-23 15:13:52.997   486   738 W SocketListener: sending broadcast to Pid = 1163, Uid = 1000 
11-23 15:13:52.998  1163  1333 I chatty  : uid=1000(system) NetdConnector expire 12 lines
11-23 15:13:57.088  1163  1353 I chatty  : uid=1000(system) ConnectivitySer expire 6 lines
11-23 15:13:59.093   486   738 W SocketListener: sending broadcast to Pid = 1163, Uid = 1000 
11-23 15:13:59.100  1163  1334 I chatty  : uid=1000(system) NetworkStats expire 10 lines
11-23 15:14:00.003  1163  1163 I chatty  : uid=1000 system_server expire 4 lines
11-23 15:14:00.066  1163  1295 I chatty  : uid=1000(system) UEventObserver expire 2 lines
11-23 15:14:00.098   760   760 I chatty  : uid=1010(wifi) /system/bin/wificond expire 24 lines
11-23 15:14:00.199  1163  1173 I chatty  : uid=1000(system) Binder:1163_1 expire 16 lines
11-23 15:14:05.176   486   738 W SocketListener: sending broadcast to Pid = 1163, Uid = 1000 
11-23 15:14:05.178  1163  1333 I chatty  : uid=1000(system) NetdConnector expire 12 lines
11-23 15:14:11.557   486   738 W SocketListener: sending broadcast to Pid = 1163, Uid = 1000 
11-23 15:14:11.567  1163  1334 I chatty  : uid=1000(system) NetworkStats expire 20 lines
11-23 15:14:12.141   760   760 I chatty  : uid=1010(wifi) /system/bin/wificond expire 18 lines
11-23 15:14:14.453  1163  5725 I chatty  : uid=1000(system) Binder:1163_13 expire 24 lines
11-23 15:14:14.480  1163  1734 I chatty  : uid=1000(system) Binder:1163_C expire 2 lines
