11-23 16:14:01.028  1163  1309 I chatty  : uid=1000(system) Binder:1163_3 expire 93 lines
11-23 16:14:01.034  1163  1188 I chatty  : uid=1000(system) android.display expire 1 line
11-23 16:14:01.822   486   738 W SocketListener: sending broadcast to Pid = 1163, Uid = 1000 
11-23 16:14:01.825  1163  1333 I chatty  : uid=1000(system) NetdConnector expire 24 lines
11-23 16:14:01.827  1163  1186 I chatty  : uid=1000(system) android.fg expire 7 lines
11-23 16:14:01.830  1163  1334 I chatty  : uid=1000(system) NetworkStats expire 20 lines
11-23 16:14:02.053  1163  1578 I chatty  : uid=1000(system) Binder:1163_5 expire 31 lines
11-23 16:14:03.849   486   738 W SocketListener: sending broadcast to Pid = 1163, Uid = 1000 
11-23 16:14:04.472  1163  8060 I chatty  : uid=1000(system) Binder:1163_1A expire 16 lines
11-23 16:14:05.910   486   738 W SocketListener: sending broadcast to Pid = 1163, Uid = 1000 
11-23 16:14:06.586   760   760 I chatty  : uid=1010(wifi) /system/bin/wificond expire 27 lines
11-23 16:14:09.674  1163  1295 I chatty  : uid=1000(system) UEventObserver expire 2 lines
11-23 16:14:11.622   486   738 W SocketListener: sending broadcast to Pid = 1163, Uid = 1000 
11-23 16:14:12.085 18703 18703 W ViewRootImpl[LiveViewerActivity]: Dropping event due to root view being removed: MotionEvent { action=ACTION_MOVE, actionButton=0, id[0]=0, x[0]=199.81499, y[0]=-265.3178, toolType[0]=TOOL_TYPE_FINGER, buttonState=0, metaState=0, flags=0x0, edgeFlags=0x0, pointerCount=1, historySize=1, eventTime=16609754, downTime=16609738, deviceId=3, source=0x1002 }
11-23 16:14:13.392  1163  1576 I chatty  : uid=1000(system) Binder:1163_4 expire 2 lines
11-23 16:14:14.749 18703 18703 V ActivityThread: ActivityThread,callActivityOnCreate
11-23 16:14:14.769  1163  1353 I chatty  : uid=1000(system) ConnectivitySer expire 6 lines
11-23 16:14:14.849 18703 18703 D ActivityThread: add activity client record, r= ActivityRecord{5638482 token=android.os.BinderProxy@a74162b {com.netease.play/com.netease.play.webview.WebviewActivity}} token= android.os.BinderProxy@a74162b
11-23 16:14:14.881 19538 19538 D ActivityThread: ActivityThread,attachApplication
11-23 16:14:16.089   486   738 W SocketListener: sending broadcast to Pid = 1163, Uid = 1000 
11-23 16:14:16.092  1163  1333 I chatty  : uid=1000(system) NetdConnector expire 18 lines
11-23 16:14:16.101  1163  1334 I chatty  : uid=1000(system) NetworkStats expire 15 lines
11-23 16:14:19.177 18703 18703 V ActivityThread: ActivityThread,callActivityOnCreate
11-23 16:14:19.260 18703 18703 D ActivityThread: add activity client record, r= ActivityRecord{fbf877b token=android.os.BinderProxy@b1e0f5a {com.netease.play/com.netease.play.webview.WebviewActivity}} token= android.os.BinderProxy@b1e0f5a
11-23 16:14:19.368  1163  1667 I chatty  : uid=1000(system) Binder:1163_7 expire 4 lines
11-23 16:14:20.047   486   738 W SocketListener: sending broadcast to Pid = 1163, Uid = 1000 
11-23 16:14:21.646   760   760 I chatty  : uid=1010(wifi) /system/bin/wificond expire 60 lines
11-23 16:14:22.347 18703 18703 D ActivityThread: Remove activity client record, r= ActivityRecord{fbf877b token=android.os.BinderProxy@b1e0f5a {com.netease.play/com.netease.play.webview.WebviewActivity}} token= android.os.BinderProxy@b1e0f5a
11-23 16:14:23.313 18703 18703 D ActivityThread: Remove activity client record, r= ActivityRecord{5638482 token=android.os.BinderProxy@a74162b {com.netease.play/com.netease.play.webview.WebviewActivity}} token= android.os.BinderProxy@a74162b
11-23 16:14:23.859  1163  1163 I chatty  : uid=1000 system_server expire 15 lines
11-23 16:14:26.063   486   738 W SocketListener: sending broadcast to Pid = 1163, Uid = 1000 
11-23 16:14:27.081  1163  1309 I chatty  : uid=1000(system) Binder:1163_3 expire 52 lines
11-23 16:14:27.124  1450  3050 I CommandQueue: updateBarBgColor
11-23 16:14:27.124  1450  3050 D CommandQueue: CommandQueue, setBarBackgroundColor
11-23 16:14:27.187  1163  1284 I chatty  : uid=1000(system) android.anim expire 30 lines
11-23 16:14:27.233 18703 18703 D ActivityThread: Remove activity client record, r= ActivityRecord{11e2d3 token=android.os.BinderProxy@47ef11 {com.netease.play/com.netease.play.livepage.LiveViewerActivity}} token= android.os.BinderProxy@47ef11
11-23 16:14:28.777 18703 18703 V ActivityThread: ActivityThread,callActivityOnCreate
11-23 16:14:28.801 18703 18703 D ActivityThread: add activity client record, r= ActivityRecord{dbf9fde token=android.os.BinderProxy@df9aacf {com.netease.play/com.netease.play.settings.SettingActivity}} token= android.os.BinderProxy@df9aacf
11-23 16:14:28.829  1450  3050 I CommandQueue: updateBarBgColor
11-23 16:14:28.829  1450  3050 D CommandQueue: CommandQueue, setBarBackgroundColor
11-23 16:14:30.133 18703 18703 D ActivityThread: Remove activity client record, r= ActivityRecord{5ab7a4e token=android.os.BinderProxy@cc47208 {com.netease.play/com.netease.play.home.HomeActivity}} token= android.os.BinderProxy@cc47208
11-23 16:14:30.220 18703 18703 V ActivityThread: ActivityThread,callActivityOnCreate
11-23 16:14:30.291 18703 18703 D ActivityThread: add activity client record, r= ActivityRecord{1ee4fb9 token=android.os.BinderProxy@cca66fa {com.netease.play/com.netease.play.login.LoginActivity}} token= android.os.BinderProxy@cca66fa
11-23 16:14:30.439 18703 18703 D ActivityThread: Remove activity client record, r= ActivityRecord{dbf9fde token=android.os.BinderProxy@df9aacf {com.netease.play/com.netease.play.settings.SettingActivity}} token= android.os.BinderProxy@df9aacf
11-23 16:14:31.653  1163  8060 I chatty  : uid=1000(system) Binder:1163_1A expire 10 lines
11-23 16:14:39.753  1163  1295 I chatty  : uid=1000(system) UEventObserver expire 12 lines
11-23 16:14:41.824  1163  1558 I chatty  : uid=1000(system) watchdog expire 6 lines
11-23 16:14:57.338 19606 19606 D ActivityThread: ActivityThread,attachApplication
11-23 16:14:57.339  1163  7780 I chatty  : uid=1000(system) Binder:1163_19 expire 8 lines
11-23 16:14:57.466  1163  1284 I chatty  : uid=1000(system) android.anim expire 24 lines
11-23 16:14:57.788   760   760 I chatty  : uid=1010(wifi) /system/bin/wificond expire 24 lines
11-23 16:14:58.712  1163  8060 I chatty  : uid=1000(system) Binder:1163_1A expire 46 lines
11-23 16:15:00.508  1163  1309 I chatty  : uid=1000(system) Binder:1163_3 expire 14 lines
11-23 16:15:00.600  1163  1576 I chatty  : uid=1000(system) Binder:1163_4 expire 12 lines
11-23 16:15:01.122 18703 18703 V ActivityThread: ActivityThread,callActivityOnCreate
11-23 16:15:01.172 18703 18703 D ActivityThread: add activity client record, r= ActivityRecord{1558e45 token=android.os.BinderProxy@a1582c7 {com.netease.play/com.netease.play.home.HomeActivity}} token= android.os.BinderProxy@a1582c7
11-23 16:15:01.260  1450  3050 I CommandQueue: updateBarBgColor
11-23 16:15:01.260  1450  3050 D CommandQueue: CommandQueue, setBarBackgroundColor
11-23 16:15:01.460 18703 18703 D ActivityThread: Remove activity client record, r= ActivityRecord{1ee4fb9 token=android.os.BinderProxy@cca66fa {com.netease.play/com.netease.play.login.LoginActivity}} token= android.os.BinderProxy@cca66fa
11-23 16:15:02.003  1163  1179 I chatty  : uid=1000(system) ActivityManager expire 1 line
11-23 16:15:04.842  1163  2122 I chatty  : uid=1000(system) Binder:1163_D expire 72 lines
11-23 16:15:05.583 18703 18703 V ActivityThread: ActivityThread,callActivityOnCreate
11-23 16:15:05.676  1163  5098 I chatty  : uid=1000(system) Binder:1163_F expire 11 lines
11-23 16:15:05.733 18703 18703 D ActivityThread: add activity client record, r= ActivityRecord{1fad14b token=android.os.BinderProxy@1a68a7c {com.netease.play/com.netease.play.livepage.LiveViewerActivity}} token= android.os.BinderProxy@1a68a7c
11-23 16:15:05.754  1163  9236 I chatty  : uid=1000(system) Binder:1163_1C expire 7 lines
11-23 16:15:05.788  1450  3050 I CommandQueue: updateBarBgColor
11-23 16:15:05.788  1450  3050 D CommandQueue: CommandQueue, setBarBackgroundColor
11-23 16:15:05.915  1163  5137 I chatty  : uid=1000(system) Binder:1163_11 expire 17 lines
11-23 16:15:05.921  1163  1188 I chatty  : uid=1000(system) android.display expire 1 line
11-23 16:15:06.678   486   738 W SocketListener: sending broadcast to Pid = 1163, Uid = 1000 
11-23 16:15:06.680  1163  1333 I chatty  : uid=1000(system) NetdConnector expire 24 lines
11-23 16:15:06.682  1163  1186 I chatty  : uid=1000(system) android.fg expire 12 lines
11-23 16:15:06.690  1163  1334 I chatty  : uid=1000(system) NetworkStats expire 20 lines
11-23 16:15:08.685   486   738 W SocketListener: sending broadcast to Pid = 1163, Uid = 1000 
11-23 16:15:09.730 18703 18703 W ViewRootImpl[Toast]: EGLdebug relayoutWindow Surface isSurface(name=null)  (appName =com.netease.play) ( mSurfaceControllerIsValid =false) (mNativeObject  =0)/@0x747fcf7,viewVisibility is0
11-23 16:15:09.749 18703 18703 W ViewRootImpl[Toast]: EGLdebug relayoutWindow Surface isSurface(name=null)  (appName =com.netease.play) ( mSurfaceControllerIsValid =true) (mNativeObject  =c88bb000)/@0x747fcf7,relayoutResult is7
11-23 16:15:09.834   760   760 I chatty  : uid=1010(wifi) /system/bin/wificond expire 27 lines
11-23 16:15:12.606  3801  3823 W ContextImpl: Calling a method in the system process without a qualified user: android.app.ContextImpl.sendBroadcast:1074 android.content.ContextWrapper.sendBroadcast:431 com.huawei.android.pushagent.utils.a.vv:723 com.huawei.android.pushagent.model.a.f.bj:107 com.huawei.android.pushagent.model.a.b.ba:177 
11-23 16:15:12.613  1163  5553 I chatty  : uid=1000(system) Binder:1163_12 expire 25 lines
11-23 16:15:12.676  2767  2957 W SettingsEx: SettingsEx.Systemex.getInt deprecated use Settings.System.getInt instead ;callers=com.huawei.recsys.util.SystemUtil.getNotificationUpdateMode:177 com.huawei.recsys.util.SystemUtil.isAllowUpdate:112 com.huawei.recsys.controller.notification.http.NotificationUpdateController.startNotificationUpdate:85 
11-23 16:15:12.793  1163  1163 I chatty  : uid=1000 system_server expire 10 lines
11-23 16:15:13.484  1163  1284 I chatty  : uid=1000(system) android.anim expire 19 lines
11-23 16:15:14.166 18703 18703 V ActivityThread: ActivityThread,callActivityOnCreate
11-23 16:15:14.185  1163  1353 I chatty  : uid=1000(system) ConnectivitySer expire 10 lines
11-23 16:15:14.262 18703 18703 D ActivityThread: add activity client record, r= ActivityRecord{e2eaca2 token=android.os.BinderProxy@9d1afcb {com.netease.play/com.netease.play.webview.WebviewActivity}} token= android.os.BinderProxy@9d1afcb
11-23 16:15:14.288 19725 19725 D ActivityThread: ActivityThread,attachApplication
11-23 16:15:14.423   486   738 W SocketListener: sending broadcast to Pid = 1163, Uid = 1000 
11-23 16:15:18.103 18703 18703 V ActivityThread: ActivityThread,callActivityOnCreate
11-23 16:15:18.170 18703 18703 D ActivityThread: add activity client record, r= ActivityRecord{dae6bf7 token=android.os.BinderProxy@8dcb546 {com.netease.play/com.netease.play.webview.WebviewActivity}} token= android.os.BinderProxy@8dcb546
11-23 16:15:18.447   486   738 W SocketListener: sending broadcast to Pid = 1163, Uid = 1000 
11-23 16:15:19.744 18703 18703 D ActivityThread: Remove activity client record, r= ActivityRecord{dae6bf7 token=android.os.BinderProxy@8dcb546 {com.netease.play/com.netease.play.webview.WebviewActivity}} token= android.os.BinderProxy@8dcb546
11-23 16:15:24.577   486   738 W SocketListener: sending broadcast to Pid = 1163, Uid = 1000 
11-23 16:15:24.579  1163  1333 I chatty  : uid=1000(system) NetdConnector expire 12 lines
11-23 16:15:24.591  1163  1334 I chatty  : uid=1000(system) NetworkStats expire 10 lines
11-23 16:15:24.871   760   760 I chatty  : uid=1010(wifi) /system/bin/wificond expire 18 lines
11-23 16:15:30.359   486   738 W SocketListener: sending broadcast to Pid = 1163, Uid = 1000 
11-23 16:15:31.184  1163  5553 I chatty  : uid=1000(system) Binder:1163_12 expire 14 lines
11-23 16:15:36.653   486   738 W SocketListener: sending broadcast to Pid = 1163, Uid = 1000 
11-23 16:15:36.655  1163  1333 I chatty  : uid=1000(system) NetdConnector expire 12 lines
11-23 16:15:36.662  1163  1334 I chatty  : uid=1000(system) NetworkStats expire 10 lines
11-23 16:15:36.902   760   760 I chatty  : uid=1010(wifi) /system/bin/wificond expire 27 lines
11-23 16:15:42.840   486   738 W SocketListener: sending broadcast to Pid = 1163, Uid = 1000 
11-23 16:15:49.092   486   738 W SocketListener: sending broadcast to Pid = 1163, Uid = 1000 
11-23 16:15:49.093  1163  1333 I chatty  : uid=1000(system) NetdConnector expire 12 lines
11-23 16:15:49.102  1163  1334 I chatty  : uid=1000(system) NetworkStats expire 10 lines
11-23 16:15:51.946   760   760 I chatty  : uid=1010(wifi) /system/bin/wificond expire 30 lines
11-23 16:15:55.275   486   738 W SocketListener: sending broadcast to Pid = 1163, Uid = 1000 
11-23 16:16:01.389   486   738 W SocketListener: sending broadcast to Pid = 1163, Uid = 1000 
11-23 16:16:01.390  1163  1333 I chatty  : uid=1000(system) NetdConnector expire 12 lines
11-23 16:16:01.398  1163  1334 I chatty  : uid=1000(system) NetworkStats expire 10 lines
11-23 16:16:02.087  1163  2122 I chatty  : uid=1000(system) Binder:1163_D expire 20 lines
11-23 16:16:07.336   486   738 W SocketListener: sending broadcast to Pid = 1163, Uid = 1000 
11-23 16:16:09.992   760   760 I chatty  : uid=1010(wifi) /system/bin/wificond expire 30 lines
11-23 16:16:10.012  1163  1163 I chatty  : uid=1000 system_server expire 10 lines
11-23 16:16:13.432   486   738 W SocketListener: sending broadcast to Pid = 1163, Uid = 1000 
11-23 16:16:13.433  1163  1333 I chatty  : uid=1000(system) NetdConnector expire 12 lines
11-23 16:16:13.435  1163  1186 I chatty  : uid=1000(system) android.fg expire 10 lines
11-23 16:16:13.441  1163  1334 I chatty  : uid=1000(system) NetworkStats expire 10 lines
11-23 16:16:19.414   486   738 W SocketListener: sending broadcast to Pid = 1163, Uid = 1000 
11-23 16:16:25.248   486   738 W SocketListener: sending broadcast to Pid = 1163, Uid = 1000 
11-23 16:16:25.249  1163  1333 I chatty  : uid=1000(system) NetdConnector expire 12 lines
11-23 16:16:25.257  1163  1334 I chatty  : uid=1000(system) NetworkStats expire 10 lines
11-23 16:16:25.301  1163  1284 I chatty  : uid=1000(system) android.anim expire 10 lines
11-23 16:16:25.638 18703 18703 D ActivityThread: Remove activity client record, r= ActivityRecord{e2eaca2 token=android.os.BinderProxy@9d1afcb {com.netease.play/com.netease.play.webview.WebviewActivity}} token= android.os.BinderProxy@9d1afcb
11-23 16:16:25.640  1163  2122 I chatty  : uid=1000(system) Binder:1163_D expire 10 lines
11-23 16:16:26.879   760   760 I chatty  : uid=1010(wifi) /system/bin/wificond expire 36 lines
11-23 16:16:30.976   486   738 W SocketListener: sending broadcast to Pid = 1163, Uid = 1000 
11-23 16:16:36.862   486   738 W SocketListener: sending broadcast to Pid = 1163, Uid = 1000 
11-23 16:16:36.863  1163  1333 I chatty  : uid=1000(system) NetdConnector expire 12 lines
11-23 16:16:36.871  1163  1334 I chatty  : uid=1000(system) NetworkStats expire 10 lines
11-23 16:16:43.212   486   738 W SocketListener: sending broadcast to Pid = 1163, Uid = 1000 
11-23 16:16:46.113   760   760 I chatty  : uid=1010(wifi) /system/bin/wificond expire 30 lines
11-23 16:16:48.069  1163  6100 I chatty  : uid=1000(system) Binder:1163_14 expire 9 lines
11-23 16:16:49.226   486   738 W SocketListener: sending broadcast to Pid = 1163, Uid = 1000 
11-23 16:16:49.227  1163  1333 I chatty  : uid=1000(system) NetdConnector expire 12 lines
11-23 16:16:49.233  1163  1334 I chatty  : uid=1000(system) NetworkStats expire 10 lines
11-23 16:16:55.356   486   738 W SocketListener: sending broadcast to Pid = 1163, Uid = 1000 
11-23 16:17:01.219   486   738 W SocketListener: sending broadcast to Pid = 1163, Uid = 1000 
11-23 16:17:01.220  1163  1333 I chatty  : uid=1000(system) NetdConnector expire 12 lines
11-23 16:17:01.225  1163  1334 I chatty  : uid=1000(system) NetworkStats expire 10 lines
11-23 16:17:02.004  1163  1179 I chatty  : uid=1000(system) ActivityManager expire 2 lines
11-23 16:17:02.037  1163  8398 I chatty  : uid=1000(system) Binder:1163_1B expire 2 lines
11-23 16:17:04.174   760   760 I chatty  : uid=1010(wifi) /system/bin/wificond expire 18 lines
11-23 16:17:07.850   486   738 W SocketListener: sending broadcast to Pid = 1163, Uid = 1000 
11-23 16:17:10.173  1163  1163 I chatty  : uid=1000 system_server expire 14 lines
11-23 16:17:14.809   486   738 W SocketListener: sending broadcast to Pid = 1163, Uid = 1000 
11-23 16:17:14.810  1163  1333 I chatty  : uid=1000(system) NetdConnector expire 12 lines
11-23 16:17:14.815  1163  1186 I chatty  : uid=1000(system) android.fg expire 15 lines
11-23 16:17:14.820  1163  1334 I chatty  : uid=1000(system) NetworkStats expire 10 lines
11-23 16:17:14.910   760   760 I chatty  : uid=1010(wifi) /system/bin/wificond expire 24 lines
11-23 16:17:19.860   486   738 W SocketListener: sending broadcast to Pid = 1163, Uid = 1000 
11-23 16:17:25.902   486   738 W SocketListener: sending broadcast to Pid = 1163, Uid = 1000 
11-23 16:17:25.903  1163  1333 I chatty  : uid=1000(system) NetdConnector expire 12 lines
11-23 16:17:25.908  1163  1334 I chatty  : uid=1000(system) NetworkStats expire 10 lines
11-23 16:17:28.233   760   760 I chatty  : uid=1010(wifi) /system/bin/wificond expire 30 lines
11-23 16:17:31.944   486   738 W SocketListener: sending broadcast to Pid = 1163, Uid = 1000 
11-23 16:17:37.960   486   738 W SocketListener: sending broadcast to Pid = 1163, Uid = 1000 
11-23 16:17:37.961  1163  1333 I chatty  : uid=1000(system) NetdConnector expire 18 lines
11-23 16:17:37.972  1163  1334 I chatty  : uid=1000(system) NetworkStats expire 10 lines
11-23 16:17:40.228  1163  1295 I chatty  : uid=1000(system) UEventObserver expire 10 lines
11-23 16:17:41.830  1163  1558 I chatty  : uid=1000(system) watchdog expire 4 lines
11-23 16:17:43.999   486   738 W SocketListener: sending broadcast to Pid = 1163, Uid = 1000 
11-23 16:17:46.287   760   760 I chatty  : uid=1010(wifi) /system/bin/wificond expire 24 lines
11-23 16:17:50.531   486   738 W SocketListener: sending broadcast to Pid = 1163, Uid = 1000 
11-23 16:17:50.545  1163  1334 I chatty  : uid=1000(system) NetworkStats expire 10 lines
11-23 16:17:56.659   486   738 W SocketListener: sending broadcast to Pid = 1163, Uid = 1000 
11-23 16:17:56.660  1163  1333 I chatty  : uid=1000(system) NetdConnector expire 12 lines
11-23 16:17:58.317   760   760 I chatty  : uid=1010(wifi) /system/bin/wificond expire 18 lines
11-23 16:18:02.682   486   738 W SocketListener: sending broadcast to Pid = 1163, Uid = 1000 
11-23 16:18:02.691  1163  1334 I chatty  : uid=1000(system) NetworkStats expire 10 lines
11-23 16:18:08.323   486   738 W SocketListener: sending broadcast to Pid = 1163, Uid = 1000 
11-23 16:18:08.324  1163  1333 I chatty  : uid=1000(system) NetdConnector expire 12 lines
11-23 16:18:10.343   760   760 I chatty  : uid=1010(wifi) /system/bin/wificond expire 24 lines
11-23 16:18:14.825   486   738 W SocketListener: sending broadcast to Pid = 1163, Uid = 1000 
11-23 16:18:14.835  1163  1334 I chatty  : uid=1000(system) NetworkStats expire 10 lines
11-23 16:18:20.919   486   738 W SocketListener: sending broadcast to Pid = 1163, Uid = 1000 
11-23 16:18:20.920  1163  1333 I chatty  : uid=1000(system) NetdConnector expire 12 lines
11-23 16:18:22.378   760   760 I chatty  : uid=1010(wifi) /system/bin/wificond expire 18 lines
11-23 16:18:27.033   486   738 W SocketListener: sending broadcast to Pid = 1163, Uid = 1000 
11-23 16:18:27.039  1163  1334 I chatty  : uid=1000(system) NetworkStats expire 10 lines
11-23 16:18:33.437   486   738 W SocketListener: sending broadcast to Pid = 1163, Uid = 1000 
11-23 16:18:33.439  1163  1333 I chatty  : uid=1000(system) NetdConnector expire 12 lines
11-23 16:18:34.423   760   760 I chatty  : uid=1010(wifi) /system/bin/wificond expire 24 lines
11-23 16:18:38.936  1163  5137 I chatty  : uid=1000(system) Binder:1163_11 expire 2 lines
11-23 16:18:39.134   486   738 W SocketListener: sending broadcast to Pid = 1163, Uid = 1000 
11-23 16:18:39.141  1163  1334 I chatty  : uid=1000(system) NetworkStats expire 10 lines
11-23 16:18:45.042   486   738 W SocketListener: sending broadcast to Pid = 1163, Uid = 1000 
11-23 16:18:45.043  1163  1333 I chatty  : uid=1000(system) NetdConnector expire 12 lines
11-23 16:18:45.046  1163  1186 I chatty  : uid=1000(system) android.fg expire 17 lines
11-23 16:18:46.460   760   760 I chatty  : uid=1010(wifi) /system/bin/wificond expire 18 lines
11-23 16:18:51.357   486   738 W SocketListener: sending broadcast to Pid = 1163, Uid = 1000 
11-23 16:18:51.365  1163  1334 I chatty  : uid=1000(system) NetworkStats expire 10 lines
11-23 16:18:57.648   486   738 W SocketListener: sending broadcast to Pid = 1163, Uid = 1000 
11-23 16:18:57.650  1163  1333 I chatty  : uid=1000(system) NetdConnector expire 12 lines
11-23 16:18:58.513   760   760 I chatty  : uid=1010(wifi) /system/bin/wificond expire 24 lines
11-23 16:19:00.002  1163  1163 I chatty  : uid=1000 system_server expire 6 lines
11-23 16:19:02.052  1163  2122 I chatty  : uid=1000(system) Binder:1163_D expire 5 lines
11-23 16:19:03.352  1163  1184 I chatty  : uid=1000(system) batterystats-sy expire 2 lines
11-23 16:19:03.708   486   738 W SocketListener: sending broadcast to Pid = 1163, Uid = 1000 
11-23 16:19:03.718  1163  1334 I chatty  : uid=1000(system) NetworkStats expire 10 lines
11-23 16:19:09.813   486   738 W SocketListener: sending broadcast to Pid = 1163, Uid = 1000 
11-23 16:19:09.814  1163  1333 I chatty  : uid=1000(system) NetdConnector expire 12 lines
11-23 16:19:10.553   760   760 I chatty  : uid=1010(wifi) /system/bin/wificond expire 18 lines
11-23 16:19:15.772   486   738 W SocketListener: sending broadcast to Pid = 1163, Uid = 1000 
11-23 16:19:15.781  1163  1334 I chatty  : uid=1000(system) NetworkStats expire 10 lines
11-23 16:19:21.856   486   738 W SocketListener: sending broadcast to Pid = 1163, Uid = 1000 
11-23 16:19:21.857  1163  1333 I chatty  : uid=1000(system) NetdConnector expire 12 lines
11-23 16:19:22.591   760   760 I chatty  : uid=1010(wifi) /system/bin/wificond expire 24 lines
11-23 16:19:27.610   486   738 W SocketListener: sending broadcast to Pid = 1163, Uid = 1000 
11-23 16:19:27.617  1163  1334 I chatty  : uid=1000(system) NetworkStats expire 10 lines
11-23 16:19:30.139  1163  1163 I chatty  : uid=1000 system_server expire 11 lines
11-23 16:19:33.588  1163  2122 I chatty  : uid=1000(system) Binder:1163_D expire 5 lines
11-23 16:19:33.853   486   738 W SocketListener: sending broadcast to Pid = 1163, Uid = 1000 
11-23 16:19:33.854  1163  1333 I chatty  : uid=1000(system) NetdConnector expire 12 lines
11-23 16:19:34.625   760   760 I chatty  : uid=1010(wifi) /system/bin/wificond expire 18 lines
11-23 16:19:40.005   486   738 W SocketListener: sending broadcast to Pid = 1163, Uid = 1000 
11-23 16:19:40.013  1163  1334 I chatty  : uid=1000(system) NetworkStats expire 10 lines
11-23 16:19:40.566  1163  1295 I chatty  : uid=1000(system) UEventObserver expire 6 lines
11-23 16:19:41.835  1163  1558 I chatty  : uid=1000(system) watchdog expire 3 lines
11-23 16:19:45.968   486   738 W SocketListener: sending broadcast to Pid = 1163, Uid = 1000 
11-23 16:19:45.969  1163  1333 I chatty  : uid=1000(system) NetdConnector expire 12 lines
11-23 16:19:46.657   760   760 I chatty  : uid=1010(wifi) /system/bin/wificond expire 24 lines
11-23 16:19:52.616   486   738 W SocketListener: sending broadcast to Pid = 1163, Uid = 1000 
11-23 16:19:52.628  1163  1334 I chatty  : uid=1000(system) NetworkStats expire 10 lines
11-23 16:19:58.694   486   738 W SocketListener: sending broadcast to Pid = 1163, Uid = 1000 
11-23 16:19:58.695  1163  1333 I chatty  : uid=1000(system) NetdConnector expire 12 lines
11-23 16:19:58.698   760   760 I chatty  : uid=1010(wifi) /system/bin/wificond expire 18 lines
11-23 16:20:02.100  1163  8398 I chatty  : uid=1000(system) Binder:1163_1B expire 7 lines
11-23 16:20:04.690   486   738 W SocketListener: sending broadcast to Pid = 1163, Uid = 1000 
11-23 16:20:04.697  1163  1334 I chatty  : uid=1000(system) NetworkStats expire 10 lines
11-23 16:20:10.666   486   738 W SocketListener: sending broadcast to Pid = 1163, Uid = 1000 
11-23 16:20:10.667  1163  1333 I chatty  : uid=1000(system) NetdConnector expire 12 lines
11-23 16:20:10.740   760   760 I chatty  : uid=1010(wifi) /system/bin/wificond expire 24 lines
11-23 16:20:16.772   486   738 W SocketListener: sending broadcast to Pid = 1163, Uid = 1000 
11-23 16:20:16.779  1163  1334 I chatty  : uid=1000(system) NetworkStats expire 10 lines
11-23 16:20:22.716   486   738 W SocketListener: sending broadcast to Pid = 1163, Uid = 1000 
11-23 16:20:22.717  1163  1333 I chatty  : uid=1000(system) NetdConnector expire 12 lines
11-23 16:20:22.780   760   760 I chatty  : uid=1010(wifi) /system/bin/wificond expire 21 lines
11-23 16:20:28.845   486   738 W SocketListener: sending broadcast to Pid = 1163, Uid = 1000 
11-23 16:20:28.852  1163  1186 I chatty  : uid=1000(system) android.fg expire 7 lines
11-23 16:20:28.858  1163  1334 I chatty  : uid=1000(system) NetworkStats expire 10 lines
11-23 16:20:34.901   486   738 W SocketListener: sending broadcast to Pid = 1163, Uid = 1000 
11-23 16:20:34.904  1163  1333 I chatty  : uid=1000(system) NetdConnector expire 12 lines
11-23 16:20:35.049   760   760 I chatty  : uid=1010(wifi) /system/bin/wificond expire 24 lines
11-23 16:20:40.947   486   738 W SocketListener: sending broadcast to Pid = 1163, Uid = 1000 
11-23 16:20:40.956  1163  1334 I chatty  : uid=1000(system) NetworkStats expire 10 lines
11-23 16:20:45.910  1163  1163 I chatty  : uid=1000 system_server expire 15 lines
11-23 16:20:45.940  1163  6100 I chatty  : uid=1000(system) Binder:1163_14 expire 2 lines
11-23 16:20:45.955  1163  5137 I chatty  : uid=1000(system) Binder:1163_11 expire 1 line
11-23 16:20:45.956  1163  1176 I chatty  : uid=1000(system) android.bg expire 3 lines
11-23 16:20:47.386   486   738 W SocketListener: sending broadcast to Pid = 1163, Uid = 1000 
11-23 16:20:47.387  1163  1333 I chatty  : uid=1000(system) NetdConnector expire 12 lines
11-23 16:20:49.851   760   760 I chatty  : uid=1010(wifi) /system/bin/wificond expire 30 lines
11-23 16:20:53.128   486   738 W SocketListener: sending broadcast to Pid = 1163, Uid = 1000 
11-23 16:20:53.138  1163  1334 I chatty  : uid=1000(system) NetworkStats expire 10 lines
11-23 16:20:59.137   486   738 W SocketListener: sending broadcast to Pid = 1163, Uid = 1000 
11-23 16:20:59.138  1163  1333 I chatty  : uid=1000(system) NetdConnector expire 24 lines
11-23 16:21:00.002  1163  1163 I chatty  : uid=1000 system_server expire 12 lines
11-23 16:21:02.004  1163  1179 I chatty  : uid=1000(system) ActivityManager expire 2 lines
11-23 16:21:05.718   486   738 W SocketListener: sending broadcast to Pid = 1163, Uid = 1000 
11-23 16:21:05.726  1163  1334 I chatty  : uid=1000(system) NetworkStats expire 10 lines
11-23 16:21:07.073   760   760 I chatty  : uid=1010(wifi) /system/bin/wificond expire 24 lines
11-23 16:21:10.806  1163  1295 I chatty  : uid=1000(system) UEventObserver expire 12 lines
11-23 16:21:11.584   486   738 W SocketListener: sending broadcast to Pid = 1163, Uid = 1000 
11-23 16:21:11.587  1163  1186 I chatty  : uid=1000(system) android.fg expire 10 lines
11-23 16:21:11.838  1163  1558 I chatty  : uid=1000(system) watchdog expire 6 lines
11-23 16:21:17.709   486   738 W SocketListener: sending broadcast to Pid = 1163, Uid = 1000 
11-23 16:21:17.720  1163  1334 I chatty  : uid=1000(system) NetworkStats expire 10 lines
11-23 16:21:19.941   760   760 I chatty  : uid=1010(wifi) /system/bin/wificond expire 30 lines
11-23 16:21:23.807   486   738 W SocketListener: sending broadcast to Pid = 1163, Uid = 1000 
11-23 16:21:23.808  1163  1333 I chatty  : uid=1000(system) NetdConnector expire 12 lines
11-23 16:21:29.850   486   738 W SocketListener: sending broadcast to Pid = 1163, Uid = 1000 
11-23 16:21:29.861  1163  1334 I chatty  : uid=1000(system) NetworkStats expire 10 lines
11-23 16:21:30.069  1163  1176 I chatty  : uid=1000(system) android.bg expire 1 line
11-23 16:21:35.836   486   738 W SocketListener: sending broadcast to Pid = 1163, Uid = 1000 
11-23 16:21:35.837  1163  1333 I chatty  : uid=1000(system) NetdConnector expire 12 lines
11-23 16:21:37.984   760   760 I chatty  : uid=1010(wifi) /system/bin/wificond expire 24 lines
11-23 16:21:41.856   486   738 W SocketListener: sending broadcast to Pid = 1163, Uid = 1000 
11-23 16:21:41.867  1163  1334 I chatty  : uid=1000(system) NetworkStats expire 10 lines
11-23 16:21:48.334   486   738 W SocketListener: sending broadcast to Pid = 1163, Uid = 1000 
11-23 16:21:48.335  1163  1333 I chatty  : uid=1000(system) NetdConnector expire 12 lines
11-23 16:21:50.023   760   760 I chatty  : uid=1010(wifi) /system/bin/wificond expire 18 lines
11-23 16:21:54.792   486   738 W SocketListener: sending broadcast to Pid = 1163, Uid = 1000 
11-23 16:21:54.805  1163  1334 I chatty  : uid=1000(system) NetworkStats expire 10 lines
11-23 16:21:57.505  1163  2122 I chatty  : uid=1000(system) Binder:1163_D expire 9 lines
11-23 16:22:00.507   486   738 W SocketListener: sending broadcast to Pid = 1163, Uid = 1000 
11-23 16:22:00.508  1163  1333 I chatty  : uid=1000(system) NetdConnector expire 12 lines
11-23 16:22:02.062   760   760 I chatty  : uid=1010(wifi) /system/bin/wificond expire 24 lines
11-23 16:22:02.079  1163  6100 I chatty  : uid=1000(system) Binder:1163_14 expire 17 lines
11-23 16:22:06.401   486   738 W SocketListener: sending broadcast to Pid = 1163, Uid = 1000 
11-23 16:22:06.408  1163  1334 I chatty  : uid=1000(system) NetworkStats expire 10 lines
11-23 16:22:12.669   486   738 W SocketListener: sending broadcast to Pid = 1163, Uid = 1000 
11-23 16:22:12.670  1163  1333 I chatty  : uid=1000(system) NetdConnector expire 12 lines
11-23 16:22:12.673  1163  1186 I chatty  : uid=1000(system) android.fg expire 18 lines
11-23 16:22:14.096   760   760 I chatty  : uid=1010(wifi) /system/bin/wificond expire 18 lines
11-23 16:22:18.684   486   738 W SocketListener: sending broadcast to Pid = 1163, Uid = 1000 
11-23 16:22:18.691  1163  1334 I chatty  : uid=1000(system) NetworkStats expire 10 lines
11-23 16:22:24.716   486   738 W SocketListener: sending broadcast to Pid = 1163, Uid = 1000 
11-23 16:22:24.717  1163  1333 I chatty  : uid=1000(system) NetdConnector expire 12 lines
11-23 16:22:26.123   760   760 I chatty  : uid=1010(wifi) /system/bin/wificond expire 24 lines
11-23 16:22:30.146  1163  1163 I chatty  : uid=1000 system_server expire 14 lines
11-23 16:22:30.779   756   811 E /system/bin/storaged: pid_info get_pids failed
11-23 16:22:30.892   486   738 W SocketListener: sending broadcast to Pid = 1163, Uid = 1000 
11-23 16:22:30.900  1163  1334 I chatty  : uid=1000(system) NetworkStats expire 10 lines
11-23 16:22:37.222   486   738 W SocketListener: sending broadcast to Pid = 1163, Uid = 1000 
11-23 16:22:37.224  1163  1333 I chatty  : uid=1000(system) NetdConnector expire 12 lines
11-23 16:22:38.170   760   760 I chatty  : uid=1010(wifi) /system/bin/wificond expire 18 lines
11-23 16:22:43.142  1163  1353 I chatty  : uid=1000(system) ConnectivitySer expire 7 lines
11-23 16:22:43.292   486   738 W SocketListener: sending broadcast to Pid = 1163, Uid = 1000 
11-23 16:22:43.300  1163  1334 I chatty  : uid=1000(system) NetworkStats expire 10 lines
11-23 16:22:49.417   486   738 W SocketListener: sending broadcast to Pid = 1163, Uid = 1000 
11-23 16:22:49.419  1163  1333 I chatty  : uid=1000(system) NetdConnector expire 24 lines
11-23 16:22:50.213   760   760 I chatty  : uid=1010(wifi) /system/bin/wificond expire 24 lines
11-23 16:22:55.417   486   738 W SocketListener: sending broadcast to Pid = 1163, Uid = 1000 
11-23 16:22:55.427  1163  1334 I chatty  : uid=1000(system) NetworkStats expire 10 lines
11-23 16:23:01.443   486   738 W SocketListener: sending broadcast to Pid = 1163, Uid = 1000 
11-23 16:23:02.039  1163  5137 I chatty  : uid=1000(system) Binder:1163_11 expire 28 lines
11-23 16:23:02.139  1163  8398 I chatty  : uid=1000(system) Binder:1163_1B expire 23 lines
11-23 16:23:02.240   760   760 I chatty  : uid=1010(wifi) /system/bin/wificond expire 27 lines
11-23 16:23:05.667 18703 18703 V ActivityThread: ActivityThread,callActivityOnCreate
11-23 16:23:05.753 18703 18703 D ActivityThread: add activity client record, r= ActivityRecord{7cd3c1 token=android.os.BinderProxy@2055dbf {com.netease.play/com.netease.play.webview.WebviewActivity}} token= android.os.BinderProxy@2055dbf
11-23 16:23:05.780 20048 20048 D ActivityThread: ActivityThread,attachApplication
11-23 16:23:05.861  1163  1284 I chatty  : uid=1000(system) android.anim expire 7 lines
11-23 16:23:06.444   486   738 W SocketListener: sending broadcast to Pid = 1163, Uid = 1000 
11-23 16:23:06.453  1163  1334 I chatty  : uid=1000(system) NetworkStats expire 15 lines
11-23 16:23:09.686 18703 18703 V ActivityThread: ActivityThread,callActivityOnCreate
11-23 16:23:09.756 18703 18703 D ActivityThread: add activity client record, r= ActivityRecord{8e8bfd1 token=android.os.BinderProxy@df943c8 {com.netease.play/com.netease.play.webview.WebviewActivity}} token= android.os.BinderProxy@df943c8
11-23 16:23:10.387   486   738 W SocketListener: sending broadcast to Pid = 1163, Uid = 1000 
11-23 16:23:10.388  1163  1333 I chatty  : uid=1000(system) NetdConnector expire 12 lines
11-23 16:23:16.146   486   738 W SocketListener: sending broadcast to Pid = 1163, Uid = 1000 
11-23 16:23:17.280   760   760 I chatty  : uid=1010(wifi) /system/bin/wificond expire 18 lines
11-23 16:23:22.260   486   738 W SocketListener: sending broadcast to Pid = 1163, Uid = 1000 
11-23 16:23:22.261  1163  1333 I chatty  : uid=1000(system) NetdConnector expire 12 lines
11-23 16:23:22.270  1163  1334 I chatty  : uid=1000(system) NetworkStats expire 10 lines
11-23 16:23:28.535   486   738 W SocketListener: sending broadcast to Pid = 1163, Uid = 1000 
11-23 16:23:29.310   760   760 I chatty  : uid=1010(wifi) /system/bin/wificond expire 24 lines
11-23 16:23:34.647   486   738 W SocketListener: sending broadcast to Pid = 1163, Uid = 1000 
11-23 16:23:34.648  1163  1333 I chatty  : uid=1000(system) NetdConnector expire 12 lines
11-23 16:23:34.656  1163  1334 I chatty  : uid=1000(system) NetworkStats expire 10 lines
11-23 16:23:40.703   486   738 W SocketListener: sending broadcast to Pid = 1163, Uid = 1000 
11-23 16:23:41.343   760   760 I chatty  : uid=1010(wifi) /system/bin/wificond expire 18 lines
11-23 16:23:46.764   486   738 W SocketListener: sending broadcast to Pid = 1163, Uid = 1000 
11-23 16:23:46.765  1163  1333 I chatty  : uid=1000(system) NetdConnector expire 12 lines
11-23 16:23:46.773  1163  1334 I chatty  : uid=1000(system) NetworkStats expire 10 lines
11-23 16:23:52.765   486   738 W SocketListener: sending broadcast to Pid = 1163, Uid = 1000 
11-23 16:23:53.377   760   760 I chatty  : uid=1010(wifi) /system/bin/wificond expire 24 lines
11-23 16:23:58.918   486   738 W SocketListener: sending broadcast to Pid = 1163, Uid = 1000 
11-23 16:23:58.919  1163  1333 I chatty  : uid=1000(system) NetdConnector expire 12 lines
11-23 16:23:58.921  1163  1186 I chatty  : uid=1000(system) android.fg expire 12 lines
11-23 16:23:58.925  1163  1334 I chatty  : uid=1000(system) NetworkStats expire 10 lines
11-23 16:24:00.185  1163  5137 I chatty  : uid=1000(system) Binder:1163_11 expire 38 lines
11-23 16:24:05.019   486   738 W SocketListener: sending broadcast to Pid = 1163, Uid = 1000 
11-23 16:24:05.420   760   760 I chatty  : uid=1010(wifi) /system/bin/wificond expire 21 lines
11-23 16:24:10.791   486   738 W SocketListener: sending broadcast to Pid = 1163, Uid = 1000 
11-23 16:24:10.792  1163  1333 I chatty  : uid=1000(system) NetdConnector expire 18 lines
11-23 16:24:10.799  1163  1334 I chatty  : uid=1000(system) NetworkStats expire 10 lines
11-23 16:24:11.287  1163  1295 I chatty  : uid=1000(system) UEventObserver expire 10 lines
11-23 16:24:11.300  1163  1163 I chatty  : uid=1000 system_server expire 20 lines
11-23 16:24:11.844  1163  1558 I chatty  : uid=1000(system) watchdog expire 5 lines
11-23 16:24:17.503   486   738 W SocketListener: sending broadcast to Pid = 1163, Uid = 1000 
11-23 16:24:19.211   760   760 I chatty  : uid=1010(wifi) /system/bin/wificond expire 111 lines
11-23 16:24:21.311  1163  1284 I chatty  : uid=1000(system) android.anim expire 26 lines
11-23 16:24:21.466 18703 18703 D ActivityThread: Remove activity client record, r= ActivityRecord{8e8bfd1 token=android.os.BinderProxy@df943c8 {com.netease.play/com.netease.play.webview.WebviewActivity}} token= android.os.BinderProxy@df943c8
11-23 16:24:22.097  1163  6100 I chatty  : uid=1000(system) Binder:1163_14 expire 29 lines
11-23 16:24:22.432 18703 18703 D ActivityThread: Remove activity client record, r= ActivityRecord{7cd3c1 token=android.os.BinderProxy@2055dbf {com.netease.play/com.netease.play.webview.WebviewActivity}} token= android.os.BinderProxy@2055dbf
11-23 16:24:22.445  1163  1353 I chatty  : uid=1000(system) ConnectivitySer expire 1 line
11-23 16:24:23.679   486   738 W SocketListener: sending broadcast to Pid = 1163, Uid = 1000 
11-23 16:24:23.691  1163  1334 I chatty  : uid=1000(system) NetworkStats expire 10 lines
11-23 16:24:23.789  1163  2122 I chatty  : uid=1000(system) Binder:1163_D expire 14 lines
11-23 16:24:23.792  1450  2191 I CommandQueue: updateBarBgColor
11-23 16:24:23.792  1450  2191 D CommandQueue: CommandQueue, setBarBackgroundColor
11-23 16:24:23.829  1163  8398 I chatty  : uid=1000(system) Binder:1163_1B expire 3 lines
11-23 16:24:23.867  1163  5553 I chatty  : uid=1000(system) Binder:1163_12 expire 10 lines
11-23 16:24:23.884 18703 18703 D ActivityThread: Remove activity client record, r= ActivityRecord{1fad14b token=android.os.BinderProxy@1a68a7c {com.netease.play/com.netease.play.livepage.LiveViewerActivity}} token= android.os.BinderProxy@1a68a7c
11-23 16:25:01.433  1163  5137 I chatty  : uid=1000(system) Binder:1163_11 expire 9 lines
11-23 16:25:02.007  1163  1179 I chatty  : uid=1000(system) ActivityManager expire 1 line
11-23 16:25:11.465  1163  1163 I chatty  : uid=1000 system_server expire 11 lines
11-23 16:25:21.662   486   735 W SocketListener: sending broadcast to Pid = 1163, Uid = 1000 
11-23 16:25:21.665  1163  1333 I chatty  : uid=1000(system) NetdConnector expire 10 lines
11-23 16:25:23.268   760   760 I chatty  : uid=1010(wifi) /system/bin/wificond expire 27 lines
11-23 16:25:38.372   486   735 W SocketListener: sending broadcast to Pid = 1163, Uid = 1000 
11-23 16:25:38.906   760   760 I chatty  : uid=1010(wifi) /system/bin/wificond expire 27 lines
11-23 16:25:53.420   486   735 W SocketListener: sending broadcast to Pid = 1163, Uid = 1000 
11-23 16:25:53.995   760   760 I chatty  : uid=1010(wifi) /system/bin/wificond expire 39 lines
11-23 16:25:59.732   486   735 W SocketListener: sending broadcast to Pid = 1163, Uid = 1000 
11-23 16:26:04.551  1163  5553 I chatty  : uid=1000(system) Binder:1163_12 expire 34 lines
11-23 16:26:14.940   486   735 W SocketListener: sending broadcast to Pid = 1163, Uid = 1000 
11-23 16:26:15.107   760   760 I chatty  : uid=1010(wifi) /system/bin/wificond expire 18 lines
11-23 16:26:18.726 18703 18703 V ActivityThread: ActivityThread,callActivityOnCreate
11-23 16:26:18.858 18703 18703 D ActivityThread: add activity client record, r= ActivityRecord{50f2c72 token=android.os.BinderProxy@9969d5a {com.netease.play/com.netease.play.livepage.LiveViewerActivity}} token= android.os.BinderProxy@9969d5a
11-23 16:26:18.863   486   735 W SocketListener: sending broadcast to Pid = 1163, Uid = 1000 
11-23 16:26:18.865  1163  1333 I chatty  : uid=1000(system) NetdConnector expire 26 lines
11-23 16:26:18.901  1450  3050 I CommandQueue: updateBarBgColor
11-23 16:26:18.901  1450  3050 D CommandQueue: CommandQueue, setBarBackgroundColor
11-23 16:26:18.942  1163  2122 I chatty  : uid=1000(system) Binder:1163_D expire 26 lines
11-23 16:26:18.945  1163  1284 I chatty  : uid=1000(system) android.anim expire 18 lines
11-23 16:26:20.132   486   738 W SocketListener: sending broadcast to Pid = 1163, Uid = 1000 
11-23 16:26:20.423 18703 18703 V ActivityThread: ActivityThread,callActivityOnCreate
11-23 16:26:20.455 18703 18703 D ActivityThread: add activity client record, r= ActivityRecord{b4154f8 token=android.os.BinderProxy@fd2a4e5 {com.netease.play/com.netease.play.livepage.gift.GiftActivity}} token= android.os.BinderProxy@fd2a4e5
11-23 16:26:20.484  1163  5137 I chatty  : uid=1000(system) Binder:1163_11 expire 39 lines
11-23 16:26:22.143   486   738 W SocketListener: sending broadcast to Pid = 1163, Uid = 1000 
11-23 16:26:22.146  1163  1186 I chatty  : uid=1000(system) android.fg expire 12 lines
11-23 16:26:22.150  1163  1334 I chatty  : uid=1000(system) NetworkStats expire 15 lines
11-23 16:26:23.727 18703 18703 W ViewRootImpl[Toast]: EGLdebug relayoutWindow Surface isSurface(name=null)  (appName =com.netease.play) ( mSurfaceControllerIsValid =false) (mNativeObject  =0)/@0x507ad,viewVisibility is0
11-23 16:26:23.745 18703 18703 W ViewRootImpl[Toast]: EGLdebug relayoutWindow Surface isSurface(name=null)  (appName =com.netease.play) ( mSurfaceControllerIsValid =true) (mNativeObject  =c88bb000)/@0x507ad,relayoutResult is7
11-23 16:26:24.156   486   738 W SocketListener: sending broadcast to Pid = 1163, Uid = 1000 
11-23 16:26:25.849 18703 18703 D ActivityThread: Remove activity client record, r= ActivityRecord{b4154f8 token=android.os.BinderProxy@fd2a4e5 {com.netease.play/com.netease.play.livepage.gift.GiftActivity}} token= android.os.BinderProxy@fd2a4e5
11-23 16:26:26.398   486   738 W SocketListener: sending broadcast to Pid = 1163, Uid = 1000 
11-23 16:26:26.755  1450  1462 I CommandQueue: updateBarBgColor
11-23 16:26:26.756  1450  1462 D CommandQueue: CommandQueue, setBarBackgroundColor
11-23 16:26:26.854 18703 18703 D ActivityThread: Remove activity client record, r= ActivityRecord{50f2c72 token=android.os.BinderProxy@9969d5a {com.netease.play/com.netease.play.livepage.LiveViewerActivity}} token= android.os.BinderProxy@9969d5a
11-23 16:26:27.154   760   760 I chatty  : uid=1010(wifi) /system/bin/wificond expire 27 lines
11-23 16:26:27.189  1163  1163 I chatty  : uid=1000 system_server expire 12 lines
11-23 16:26:40.610 18703 18703 V ActivityThread: ActivityThread,callActivityOnCreate
11-23 16:26:40.704  1163  5553 I chatty  : uid=1000(system) Binder:1163_12 expire 11 lines
11-23 16:26:40.733 18703 18703 D ActivityThread: add activity client record, r= ActivityRecord{8cb6f2a token=android.os.BinderProxy@97da8e3 {com.netease.play/com.netease.play.livepage.LiveViewerActivity}} token= android.os.BinderProxy@97da8e3
11-23 16:26:40.746  1163  6100 I chatty  : uid=1000(system) Binder:1163_14 expire 17 lines
11-23 16:26:40.775  1450  2191 I CommandQueue: updateBarBgColor
11-23 16:26:40.775  1450  2191 D CommandQueue: CommandQueue, setBarBackgroundColor
11-23 16:26:40.823  1163  1284 I chatty  : uid=1000(system) android.anim expire 15 lines
11-23 16:26:41.686  1163  1295 I chatty  : uid=1000(system) UEventObserver expire 8 lines
11-23 16:26:41.852  1163  1558 I chatty  : uid=1000(system) watchdog expire 3 lines
11-23 16:26:42.226   760   760 I chatty  : uid=1010(wifi) /system/bin/wificond expire 24 lines
11-23 16:26:42.955 18703 18703 V ActivityThread: ActivityThread,callActivityOnCreate
11-23 16:26:42.986 18703 18703 D ActivityThread: add activity client record, r= ActivityRecord{821b74c token=android.os.BinderProxy@ed25d69 {com.netease.play/com.netease.play.livepage.gift.GiftActivity}} token= android.os.BinderProxy@ed25d69
11-23 16:26:42.996  1163  8398 I chatty  : uid=1000(system) Binder:1163_1B expire 20 lines
11-23 16:26:43.057   486   738 W SocketListener: sending broadcast to Pid = 1163, Uid = 1000 
11-23 16:26:43.058  1163  1333 I chatty  : uid=1000(system) NetdConnector expire 24 lines
11-23 16:26:43.068  1163  1334 I chatty  : uid=1000(system) NetworkStats expire 20 lines
11-23 16:26:43.095  1163  2122 I chatty  : uid=1000(system) Binder:1163_D expire 12 lines
11-23 16:26:44.600 18703 18703 W ViewRootImpl[Toast]: EGLdebug relayoutWindow Surface isSurface(name=null)  (appName =com.netease.play) ( mSurfaceControllerIsValid =false) (mNativeObject  =0)/@0x5e560d1,viewVisibility is0
11-23 16:26:44.615 18703 18703 W ViewRootImpl[Toast]: EGLdebug relayoutWindow Surface isSurface(name=null)  (appName =com.netease.play) ( mSurfaceControllerIsValid =true) (mNativeObject  =c5529800)/@0x5e560d1,relayoutResult is7
11-23 16:26:45.062   486   738 W SocketListener: sending broadcast to Pid = 1163, Uid = 1000 
11-23 16:26:47.084   486   738 W SocketListener: sending broadcast to Pid = 1163, Uid = 1000 
11-23 16:26:52.717   486   738 W SocketListener: sending broadcast to Pid = 1163, Uid = 1000 
11-23 16:26:54.265   760   760 I chatty  : uid=1010(wifi) /system/bin/wificond expire 18 lines
11-23 16:26:59.173   486   738 W SocketListener: sending broadcast to Pid = 1163, Uid = 1000 
11-23 16:26:59.174  1163  1333 I chatty  : uid=1000(system) NetdConnector expire 24 lines
11-23 16:26:59.181  1163  1334 I chatty  : uid=1000(system) NetworkStats expire 20 lines
11-23 16:27:02.004  1163  1179 I chatty  : uid=1000(system) ActivityManager expire 1 line
11-23 16:27:02.037  1163  5553 I chatty  : uid=1000(system) Binder:1163_12 expire 23 lines
11-23 16:27:02.524  1163  5137 I chatty  : uid=1000(system) Binder:1163_11 expire 64 lines
11-23 16:27:02.563 18703 18703 D ActivityThread: Remove activity client record, r= ActivityRecord{821b74c token=android.os.BinderProxy@ed25d69 {com.netease.play/com.netease.play.livepage.gift.GiftActivity}} token= android.os.BinderProxy@ed25d69
11-23 16:27:04.015  1163  1180 I chatty  : uid=1000(system) android.ui expire 4 lines
11-23 16:27:04.016  4631  4631 V ActivityThread: ActivityThread,callActivityOnCreate
11-23 16:27:04.026  1779  2045 I HwNetworkPolicyManager: getHwUidPolicy uid = 10048 policy = 0
11-23 16:27:04.053  1163  1284 I chatty  : uid=1000(system) android.anim expire 37 lines
11-23 16:27:04.133  4631  4631 D ActivityThread: add activity client record, r= ActivityRecord{b73d2af token=android.os.BinderProxy@d287664 {com.tencent.mm/com.tencent.mm.plugin.base.stub.WXEntryActivity}} token= android.os.BinderProxy@d287664
11-23 16:27:04.145  1163  8398 I chatty  : uid=1000(system) Binder:1163_1B expire 37 lines
11-23 16:27:04.221  1163  2122 I chatty  : uid=1000(system) Binder:1163_D expire 39 lines
11-23 16:27:04.350  1450  2191 I CommandQueue: updateBarBgColor
11-23 16:27:04.350  1450  2191 D CommandQueue: CommandQueue, setBarBackgroundColor
11-23 16:27:04.414  4631  4631 V ActivityThread: ActivityThread,callActivityOnCreate
11-23 16:27:04.422  4631  4631 D ActivityThread: add activity client record, r= ActivityRecord{b82cc16 token=android.os.BinderProxy@316a7f9 {com.tencent.mm/com.tencent.mm.plugin.base.stub.UIEntryStub}} token= android.os.BinderProxy@316a7f9
11-23 16:27:04.548  4631  4631 V ActivityThread: ActivityThread,callActivityOnCreate
11-23 16:27:04.613  4631  4631 D ActivityThread: add activity client record, r= ActivityRecord{42beabd token=android.os.BinderProxy@b27aaab {com.tencent.mm/com.tencent.mm.ui.transmit.SelectConversationUI}} token= android.os.BinderProxy@b27aaab
11-23 16:27:04.663  1450  2191 I CommandQueue: updateBarBgColor
11-23 16:27:04.663  1450  2191 D CommandQueue: CommandQueue, setBarBackgroundColor
11-23 16:27:05.009  4631  4631 D ActivityThread: Remove activity client record, r= ActivityRecord{b82cc16 token=android.os.BinderProxy@316a7f9 {com.tencent.mm/com.tencent.mm.plugin.base.stub.UIEntryStub}} token= android.os.BinderProxy@316a7f9
11-23 16:27:05.032  4631  4631 D ActivityThread: Remove activity client record, r= ActivityRecord{b73d2af token=android.os.BinderProxy@d287664 {com.tencent.mm/com.tencent.mm.plugin.base.stub.WXEntryActivity}} token= android.os.BinderProxy@d287664
11-23 16:27:05.233   486   738 W SocketListener: sending broadcast to Pid = 1163, Uid = 1000 
11-23 16:27:06.114 18703 18703 V ActivityThread: Handle window ActivityRecord{8cb6f2a token=android.os.BinderProxy@97da8e3 {com.netease.play/com.netease.play.livepage.LiveViewerActivity}} visibility: true
11-23 16:27:06.137 18703 18703 V ActivityThread: ActivityThread,callActivityOnCreate
11-23 16:27:06.143  1779  2045 I HwNetworkPolicyManager: getHwUidPolicy uid = 10300 policy = 0
11-23 16:27:06.155 18703 18703 D ActivityThread: add activity client record, r= ActivityRecord{9b2f7f3 token=android.os.BinderProxy@e4fd6d6 {com.netease.play/com.netease.play.wxapi.WXEntryActivity}} token= android.os.BinderProxy@e4fd6d6
11-23 16:27:06.198  1163  7184 I chatty  : uid=1000(system) Binder:1163_16 expire 48 lines
11-23 16:27:06.203 18703 18703 W ViewRootImpl[Toast]: EGLdebug relayoutWindow Surface isSurface(name=null)  (appName =com.netease.play) ( mSurfaceControllerIsValid =false) (mNativeObject  =0)/@0x3df03dc,viewVisibility is0
11-23 16:27:06.216 18703 18703 W ViewRootImpl[Toast]: EGLdebug relayoutWindow Surface isSurface(name=null)  (appName =com.netease.play) ( mSurfaceControllerIsValid =true) (mNativeObject  =c982b800)/@0x3df03dc,relayoutResult is7
11-23 16:27:06.224  1450  3050 I CommandQueue: updateBarBgColor
11-23 16:27:06.225  1450  3050 D CommandQueue: CommandQueue, setBarBackgroundColor
11-23 16:27:06.306   760   760 I chatty  : uid=1010(wifi) /system/bin/wificond expire 24 lines
11-23 16:27:06.390 18703 18703 D ActivityThread: Remove activity client record, r= ActivityRecord{9b2f7f3 token=android.os.BinderProxy@e4fd6d6 {com.netease.play/com.netease.play.wxapi.WXEntryActivity}} token= android.os.BinderProxy@e4fd6d6
