11-23 15:22:59.549  1163  1334 I chatty  : uid=1000(system) NetworkStats expire 10 lines
11-23 15:23:01.758   760   760 I chatty  : uid=1010(wifi) /system/bin/wificond expire 30 lines
11-23 15:23:02.133  1163  1734 I chatty  : uid=1000(system) Binder:1163_C expire 1 line
11-23 15:23:05.510   486   738 W SocketListener: sending broadcast to Pid = 1163, Uid = 1000 
11-23 15:23:05.516  1163  1186 I chatty  : uid=1000(system) android.fg expire 14 lines
11-23 15:23:10.787  1163  1353 I chatty  : uid=1000(system) ConnectivitySer expire 2 lines
11-23 15:23:11.700   486   738 W SocketListener: sending broadcast to Pid = 1163, Uid = 1000 
11-23 15:23:11.701  1163  1333 I chatty  : uid=1000(system) NetdConnector expire 12 lines
11-23 15:23:11.708  1163  1334 I chatty  : uid=1000(system) NetworkStats expire 10 lines
11-23 15:23:17.746   486   738 W SocketListener: sending broadcast to Pid = 1163, Uid = 1000 
11-23 15:23:19.806   760   760 I chatty  : uid=1010(wifi) /system/bin/wificond expire 24 lines
11-23 15:23:21.402  1163  1163 I chatty  : uid=1000 system_server expire 20 lines
11-23 15:23:21.419  1163  5118 I chatty  : uid=1000(system) Binder:1163_10 expire 3 lines
11-23 15:23:21.440  1163  5725 I chatty  : uid=1000(system) Binder:1163_13 expire 4 lines
11-23 15:23:21.448  1163 10425 I chatty  : uid=1000(system) Binder:1163_1E expire 5 lines
11-23 15:23:23.869   486   738 W SocketListener: sending broadcast to Pid = 1163, Uid = 1000 
11-23 15:23:23.871  1163  1333 I chatty  : uid=1000(system) NetdConnector expire 18 lines
11-23 15:23:23.885  1163  1334 I chatty  : uid=1000(system) NetworkStats expire 10 lines
11-23 15:23:29.827   486   738 W SocketListener: sending broadcast to Pid = 1163, Uid = 1000 
11-23 15:23:31.588  1163  1295 I chatty  : uid=1000(system) UEventObserver expire 8 lines
11-23 15:23:31.838   760   760 I chatty  : uid=1010(wifi) /system/bin/wificond expire 18 lines
11-23 15:23:35.889   486   738 W SocketListener: sending broadcast to Pid = 1163, Uid = 1000 
11-23 15:23:35.900  1163  1334 I chatty  : uid=1000(system) NetworkStats expire 10 lines
11-23 15:23:41.684  1163  1558 I chatty  : uid=1000(system) watchdog expire 7 lines
11-23 15:23:41.888   486   738 W SocketListener: sending broadcast to Pid = 1163, Uid = 1000 
11-23 15:23:41.889  1163  1333 I chatty  : uid=1000(system) NetdConnector expire 12 lines
11-23 15:23:43.878   760   760 I chatty  : uid=1010(wifi) /system/bin/wificond expire 24 lines
11-23 15:23:47.589   486   738 W SocketListener: sending broadcast to Pid = 1163, Uid = 1000 
11-23 15:23:47.599  1163  1334 I chatty  : uid=1000(system) NetworkStats expire 10 lines
11-23 15:23:54.181   486   738 W SocketListener: sending broadcast to Pid = 1163, Uid = 1000 
11-23 15:23:54.183  1163  1333 I chatty  : uid=1000(system) NetdConnector expire 12 lines
11-23 15:23:55.917   760   760 I chatty  : uid=1010(wifi) /system/bin/wificond expire 18 lines
11-23 15:24:00.143   486   738 W SocketListener: sending broadcast to Pid = 1163, Uid = 1000 
11-23 15:24:00.156  1163  1334 I chatty  : uid=1000(system) NetworkStats expire 10 lines
11-23 15:24:00.205  1163  5118 I chatty  : uid=1000(system) Binder:1163_10 expire 5 lines
11-23 15:24:06.244   486   738 W SocketListener: sending broadcast to Pid = 1163, Uid = 1000 
11-23 15:24:06.245  1163  1333 I chatty  : uid=1000(system) NetdConnector expire 12 lines
11-23 15:24:07.950   760   760 I chatty  : uid=1010(wifi) /system/bin/wificond expire 24 lines
11-23 15:24:12.624   486   738 W SocketListener: sending broadcast to Pid = 1163, Uid = 1000 
11-23 15:24:12.632  1163  1334 I chatty  : uid=1000(system) NetworkStats expire 10 lines
11-23 15:24:18.672   486   738 W SocketListener: sending broadcast to Pid = 1163, Uid = 1000 
11-23 15:24:18.674  1163  1333 I chatty  : uid=1000(system) NetdConnector expire 12 lines
11-23 15:24:19.986   760   760 I chatty  : uid=1010(wifi) /system/bin/wificond expire 18 lines
11-23 15:24:24.741   486   738 W SocketListener: sending broadcast to Pid = 1163, Uid = 1000 
11-23 15:24:24.751  1163  1334 I chatty  : uid=1000(system) NetworkStats expire 10 lines
11-23 15:24:30.857   486   738 W SocketListener: sending broadcast to Pid = 1163, Uid = 1000 
11-23 15:24:30.858  1163  1333 I chatty  : uid=1000(system) NetdConnector expire 12 lines
11-23 15:24:30.861  1163  1186 I chatty  : uid=1000(system) android.fg expire 17 lines
11-23 15:24:31.761  1163  1163 I chatty  : uid=1000 system_server expire 19 lines
11-23 15:24:32.016   760   760 I chatty  : uid=1010(wifi) /system/bin/wificond expire 24 lines
11-23 15:24:37.036   486   738 W SocketListener: sending broadcast to Pid = 1163, Uid = 1000 
11-23 15:24:37.050  1163  1334 I chatty  : uid=1000(system) NetworkStats expire 10 lines
11-23 15:24:42.923   486   738 W SocketListener: sending broadcast to Pid = 1163, Uid = 1000 
11-23 15:24:42.924  1163  1333 I chatty  : uid=1000(system) NetdConnector expire 12 lines
11-23 15:24:44.061   760   760 I chatty  : uid=1010(wifi) /system/bin/wificond expire 18 lines
11-23 15:24:48.996   486   738 W SocketListener: sending broadcast to Pid = 1163, Uid = 1000 
11-23 15:24:49.004  1163  1334 I chatty  : uid=1000(system) NetworkStats expire 10 lines
11-23 15:24:55.046   486   738 W SocketListener: sending broadcast to Pid = 1163, Uid = 1000 
11-23 15:24:55.047  1163  1333 I chatty  : uid=1000(system) NetdConnector expire 12 lines
11-23 15:24:56.090   760   760 I chatty  : uid=1010(wifi) /system/bin/wificond expire 24 lines
11-23 15:24:59.099  1163  1353 I chatty  : uid=1000(system) ConnectivitySer expire 6 lines
11-23 15:25:01.005   486   738 W SocketListener: sending broadcast to Pid = 1163, Uid = 1000 
11-23 15:25:01.017  1163  1334 I chatty  : uid=1000(system) NetworkStats expire 10 lines
11-23 15:25:02.002  1163  1179 I chatty  : uid=1000(system) ActivityManager expire 1 line
11-23 15:25:02.142  1163  5725 I chatty  : uid=1000(system) Binder:1163_13 expire 1 line
11-23 15:25:07.031   486   738 W SocketListener: sending broadcast to Pid = 1163, Uid = 1000 
11-23 15:25:07.033  1163  1333 I chatty  : uid=1000(system) NetdConnector expire 12 lines
11-23 15:25:08.165   760   760 I chatty  : uid=1010(wifi) /system/bin/wificond expire 18 lines
11-23 15:25:13.091   486   738 W SocketListener: sending broadcast to Pid = 1163, Uid = 1000 
11-23 15:25:13.097  1163  1334 I chatty  : uid=1000(system) NetworkStats expire 10 lines
11-23 15:25:19.306   486   738 W SocketListener: sending broadcast to Pid = 1163, Uid = 1000 
11-23 15:25:19.307  1163  1333 I chatty  : uid=1000(system) NetdConnector expire 12 lines
11-23 15:25:20.197   760   760 I chatty  : uid=1010(wifi) /system/bin/wificond expire 24 lines
11-23 15:25:25.270   486   738 W SocketListener: sending broadcast to Pid = 1163, Uid = 1000 
11-23 15:25:25.278  1163  1334 I chatty  : uid=1000(system) NetworkStats expire 10 lines
11-23 15:25:31.483   486   738 W SocketListener: sending broadcast to Pid = 1163, Uid = 1000 
11-23 15:25:31.484  1163  1333 I chatty  : uid=1000(system) NetdConnector expire 12 lines
11-23 15:25:31.908  1163  1295 I chatty  : uid=1000(system) UEventObserver expire 6 lines
11-23 15:25:32.231   760   760 I chatty  : uid=1010(wifi) /system/bin/wificond expire 18 lines
11-23 15:25:37.338   486   738 W SocketListener: sending broadcast to Pid = 1163, Uid = 1000 
11-23 15:25:37.349  1163  1334 I chatty  : uid=1000(system) NetworkStats expire 10 lines
11-23 15:25:37.450  1163 15893 I chatty  : uid=1000(system) Binder:1163_20 expire 2 lines
11-23 15:25:43.286   486   738 W SocketListener: sending broadcast to Pid = 1163, Uid = 1000 
11-23 15:25:43.287  1163  1333 I chatty  : uid=1000(system) NetdConnector expire 12 lines
11-23 15:25:44.267   760   760 I chatty  : uid=1010(wifi) /system/bin/wificond expire 24 lines
11-23 15:25:49.367   486   738 W SocketListener: sending broadcast to Pid = 1163, Uid = 1000 
11-23 15:25:49.374  1163  1334 I chatty  : uid=1000(system) NetworkStats expire 10 lines
11-23 15:25:55.897   486   738 W SocketListener: sending broadcast to Pid = 1163, Uid = 1000 
11-23 15:25:55.898  1163  1333 I chatty  : uid=1000(system) NetdConnector expire 12 lines
11-23 15:25:56.301   760   760 I chatty  : uid=1010(wifi) /system/bin/wificond expire 18 lines
11-23 15:26:01.807   486   738 W SocketListener: sending broadcast to Pid = 1163, Uid = 1000 
11-23 15:26:01.818  1163  1334 I chatty  : uid=1000(system) NetworkStats expire 10 lines
11-23 15:26:02.075  1163 12464 I chatty  : uid=1000(system) Binder:1163_1F expire 6 lines
11-23 15:26:07.984   486   738 W SocketListener: sending broadcast to Pid = 1163, Uid = 1000 
11-23 15:26:07.987  1163  1333 I chatty  : uid=1000(system) NetdConnector expire 12 lines
11-23 15:26:08.341   760   760 I chatty  : uid=1010(wifi) /system/bin/wificond expire 27 lines
11-23 15:26:14.243   486   738 W SocketListener: sending broadcast to Pid = 1163, Uid = 1000 
11-23 15:26:14.248  1163  1186 I chatty  : uid=1000(system) android.fg expire 16 lines
11-23 15:26:14.252  1163  1334 I chatty  : uid=1000(system) NetworkStats expire 10 lines
11-23 15:26:20.434   486   738 W SocketListener: sending broadcast to Pid = 1163, Uid = 1000 
11-23 15:26:20.435  1163  1333 I chatty  : uid=1000(system) NetdConnector expire 12 lines
11-23 15:26:23.382   760   760 I chatty  : uid=1010(wifi) /system/bin/wificond expire 30 lines
11-23 15:26:26.347   486   738 W SocketListener: sending broadcast to Pid = 1163, Uid = 1000 
11-23 15:26:26.355  1163  1334 I chatty  : uid=1000(system) NetworkStats expire 10 lines
11-23 15:26:32.606   486   738 W SocketListener: sending broadcast to Pid = 1163, Uid = 1000 
11-23 15:26:32.607  1163  1333 I chatty  : uid=1000(system) NetdConnector expire 12 lines
11-23 15:26:38.603   486   738 W SocketListener: sending broadcast to Pid = 1163, Uid = 1000 
11-23 15:26:38.614  1163  1334 I chatty  : uid=1000(system) NetworkStats expire 10 lines
11-23 15:26:40.914   760   760 I chatty  : uid=1010(wifi) /system/bin/wificond expire 30 lines
11-23 15:26:44.685   486   738 W SocketListener: sending broadcast to Pid = 1163, Uid = 1000 
11-23 15:26:44.686  1163  1333 I chatty  : uid=1000(system) NetdConnector expire 12 lines
11-23 15:26:50.796   486   738 W SocketListener: sending broadcast to Pid = 1163, Uid = 1000 
11-23 15:26:50.804  1163  1334 I chatty  : uid=1000(system) NetworkStats expire 10 lines
11-23 15:26:56.830   486   738 W SocketListener: sending broadcast to Pid = 1163, Uid = 1000 
11-23 15:26:56.831  1163  1333 I chatty  : uid=1000(system) NetdConnector expire 12 lines
11-23 15:26:56.922   760   760 I chatty  : uid=1010(wifi) /system/bin/wificond expire 24 lines
11-23 15:27:00.004  1163  1163 I chatty  : uid=1000 system_server expire 10 lines
11-23 15:27:02.005  1163  1179 I chatty  : uid=1000(system) ActivityManager expire 1 line
11-23 15:27:02.139  1163  1734 I chatty  : uid=1000(system) Binder:1163_C expire 1 line
11-23 15:27:02.145  1163  1295 I chatty  : uid=1000(system) UEventObserver expire 8 lines
11-23 15:27:03.009   486   738 W SocketListener: sending broadcast to Pid = 1163, Uid = 1000 
11-23 15:27:03.021  1163  1334 I chatty  : uid=1000(system) NetworkStats expire 10 lines
11-23 15:27:08.500  1163  1353 I chatty  : uid=1000(system) ConnectivitySer expire 2 lines
11-23 15:27:09.032   486   738 W SocketListener: sending broadcast to Pid = 1163, Uid = 1000 
11-23 15:27:09.033  1163  1333 I chatty  : uid=1000(system) NetdConnector expire 12 lines
11-23 15:27:11.511   760   760 I chatty  : uid=1010(wifi) /system/bin/wificond expire 24 lines
11-23 15:27:11.693  1163  1558 I chatty  : uid=1000(system) watchdog expire 3 lines
11-23 15:27:15.116   486   738 W SocketListener: sending broadcast to Pid = 1163, Uid = 1000 
11-23 15:27:15.128  1163  1334 I chatty  : uid=1000(system) NetworkStats expire 10 lines
11-23 15:27:21.555   486   738 W SocketListener: sending broadcast to Pid = 1163, Uid = 1000 
11-23 15:27:21.556  1163  1333 I chatty  : uid=1000(system) NetdConnector expire 12 lines
11-23 15:27:23.562   760   760 I chatty  : uid=1010(wifi) /system/bin/wificond expire 18 lines
11-23 15:27:27.687   486   738 W SocketListener: sending broadcast to Pid = 1163, Uid = 1000 
11-23 15:27:27.694  1163  1334 I chatty  : uid=1000(system) NetworkStats expire 10 lines
11-23 15:27:34.054   486   738 W SocketListener: sending broadcast to Pid = 1163, Uid = 1000 
11-23 15:27:34.056  1163  1333 I chatty  : uid=1000(system) NetdConnector expire 12 lines
11-23 15:27:35.592   760   760 I chatty  : uid=1010(wifi) /system/bin/wificond expire 24 lines
11-23 15:27:39.706   486   738 W SocketListener: sending broadcast to Pid = 1163, Uid = 1000 
11-23 15:27:39.712  1163  1334 I chatty  : uid=1000(system) NetworkStats expire 10 lines
11-23 15:27:45.839   486   738 W SocketListener: sending broadcast to Pid = 1163, Uid = 1000 
11-23 15:27:45.840  1163  1333 I chatty  : uid=1000(system) NetdConnector expire 12 lines
11-23 15:27:47.643   760   760 I chatty  : uid=1010(wifi) /system/bin/wificond expire 18 lines
11-23 15:27:51.816   486   738 W SocketListener: sending broadcast to Pid = 1163, Uid = 1000 
11-23 15:27:51.820  1163  1186 I chatty  : uid=1000(system) android.fg expire 7 lines
11-23 15:27:51.824  1163  1334 I chatty  : uid=1000(system) NetworkStats expire 10 lines
11-23 15:27:57.703   486   738 W SocketListener: sending broadcast to Pid = 1163, Uid = 1000 
11-23 15:27:57.704  1163  1333 I chatty  : uid=1000(system) NetdConnector expire 12 lines
11-23 15:27:59.681   760   760 I chatty  : uid=1010(wifi) /system/bin/wificond expire 24 lines
11-23 15:28:02.071  1163 10425 I chatty  : uid=1000(system) Binder:1163_1E expire 2 lines
11-23 15:28:02.324  1163  1163 I chatty  : uid=1000 system_server expire 10 lines
11-23 15:28:03.784   486   738 W SocketListener: sending broadcast to Pid = 1163, Uid = 1000 
11-23 15:28:03.795  1163  1334 I chatty  : uid=1000(system) NetworkStats expire 10 lines
11-23 15:28:09.879   486   738 W SocketListener: sending broadcast to Pid = 1163, Uid = 1000 
11-23 15:28:09.881  1163  1333 I chatty  : uid=1000(system) NetdConnector expire 12 lines
11-23 15:28:11.720   760   760 I chatty  : uid=1010(wifi) /system/bin/wificond expire 18 lines
11-23 15:28:15.923   486   738 W SocketListener: sending broadcast to Pid = 1163, Uid = 1000 
11-23 15:28:15.932  1163  1334 I chatty  : uid=1000(system) NetworkStats expire 10 lines
11-23 15:28:21.906   486   738 W SocketListener: sending broadcast to Pid = 1163, Uid = 1000 
11-23 15:28:21.907  1163  1333 I chatty  : uid=1000(system) NetdConnector expire 12 lines
11-23 15:28:23.759   760   760 I chatty  : uid=1010(wifi) /system/bin/wificond expire 24 lines
11-23 15:28:28.095   486   738 W SocketListener: sending broadcast to Pid = 1163, Uid = 1000 
11-23 15:28:28.102  1163  1334 I chatty  : uid=1000(system) NetworkStats expire 10 lines
11-23 15:28:34.059   486   738 W SocketListener: sending broadcast to Pid = 1163, Uid = 1000 
11-23 15:28:34.061  1163  1333 I chatty  : uid=1000(system) NetdConnector expire 12 lines
11-23 15:28:34.063  1163  1186 I chatty  : uid=1000(system) android.fg expire 7 lines
11-23 15:28:35.797   760   760 I chatty  : uid=1010(wifi) /system/bin/wificond expire 18 lines
11-23 15:28:40.207   486   738 W SocketListener: sending broadcast to Pid = 1163, Uid = 1000 
11-23 15:28:40.220  1163  1334 I chatty  : uid=1000(system) NetworkStats expire 10 lines
11-23 15:28:41.696  1163  1558 I chatty  : uid=1000(system) watchdog expire 2 lines
11-23 15:28:46.212   486   738 W SocketListener: sending broadcast to Pid = 1163, Uid = 1000 
11-23 15:28:46.213  1163  1333 I chatty  : uid=1000(system) NetdConnector expire 12 lines
11-23 15:28:47.832   760   760 I chatty  : uid=1010(wifi) /system/bin/wificond expire 24 lines
11-23 15:28:52.236   486   738 W SocketListener: sending broadcast to Pid = 1163, Uid = 1000 
11-23 15:28:52.248  1163  1334 I chatty  : uid=1000(system) NetworkStats expire 10 lines
11-23 15:28:58.287   486   738 W SocketListener: sending broadcast to Pid = 1163, Uid = 1000 
11-23 15:28:58.288  1163  1333 I chatty  : uid=1000(system) NetdConnector expire 12 lines
11-23 15:28:59.873   760   760 I chatty  : uid=1010(wifi) /system/bin/wificond expire 18 lines
11-23 15:29:02.004  1163  1179 I chatty  : uid=1000(system) ActivityManager expire 2 lines
11-23 15:29:02.039  1163 15893 I chatty  : uid=1000(system) Binder:1163_20 expire 5 lines
11-23 15:29:02.145  1163 10425 I chatty  : uid=1000(system) Binder:1163_1E expire 8 lines
11-23 15:29:02.468  1163  1295 I chatty  : uid=1000(system) UEventObserver expire 16 lines
11-23 15:29:04.333   486   738 W SocketListener: sending broadcast to Pid = 1163, Uid = 1000 
11-23 15:29:04.341  1163  1334 I chatty  : uid=1000(system) NetworkStats expire 10 lines
11-23 15:29:10.242   486   738 W SocketListener: sending broadcast to Pid = 1163, Uid = 1000 
11-23 15:29:10.243  1163  1333 I chatty  : uid=1000(system) NetdConnector expire 12 lines
11-23 15:29:11.907   760   760 I chatty  : uid=1010(wifi) /system/bin/wificond expire 24 lines
11-23 15:29:16.288   486   738 W SocketListener: sending broadcast to Pid = 1163, Uid = 1000 
11-23 15:29:16.293  1163  1186 I chatty  : uid=1000(system) android.fg expire 10 lines
11-23 15:29:16.299  1163  1334 I chatty  : uid=1000(system) NetworkStats expire 10 lines
11-23 15:29:22.675   486   738 W SocketListener: sending broadcast to Pid = 1163, Uid = 1000 
11-23 15:29:22.676  1163  1333 I chatty  : uid=1000(system) NetdConnector expire 12 lines
11-23 15:29:23.942   760   760 I chatty  : uid=1010(wifi) /system/bin/wificond expire 18 lines
11-23 15:29:28.831   486   738 W SocketListener: sending broadcast to Pid = 1163, Uid = 1000 
11-23 15:29:28.847  1163  1334 I chatty  : uid=1000(system) NetworkStats expire 10 lines
11-23 15:29:30.139  1163  1163 I chatty  : uid=1000 system_server expire 10 lines
11-23 15:29:34.731   486   738 W SocketListener: sending broadcast to Pid = 1163, Uid = 1000 
11-23 15:29:34.732  1163  1333 I chatty  : uid=1000(system) NetdConnector expire 12 lines
11-23 15:29:35.972   760   760 I chatty  : uid=1010(wifi) /system/bin/wificond expire 24 lines
11-23 15:29:41.057   486   738 W SocketListener: sending broadcast to Pid = 1163, Uid = 1000 
11-23 15:29:41.067  1163  1334 I chatty  : uid=1000(system) NetworkStats expire 10 lines
11-23 15:29:41.697  1163  1558 I chatty  : uid=1000(system) watchdog expire 7 lines
11-23 15:29:47.067   486   738 W SocketListener: sending broadcast to Pid = 1163, Uid = 1000 
11-23 15:29:47.067  1163  1333 I chatty  : uid=1000(system) NetdConnector expire 12 lines
11-23 15:29:48.007   760   760 I chatty  : uid=1010(wifi) /system/bin/wificond expire 18 lines
11-23 15:29:53.746   486   738 W SocketListener: sending broadcast to Pid = 1163, Uid = 1000 
11-23 15:29:53.760  1163  1334 I chatty  : uid=1000(system) NetworkStats expire 10 lines
11-23 15:29:59.153   486   738 W SocketListener: sending broadcast to Pid = 1163, Uid = 1000 
11-23 15:29:59.156  1163  1333 I chatty  : uid=1000(system) NetdConnector expire 12 lines
11-23 15:30:00.042   760   760 I chatty  : uid=1010(wifi) /system/bin/wificond expire 24 lines
11-23 15:30:00.186  1163  5725 I chatty  : uid=1000(system) Binder:1163_13 expire 4 lines
11-23 15:30:05.327   486   738 W SocketListener: sending broadcast to Pid = 1163, Uid = 1000 
11-23 15:30:05.336  1163  1334 I chatty  : uid=1000(system) NetworkStats expire 10 lines
11-23 15:30:11.323   486   738 W SocketListener: sending broadcast to Pid = 1163, Uid = 1000 
11-23 15:30:11.324  1163  1333 I chatty  : uid=1000(system) NetdConnector expire 12 lines
11-23 15:30:12.085   760   760 I chatty  : uid=1010(wifi) /system/bin/wificond expire 18 lines
11-23 15:30:17.261   486   738 W SocketListener: sending broadcast to Pid = 1163, Uid = 1000 
11-23 15:30:17.264  1163  1186 I chatty  : uid=1000(system) android.fg expire 18 lines
11-23 15:30:17.267  1163  1334 I chatty  : uid=1000(system) NetworkStats expire 10 lines
11-23 15:30:23.435   486   738 W SocketListener: sending broadcast to Pid = 1163, Uid = 1000 
11-23 15:30:23.437  1163  1333 I chatty  : uid=1000(system) NetdConnector expire 12 lines
11-23 15:30:24.127   760   760 I chatty  : uid=1010(wifi) /system/bin/wificond expire 24 lines
11-23 15:30:29.571   486   738 W SocketListener: sending broadcast to Pid = 1163, Uid = 1000 
11-23 15:30:29.591  1163  1334 I chatty  : uid=1000(system) NetworkStats expire 10 lines
11-23 15:30:32.726  1163  1163 I chatty  : uid=1000 system_server expire 10 lines
11-23 15:30:35.549   486   738 W SocketListener: sending broadcast to Pid = 1163, Uid = 1000 
11-23 15:30:35.550  1163  1333 I chatty  : uid=1000(system) NetdConnector expire 12 lines
11-23 15:30:36.160   760   760 I chatty  : uid=1010(wifi) /system/bin/wificond expire 21 lines
11-23 15:30:41.710   486   738 W SocketListener: sending broadcast to Pid = 1163, Uid = 1000 
11-23 15:30:41.721  1163  1334 I chatty  : uid=1000(system) NetworkStats expire 10 lines
11-23 15:30:48.523   486   738 W SocketListener: sending broadcast to Pid = 1163, Uid = 1000 
11-23 15:30:48.524  1163  1333 I chatty  : uid=1000(system) NetdConnector expire 12 lines
11-23 15:30:49.069   760   760 I chatty  : uid=1010(wifi) /system/bin/wificond expire 21 lines
11-23 15:30:54.020   486   738 W SocketListener: sending broadcast to Pid = 1163, Uid = 1000 
11-23 15:30:54.028  1163  1334 I chatty  : uid=1000(system) NetworkStats expire 10 lines
11-23 15:31:00.133   486   738 W SocketListener: sending broadcast to Pid = 1163, Uid = 1000 
11-23 15:31:00.139  1163  1333 I chatty  : uid=1000(system) NetdConnector expire 18 lines
11-23 15:31:00.237   760   760 I chatty  : uid=1010(wifi) /system/bin/wificond expire 21 lines
11-23 15:31:02.816  1163  1163 I chatty  : uid=1000 system_server expire 11 lines
11-23 15:31:06.261   486   738 W SocketListener: sending broadcast to Pid = 1163, Uid = 1000 
11-23 15:31:06.270  1163  1334 I chatty  : uid=1000(system) NetworkStats expire 10 lines
11-23 15:31:12.616   486   738 W SocketListener: sending broadcast to Pid = 1163, Uid = 1000 
11-23 15:31:13.085   760   760 I chatty  : uid=1010(wifi) /system/bin/wificond expire 24 lines
11-23 15:31:18.664   486   738 W SocketListener: sending broadcast to Pid = 1163, Uid = 1000 
11-23 15:31:18.665  1163  1333 I chatty  : uid=1000(system) NetdConnector expire 12 lines
11-23 15:31:18.670  1163  1334 I chatty  : uid=1000(system) NetworkStats expire 10 lines
11-23 15:31:24.747   486   738 W SocketListener: sending broadcast to Pid = 1163, Uid = 1000 
11-23 15:31:27.308   760   760 I chatty  : uid=1010(wifi) /system/bin/wificond expire 30 lines
11-23 15:31:31.152   486   738 W SocketListener: sending broadcast to Pid = 1163, Uid = 1000 
11-23 15:31:31.154  1163  1333 I chatty  : uid=1000(system) NetdConnector expire 12 lines
11-23 15:31:31.166  1163  1334 I chatty  : uid=1000(system) NetworkStats expire 10 lines
11-23 15:31:37.292   486   738 W SocketListener: sending broadcast to Pid = 1163, Uid = 1000 
11-23 15:31:43.332   486   738 W SocketListener: sending broadcast to Pid = 1163, Uid = 1000 
11-23 15:31:43.333  1163  1333 I chatty  : uid=1000(system) NetdConnector expire 12 lines
11-23 15:31:43.341  1163  1334 I chatty  : uid=1000(system) NetworkStats expire 10 lines
11-23 15:31:45.111   760   760 I chatty  : uid=1010(wifi) /system/bin/wificond expire 24 lines
11-23 15:31:45.113  1163  1353 I chatty  : uid=1000(system) ConnectivitySer expire 2 lines
11-23 15:31:49.373   486   738 W SocketListener: sending broadcast to Pid = 1163, Uid = 1000 
11-23 15:31:55.479   486   738 W SocketListener: sending broadcast to Pid = 1163, Uid = 1000 
11-23 15:31:55.480  1163  1333 I chatty  : uid=1000(system) NetdConnector expire 12 lines
11-23 15:31:55.490  1163  1334 I chatty  : uid=1000(system) NetworkStats expire 10 lines
11-23 15:31:57.411   760   760 I chatty  : uid=1010(wifi) /system/bin/wificond expire 18 lines
11-23 15:32:00.204  1163  1734 I chatty  : uid=1000(system) Binder:1163_C expire 8 lines
11-23 15:32:01.686   486   738 W SocketListener: sending broadcast to Pid = 1163, Uid = 1000 
11-23 15:32:02.955  1163  1163 I chatty  : uid=1000 system_server expire 6 lines
11-23 15:32:04.225  1163 15893 I chatty  : uid=1000(system) Binder:1163_20 expire 2 lines
11-23 15:32:07.972   486   738 W SocketListener: sending broadcast to Pid = 1163, Uid = 1000 
11-23 15:32:07.973  1163  1333 I chatty  : uid=1000(system) NetdConnector expire 12 lines
11-23 15:32:07.976  1163  1186 I chatty  : uid=1000(system) android.fg expire 8 lines
11-23 15:32:07.983  1163  1334 I chatty  : uid=1000(system) NetworkStats expire 10 lines
11-23 15:32:09.124   760   760 I chatty  : uid=1010(wifi) /system/bin/wificond expire 24 lines
11-23 15:32:13.531   486   738 W SocketListener: sending broadcast to Pid = 1163, Uid = 1000 
11-23 15:32:17.424  1163  1176 I chatty  : uid=1000(system) android.bg expire 1 line
11-23 15:32:20.380   486   738 W SocketListener: sending broadcast to Pid = 1163, Uid = 1000 
11-23 15:32:20.381  1163  1333 I chatty  : uid=1000(system) NetdConnector expire 12 lines
11-23 15:32:20.393  1163  1334 I chatty  : uid=1000(system) NetworkStats expire 10 lines
11-23 15:32:21.488   760   760 I chatty  : uid=1010(wifi) /system/bin/wificond expire 18 lines
11-23 15:32:26.085   486   738 W SocketListener: sending broadcast to Pid = 1163, Uid = 1000 
11-23 15:32:32.185   486   738 W SocketListener: sending broadcast to Pid = 1163, Uid = 1000 
11-23 15:32:32.187  1163  1333 I chatty  : uid=1000(system) NetdConnector expire 12 lines
11-23 15:32:32.194  1163  1334 I chatty  : uid=1000(system) NetworkStats expire 10 lines
11-23 15:32:33.136   760   760 I chatty  : uid=1010(wifi) /system/bin/wificond expire 24 lines
11-23 15:32:37.510  1163  5118 I chatty  : uid=1000(system) Binder:1163_10 expire 2 lines
11-23 15:32:38.301   486   738 W SocketListener: sending broadcast to Pid = 1163, Uid = 1000 
11-23 15:32:44.370   486   738 W SocketListener: sending broadcast to Pid = 1163, Uid = 1000 
11-23 15:32:44.372  1163  1333 I chatty  : uid=1000(system) NetdConnector expire 24 lines
11-23 15:32:44.383  1163  1334 I chatty  : uid=1000(system) NetworkStats expire 10 lines
11-23 15:32:45.567   760   760 I chatty  : uid=1010(wifi) /system/bin/wificond expire 18 lines
11-23 15:32:50.348   486   738 W SocketListener: sending broadcast to Pid = 1163, Uid = 1000 
11-23 15:32:56.555   486   738 W SocketListener: sending broadcast to Pid = 1163, Uid = 1000 
11-23 15:32:56.559  1163  1186 I chatty  : uid=1000(system) android.fg expire 10 lines
11-23 15:32:56.562  1163  1334 I chatty  : uid=1000(system) NetworkStats expire 10 lines
11-23 15:32:57.145   760   760 I chatty  : uid=1010(wifi) /system/bin/wificond expire 24 lines
11-23 15:33:00.002  1163  1163 I chatty  : uid=1000 system_server expire 31 lines
11-23 15:33:02.004  1163  1179 I chatty  : uid=1000(system) ActivityManager expire 2 lines
11-23 15:33:02.034  1163  1734 I chatty  : uid=1000(system) Binder:1163_C expire 5 lines
11-23 15:33:02.146  1163 15893 I chatty  : uid=1000(system) Binder:1163_20 expire 4 lines
11-23 15:33:02.960   486   738 W SocketListener: sending broadcast to Pid = 1163, Uid = 1000 
11-23 15:33:03.108  1163  1295 I chatty  : uid=1000(system) UEventObserver expire 14 lines
11-23 15:33:09.287   486   738 W SocketListener: sending broadcast to Pid = 1163, Uid = 1000 
11-23 15:33:09.289  1163  1333 I chatty  : uid=1000(system) NetdConnector expire 12 lines
11-23 15:33:09.298  1163  1334 I chatty  : uid=1000(system) NetworkStats expire 10 lines
11-23 15:33:09.638   760   760 I chatty  : uid=1010(wifi) /system/bin/wificond expire 27 lines
11-23 15:33:11.704  1163  1558 I chatty  : uid=1000(system) watchdog expire 6 lines
11-23 15:33:15.387   486   738 W SocketListener: sending broadcast to Pid = 1163, Uid = 1000 
11-23 15:33:21.269  1163  1176 I chatty  : uid=1000(system) android.bg expire 9 lines
11-23 15:33:22.225   486   738 W SocketListener: sending broadcast to Pid = 1163, Uid = 1000 
11-23 15:33:22.226  1163  1333 I chatty  : uid=1000(system) NetdConnector expire 12 lines
11-23 15:33:22.233  1163  1334 I chatty  : uid=1000(system) NetworkStats expire 10 lines
11-23 15:33:24.681   760   760 I chatty  : uid=1010(wifi) /system/bin/wificond expire 30 lines
11-23 15:33:28.165   486   738 W SocketListener: sending broadcast to Pid = 1163, Uid = 1000 
11-23 15:33:30.145  1163  1163 I chatty  : uid=1000 system_server expire 18 lines
11-23 15:33:34.012   486   738 W SocketListener: sending broadcast to Pid = 1163, Uid = 1000 
11-23 15:33:34.013  1163  1333 I chatty  : uid=1000(system) NetdConnector expire 12 lines
11-23 15:33:34.022  1163  1334 I chatty  : uid=1000(system) NetworkStats expire 10 lines
11-23 15:33:40.406   486   738 W SocketListener: sending broadcast to Pid = 1163, Uid = 1000 
11-23 15:33:42.725   760   760 I chatty  : uid=1010(wifi) /system/bin/wificond expire 30 lines
11-23 15:33:46.340   486   738 W SocketListener: sending broadcast to Pid = 1163, Uid = 1000 
11-23 15:33:46.341  1163  1333 I chatty  : uid=1000(system) NetdConnector expire 12 lines
11-23 15:33:46.348  1163  1334 I chatty  : uid=1000(system) NetworkStats expire 10 lines
11-23 15:33:52.386   486   738 W SocketListener: sending broadcast to Pid = 1163, Uid = 1000 
11-23 15:33:58.302   486   738 W SocketListener: sending broadcast to Pid = 1163, Uid = 1000 
11-23 15:33:58.303  1163  1333 I chatty  : uid=1000(system) NetdConnector expire 12 lines
11-23 15:33:58.305  1163  1186 I chatty  : uid=1000(system) android.fg expire 13 lines
11-23 15:33:58.308  1163  1334 I chatty  : uid=1000(system) NetworkStats expire 10 lines
11-23 15:34:00.786   760   760 I chatty  : uid=1010(wifi) /system/bin/wificond expire 30 lines
11-23 15:34:04.268   486   738 W SocketListener: sending broadcast to Pid = 1163, Uid = 1000 
11-23 15:34:10.482   486   738 W SocketListener: sending broadcast to Pid = 1163, Uid = 1000 
11-23 15:34:10.484  1163  1333 I chatty  : uid=1000(system) NetdConnector expire 12 lines
11-23 15:34:10.494  1163  1334 I chatty  : uid=1000(system) NetworkStats expire 10 lines
11-23 15:34:16.799   486   738 W SocketListener: sending broadcast to Pid = 1163, Uid = 1000 
11-23 15:34:17.193   760   760 I chatty  : uid=1010(wifi) /system/bin/wificond expire 24 lines
11-23 15:34:22.739   486   738 W SocketListener: sending broadcast to Pid = 1163, Uid = 1000 
11-23 15:34:22.741  1163  1333 I chatty  : uid=1000(system) NetdConnector expire 12 lines
11-23 15:34:22.751  1163  1334 I chatty  : uid=1000(system) NetworkStats expire 10 lines
11-23 15:34:28.941   486   738 W SocketListener: sending broadcast to Pid = 1163, Uid = 1000 
11-23 15:34:30.872   760   760 I chatty  : uid=1010(wifi) /system/bin/wificond expire 18 lines
11-23 15:34:35.010   486   738 W SocketListener: sending broadcast to Pid = 1163, Uid = 1000 
11-23 15:34:35.011  1163  1333 I chatty  : uid=1000(system) NetdConnector expire 12 lines
11-23 15:34:35.020  1163  1334 I chatty  : uid=1000(system) NetworkStats expire 10 lines
11-23 15:34:36.891  1163  1353 I chatty  : uid=1000(system) ConnectivitySer expire 4 lines
11-23 15:34:40.927   486   738 W SocketListener: sending broadcast to Pid = 1163, Uid = 1000 
11-23 15:34:41.208   760   760 I chatty  : uid=1010(wifi) /system/bin/wificond expire 24 lines
11-23 15:34:47.208   486   738 W SocketListener: sending broadcast to Pid = 1163, Uid = 1000 
11-23 15:34:47.209  1163  1333 I chatty  : uid=1000(system) NetdConnector expire 12 lines
11-23 15:34:47.216  1163  1334 I chatty  : uid=1000(system) NetworkStats expire 10 lines
11-23 15:34:53.157   486   738 W SocketListener: sending broadcast to Pid = 1163, Uid = 1000 
11-23 15:34:54.964   760   760 I chatty  : uid=1010(wifi) /system/bin/wificond expire 30 lines
11-23 15:34:59.465   486   738 W SocketListener: sending broadcast to Pid = 1163, Uid = 1000 
11-23 15:34:59.466  1163  1333 I chatty  : uid=1000(system) NetdConnector expire 12 lines
11-23 15:34:59.474  1163  1334 I chatty  : uid=1000(system) NetworkStats expire 10 lines
11-23 15:35:02.050  1163  5725 I chatty  : uid=1000(system) Binder:1163_13 expire 2 lines
11-23 15:35:04.922   486   738 W SocketListener: sending broadcast to Pid = 1163, Uid = 1000 
11-23 15:35:11.380   486   738 W SocketListener: sending broadcast to Pid = 1163, Uid = 1000 
11-23 15:35:11.383  1163  1333 I chatty  : uid=1000(system) NetdConnector expire 12 lines
11-23 15:35:11.390  1163  1334 I chatty  : uid=1000(system) NetworkStats expire 10 lines
11-23 15:35:13.010   760   760 I chatty  : uid=1010(wifi) /system/bin/wificond expire 24 lines
11-23 15:35:17.372   486   738 W SocketListener: sending broadcast to Pid = 1163, Uid = 1000 
11-23 15:35:17.378  1163  1186 I chatty  : uid=1000(system) android.fg expire 8 lines
11-23 15:35:23.461   486   738 W SocketListener: sending broadcast to Pid = 1163, Uid = 1000 
11-23 15:35:23.462  1163  1333 I chatty  : uid=1000(system) NetdConnector expire 12 lines
11-23 15:35:23.469  1163  1334 I chatty  : uid=1000(system) NetworkStats expire 10 lines
11-23 15:35:25.039   760   760 I chatty  : uid=1010(wifi) /system/bin/wificond expire 18 lines
11-23 15:35:29.881   486   738 W SocketListener: sending broadcast to Pid = 1163, Uid = 1000 
11-23 15:35:36.007   486   738 W SocketListener: sending broadcast to Pid = 1163, Uid = 1000 
11-23 15:35:36.008  1163  1333 I chatty  : uid=1000(system) NetdConnector expire 12 lines
11-23 15:35:36.017  1163  1334 I chatty  : uid=1000(system) NetworkStats expire 10 lines
11-23 15:35:37.073   760   760 I chatty  : uid=1010(wifi) /system/bin/wificond expire 24 lines
11-23 15:35:38.164  1163  1163 I chatty  : uid=1000 system_server expire 4 lines
11-23 15:35:38.165  1163  1184 I chatty  : uid=1000(system) batterystats-sy expire 2 lines
11-23 15:35:42.043   486   738 W SocketListener: sending broadcast to Pid = 1163, Uid = 1000 
11-23 15:35:48.160   486   738 W SocketListener: sending broadcast to Pid = 1163, Uid = 1000 
11-23 15:35:48.161  1163  1333 I chatty  : uid=1000(system) NetdConnector expire 12 lines
11-23 15:35:48.168  1163  1334 I chatty  : uid=1000(system) NetworkStats expire 10 lines
11-23 15:35:49.112   760   760 I chatty  : uid=1010(wifi) /system/bin/wificond expire 18 lines
11-23 15:35:54.500   486   738 W SocketListener: sending broadcast to Pid = 1163, Uid = 1000 
11-23 15:36:00.680   486   738 W SocketListener: sending broadcast to Pid = 1163, Uid = 1000 
11-23 15:36:00.681  1163  1333 I chatty  : uid=1000(system) NetdConnector expire 18 lines
11-23 15:36:00.688  1163  1334 I chatty  : uid=1000(system) NetworkStats expire 10 lines
11-23 15:36:01.155   760   760 I chatty  : uid=1010(wifi) /system/bin/wificond expire 24 lines
11-23 15:36:02.083  1163  5725 I chatty  : uid=1000(system) Binder:1163_13 expire 4 lines
11-23 15:36:03.595  1163  1295 I chatty  : uid=1000(system) UEventObserver expire 8 lines
11-23 15:36:03.601  1163  1163 I chatty  : uid=1000 system_server expire 11 lines
11-23 15:36:06.773   486   738 W SocketListener: sending broadcast to Pid = 1163, Uid = 1000 
11-23 15:36:06.779  1163  1186 I chatty  : uid=1000(system) android.fg expire 10 lines
11-23 15:36:11.713  1163  1558 I chatty  : uid=1000(system) watchdog expire 3 lines
11-23 15:36:12.750   486   738 W SocketListener: sending broadcast to Pid = 1163, Uid = 1000 
11-23 15:36:12.762  1163  1334 I chatty  : uid=1000(system) NetworkStats expire 10 lines
11-23 15:36:13.199   760   760 I chatty  : uid=1010(wifi) /system/bin/wificond expire 18 lines
11-23 15:36:18.959   486   738 W SocketListener: sending broadcast to Pid = 1163, Uid = 1000 
11-23 15:36:18.960  1163  1333 I chatty  : uid=1000(system) NetdConnector expire 12 lines
11-23 15:36:24.861   486   738 W SocketListener: sending broadcast to Pid = 1163, Uid = 1000 
11-23 15:36:24.870  1163  1334 I chatty  : uid=1000(system) NetworkStats expire 10 lines
11-23 15:36:25.244   760   760 I chatty  : uid=1010(wifi) /system/bin/wificond expire 24 lines
11-23 15:36:30.896   486   738 W SocketListener: sending broadcast to Pid = 1163, Uid = 1000 
11-23 15:36:30.899  1163  1333 I chatty  : uid=1000(system) NetdConnector expire 12 lines
11-23 15:36:36.461   486   738 W SocketListener: sending broadcast to Pid = 1163, Uid = 1000 
11-23 15:36:36.467  1163  1334 I chatty  : uid=1000(system) NetworkStats expire 10 lines
11-23 15:36:37.282   760   760 I chatty  : uid=1010(wifi) /system/bin/wificond expire 27 lines
11-23 15:36:43.387   486   738 W SocketListener: sending broadcast to Pid = 1163, Uid = 1000 
11-23 15:36:43.388  1163  1333 I chatty  : uid=1000(system) NetdConnector expire 12 lines
11-23 15:36:49.439   486   738 W SocketListener: sending broadcast to Pid = 1163, Uid = 1000 
11-23 15:36:49.447  1163  1334 I chatty  : uid=1000(system) NetworkStats expire 10 lines
11-23 15:36:52.335   760   760 I chatty  : uid=1010(wifi) /system/bin/wificond expire 30 lines
11-23 15:36:55.610   486   738 W SocketListener: sending broadcast to Pid = 1163, Uid = 1000 
11-23 15:36:55.611  1163  1333 I chatty  : uid=1000(system) NetdConnector expire 12 lines
11-23 15:37:01.721   486   738 W SocketListener: sending broadcast to Pid = 1163, Uid = 1000 
11-23 15:37:01.729  1163  1334 I chatty  : uid=1000(system) NetworkStats expire 10 lines
11-23 15:37:02.003  1163  1179 I chatty  : uid=1000(system) ActivityManager expire 1 line
11-23 15:37:02.151  1163 10425 I chatty  : uid=1000(system) Binder:1163_1E expire 4 lines
11-23 15:37:02.164  1163  1180 I chatty  : uid=1000(system) android.ui expire 1 line
11-23 15:37:08.172   486   738 W SocketListener: sending broadcast to Pid = 1163, Uid = 1000 
11-23 15:37:08.173  1163  1333 I chatty  : uid=1000(system) NetdConnector expire 12 lines
11-23 15:37:08.177  1163  1186 I chatty  : uid=1000(system) android.fg expire 19 lines
11-23 15:37:10.376   760   760 I chatty  : uid=1010(wifi) /system/bin/wificond expire 30 lines
11-23 15:37:14.168   486   738 W SocketListener: sending broadcast to Pid = 1163, Uid = 1000 
11-23 15:37:14.176  1163  1334 I chatty  : uid=1000(system) NetworkStats expire 10 lines
11-23 15:37:20.314   486   738 W SocketListener: sending broadcast to Pid = 1163, Uid = 1000 
11-23 15:37:20.316  1163  1333 I chatty  : uid=1000(system) NetdConnector expire 12 lines
11-23 15:37:22.664  1163  1184 I chatty  : uid=1000(system) batterystats-sy expire 2 lines
11-23 15:37:26.448   486   738 W SocketListener: sending broadcast to Pid = 1163, Uid = 1000 
11-23 15:37:26.463  1163  1334 I chatty  : uid=1000(system) NetworkStats expire 10 lines
11-23 15:37:28.433   760   760 I chatty  : uid=1010(wifi) /system/bin/wificond expire 24 lines
11-23 15:37:30.147  1163  1163 I chatty  : uid=1000 system_server expire 10 lines
11-23 15:37:30.739   756   811 E /system/bin/storaged: open file /data/storaged/storaged.txt failed!2
11-23 15:37:30.739   756   811 E /system/bin/storaged: write(append)  diskstat data failed!ts:1542958650,read bytes:1082273792, write bytes: 715445248
11-23 15:37:30.757   756   811 E /system/bin/storaged: curr_io_stats:  size: 72
11-23 15:37:30.762   756   811 E /system/bin/storaged: open file /data/storaged/storaged.txt failed!2
11-23 15:37:30.762   756   811 E /system/bin/storaged: write(append)  uid data failed!
11-23 15:37:30.762   756   811 E /system/bin/storaged: pid_info get_pids failed
11-23 15:37:32.828   486   738 W SocketListener: sending broadcast to Pid = 1163, Uid = 1000 
11-23 15:37:32.829  1163  1333 I chatty  : uid=1000(system) NetdConnector expire 22 lines
11-23 15:37:36.339   486   740 W SocketListener: sending broadcast to Pid = 1163, Uid = 1000 
11-23 15:37:39.802   486   738 W SocketListener: sending broadcast to Pid = 1163, Uid = 1000 
11-23 15:37:39.817  1163  1334 I chatty  : uid=1000(system) NetworkStats expire 10 lines
11-23 15:37:40.272  1163  1402 I chatty  : uid=1000(system) StatisticsCHRMs expire 4 lines
11-23 15:37:40.459   760   760 I chatty  : uid=1010(wifi) /system/bin/wificond expire 18 lines
11-23 15:37:41.718  1163  1558 I chatty  : uid=1000(system) watchdog expire 6 lines
11-23 15:37:45.466   486   738 W SocketListener: sending broadcast to Pid = 1163, Uid = 1000 
11-23 15:37:48.968  1163  1338 I chatty  : uid=1000(system) WifiStateMachin expire 1 line
11-23 15:37:48.983  1163  1348 I chatty  : uid=1000(system) WifiScanningSer expire 1 line
11-23 15:37:49.490   486   737 W SocketListener: sending broadcast to Pid = 1163, Uid = 1000 
11-23 15:37:49.543  1163 15893 I chatty  : uid=1000(system) Binder:1163_20 expire 1 line
11-23 15:37:51.553   486   738 W SocketListener: sending broadcast to Pid = 1163, Uid = 1000 
11-23 15:37:51.554  1163  1333 I chatty  : uid=1000(system) NetdConnector expire 12 lines
11-23 15:37:51.561  1163  1334 I chatty  : uid=1000(system) NetworkStats expire 10 lines
11-23 15:37:52.495   760   760 I chatty  : uid=1010(wifi) /system/bin/wificond expire 24 lines
11-23 15:37:58.064   486   738 W SocketListener: sending broadcast to Pid = 1163, Uid = 1000 
11-23 15:38:03.915   486   738 W SocketListener: sending broadcast to Pid = 1163, Uid = 1000 
11-23 15:38:03.916  1163  1333 I chatty  : uid=1000(system) NetdConnector expire 12 lines
11-23 15:38:03.923  1163  1334 I chatty  : uid=1000(system) NetworkStats expire 10 lines
11-23 15:38:03.925  1163  1295 I chatty  : uid=1000(system) UEventObserver expire 4 lines
11-23 15:38:04.531   760   760 I chatty  : uid=1010(wifi) /system/bin/wificond expire 18 lines
11-23 15:38:10.024   486   738 W SocketListener: sending broadcast to Pid = 1163, Uid = 1000 
11-23 15:38:16.110   486   738 W SocketListener: sending broadcast to Pid = 1163, Uid = 1000 
11-23 15:38:16.112  1163  1333 I chatty  : uid=1000(system) NetdConnector expire 12 lines
11-23 15:38:16.119  1163  1334 I chatty  : uid=1000(system) NetworkStats expire 10 lines
11-23 15:38:16.572   760   760 I chatty  : uid=1010(wifi) /system/bin/wificond expire 24 lines
11-23 15:38:22.097   486   738 W SocketListener: sending broadcast to Pid = 1163, Uid = 1000 
11-23 15:38:28.490   486   738 W SocketListener: sending broadcast to Pid = 1163, Uid = 1000 
11-23 15:38:28.491  1163  1333 I chatty  : uid=1000(system) NetdConnector expire 22 lines
11-23 15:38:28.497  1163  1334 I chatty  : uid=1000(system) NetworkStats expire 10 lines
11-23 15:38:28.610   760   760 I chatty  : uid=1010(wifi) /system/bin/wificond expire 21 lines
11-23 15:38:34.205   486   738 W SocketListener: sending broadcast to Pid = 1163, Uid = 1000 
11-23 15:38:40.750   486   738 W SocketListener: sending broadcast to Pid = 1163, Uid = 1000 
11-23 15:38:40.754  1163  1186 I chatty  : uid=1000(system) android.fg expire 10 lines
11-23 15:38:40.760  1163  1334 I chatty  : uid=1000(system) NetworkStats expire 10 lines
11-23 15:38:41.358   760   760 I chatty  : uid=1010(wifi) /system/bin/wificond expire 24 lines
11-23 15:38:46.648   486   738 W SocketListener: sending broadcast to Pid = 1163, Uid = 1000 
11-23 15:38:46.696  1163  1333 I chatty  : uid=1000(system) NetdConnector expire 14 lines
11-23 15:38:51.892  1163 15893 I chatty  : uid=1000(system) Binder:1163_20 expire 3 lines
11-23 15:38:52.727   486   738 W SocketListener: sending broadcast to Pid = 1163, Uid = 1000 
11-23 15:38:52.734  1163  1334 I chatty  : uid=1000(system) NetworkStats expire 10 lines
11-23 15:38:55.696   760   760 I chatty  : uid=1010(wifi) /system/bin/wificond expire 30 lines
11-23 15:38:58.657   486   738 W SocketListener: sending broadcast to Pid = 1163, Uid = 1000 
11-23 15:39:00.002  1163  1163 I chatty  : uid=1000 system_server expire 10 lines
11-23 15:39:02.004  1163  1179 I chatty  : uid=1000(system) ActivityManager expire 2 lines
11-23 15:39:02.139  1163  5725 I chatty  : uid=1000(system) Binder:1163_13 expire 11 lines
11-23 15:39:04.081  1163  1295 I chatty  : uid=1000(system) UEventObserver expire 12 lines
11-23 15:39:05.046   486   738 W SocketListener: sending broadcast to Pid = 1163, Uid = 1000 
11-23 15:39:05.047  1163  1333 I chatty  : uid=1000(system) NetdConnector expire 12 lines
11-23 15:39:05.055  1163  1334 I chatty  : uid=1000(system) NetworkStats expire 10 lines
11-23 15:39:11.121   486   738 W SocketListener: sending broadcast to Pid = 1163, Uid = 1000 
11-23 15:39:13.383   760   760 I chatty  : uid=1010(wifi) /system/bin/wificond expire 36 lines
11-23 15:39:17.099   486   738 W SocketListener: sending broadcast to Pid = 1163, Uid = 1000 
11-23 15:39:17.101  1163  1333 I chatty  : uid=1000(system) NetdConnector expire 12 lines
11-23 15:39:17.107  1163  1334 I chatty  : uid=1000(system) NetworkStats expire 10 lines
11-23 15:39:23.272   486   738 W SocketListener: sending broadcast to Pid = 1163, Uid = 1000 
11-23 15:39:29.537   486   738 W SocketListener: sending broadcast to Pid = 1163, Uid = 1000 
11-23 15:39:29.538  1163  1333 I chatty  : uid=1000(system) NetdConnector expire 12 lines
11-23 15:39:29.545  1163  1334 I chatty  : uid=1000(system) NetworkStats expire 10 lines
11-23 15:39:31.792   760   760 I chatty  : uid=1010(wifi) /system/bin/wificond expire 30 lines
11-23 15:39:35.761   486   738 W SocketListener: sending broadcast to Pid = 1163, Uid = 1000 
11-23 15:39:41.765   486   738 W SocketListener: sending broadcast to Pid = 1163, Uid = 1000 
11-23 15:39:41.766  1163  1333 I chatty  : uid=1000(system) NetdConnector expire 12 lines
11-23 15:39:41.768  1163  1186 I chatty  : uid=1000(system) android.fg expire 19 lines
11-23 15:39:41.773  1163  1334 I chatty  : uid=1000(system) NetworkStats expire 10 lines
11-23 15:39:47.811   486   738 W SocketListener: sending broadcast to Pid = 1163, Uid = 1000 
11-23 15:39:49.848   760   760 I chatty  : uid=1010(wifi) /system/bin/wificond expire 18 lines
11-23 15:39:54.251   486   738 W SocketListener: sending broadcast to Pid = 1163, Uid = 1000 
11-23 15:39:54.253  1163  1333 I chatty  : uid=1000(system) NetdConnector expire 12 lines
11-23 15:39:54.263  1163  1334 I chatty  : uid=1000(system) NetworkStats expire 10 lines
11-23 15:40:00.340   486   738 W SocketListener: sending broadcast to Pid = 1163, Uid = 1000 
11-23 15:40:01.418   760   760 I chatty  : uid=1010(wifi) /system/bin/wificond expire 24 lines
11-23 15:40:04.259  1163  1163 I chatty  : uid=1000 system_server expire 21 lines
11-23 15:40:06.541   486   738 W SocketListener: sending broadcast to Pid = 1163, Uid = 1000 
11-23 15:40:06.542  1163  1333 I chatty  : uid=1000(system) NetdConnector expire 12 lines
11-23 15:40:06.552  1163  1334 I chatty  : uid=1000(system) NetworkStats expire 10 lines
11-23 15:40:12.466   486   738 W SocketListener: sending broadcast to Pid = 1163, Uid = 1000 
11-23 15:40:13.940   760   760 I chatty  : uid=1010(wifi) /system/bin/wificond expire 18 lines
11-23 15:40:18.631   486   738 W SocketListener: sending broadcast to Pid = 1163, Uid = 1000 
11-23 15:40:18.633  1163  1333 I chatty  : uid=1000(system) NetdConnector expire 12 lines
11-23 15:40:18.641  1163  1334 I chatty  : uid=1000(system) NetworkStats expire 10 lines
11-23 15:40:24.635   486   738 W SocketListener: sending broadcast to Pid = 1163, Uid = 1000 
11-23 15:40:25.436   760   760 I chatty  : uid=1010(wifi) /system/bin/wificond expire 24 lines
11-23 15:40:30.722   486   738 W SocketListener: sending broadcast to Pid = 1163, Uid = 1000 
11-23 15:40:30.723  1163  1333 I chatty  : uid=1000(system) NetdConnector expire 12 lines
11-23 15:40:30.730  1163  1334 I chatty  : uid=1000(system) NetworkStats expire 10 lines
11-23 15:40:36.676   486   738 W SocketListener: sending broadcast to Pid = 1163, Uid = 1000 
11-23 15:40:38.012   760   760 I chatty  : uid=1010(wifi) /system/bin/wificond expire 27 lines
11-23 15:40:41.723  1163  1558 I chatty  : uid=1000(system) watchdog expire 3 lines
11-23 15:40:42.749   486   738 W SocketListener: sending broadcast to Pid = 1163, Uid = 1000 
11-23 15:40:42.750  1163  1333 I chatty  : uid=1000(system) NetdConnector expire 16 lines
11-23 15:40:42.758  1163  1334 I chatty  : uid=1000(system) NetworkStats expire 17 lines
11-23 15:40:45.973  1163 10425 I chatty  : uid=1000(system) Binder:1163_1E expire 2 lines
11-23 15:40:46.011  1163  5118 I chatty  : uid=1000(system) Binder:1163_10 expire 9 lines
11-23 15:40:46.036  1163 12464 I chatty  : uid=1000(system) Binder:1163_1F expire 1 line
11-23 15:40:51.675   486   738 W SocketListener: sending broadcast to Pid = 1163, Uid = 1000 
11-23 15:40:53.067   760   760 I chatty  : uid=1010(wifi) /system/bin/wificond expire 18 lines
11-23 15:40:57.323   486   738 W SocketListener: sending broadcast to Pid = 1163, Uid = 1000 
11-23 15:40:57.325  1163  1333 I chatty  : uid=1000(system) NetdConnector expire 12 lines
11-23 15:40:57.331  1163  1334 I chatty  : uid=1000(system) NetworkStats expire 10 lines
11-23 15:41:00.002  1163  1163 I chatty  : uid=1000 system_server expire 10 lines
11-23 15:41:03.828   486   738 W SocketListener: sending broadcast to Pid = 1163, Uid = 1000 
11-23 15:41:05.107   760   760 I chatty  : uid=1010(wifi) /system/bin/wificond expire 24 lines
11-23 15:41:09.917   486   738 W SocketListener: sending broadcast to Pid = 1163, Uid = 1000 
11-23 15:41:09.918  1163  1333 I chatty  : uid=1000(system) NetdConnector expire 12 lines
11-23 15:41:09.928  1163  1334 I chatty  : uid=1000(system) NetworkStats expire 10 lines
11-23 15:41:15.913   486   738 W SocketListener: sending broadcast to Pid = 1163, Uid = 1000 
11-23 15:41:17.135   760   760 I chatty  : uid=1010(wifi) /system/bin/wificond expire 18 lines
11-23 15:41:22.023   486   738 W SocketListener: sending broadcast to Pid = 1163, Uid = 1000 
11-23 15:41:22.024  1163  1333 I chatty  : uid=1000(system) NetdConnector expire 12 lines
11-23 15:41:22.036  1163  1334 I chatty  : uid=1000(system) NetworkStats expire 10 lines
11-23 15:41:28.036   486   738 W SocketListener: sending broadcast to Pid = 1163, Uid = 1000 
11-23 15:41:29.168   760   760 I chatty  : uid=1010(wifi) /system/bin/wificond expire 24 lines
11-23 15:41:34.080   486   738 W SocketListener: sending broadcast to Pid = 1163, Uid = 1000 
