11-23 16:27:22.460 18703 18703 D ActivityThread: add activity client record, r= ActivityRecord{3c0d20f token=android.os.BinderProxy@18be27d {com.netease.play/com.netease.play.webview.WebviewActivity}} token= android.os.BinderProxy@18be27d
11-23 16:27:22.487 20244 20244 D ActivityThread: ActivityThread,attachApplication
11-23 16:27:22.560  1163  8060 I chatty  : uid=1000(system) Binder:1163_1A expire 13 lines
11-23 16:27:22.566  1163  1284 I chatty  : uid=1000(system) android.anim expire 15 lines
11-23 16:27:22.642   486   738 W SocketListener: sending broadcast to Pid = 1163, Uid = 1000 
11-23 16:27:22.648  1163  1186 I chatty  : uid=1000(system) android.fg expire 8 lines
11-23 16:27:26.044 18703 18703 V ActivityThread: ActivityThread,callActivityOnCreate
11-23 16:27:26.115 18703 18703 D ActivityThread: add activity client record, r= ActivityRecord{c7083ef token=android.os.BinderProxy@9c16c1e {com.netease.play/com.netease.play.webview.WebviewActivity}} token= android.os.BinderProxy@9c16c1e
11-23 16:27:26.132  1163  6100 I chatty  : uid=1000(system) Binder:1163_14 expire 10 lines
11-23 16:27:26.275   486   738 W SocketListener: sending broadcast to Pid = 1163, Uid = 1000 
11-23 16:27:30.740   486   738 W SocketListener: sending broadcast to Pid = 1163, Uid = 1000 
11-23 16:27:31.372   760   760 I chatty  : uid=1010(wifi) /system/bin/wificond expire 24 lines
11-23 16:27:36.771   486   738 W SocketListener: sending broadcast to Pid = 1163, Uid = 1000 
11-23 16:27:36.772  1163  1333 I chatty  : uid=1000(system) NetdConnector expire 12 lines
11-23 16:27:36.777  1163  1334 I chatty  : uid=1000(system) NetworkStats expire 10 lines
11-23 16:27:42.973   486   738 W SocketListener: sending broadcast to Pid = 1163, Uid = 1000 
11-23 16:27:45.407   760   760 I chatty  : uid=1010(wifi) /system/bin/wificond expire 30 lines
11-23 16:27:49.007   486   738 W SocketListener: sending broadcast to Pid = 1163, Uid = 1000 
11-23 16:27:49.008  1163  1333 I chatty  : uid=1000(system) NetdConnector expire 12 lines
11-23 16:27:49.016  1163  1334 I chatty  : uid=1000(system) NetworkStats expire 10 lines
11-23 16:27:54.446  1163  1184 I chatty  : uid=1000(system) batterystats-sy expire 2 lines
11-23 16:27:55.357   486   738 W SocketListener: sending broadcast to Pid = 1163, Uid = 1000 
11-23 16:28:00.184  1163  8060 I chatty  : uid=1000(system) Binder:1163_1A expire 38 lines
11-23 16:28:01.175  1163  5098 I chatty  : uid=1000(system) Binder:1163_F expire 76 lines
11-23 16:28:01.365 18703 18703 D ActivityThread: Remove activity client record, r= ActivityRecord{c7083ef token=android.os.BinderProxy@9c16c1e {com.netease.play/com.netease.play.webview.WebviewActivity}} token= android.os.BinderProxy@9c16c1e
11-23 16:28:01.542   486   738 W SocketListener: sending broadcast to Pid = 1163, Uid = 1000 
11-23 16:28:01.543  1163  1333 I chatty  : uid=1000(system) NetdConnector expire 18 lines
11-23 16:28:01.549  1163  1334 I chatty  : uid=1000(system) NetworkStats expire 15 lines
11-23 16:28:02.062  1163  6100 I chatty  : uid=1000(system) Binder:1163_14 expire 15 lines
11-23 16:28:02.846  1163  1284 I chatty  : uid=1000(system) android.anim expire 28 lines
11-23 16:28:03.195 18703 18703 D ActivityThread: Remove activity client record, r= ActivityRecord{3c0d20f token=android.os.BinderProxy@18be27d {com.netease.play/com.netease.play.webview.WebviewActivity}} token= android.os.BinderProxy@18be27d
11-23 16:28:03.401   760   760 I chatty  : uid=1010(wifi) /system/bin/wificond expire 24 lines
11-23 16:28:04.781 18703 18703 V ActivityThread: ActivityThread,callActivityOnCreate
11-23 16:28:04.812 18703 18703 D ActivityThread: add activity client record, r= ActivityRecord{13f0516 token=android.os.BinderProxy@ee713a8 {com.netease.play/com.netease.play.livepage.gift.GiftActivity}} token= android.os.BinderProxy@ee713a8
11-23 16:28:04.871  1163  2122 I chatty  : uid=1000(system) Binder:1163_D expire 11 lines
11-23 16:28:05.436   486   738 W SocketListener: sending broadcast to Pid = 1163, Uid = 1000 
11-23 16:28:05.439  1163  1186 I chatty  : uid=1000(system) android.fg expire 10 lines
11-23 16:28:06.450 18703 18703 D ActivityThread: Remove activity client record, r= ActivityRecord{13f0516 token=android.os.BinderProxy@ee713a8 {com.netease.play/com.netease.play.livepage.gift.GiftActivity}} token= android.os.BinderProxy@ee713a8
11-23 16:28:06.478  1163  1353 I chatty  : uid=1000(system) ConnectivitySer expire 8 lines
11-23 16:28:07.517   486   738 W SocketListener: sending broadcast to Pid = 1163, Uid = 1000 
11-23 16:28:11.855  1163  1558 I chatty  : uid=1000(system) watchdog expire 3 lines
11-23 16:28:12.085  1163  1295 I chatty  : uid=1000(system) UEventObserver expire 6 lines
11-23 16:28:12.091  1163  1163 I chatty  : uid=1000 system_server expire 11 lines
11-23 16:28:13.116   486   738 W SocketListener: sending broadcast to Pid = 1163, Uid = 1000 
11-23 16:28:13.118  1163  1333 I chatty  : uid=1000(system) NetdConnector expire 18 lines
11-23 16:28:13.124  1163  1334 I chatty  : uid=1000(system) NetworkStats expire 15 lines
11-23 16:28:15.101 18703 18703 V ActivityThread: ActivityThread,callActivityOnCreate
11-23 16:28:15.132 18703 18703 D ActivityThread: add activity client record, r= ActivityRecord{771667a token=android.os.BinderProxy@fb51c6c {com.netease.play/com.netease.play.livepage.gift.GiftActivity}} token= android.os.BinderProxy@fb51c6c
11-23 16:28:15.501   760   760 I chatty  : uid=1010(wifi) /system/bin/wificond expire 18 lines
11-23 16:28:16.585   486   738 W SocketListener: sending broadcast to Pid = 1163, Uid = 1000 
11-23 16:28:18.614   486   738 W SocketListener: sending broadcast to Pid = 1163, Uid = 1000 
11-23 16:28:21.938  1163  7544 I chatty  : uid=1000(system) Binder:1163_17 expire 68 lines
11-23 16:28:22.009  1163  9958 I chatty  : uid=1000(system) Binder:1163_1D expire 54 lines
11-23 16:28:22.029 18703 18703 D ActivityThread: Remove activity client record, r= ActivityRecord{771667a token=android.os.BinderProxy@fb51c6c {com.netease.play/com.netease.play.livepage.gift.GiftActivity}} token= android.os.BinderProxy@fb51c6c
11-23 16:28:23.109  1163  5098 I chatty  : uid=1000(system) Binder:1163_F expire 46 lines
11-23 16:28:23.231  1163  1180 I chatty  : uid=1000(system) android.ui expire 4 lines
11-23 16:28:23.232  4631  4631 V ActivityThread: ActivityThread,callActivityOnCreate
11-23 16:28:23.240  1163  7779 I chatty  : uid=1000(system) Binder:1163_18 expire 20 lines
11-23 16:28:23.240  1779  2045 I HwNetworkPolicyManager: getHwUidPolicy uid = 10048 policy = 0
11-23 16:28:23.288  1163  1284 I chatty  : uid=1000(system) android.anim expire 39 lines
11-23 16:28:23.333  4631  4631 D ActivityThread: add activity client record, r= ActivityRecord{f578e05 token=android.os.BinderProxy@1ffc242 {com.tencent.mm/com.tencent.mm.plugin.base.stub.WXEntryActivity}} token= android.os.BinderProxy@1ffc242
11-23 16:28:23.516  1450  1462 I CommandQueue: updateBarBgColor
11-23 16:28:23.516  1450  1462 D CommandQueue: CommandQueue, setBarBackgroundColor
11-23 16:28:23.581  4631  4631 V ActivityThread: ActivityThread,callActivityOnCreate
11-23 16:28:23.588  4631  4631 D ActivityThread: add activity client record, r= ActivityRecord{eac4357 token=android.os.BinderProxy@4cf83fe {com.tencent.mm/com.tencent.mm.plugin.base.stub.UIEntryStub}} token= android.os.BinderProxy@4cf83fe
11-23 16:28:23.691  4631  4631 V ActivityThread: ActivityThread,callActivityOnCreate
11-23 16:28:23.760  4631  4631 D ActivityThread: add activity client record, r= ActivityRecord{55ddd72 token=android.os.BinderProxy@26e8fc8 {com.tencent.mm/com.tencent.mm.ui.transmit.SelectConversationUI}} token= android.os.BinderProxy@26e8fc8
11-23 16:28:23.827  1450  1462 I CommandQueue: updateBarBgColor
11-23 16:28:23.827  1450  1462 D CommandQueue: CommandQueue, setBarBackgroundColor
11-23 16:28:24.154  4631  4631 D ActivityThread: Remove activity client record, r= ActivityRecord{eac4357 token=android.os.BinderProxy@4cf83fe {com.tencent.mm/com.tencent.mm.plugin.base.stub.UIEntryStub}} token= android.os.BinderProxy@4cf83fe
11-23 16:28:24.182  4631  4631 D ActivityThread: Remove activity client record, r= ActivityRecord{f578e05 token=android.os.BinderProxy@1ffc242 {com.tencent.mm/com.tencent.mm.plugin.base.stub.WXEntryActivity}} token= android.os.BinderProxy@1ffc242
11-23 16:28:24.359   486   738 W SocketListener: sending broadcast to Pid = 1163, Uid = 1000 
11-23 16:28:24.360  1163  1333 I chatty  : uid=1000(system) NetdConnector expire 24 lines
11-23 16:28:24.365  1163  1334 I chatty  : uid=1000(system) NetworkStats expire 20 lines
11-23 16:28:25.198  1163  2122 I chatty  : uid=1000(system) Binder:1163_D expire 25 lines
11-23 16:28:25.295 18703 18703 V ActivityThread: Handle window ActivityRecord{8cb6f2a token=android.os.BinderProxy@97da8e3 {com.netease.play/com.netease.play.livepage.LiveViewerActivity}} visibility: true
11-23 16:28:25.304  1779  2045 I HwNetworkPolicyManager: getHwUidPolicy uid = 10300 policy = 0
11-23 16:28:25.305 18703 18703 V ActivityThread: ActivityThread,callActivityOnCreate
11-23 16:28:25.322 18703 18703 D ActivityThread: add activity client record, r= ActivityRecord{a298174 token=android.os.BinderProxy@31f2d6b {com.netease.play/com.netease.play.wxapi.WXEntryActivity}} token= android.os.BinderProxy@31f2d6b
11-23 16:28:25.356  1450  2191 I CommandQueue: updateBarBgColor
11-23 16:28:25.357  1450  2191 D CommandQueue: CommandQueue, setBarBackgroundColor
11-23 16:28:25.409 18703 18703 W ViewRootImpl[Toast]: EGLdebug relayoutWindow Surface isSurface(name=null)  (appName =com.netease.play) ( mSurfaceControllerIsValid =false) (mNativeObject  =0)/@0xb1740e0,viewVisibility is0
11-23 16:28:25.461 18703 18703 W ViewRootImpl[Toast]: EGLdebug relayoutWindow Surface isSurface(name=null)  (appName =com.netease.play) ( mSurfaceControllerIsValid =true) (mNativeObject  =c377d000)/@0xb1740e0,relayoutResult is7
11-23 16:28:25.588 18703 18703 D ActivityThread: Remove activity client record, r= ActivityRecord{a298174 token=android.os.BinderProxy@31f2d6b {com.netease.play/com.netease.play.wxapi.WXEntryActivity}} token= android.os.BinderProxy@31f2d6b
11-23 16:28:25.622  4631  4631 D ActivityThread: Remove activity client record, r= ActivityRecord{55ddd72 token=android.os.BinderProxy@26e8fc8 {com.tencent.mm/com.tencent.mm.ui.transmit.SelectConversationUI}} token= android.os.BinderProxy@26e8fc8
11-23 16:28:25.957 18703 18703 W ViewRootImpl[Toast]: EGLdebug relayoutWindow Surface isSurface(name=null)  (appName =com.netease.play) ( mSurfaceControllerIsValid =true) (mNativeObject  =c377d000)/@0xb1740e0,viewVisibility is0
11-23 16:28:25.984 18703 18703 W ViewRootImpl[Toast]: EGLdebug relayoutWindow Surface isSurface(name=null)  (appName =com.netease.play) ( mSurfaceControllerIsValid =true) (mNativeObject  =c377d000)/@0xb1740e0,relayoutResult is33
11-23 16:28:26.887 18703 18703 V ActivityThread: ActivityThread,callActivityOnCreate
11-23 16:28:26.915 18703 18703 D ActivityThread: add activity client record, r= ActivityRecord{8a7bd4b token=android.os.BinderProxy@29e6f36 {com.netease.play/com.netease.play.livepage.gift.GiftActivity}} token= android.os.BinderProxy@29e6f36
11-23 16:28:27.421   760   760 I chatty  : uid=1010(wifi) /system/bin/wificond expire 27 lines
11-23 16:28:27.812   486   738 W SocketListener: sending broadcast to Pid = 1163, Uid = 1000 
11-23 16:28:29.903   486   738 W SocketListener: sending broadcast to Pid = 1163, Uid = 1000 
11-23 16:28:35.781   486   738 W SocketListener: sending broadcast to Pid = 1163, Uid = 1000 
11-23 16:28:41.964   486   738 W SocketListener: sending broadcast to Pid = 1163, Uid = 1000 
11-23 16:28:41.965  1163  1333 I chatty  : uid=1000(system) NetdConnector expire 18 lines
11-23 16:28:41.972  1163  1334 I chatty  : uid=1000(system) NetworkStats expire 15 lines
11-23 16:28:42.585   760   760 I chatty  : uid=1010(wifi) /system/bin/wificond expire 24 lines
11-23 16:28:44.695  1163  9958 I chatty  : uid=1000(system) Binder:1163_1D expire 10 lines
11-23 16:28:44.768  1163  7544 I chatty  : uid=1000(system) Binder:1163_17 expire 12 lines
11-23 16:28:44.830  1163  1284 I chatty  : uid=1000(system) android.anim expire 30 lines
11-23 16:28:44.833 18703 18703 D ActivityThread: Remove activity client record, r= ActivityRecord{8a7bd4b token=android.os.BinderProxy@29e6f36 {com.netease.play/com.netease.play.livepage.gift.GiftActivity}} token= android.os.BinderProxy@29e6f36
11-23 16:28:48.166   486   738 W SocketListener: sending broadcast to Pid = 1163, Uid = 1000 
11-23 16:28:48.173  1163  1186 I chatty  : uid=1000(system) android.fg expire 16 lines
11-23 16:28:54.363   486   738 W SocketListener: sending broadcast to Pid = 1163, Uid = 1000 
11-23 16:28:54.613   760   760 I chatty  : uid=1010(wifi) /system/bin/wificond expire 18 lines
11-23 16:29:00.002  1163  1163 I chatty  : uid=1000 system_server expire 20 lines
11-23 16:29:00.444   486   738 W SocketListener: sending broadcast to Pid = 1163, Uid = 1000 
11-23 16:29:00.445  1163  1333 I chatty  : uid=1000(system) NetdConnector expire 30 lines
11-23 16:29:00.451  1163  1334 I chatty  : uid=1000(system) NetworkStats expire 25 lines
11-23 16:29:01.869 18703 18703 V ActivityThread: ActivityThread,callActivityOnCreate
11-23 16:29:01.963 18703 18703 D ActivityThread: add activity client record, r= ActivityRecord{5812c19 token=android.os.BinderProxy@76f5c4 {com.netease.play/com.netease.play.webview.WebviewActivity}} token= android.os.BinderProxy@76f5c4
11-23 16:29:01.978  1163  9958 I chatty  : uid=1000(system) Binder:1163_1D expire 3 lines
11-23 16:29:01.980  1163  7544 I chatty  : uid=1000(system) Binder:1163_17 expire 61 lines
11-23 16:29:01.996 20345 20345 D ActivityThread: ActivityThread,attachApplication
11-23 16:29:02.006  1163  1179 I chatty  : uid=1000(system) ActivityManager expire 1 line
11-23 16:29:02.026  1163  5098 I chatty  : uid=1000(system) Binder:1163_F expire 25 lines
11-23 16:29:04.938   486   738 W SocketListener: sending broadcast to Pid = 1163, Uid = 1000 
11-23 16:29:06.646   760   760 I chatty  : uid=1010(wifi) /system/bin/wificond expire 24 lines
11-23 16:29:07.764 18703 18703 V ActivityThread: ActivityThread,callActivityOnCreate
11-23 16:29:07.840 18703 18703 D ActivityThread: add activity client record, r= ActivityRecord{1b68fb2 token=android.os.BinderProxy@302674d {com.netease.play/com.netease.play.webview.WebviewActivity}} token= android.os.BinderProxy@302674d
11-23 16:29:08.749   486   738 W SocketListener: sending broadcast to Pid = 1163, Uid = 1000 
11-23 16:29:09.482 18703 18703 V ActivityThread: ActivityThread,callActivityOnCreate
11-23 16:29:09.545 18703 18703 D ActivityThread: add activity client record, r= ActivityRecord{215256b token=android.os.BinderProxy@77c630a {com.netease.play/com.netease.play.webview.WebviewActivity}} token= android.os.BinderProxy@77c630a
11-23 16:29:12.538   486   738 W SocketListener: sending broadcast to Pid = 1163, Uid = 1000 
11-23 16:29:12.631  1163  2122 I chatty  : uid=1000(system) Binder:1163_D expire 19 lines
11-23 16:29:12.726  1163  5098 I chatty  : uid=1000(system) Binder:1163_F expire 30 lines
11-23 16:29:12.761 18703 18703 D ActivityThread: Remove activity client record, r= ActivityRecord{215256b token=android.os.BinderProxy@77c630a {com.netease.play/com.netease.play.webview.WebviewActivity}} token= android.os.BinderProxy@77c630a
11-23 16:29:13.898 18703 18703 D ActivityThread: Remove activity client record, r= ActivityRecord{1b68fb2 token=android.os.BinderProxy@302674d {com.netease.play/com.netease.play.webview.WebviewActivity}} token= android.os.BinderProxy@302674d
11-23 16:29:15.648 18703 18703 V ActivityThread: ActivityThread,callActivityOnCreate
11-23 16:29:15.722 18703 18703 D ActivityThread: add activity client record, r= ActivityRecord{6203f1b token=android.os.BinderProxy@596b39c {com.netease.play/com.netease.play.webview.WebviewActivity}} token= android.os.BinderProxy@596b39c
11-23 16:29:17.120   486   738 W SocketListener: sending broadcast to Pid = 1163, Uid = 1000 
11-23 16:29:18.674   760   760 I chatty  : uid=1010(wifi) /system/bin/wificond expire 18 lines
11-23 16:29:21.759  1163  1284 I chatty  : uid=1000(system) android.anim expire 15 lines
11-23 16:29:21.943 18703 18703 D ActivityThread: Remove activity client record, r= ActivityRecord{6203f1b token=android.os.BinderProxy@596b39c {com.netease.play/com.netease.play.webview.WebviewActivity}} token= android.os.BinderProxy@596b39c
11-23 16:29:23.353   486   738 W SocketListener: sending broadcast to Pid = 1163, Uid = 1000 
11-23 16:29:23.353  1163  1333 I chatty  : uid=1000(system) NetdConnector expire 24 lines
11-23 16:29:23.360  1163  1334 I chatty  : uid=1000(system) NetworkStats expire 20 lines
11-23 16:29:24.396  1163  5098 I chatty  : uid=1000(system) Binder:1163_F expire 38 lines
11-23 16:29:24.793 18703 18703 D ActivityThread: Remove activity client record, r= ActivityRecord{5812c19 token=android.os.BinderProxy@76f5c4 {com.netease.play/com.netease.play.webview.WebviewActivity}} token= android.os.BinderProxy@76f5c4
11-23 16:29:24.828  1163  7779 I chatty  : uid=1000(system) Binder:1163_18 expire 1 line
11-23 16:29:26.345  1163  7544 I chatty  : uid=1000(system) Binder:1163_17 expire 4 lines
11-23 16:29:26.379 18703 18703 V ActivityThread: ActivityThread,callActivityOnCreate
11-23 16:29:26.418 18703 18703 D ActivityThread: add activity client record, r= ActivityRecord{a2b5087 token=android.os.BinderProxy@f6007d8 {com.netease.play/com.netease.play.livepage.gift.GiftActivity}} token= android.os.BinderProxy@f6007d8
11-23 16:29:26.438  1163  2122 I chatty  : uid=1000(system) Binder:1163_D expire 12 lines
11-23 16:29:27.092   486   738 W SocketListener: sending broadcast to Pid = 1163, Uid = 1000 
11-23 16:29:29.100   486   738 W SocketListener: sending broadcast to Pid = 1163, Uid = 1000 
11-23 16:29:30.706   760   760 I chatty  : uid=1010(wifi) /system/bin/wificond expire 27 lines
11-23 16:29:34.690   486   738 W SocketListener: sending broadcast to Pid = 1163, Uid = 1000 
11-23 16:29:35.028  1163  7544 I chatty  : uid=1000(system) Binder:1163_17 expire 28 lines
11-23 16:29:35.167  1163  1284 I chatty  : uid=1000(system) android.anim expire 10 lines
11-23 16:29:35.454 18703 18703 D ActivityThread: Remove activity client record, r= ActivityRecord{a2b5087 token=android.os.BinderProxy@f6007d8 {com.netease.play/com.netease.play.livepage.gift.GiftActivity}} token= android.os.BinderProxy@f6007d8
11-23 16:29:37.524 18703 18703 V ActivityThread: ActivityThread,callActivityOnCreate
11-23 16:29:37.543  1163  2122 I chatty  : uid=1000(system) Binder:1163_D expire 24 lines
11-23 16:29:37.544  1163  1353 I chatty  : uid=1000(system) ConnectivitySer expire 6 lines
11-23 16:29:37.615 18703 18703 D ActivityThread: add activity client record, r= ActivityRecord{d6d2577 token=android.os.BinderProxy@71b511c {com.netease.play/com.netease.play.webview.WebviewActivity}} token= android.os.BinderProxy@71b511c
11-23 16:29:37.617  1163  5098 I chatty  : uid=1000(system) Binder:1163_F expire 50 lines
11-23 16:29:37.651 20391 20391 D ActivityThread: ActivityThread,attachApplication
11-23 16:29:39.227   486   738 W SocketListener: sending broadcast to Pid = 1163, Uid = 1000 
11-23 16:29:39.228  1163  1333 I chatty  : uid=1000(system) NetdConnector expire 12 lines
11-23 16:29:39.236  1163  1334 I chatty  : uid=1000(system) NetworkStats expire 10 lines
11-23 16:29:41.858  1163  1558 I chatty  : uid=1000(system) watchdog expire 1 line
11-23 16:29:42.308  1163  1295 I chatty  : uid=1000(system) UEventObserver expire 2 lines
11-23 16:29:43.096  1163  7779 I chatty  : uid=1000(system) Binder:1163_18 expire 9 lines
11-23 16:29:43.138 18703 18703 V ActivityThread: ActivityThread,callActivityOnCreate
11-23 16:29:43.212 18703 18703 D ActivityThread: add activity client record, r= ActivityRecord{4cce2b0 token=android.os.BinderProxy@12a3603 {com.netease.play/com.netease.play.webview.WebviewActivity}} token= android.os.BinderProxy@12a3603
11-23 16:29:43.601   486   738 W SocketListener: sending broadcast to Pid = 1163, Uid = 1000 
11-23 16:29:45.744   760   760 I chatty  : uid=1010(wifi) /system/bin/wificond expire 30 lines
11-23 16:29:47.574 18703 18703 D ActivityThread: Remove activity client record, r= ActivityRecord{4cce2b0 token=android.os.BinderProxy@12a3603 {com.netease.play/com.netease.play.webview.WebviewActivity}} token= android.os.BinderProxy@12a3603
11-23 16:29:47.576  1163  1284 I chatty  : uid=1000(system) android.anim expire 11 lines
11-23 16:29:48.772 18703 18703 D ActivityThread: Remove activity client record, r= ActivityRecord{d6d2577 token=android.os.BinderProxy@71b511c {com.netease.play/com.netease.play.webview.WebviewActivity}} token= android.os.BinderProxy@71b511c
11-23 16:29:48.775  1163  2122 I chatty  : uid=1000(system) Binder:1163_D expire 12 lines
11-23 16:29:48.786  1163  5098 I chatty  : uid=1000(system) Binder:1163_F expire 24 lines
11-23 16:29:49.280   486   738 W SocketListener: sending broadcast to Pid = 1163, Uid = 1000 
11-23 16:29:49.282  1163  1333 I chatty  : uid=1000(system) NetdConnector expire 12 lines
11-23 16:29:49.292  1163  1334 I chatty  : uid=1000(system) NetworkStats expire 10 lines
11-23 16:29:55.342   486   738 W SocketListener: sending broadcast to Pid = 1163, Uid = 1000 
11-23 16:30:00.231  1163  7544 I chatty  : uid=1000(system) Binder:1163_17 expire 17 lines
11-23 16:30:01.403   486   738 W SocketListener: sending broadcast to Pid = 1163, Uid = 1000 
11-23 16:30:01.405  1163  1333 I chatty  : uid=1000(system) NetdConnector expire 18 lines
11-23 16:30:01.414  1163  1334 I chatty  : uid=1000(system) NetworkStats expire 10 lines
11-23 16:30:02.052  1163  2122 I chatty  : uid=1000(system) Binder:1163_D expire 28 lines
11-23 16:30:03.489   760   760 I chatty  : uid=1010(wifi) /system/bin/wificond expire 27 lines
11-23 16:30:07.418   486   738 W SocketListener: sending broadcast to Pid = 1163, Uid = 1000 
11-23 16:30:07.423  1163  1186 I chatty  : uid=1000(system) android.fg expire 11 lines
11-23 16:30:10.321  1450  3050 I CommandQueue: updateBarBgColor
11-23 16:30:10.321  1450  3050 D CommandQueue: CommandQueue, setBarBackgroundColor
11-23 16:30:10.394  1163  9958 I chatty  : uid=1000(system) Binder:1163_1D expire 11 lines
11-23 16:30:10.398  1163  1284 I chatty  : uid=1000(system) android.anim expire 11 lines
11-23 16:30:10.450 18703 18703 D ActivityThread: Remove activity client record, r= ActivityRecord{8cb6f2a token=android.os.BinderProxy@97da8e3 {com.netease.play/com.netease.play.livepage.LiveViewerActivity}} token= android.os.BinderProxy@97da8e3
11-23 16:30:11.860  1163  1558 I chatty  : uid=1000(system) watchdog expire 7 lines
11-23 16:30:12.409  1163  1295 I chatty  : uid=1000(system) UEventObserver expire 14 lines
11-23 16:30:12.420  1163  1163 I chatty  : uid=1000 system_server expire 11 lines
11-23 16:30:15.855  1163  7779 I chatty  : uid=1000(system) Binder:1163_18 expire 9 lines
11-23 16:30:15.873 18703 18703 V ActivityThread: ActivityThread,callActivityOnCreate
11-23 16:30:15.994 18703 18703 D ActivityThread: add activity client record, r= ActivityRecord{3e4ded7 token=android.os.BinderProxy@788126c {com.netease.play/com.netease.play.livepage.LiveViewerActivity}} token= android.os.BinderProxy@788126c
11-23 16:30:16.037  1450  1462 I CommandQueue: updateBarBgColor
11-23 16:30:16.038  1450  1462 D CommandQueue: CommandQueue, setBarBackgroundColor
11-23 16:30:16.585   486   738 W SocketListener: sending broadcast to Pid = 1163, Uid = 1000 
11-23 16:30:16.598  1163  1334 I chatty  : uid=1000(system) NetworkStats expire 15 lines
11-23 16:30:18.816   486   738 W SocketListener: sending broadcast to Pid = 1163, Uid = 1000 
11-23 16:30:18.817  1163  1333 I chatty  : uid=1000(system) NetdConnector expire 12 lines
11-23 16:30:18.870   760   760 I chatty  : uid=1010(wifi) /system/bin/wificond expire 27 lines
11-23 16:30:21.056  1163  7184 I chatty  : uid=1000(system) Binder:1163_16 expire 29 lines
11-23 16:30:21.064 18703 18703 W ViewRootImpl[Toast]: EGLdebug relayoutWindow Surface isSurface(name=null)  (appName =com.netease.play) ( mSurfaceControllerIsValid =false) (mNativeObject  =0)/@0x39096bc,viewVisibility is0
11-23 16:30:21.080 18703 18703 W ViewRootImpl[Toast]: EGLdebug relayoutWindow Surface isSurface(name=null)  (appName =com.netease.play) ( mSurfaceControllerIsValid =true) (mNativeObject  =be16d000)/@0x39096bc,relayoutResult is7
11-23 16:30:24.833  1163  1284 I chatty  : uid=1000(system) android.anim expire 10 lines
11-23 16:30:26.396 18703 18703 V ActivityThread: ActivityThread,callActivityOnCreate
11-23 16:30:26.414  1163  7544 I chatty  : uid=1000(system) Binder:1163_17 expire 11 lines
11-23 16:30:26.415  1163  1353 I chatty  : uid=1000(system) ConnectivitySer expire 11 lines
11-23 16:30:26.490   486   738 W SocketListener: sending broadcast to Pid = 1163, Uid = 1000 
11-23 16:30:26.492 18703 18703 D ActivityThread: add activity client record, r= ActivityRecord{698f7e4 token=android.os.BinderProxy@9f8aab {com.netease.play/com.netease.play.webview.WebviewActivity}} token= android.os.BinderProxy@9f8aab
11-23 16:30:26.525 20471 20471 D ActivityThread: ActivityThread,attachApplication
11-23 16:30:31.513   486   738 W SocketListener: sending broadcast to Pid = 1163, Uid = 1000 
11-23 16:30:31.514  1163  1333 I chatty  : uid=1000(system) NetdConnector expire 18 lines
11-23 16:30:31.530  1163  1334 I chatty  : uid=1000(system) NetworkStats expire 15 lines
11-23 16:30:32.729  1163  7184 I chatty  : uid=1000(system) Binder:1163_16 expire 14 lines
11-23 16:30:32.864  1163  8060 I chatty  : uid=1000(system) Binder:1163_1A expire 33 lines
11-23 16:30:33.148 18703 18703 D ActivityThread: Remove activity client record, r= ActivityRecord{698f7e4 token=android.os.BinderProxy@9f8aab {com.netease.play/com.netease.play.webview.WebviewActivity}} token= android.os.BinderProxy@9f8aab
11-23 16:30:33.919   760   760 I chatty  : uid=1010(wifi) /system/bin/wificond expire 27 lines
11-23 16:30:36.384  1163  9958 I chatty  : uid=1000(system) Binder:1163_1D expire 32 lines
11-23 16:30:36.427 18703 18703 V ActivityThread: ActivityThread,callActivityOnCreate
11-23 16:30:36.527 18703 18703 D ActivityThread: add activity client record, r= ActivityRecord{93949ab token=android.os.BinderProxy@83bd1b5 {com.netease.play/com.netease.play.webview.WebviewActivity}} token= android.os.BinderProxy@83bd1b5
11-23 16:30:36.541  1163  7544 I chatty  : uid=1000(system) Binder:1163_17 expire 19 lines
11-23 16:30:36.570 20507 20507 D ActivityThread: ActivityThread,attachApplication
11-23 16:30:36.667  1163  1284 I chatty  : uid=1000(system) android.anim expire 12 lines
11-23 16:30:37.074   486   738 W SocketListener: sending broadcast to Pid = 1163, Uid = 1000 
11-23 16:30:40.593 18703 18703 V ActivityThread: ActivityThread,callActivityOnCreate
11-23 16:30:40.669 18703 18703 D ActivityThread: add activity client record, r= ActivityRecord{ea10f03 token=android.os.BinderProxy@e74bb4d {com.netease.play/com.netease.play.webview.WebviewActivity}} token= android.os.BinderProxy@e74bb4d
11-23 16:30:41.006   486   738 W SocketListener: sending broadcast to Pid = 1163, Uid = 1000 
11-23 16:30:42.500  1163  1163 I chatty  : uid=1000 system_server expire 17 lines
11-23 16:30:46.867 18703 18703 D ActivityThread: Remove activity client record, r= ActivityRecord{ea10f03 token=android.os.BinderProxy@e74bb4d {com.netease.play/com.netease.play.webview.WebviewActivity}} token= android.os.BinderProxy@e74bb4d
11-23 16:30:46.869  1163  7544 I chatty  : uid=1000(system) Binder:1163_17 expire 49 lines
11-23 16:30:47.381  1163  1284 I chatty  : uid=1000(system) android.anim expire 21 lines
11-23 16:30:47.556   486   738 W SocketListener: sending broadcast to Pid = 1163, Uid = 1000 
11-23 16:30:47.557  1163  1333 I chatty  : uid=1000(system) NetdConnector expire 24 lines
11-23 16:30:47.561  1163  1334 I chatty  : uid=1000(system) NetworkStats expire 20 lines
11-23 16:30:47.674 18703 18703 D ActivityThread: Remove activity client record, r= ActivityRecord{93949ab token=android.os.BinderProxy@83bd1b5 {com.netease.play/com.netease.play.webview.WebviewActivity}} token= android.os.BinderProxy@83bd1b5
11-23 16:30:47.689  1163  1353 I chatty  : uid=1000(system) ConnectivitySer expire 11 lines
11-23 16:30:47.708  1163  8060 I chatty  : uid=1000(system) Binder:1163_1A expire 2 lines
11-23 16:30:48.748  1450  2191 I CommandQueue: updateBarBgColor
11-23 16:30:48.748  1450  2191 D CommandQueue: CommandQueue, setBarBackgroundColor
11-23 16:30:48.818  1163  7184 I chatty  : uid=1000(system) Binder:1163_16 expire 3 lines
11-23 16:30:48.850 18703 18703 D ActivityThread: Remove activity client record, r= ActivityRecord{3e4ded7 token=android.os.BinderProxy@788126c {com.netease.play/com.netease.play.livepage.LiveViewerActivity}} token= android.os.BinderProxy@788126c
11-23 16:30:48.975   760   760 I chatty  : uid=1010(wifi) /system/bin/wificond expire 27 lines
11-23 16:30:50.023 18703 18703 V ActivityThread: ActivityThread,callActivityOnCreate
11-23 16:30:50.154 18703 18703 D ActivityThread: add activity client record, r= ActivityRecord{ee7729b token=android.os.BinderProxy@259f719 {com.netease.play/com.netease.play.livepage.LiveViewerActivity}} token= android.os.BinderProxy@259f719
11-23 16:30:50.168  1163  9958 I chatty  : uid=1000(system) Binder:1163_1D expire 7 lines
11-23 16:30:50.195  1450  2191 I CommandQueue: updateBarBgColor
11-23 16:30:50.195  1450  2191 D CommandQueue: CommandQueue, setBarBackgroundColor
11-23 16:30:50.855   486   738 W SocketListener: sending broadcast to Pid = 1163, Uid = 1000 
11-23 16:30:52.864   486   738 W SocketListener: sending broadcast to Pid = 1163, Uid = 1000 
11-23 16:30:55.738   486   738 W SocketListener: sending broadcast to Pid = 1163, Uid = 1000 
11-23 16:31:02.003  1163  1179 I chatty  : uid=1000(system) ActivityManager expire 2 lines
11-23 16:31:02.011   486   738 W SocketListener: sending broadcast to Pid = 1163, Uid = 1000 
11-23 16:31:02.012  1163  1333 I chatty  : uid=1000(system) NetdConnector expire 12 lines
11-23 16:31:02.015  1163  1186 I chatty  : uid=1000(system) android.fg expire 10 lines
11-23 16:31:02.019  1163  1334 I chatty  : uid=1000(system) NetworkStats expire 10 lines
11-23 16:31:02.126  1163  7544 I chatty  : uid=1000(system) Binder:1163_17 expire 8 lines
11-23 16:31:04.013   760   760 I chatty  : uid=1010(wifi) /system/bin/wificond expire 18 lines
11-23 16:31:08.915   486   738 W SocketListener: sending broadcast to Pid = 1163, Uid = 1000 
11-23 16:31:14.269   486   738 W SocketListener: sending broadcast to Pid = 1163, Uid = 1000 
11-23 16:31:14.270  1163  1333 I chatty  : uid=1000(system) NetdConnector expire 12 lines
11-23 16:31:14.276  1163  1334 I chatty  : uid=1000(system) NetworkStats expire 10 lines
11-23 16:31:15.552   760   760 I chatty  : uid=1010(wifi) /system/bin/wificond expire 24 lines
11-23 16:31:20.298   486   738 W SocketListener: sending broadcast to Pid = 1163, Uid = 1000 
11-23 16:31:26.476   486   738 W SocketListener: sending broadcast to Pid = 1163, Uid = 1000 
11-23 16:31:26.477  1163  1333 I chatty  : uid=1000(system) NetdConnector expire 12 lines
11-23 16:31:26.486  1163  1334 I chatty  : uid=1000(system) NetworkStats expire 10 lines
11-23 16:31:28.079   760   760 I chatty  : uid=1010(wifi) /system/bin/wificond expire 18 lines
11-23 16:31:32.797   486   738 W SocketListener: sending broadcast to Pid = 1163, Uid = 1000 
11-23 16:31:38.906   486   738 W SocketListener: sending broadcast to Pid = 1163, Uid = 1000 
11-23 16:31:38.907  1163  1333 I chatty  : uid=1000(system) NetdConnector expire 12 lines
11-23 16:31:38.918  1163  1334 I chatty  : uid=1000(system) NetworkStats expire 10 lines
11-23 16:31:39.571   760   760 I chatty  : uid=1010(wifi) /system/bin/wificond expire 24 lines
11-23 16:31:45.167   486   738 W SocketListener: sending broadcast to Pid = 1163, Uid = 1000 
11-23 16:31:51.133   486   738 W SocketListener: sending broadcast to Pid = 1163, Uid = 1000 
11-23 16:31:51.134  1163  1333 I chatty  : uid=1000(system) NetdConnector expire 12 lines
11-23 16:31:51.144  1163  1334 I chatty  : uid=1000(system) NetworkStats expire 10 lines
11-23 16:31:52.156   760   760 I chatty  : uid=1010(wifi) /system/bin/wificond expire 18 lines
11-23 16:31:57.211   486   738 W SocketListener: sending broadcast to Pid = 1163, Uid = 1000 
11-23 16:32:03.229   486   738 W SocketListener: sending broadcast to Pid = 1163, Uid = 1000 
11-23 16:32:03.231  1163  1333 I chatty  : uid=1000(system) NetdConnector expire 12 lines
11-23 16:32:03.233  1163  1186 I chatty  : uid=1000(system) android.fg expire 4 lines
11-23 16:32:03.237  1163  1334 I chatty  : uid=1000(system) NetworkStats expire 10 lines
11-23 16:32:03.596   760   760 I chatty  : uid=1010(wifi) /system/bin/wificond expire 24 lines
11-23 16:32:09.617   486   738 W SocketListener: sending broadcast to Pid = 1163, Uid = 1000 
11-23 16:32:15.193   486   738 W SocketListener: sending broadcast to Pid = 1163, Uid = 1000 
11-23 16:32:15.195  1163  1333 I chatty  : uid=1000(system) NetdConnector expire 12 lines
11-23 16:32:15.202  1163  1334 I chatty  : uid=1000(system) NetworkStats expire 10 lines
11-23 16:32:16.242   760   760 I chatty  : uid=1010(wifi) /system/bin/wificond expire 144 lines
11-23 16:32:21.754   486   738 W SocketListener: sending broadcast to Pid = 1163, Uid = 1000 
11-23 16:32:30.139  1163  1163 I chatty  : uid=1000 system_server expire 41 lines
11-23 16:33:02.134  1163  5098 I chatty  : uid=1000(system) Binder:1163_F expire 15 lines
11-23 16:33:21.301  1163  1176 I chatty  : uid=1000(system) android.bg expire 9 lines
11-23 16:33:38.335  1163  9958 I chatty  : uid=1000(system) Binder:1163_1D expire 46 lines
11-23 16:33:38.511  1163  1284 I chatty  : uid=1000(system) android.anim expire 12 lines
11-23 16:33:39.059 18703 18703 V ActivityThread: ActivityThread,callActivityOnCreate
11-23 16:33:39.093 18703 18703 D ActivityThread: add activity client record, r= ActivityRecord{6e52a71 token=android.os.BinderProxy@9e231da {com.netease.play/com.netease.play.livepage.gift.GiftActivity}} token= android.os.BinderProxy@9e231da
11-23 16:33:39.121  1163  7779 I chatty  : uid=1000(system) Binder:1163_18 expire 31 lines
11-23 16:33:39.650   760   760 I chatty  : uid=1010(wifi) /system/bin/wificond expire 27 lines
11-23 16:33:41.869  1163  1558 I chatty  : uid=1000(system) watchdog expire 4 lines
11-23 16:33:43.126  1163  1295 I chatty  : uid=1000(system) UEventObserver expire 8 lines
11-23 16:33:44.553 18703 18703 D ActivityThread: Remove activity client record, r= ActivityRecord{6e52a71 token=android.os.BinderProxy@9e231da {com.netease.play/com.netease.play.livepage.gift.GiftActivity}} token= android.os.BinderProxy@9e231da
11-23 16:33:54.562 18703 18703 V ActivityThread: ActivityThread,callActivityOnCreate
11-23 16:33:54.580  1163  7544 I chatty  : uid=1000(system) Binder:1163_17 expire 50 lines
11-23 16:33:54.581  1163  1353 I chatty  : uid=1000(system) ConnectivitySer expire 12 lines
11-23 16:33:54.651 18703 18703 D ActivityThread: add activity client record, r= ActivityRecord{afe12b1 token=android.os.BinderProxy@a40342f {com.netease.play/com.netease.play.webview.WebviewActivity}} token= android.os.BinderProxy@a40342f
11-23 16:33:54.682 20654 20654 D ActivityThread: ActivityThread,attachApplication
11-23 16:33:55.548   760   760 I chatty  : uid=1010(wifi) /system/bin/wificond expire 51 lines
11-23 16:34:01.170 18703 18703 V ActivityThread: ActivityThread,callActivityOnCreate
11-23 16:34:01.246 18703 18703 D ActivityThread: add activity client record, r= ActivityRecord{8fecad8 token=android.os.BinderProxy@b2c83cb {com.netease.play/com.netease.play.webview.WebviewActivity}} token= android.os.BinderProxy@b2c83cb
11-23 16:34:01.316  1163  1284 I chatty  : uid=1000(system) android.anim expire 16 lines
11-23 16:34:03.802  1163  7779 I chatty  : uid=1000(system) Binder:1163_18 expire 52 lines
11-23 16:34:04.064 18703 18703 D ActivityThread: Remove activity client record, r= ActivityRecord{8fecad8 token=android.os.BinderProxy@b2c83cb {com.netease.play/com.netease.play.webview.WebviewActivity}} token= android.os.BinderProxy@b2c83cb
11-23 16:34:04.933 18703 18703 D ActivityThread: Remove activity client record, r= ActivityRecord{afe12b1 token=android.os.BinderProxy@a40342f {com.netease.play/com.netease.play.webview.WebviewActivity}} token= android.os.BinderProxy@a40342f
11-23 16:34:05.485  1163  1163 I chatty  : uid=1000 system_server expire 16 lines
11-23 16:34:19.724 18703 18703 V ActivityThread: ActivityThread,callActivityOnCreate
11-23 16:34:19.755 18703 18703 D ActivityThread: add activity client record, r= ActivityRecord{142eb61 token=android.os.BinderProxy@3670f98 {com.netease.play/com.netease.play.livepage.gift.GiftActivity}} token= android.os.BinderProxy@3670f98
11-23 16:34:19.768  1163  7184 I chatty  : uid=1000(system) Binder:1163_16 expire 11 lines
11-23 16:34:19.911  1163  1284 I chatty  : uid=1000(system) android.anim expire 12 lines
11-23 16:34:22.631   760   760 I chatty  : uid=1010(wifi) /system/bin/wificond expire 18 lines
11-23 16:34:28.645 18703 18703 D ActivityThread: Remove activity client record, r= ActivityRecord{142eb61 token=android.os.BinderProxy@3670f98 {com.netease.play/com.netease.play.livepage.gift.GiftActivity}} token= android.os.BinderProxy@3670f98
11-23 16:34:31.069 18703 18703 V ActivityThread: ActivityThread,callActivityOnCreate
11-23 16:34:31.142  1163  7184 I chatty  : uid=1000(system) Binder:1163_16 expire 38 lines
11-23 16:34:31.155 18703 18703 D ActivityThread: add activity client record, r= ActivityRecord{b99f61e token=android.os.BinderProxy@87de104 {com.netease.play/com.netease.play.webview.WebviewActivity}} token= android.os.BinderProxy@87de104
11-23 16:34:31.187 20709 20709 D ActivityThread: ActivityThread,attachApplication
11-23 16:34:31.189  1163  7779 I chatty  : uid=1000(system) Binder:1163_18 expire 29 lines
11-23 16:34:31.209  1163  5098 I chatty  : uid=1000(system) Binder:1163_F expire 29 lines
11-23 16:34:34.477 18703 18703 V ActivityThread: ActivityThread,callActivityOnCreate
11-23 16:34:34.545 18703 18703 D ActivityThread: add activity client record, r= ActivityRecord{1ff7783 token=android.os.BinderProxy@8448082 {com.netease.play/com.netease.play.webview.WebviewActivity}} token= android.os.BinderProxy@8448082
11-23 16:34:34.630  1163  1284 I chatty  : uid=1000(system) android.anim expire 23 lines
11-23 16:34:34.662   760   760 I chatty  : uid=1010(wifi) /system/bin/wificond expire 27 lines
11-23 16:34:37.381 18703 18703 D ActivityThread: Remove activity client record, r= ActivityRecord{1ff7783 token=android.os.BinderProxy@8448082 {com.netease.play/com.netease.play.webview.WebviewActivity}} token= android.os.BinderProxy@8448082
11-23 16:34:38.254 18703 18703 D ActivityThread: Remove activity client record, r= ActivityRecord{b99f61e token=android.os.BinderProxy@87de104 {com.netease.play/com.netease.play.webview.WebviewActivity}} token= android.os.BinderProxy@87de104
11-23 16:34:38.304  1163  9958 I chatty  : uid=1000(system) Binder:1163_1D expire 15 lines
11-23 16:34:40.496 18703 18703 V ActivityThread: ActivityThread,callActivityOnCreate
11-23 16:34:40.526 18703 18703 D ActivityThread: add activity client record, r= ActivityRecord{ce5f3bb token=android.os.BinderProxy@2874545 {com.netease.play/com.netease.play.livepage.gift.GiftActivity}} token= android.os.BinderProxy@2874545
11-23 16:34:49.461  1163  7544 I chatty  : uid=1000(system) Binder:1163_17 expire 12 lines
11-23 16:34:49.601 18703 18703 D ActivityThread: Remove activity client record, r= ActivityRecord{ce5f3bb token=android.os.BinderProxy@2874545 {com.netease.play/com.netease.play.livepage.gift.GiftActivity}} token= android.os.BinderProxy@2874545
11-23 16:34:49.604  1163  9958 I chatty  : uid=1000(system) Binder:1163_1D expire 27 lines
11-23 16:34:49.710   760   760 I chatty  : uid=1010(wifi) /system/bin/wificond expire 39 lines
11-23 16:34:58.112 18703 18703 V ActivityThread: ActivityThread,callActivityOnCreate
11-23 16:34:58.127  1163  8060 I chatty  : uid=1000(system) Binder:1163_1A expire 9 lines
11-23 16:34:58.128  1163  1353 I chatty  : uid=1000(system) ConnectivitySer expire 12 lines
11-23 16:34:58.194 18703 18703 D ActivityThread: add activity client record, r= ActivityRecord{bb3cfba token=android.os.BinderProxy@1ef3d5f {com.netease.play/com.netease.play.webview.WebviewActivity}} token= android.os.BinderProxy@1ef3d5f
11-23 16:34:58.225 20757 20757 D ActivityThread: ActivityThread,attachApplication
11-23 16:34:58.247  1163  7779 I chatty  : uid=1000(system) Binder:1163_18 expire 19 lines
11-23 16:35:02.004  1163  1179 I chatty  : uid=1000(system) ActivityManager expire 2 lines
11-23 16:35:04.585  1163  9958 I chatty  : uid=1000(system) Binder:1163_1D expire 22 lines
11-23 16:35:07.789 18703 18703 V ActivityThread: ActivityThread,callActivityOnCreate
11-23 16:35:07.860 18703 18703 D ActivityThread: add activity client record, r= ActivityRecord{818ac66 token=android.os.BinderProxy@ffe2278 {com.netease.play/com.netease.play.webview.WebviewActivity}} token= android.os.BinderProxy@ffe2278
11-23 16:35:07.870  1163  7544 I chatty  : uid=1000(system) Binder:1163_17 expire 14 lines
11-23 16:35:07.936  1163  1284 I chatty  : uid=1000(system) android.anim expire 16 lines
11-23 16:35:10.775   760   760 I chatty  : uid=1010(wifi) /system/bin/wificond expire 48 lines
11-23 16:35:38.448 18703 18703 D ActivityThread: Remove activity client record, r= ActivityRecord{818ac66 token=android.os.BinderProxy@ffe2278 {com.netease.play/com.netease.play.webview.WebviewActivity}} token= android.os.BinderProxy@ffe2278
11-23 16:35:39.743   760   760 I chatty  : uid=1010(wifi) /system/bin/wificond expire 24 lines
11-23 16:35:39.848  1163  7544 I chatty  : uid=1000(system) Binder:1163_17 expire 42 lines
11-23 16:35:40.160 18703 18703 D ActivityThread: Remove activity client record, r= ActivityRecord{bb3cfba token=android.os.BinderProxy@1ef3d5f {com.netease.play/com.netease.play.webview.WebviewActivity}} token= android.os.BinderProxy@1ef3d5f
11-23 16:35:40.162  1163  9958 I chatty  : uid=1000(system) Binder:1163_1D expire 24 lines
11-23 16:35:40.188  1163  7779 I chatty  : uid=1000(system) Binder:1163_18 expire 12 lines
11-23 16:35:40.707  1163  1163 I chatty  : uid=1000 system_server expire 11 lines
11-23 16:35:41.520 18703 18703 V ActivityThread: ActivityThread,callActivityOnCreate
11-23 16:35:41.552 18703 18703 D ActivityThread: add activity client record, r= ActivityRecord{617977d token=android.os.BinderProxy@1c9de37 {com.netease.play/com.netease.play.livepage.gift.GiftActivity}} token= android.os.BinderProxy@1c9de37
11-23 16:35:41.611  1163  7184 I chatty  : uid=1000(system) Binder:1163_16 expire 11 lines
11-23 16:35:41.729  1163  1284 I chatty  : uid=1000(system) android.anim expire 12 lines
11-23 16:35:41.876  1163  1558 I chatty  : uid=1000(system) watchdog expire 6 lines
11-23 16:35:43.446  1163  1295 I chatty  : uid=1000(system) UEventObserver expire 10 lines
11-23 16:35:50.977 18703 18703 D ActivityThread: Remove activity client record, r= ActivityRecord{617977d token=android.os.BinderProxy@1c9de37 {com.netease.play/com.netease.play.livepage.gift.GiftActivity}} token= android.os.BinderProxy@1c9de37
11-23 16:35:52.900   760   760 I chatty  : uid=1010(wifi) /system/bin/wificond expire 69 lines
11-23 16:36:02.082  1163  7779 I chatty  : uid=1000(system) Binder:1163_18 expire 11 lines
11-23 16:36:13.981  1163  7544 I chatty  : uid=1000(system) Binder:1163_17 expire 11 lines
11-23 16:36:29.137  1163  1704 I chatty  : uid=1000(system) Binder:1163_A expire 46 lines
11-23 16:36:29.159 18703 18703 V ActivityThread: ActivityThread,callActivityOnCreate
11-23 16:36:29.176  1163  1734 I chatty  : uid=1000(system) Binder:1163_C expire 12 lines
11-23 16:36:29.246 18703 18703 D ActivityThread: add activity client record, r= ActivityRecord{873a840 token=android.os.BinderProxy@4b3036 {com.netease.play/com.netease.play.webview.WebviewActivity}} token= android.os.BinderProxy@4b3036
11-23 16:36:29.276 20839 20839 D ActivityThread: ActivityThread,attachApplication
11-23 16:36:31.932 18703 18703 V ActivityThread: ActivityThread,callActivityOnCreate
11-23 16:36:32.008 18703 18703 D ActivityThread: add activity client record, r= ActivityRecord{6096d2 token=android.os.BinderProxy@ae06eed {com.netease.play/com.netease.play.webview.WebviewActivity}} token= android.os.BinderProxy@ae06eed
11-23 16:36:32.019   760   760 I chatty  : uid=1010(wifi) /system/bin/wificond expire 102 lines
11-23 16:36:41.835  1163  1284 I chatty  : uid=1000(system) android.anim expire 7 lines
11-23 16:36:42.012 18703 18703 D ActivityThread: Remove activity client record, r= ActivityRecord{6096d2 token=android.os.BinderProxy@ae06eed {com.netease.play/com.netease.play.webview.WebviewActivity}} token= android.os.BinderProxy@ae06eed
11-23 16:36:43.600  1163  1163 I chatty  : uid=1000 system_server expire 10 lines
11-23 16:37:02.044  1163  1704 I chatty  : uid=1000(system) Binder:1163_A expire 5 lines
11-23 16:37:22.726  1163  1184 I chatty  : uid=1000(system) batterystats-sy expire 2 lines
11-23 16:37:30.784   756   811 E /system/bin/storaged: open file /data/storaged/storaged.txt failed!2
11-23 16:37:30.784   756   811 E /system/bin/storaged: write(append)  diskstat data failed!ts:1542962250,read bytes:296799232, write bytes: 680716288
11-23 16:37:30.789   756   811 E /system/bin/storaged: curr_io_stats:  size: 73
11-23 16:37:30.792   756   811 E /system/bin/storaged: open file /data/storaged/storaged.txt failed!2
11-23 16:37:30.792   756   811 E /system/bin/storaged: write(append)  uid data failed!
11-23 16:37:30.792   756   811 E /system/bin/storaged: pid_info get_pids failed
11-23 16:37:31.829   760   760 I chatty  : uid=1010(wifi) /system/bin/wificond expire 36 lines
11-23 16:37:40.480  1163  1402 I chatty  : uid=1000(system) StatisticsCHRMs expire 4 lines
11-23 16:37:48.971  1163  1338 I chatty  : uid=1000(system) WifiStateMachin expire 1 line
11-23 16:37:48.975  1163  1348 I chatty  : uid=1000(system) WifiScanningSer expire 1 line
11-23 16:37:49.483   486   737 W SocketListener: sending broadcast to Pid = 1163, Uid = 1000 
11-23 16:37:49.485  1163  1333 I chatty  : uid=1000(system) NetdConnector expire 14 lines
11-23 16:37:49.488  1163  1186 I chatty  : uid=1000(system) android.fg expire 10 lines
11-23 16:37:49.509  1163  1734 I chatty  : uid=1000(system) Binder:1163_C expire 10 lines
11-23 16:37:50.268   760   760 I chatty  : uid=1010(wifi) /system/bin/wificond expire 42 lines
11-23 16:37:51.533  1163  9958 I chatty  : uid=1000(system) Binder:1163_1D expire 22 lines
11-23 16:38:00.002  1163  1163 I chatty  : uid=1000 system_server expire 16 lines
11-23 16:38:13.827  1163  1295 I chatty  : uid=1000(system) UEventObserver expire 12 lines
11-23 16:38:14.086 18703 18703 D ActivityThread: Remove activity client record, r= ActivityRecord{873a840 token=android.os.BinderProxy@4b3036 {com.netease.play/com.netease.play.webview.WebviewActivity}} token= android.os.BinderProxy@4b3036
11-23 16:38:14.088  1163  9958 I chatty  : uid=1000(system) Binder:1163_1D expire 15 lines
11-23 16:38:14.340   760   760 I chatty  : uid=1010(wifi) /system/bin/wificond expire 57 lines
11-23 16:38:15.004  1163  1578 I chatty  : uid=1000(system) Binder:1163_5 expire 16 lines
11-23 16:38:15.309  1163  1284 I chatty  : uid=1000(system) android.anim expire 5 lines
11-23 16:38:27.872  1163  1353 I chatty  : uid=1000(system) ConnectivitySer expire 12 lines
11-23 16:38:39.717  1163  1309 I chatty  : uid=1000(system) Binder:1163_3 expire 3 lines
11-23 16:38:41.887  1163  1558 I chatty  : uid=1000(system) watchdog expire 6 lines
11-23 16:38:45.819   486   740 W SocketListener: sending broadcast to Pid = 1163, Uid = 1000 
11-23 16:38:47.440   760   760 I chatty  : uid=1010(wifi) /system/bin/wificond expire 222 lines
11-23 16:38:49.938  1163  1704 I chatty  : uid=1000(system) Binder:1163_A expire 5 lines
11-23 16:39:02.005  1163  1179 I chatty  : uid=1000(system) ActivityManager expire 2 lines
11-23 16:39:38.595  1163  1667 I chatty  : uid=1000(system) Binder:1163_7 expire 3 lines
11-23 16:39:39.471  1163  1163 I chatty  : uid=1000 system_server expire 34 lines
11-23 16:39:40.004  1163  1578 I chatty  : uid=1000(system) Binder:1163_5 expire 6 lines
11-23 16:39:40.223  1163  5553 I chatty  : uid=1000(system) Binder:1163_12 expire 10 lines
11-23 16:39:40.231  1163  1183 I chatty  : uid=1000(system) keyAppHanderThr expire 1 line
11-23 16:39:41.823  1163  1692 I chatty  : uid=1000(system) Binder:1163_9 expire 5 lines
11-23 16:39:41.824  1163  2704 I chatty  : uid=1000(system) Binder:1163_E expire 1 line
11-23 16:39:41.826  1163  1353 I chatty  : uid=1000(system) ConnectivitySer expire 8 lines
11-23 16:39:41.858  1163  1665 I chatty  : uid=1000(system) Binder:1163_6 expire 9 lines
11-23 16:40:45.982  1163  1334 I chatty  : uid=1000(system) NetworkStats expire 12 lines
11-23 16:40:46.028  1163  8060 I chatty  : uid=1000(system) Binder:1163_1A expire 9 lines
11-23 16:40:52.296   486   738 W SocketListener: sending broadcast to Pid = 1163, Uid = 1000 
11-23 16:40:53.820   760   760 I chatty  : uid=1010(wifi) /system/bin/wificond expire 18 lines
11-23 16:40:58.350   486   738 W SocketListener: sending broadcast to Pid = 1163, Uid = 1000 
11-23 16:40:58.352  1163  1333 I chatty  : uid=1000(system) NetdConnector expire 12 lines
11-23 16:40:58.358  1163  1334 I chatty  : uid=1000(system) NetworkStats expire 10 lines
11-23 16:41:00.002  1163  1163 I chatty  : uid=1000 system_server expire 17 lines
11-23 16:41:04.431   486   738 W SocketListener: sending broadcast to Pid = 1163, Uid = 1000 
11-23 16:41:05.866   760   760 I chatty  : uid=1010(wifi) /system/bin/wificond expire 24 lines
11-23 16:41:10.621   486   738 W SocketListener: sending broadcast to Pid = 1163, Uid = 1000 
11-23 16:41:10.623  1163  1333 I chatty  : uid=1000(system) NetdConnector expire 12 lines
