11-23 20:21:21.658   760   760 I chatty  : uid=1010(wifi) /system/bin/wificond expire 27 lines
11-23 20:21:28.303  1163  1163 I chatty  : uid=1000 system_server expire 12 lines
11-23 20:21:36.501   486   735 W SocketListener: sending broadcast to Pid = 1163, Uid = 1000 
11-23 20:21:36.734   760   760 I chatty  : uid=1010(wifi) /system/bin/wificond expire 18 lines
11-23 20:21:48.010   486   735 W SocketListener: sending broadcast to Pid = 1163, Uid = 1000 
11-23 20:21:48.789   760   760 I chatty  : uid=1010(wifi) /system/bin/wificond expire 39 lines
11-23 20:22:08.182   486   735 W SocketListener: sending broadcast to Pid = 1163, Uid = 1000 
11-23 20:22:09.887   760   760 I chatty  : uid=1010(wifi) /system/bin/wificond expire 117 lines
11-23 20:22:29.149  1163  1295 I chatty  : uid=1000(system) UEventObserver expire 10 lines
11-23 20:22:47.144  1163  1558 I chatty  : uid=1000(system) watchdog expire 5 lines
11-23 20:22:59.240  1163  1163 I chatty  : uid=1000 system_server expire 25 lines
11-23 20:23:00.061  1163  5553 I chatty  : uid=1000(system) Binder:1163_12 expire 8 lines
11-23 20:23:00.076  1163  8398 I chatty  : uid=1000(system) Binder:1163_1B expire 5 lines
11-23 20:23:00.093  1163  5725 I chatty  : uid=1000(system) Binder:1163_13 expire 10 lines
11-23 20:23:00.107  1163  7780 I chatty  : uid=1000(system) Binder:1163_19 expire 13 lines
11-23 20:23:00.125  1163  1173 I chatty  : uid=1000(system) Binder:1163_1 expire 1 line
11-23 20:23:00.142  1163  7184 I chatty  : uid=1000(system) Binder:1163_16 expire 10 lines
11-23 20:23:00.159  1163  1576 I chatty  : uid=1000(system) Binder:1163_4 expire 16 lines
11-23 20:23:16.748   486   735 W SocketListener: sending broadcast to Pid = 1163, Uid = 1000 
11-23 20:23:16.751  1163  1333 I chatty  : uid=1000(system) NetdConnector expire 10 lines
11-23 20:23:16.756  1163  1186 I chatty  : uid=1000(system) android.fg expire 7 lines
11-23 20:23:18.270   760   760 I chatty  : uid=1010(wifi) /system/bin/wificond expire 54 lines
11-23 20:23:28.308  1163  1163 I chatty  : uid=1000 system_server expire 10 lines
11-23 20:23:47.901   486   735 W SocketListener: sending broadcast to Pid = 1163, Uid = 1000 
11-23 20:23:48.013   486   735 W SocketListener: sending broadcast to Pid = 1163, Uid = 1000 
11-23 20:23:49.381   760   760 I chatty  : uid=1010(wifi) /system/bin/wificond expire 39 lines
11-23 20:24:08.141   486   735 W SocketListener: sending broadcast to Pid = 1163, Uid = 1000 
11-23 20:24:10.477   760   760 I chatty  : uid=1010(wifi) /system/bin/wificond expire 33 lines
11-23 20:24:29.482  1163  1163 I chatty  : uid=1000 system_server expire 6 lines
11-23 20:24:29.836   486   735 W SocketListener: sending broadcast to Pid = 1163, Uid = 1000 
11-23 20:24:30.323   760   760 I chatty  : uid=1010(wifi) /system/bin/wificond expire 7 lines
11-23 20:24:31.577   760   760 E wificond: Failed to get NL80211_RATE_INFO_SNR
11-23 20:24:31.577   760   760 E wificond: Failed to get NL80211_STA_INFO_CNAHLOAD
11-23 20:24:34.589   760   760 E wificond: Failed to get NL80211_RATE_INFO_NOISE
11-23 20:24:34.589   760   760 E wificond: Failed to get NL80211_RATE_INFO_SNR
11-23 20:24:34.589   760   760 E wificond: Failed to get NL80211_STA_INFO_CNAHLOAD
11-23 20:24:37.606   760   760 E wificond: Failed to get NL80211_RATE_INFO_NOISE
11-23 20:24:37.607   760   760 E wificond: Failed to get NL80211_RATE_INFO_SNR
11-23 20:24:37.607   760   760 E wificond: Failed to get NL80211_STA_INFO_CNAHLOAD
11-23 20:24:38.329   760   760 E wificond: Failed to get NL80211_RATE_INFO_NOISE
11-23 20:24:38.329   760   760 E wificond: Failed to get NL80211_RATE_INFO_SNR
11-23 20:24:38.329   760   760 E wificond: Failed to get NL80211_STA_INFO_CNAHLOAD
11-23 20:24:38.331   760   760 E wificond: Failed to get NL80211_RATE_INFO_NOISE
11-23 20:24:38.332   760   760 E wificond: Failed to get NL80211_RATE_INFO_SNR
11-23 20:24:38.332   760   760 E wificond: Failed to get NL80211_STA_INFO_CNAHLOAD
11-23 20:24:40.623   760   760 E wificond: Failed to get NL80211_RATE_INFO_NOISE
11-23 20:24:40.623   760   760 E wificond: Failed to get NL80211_RATE_INFO_SNR
11-23 20:24:40.624   760   760 E wificond: Failed to get NL80211_STA_INFO_CNAHLOAD
11-23 20:24:43.639   760   760 E wificond: Failed to get NL80211_RATE_INFO_NOISE
11-23 20:24:43.640   760   760 E wificond: Failed to get NL80211_RATE_INFO_SNR
11-23 20:24:43.640   760   760 E wificond: Failed to get NL80211_STA_INFO_CNAHLOAD
11-23 20:24:46.345   760   760 E wificond: Failed to get NL80211_RATE_INFO_NOISE
11-23 20:24:46.345   760   760 E wificond: Failed to get NL80211_RATE_INFO_SNR
11-23 20:24:46.345   760   760 E wificond: Failed to get NL80211_STA_INFO_CNAHLOAD
11-23 20:24:46.347   760   760 E wificond: Failed to get NL80211_RATE_INFO_NOISE
11-23 20:24:46.347   760   760 E wificond: Failed to get NL80211_RATE_INFO_SNR
11-23 20:24:46.347   760   760 E wificond: Failed to get NL80211_STA_INFO_CNAHLOAD
11-23 20:24:46.646   760   760 E wificond: Failed to get NL80211_RATE_INFO_NOISE
11-23 20:24:46.646   760   760 E wificond: Failed to get NL80211_RATE_INFO_SNR
11-23 20:24:46.646   760   760 E wificond: Failed to get NL80211_STA_INFO_CNAHLOAD
11-23 20:24:49.663   760   760 E wificond: Failed to get NL80211_RATE_INFO_NOISE
11-23 20:24:49.663   760   760 E wificond: Failed to get NL80211_RATE_INFO_SNR
11-23 20:24:49.663   760   760 E wificond: Failed to get NL80211_STA_INFO_CNAHLOAD
11-23 20:24:52.680   760   760 E wificond: Failed to get NL80211_RATE_INFO_NOISE
11-23 20:24:52.680   760   760 E wificond: Failed to get NL80211_RATE_INFO_SNR
11-23 20:24:52.680   760   760 E wificond: Failed to get NL80211_STA_INFO_CNAHLOAD
11-23 20:24:54.353   760   760 E wificond: Failed to get NL80211_RATE_INFO_NOISE
11-23 20:24:54.353   760   760 E wificond: Failed to get NL80211_RATE_INFO_SNR
11-23 20:24:54.353   760   760 E wificond: Failed to get NL80211_STA_INFO_CNAHLOAD
11-23 20:24:54.355   760   760 E wificond: Failed to get NL80211_RATE_INFO_NOISE
11-23 20:24:54.355   760   760 E wificond: Failed to get NL80211_RATE_INFO_SNR
11-23 20:24:54.355   760   760 E wificond: Failed to get NL80211_STA_INFO_CNAHLOAD
11-23 20:24:55.695   760   760 E wificond: Failed to get NL80211_RATE_INFO_NOISE
11-23 20:24:55.695   760   760 E wificond: Failed to get NL80211_RATE_INFO_SNR
11-23 20:24:55.695   760   760 E wificond: Failed to get NL80211_STA_INFO_CNAHLOAD
11-23 20:24:58.710   760   760 E wificond: Failed to get NL80211_RATE_INFO_NOISE
11-23 20:24:58.710   760   760 E wificond: Failed to get NL80211_RATE_INFO_SNR
11-23 20:24:58.710   760   760 E wificond: Failed to get NL80211_STA_INFO_CNAHLOAD
11-23 20:24:59.550  1163  1295 I chatty  : uid=1000(system) UEventObserver expire 2 lines
11-23 20:25:01.728   760   760 E wificond: Failed to get NL80211_RATE_INFO_NOISE
11-23 20:25:01.728   760   760 E wificond: Failed to get NL80211_RATE_INFO_SNR
11-23 20:25:01.728   760   760 E wificond: Failed to get NL80211_STA_INFO_CNAHLOAD
11-23 20:25:02.350   760   760 E wificond: Failed to get NL80211_RATE_INFO_NOISE
11-23 20:25:02.350   760   760 E wificond: Failed to get NL80211_RATE_INFO_SNR
11-23 20:25:02.350   760   760 E wificond: Failed to get NL80211_STA_INFO_CNAHLOAD
11-23 20:25:02.353   760   760 E wificond: Failed to get NL80211_RATE_INFO_NOISE
11-23 20:25:02.353   760   760 E wificond: Failed to get NL80211_RATE_INFO_SNR
11-23 20:25:02.353   760   760 E wificond: Failed to get NL80211_STA_INFO_CNAHLOAD
11-23 20:25:04.743   760   760 E wificond: Failed to get NL80211_RATE_INFO_NOISE
11-23 20:25:04.744   760   760 E wificond: Failed to get NL80211_RATE_INFO_SNR
11-23 20:25:04.744   760   760 E wificond: Failed to get NL80211_STA_INFO_CNAHLOAD
11-23 20:25:05.909  1163  1180 I chatty  : uid=1000(system) android.ui expire 30 lines
11-23 20:25:05.981   486   735 W SocketListener: sending broadcast to Pid = 1163, Uid = 1000 
11-23 20:25:05.983  1163  1333 I chatty  : uid=1000(system) NetdConnector expire 4 lines
11-23 20:25:07.326  1163  1284 I chatty  : uid=1000(system) android.anim expire 14 lines
11-23 20:25:07.762   760   760 E wificond: Failed to get NL80211_RATE_INFO_NOISE
11-23 20:25:07.763   760   760 E wificond: Failed to get NL80211_RATE_INFO_SNR
11-23 20:25:07.763   760   760 E wificond: Failed to get NL80211_STA_INFO_CNAHLOAD
11-23 20:25:08.082   486   735 W SocketListener: sending broadcast to Pid = 1163, Uid = 1000 
11-23 20:25:10.355   760   760 E wificond: Failed to get NL80211_RATE_INFO_NOISE
11-23 20:25:10.355   760   760 E wificond: Failed to get NL80211_RATE_INFO_SNR
11-23 20:25:10.355   760   760 E wificond: Failed to get NL80211_STA_INFO_CNAHLOAD
11-23 20:25:10.357   760   760 E wificond: Failed to get NL80211_RATE_INFO_NOISE
11-23 20:25:10.357   760   760 E wificond: Failed to get NL80211_RATE_INFO_SNR
11-23 20:25:10.357   760   760 E wificond: Failed to get NL80211_STA_INFO_CNAHLOAD
11-23 20:25:10.769   760   760 E wificond: Failed to get NL80211_RATE_INFO_NOISE
11-23 20:25:10.769   760   760 E wificond: Failed to get NL80211_RATE_INFO_SNR
11-23 20:25:10.769   760   760 E wificond: Failed to get NL80211_STA_INFO_CNAHLOAD
11-23 20:25:10.843 26552 26552 V ActivityThread: ActivityThread,callActivityOnCreate
11-23 20:25:10.880 26552 26552 D ActivityThread: add activity client record, r= ActivityRecord{48a3a6e token=android.os.BinderProxy@fbded40 {com.netease.play/com.netease.play.settings.SettingActivity}} token= android.os.BinderProxy@fbded40
11-23 20:25:10.890  1163  7780 I chatty  : uid=1000(system) Binder:1163_19 expire 45 lines
11-23 20:25:10.915  1450  1921 I CommandQueue: updateBarBgColor
11-23 20:25:10.916  1450  1921 D CommandQueue: CommandQueue, setBarBackgroundColor
11-23 20:25:11.697 26552 26552 V ActivityThread: ActivityThread,callActivityOnCreate
11-23 20:25:11.730 26552 26552 D ActivityThread: add activity client record, r= ActivityRecord{e487485 token=android.os.BinderProxy@2175c15 {com.netease.play/com.netease.play.settings.developer.DeveloperActivity}} token= android.os.BinderProxy@2175c15
11-23 20:25:11.834  1163  7184 I chatty  : uid=1000(system) Binder:1163_16 expire 5 lines
11-23 20:25:13.785   760   760 E wificond: Failed to get NL80211_RATE_INFO_NOISE
11-23 20:25:13.785   760   760 E wificond: Failed to get NL80211_RATE_INFO_SNR
11-23 20:25:13.785   760   760 E wificond: Failed to get NL80211_STA_INFO_CNAHLOAD
11-23 20:25:16.795   760   760 E wificond: Failed to get NL80211_RATE_INFO_NOISE
11-23 20:25:16.796   760   760 E wificond: Failed to get NL80211_RATE_INFO_SNR
11-23 20:25:16.796   760   760 E wificond: Failed to get NL80211_STA_INFO_CNAHLOAD
11-23 20:25:16.823  1163  1704 I chatty  : uid=1000(system) Binder:1163_A expire 1 line
11-23 20:25:16.823  1163  1353 I chatty  : uid=1000(system) ConnectivitySer expire 2 lines
11-23 20:25:16.833  1163  8060 I chatty  : uid=1000(system) Binder:1163_1A expire 6 lines
11-23 20:25:16.864  1163  6100 I chatty  : uid=1000(system) Binder:1163_14 expire 4 lines
11-23 20:25:16.911  1163  1581 I chatty  : uid=1000(system) MultiTaskManage expire 2 lines
11-23 20:25:16.914  1163  1188 I chatty  : uid=1000(system) android.display expire 1 line
11-23 20:25:16.915  1163  5553 I chatty  : uid=1000(system) Binder:1163_12 expire 18 lines
11-23 20:25:16.942 27104 27104 D ActivityThread: ActivityThread,attachApplication
11-23 20:25:16.955  1163  1576 I chatty  : uid=1000(system) Binder:1163_4 expire 20 lines
11-23 20:25:16.976  1163  1180 I chatty  : uid=1000(system) android.ui expire 1 line
11-23 20:25:16.978  1779  2045 I HwNetworkPolicyManager: getHwUidPolicy uid = 10300 policy = 0
11-23 20:25:16.988 27104 27104 W ActivityThread: Application com.netease.play can be debugged on port 8100...
11-23 20:25:17.133  1163  1163 I chatty  : uid=1000 system_server expire 8 lines
11-23 20:25:17.151  1163  1558 I chatty  : uid=1000(system) watchdog expire 1 line
11-23 20:25:17.215 27132 27132 D ActivityThread: ActivityThread,attachApplication
11-23 20:25:17.764 27104 27104 V ActivityThread: ActivityThread,callActivityOnCreate
11-23 20:25:18.030 27104 27104 D ActivityThread: add activity client record, r= ActivityRecord{52ed615 token=android.os.BinderProxy@4a3e69d {com.netease.play/com.netease.play.login.LoginActivity}} token= android.os.BinderProxy@4a3e69d
11-23 20:25:18.366   760   760 E wificond: Failed to get NL80211_RATE_INFO_NOISE
11-23 20:25:18.366   760   760 E wificond: Failed to get NL80211_RATE_INFO_SNR
11-23 20:25:18.366   760   760 E wificond: Failed to get NL80211_STA_INFO_CNAHLOAD
11-23 20:25:18.378   760   760 E wificond: Failed to get NL80211_RATE_INFO_NOISE
11-23 20:25:18.378   760   760 E wificond: Failed to get NL80211_RATE_INFO_SNR
11-23 20:25:18.378   760   760 E wificond: Failed to get NL80211_STA_INFO_CNAHLOAD
11-23 20:25:18.528  1163  1284 I chatty  : uid=1000(system) android.anim expire 9 lines
11-23 20:25:19.099   486   738 W SocketListener: sending broadcast to Pid = 1163, Uid = 1000 
11-23 20:25:19.100  1163  1333 I chatty  : uid=1000(system) NetdConnector expire 26 lines
11-23 20:25:19.103  1163  1186 I chatty  : uid=1000(system) android.fg expire 5 lines
11-23 20:25:19.107  1163  1334 I chatty  : uid=1000(system) NetworkStats expire 20 lines
11-23 20:25:19.801   760   760 E wificond: Failed to get NL80211_RATE_INFO_NOISE
11-23 20:25:19.801   760   760 E wificond: Failed to get NL80211_RATE_INFO_SNR
11-23 20:25:19.801   760   760 E wificond: Failed to get NL80211_STA_INFO_CNAHLOAD
11-23 20:25:20.590  1163  2122 I chatty  : uid=1000(system) Binder:1163_D expire 10 lines
11-23 20:25:20.628 27273 27273 D ActivityThread: ActivityThread,attachApplication
11-23 20:25:20.629  1163  7780 I chatty  : uid=1000(system) Binder:1163_19 expire 21 lines
11-23 20:25:20.804  1163  1353 I chatty  : uid=1000(system) ConnectivitySer expire 5 lines
11-23 20:25:21.106   486   738 W SocketListener: sending broadcast to Pid = 1163, Uid = 1000 
11-23 20:25:22.813   760   760 E wificond: Failed to get NL80211_RATE_INFO_NOISE
11-23 20:25:22.813   760   760 E wificond: Failed to get NL80211_RATE_INFO_SNR
11-23 20:25:22.813   760   760 E wificond: Failed to get NL80211_STA_INFO_CNAHLOAD
11-23 20:25:23.343   486   738 W SocketListener: sending broadcast to Pid = 1163, Uid = 1000 
11-23 20:25:25.822   760   760 E wificond: Failed to get NL80211_RATE_INFO_NOISE
11-23 20:25:25.822   760   760 E wificond: Failed to get NL80211_RATE_INFO_SNR
11-23 20:25:25.822   760   760 E wificond: Failed to get NL80211_STA_INFO_CNAHLOAD
11-23 20:25:25.858   486   738 W SocketListener: sending broadcast to Pid = 1163, Uid = 1000 
11-23 20:25:26.059  1163  8398 I chatty  : uid=1000(system) Binder:1163_1B expire 6 lines
11-23 20:25:26.109 27310 27310 D ActivityThread: ActivityThread,attachApplication
11-23 20:25:26.366   760   760 E wificond: Failed to get NL80211_RATE_INFO_NOISE
11-23 20:25:26.366   760   760 E wificond: Failed to get NL80211_RATE_INFO_SNR
11-23 20:25:26.366   760   760 E wificond: Failed to get NL80211_STA_INFO_CNAHLOAD
11-23 20:25:26.370   760   760 E wificond: Failed to get NL80211_RATE_INFO_NOISE
11-23 20:25:26.370   760   760 E wificond: Failed to get NL80211_RATE_INFO_SNR
11-23 20:25:26.370   760   760 E wificond: Failed to get NL80211_STA_INFO_CNAHLOAD
11-23 20:25:27.866   486   738 W SocketListener: sending broadcast to Pid = 1163, Uid = 1000 
11-23 20:25:27.874  1163  1334 I chatty  : uid=1000(system) NetworkStats expire 25 lines
11-23 20:25:27.875  1163  1333 I chatty  : uid=1000(system) NetdConnector expire 30 lines
11-23 20:25:27.913  1163  2122 I chatty  : uid=1000(system) Binder:1163_D expire 45 lines
11-23 20:25:28.302  1163  1163 I chatty  : uid=1000 system_server expire 6 lines
11-23 20:25:28.553  1163  7780 I chatty  : uid=1000(system) Binder:1163_19 expire 4 lines
11-23 20:25:28.829   760   760 E wificond: Failed to get NL80211_RATE_INFO_NOISE
11-23 20:25:28.829   760   760 E wificond: Failed to get NL80211_RATE_INFO_SNR
11-23 20:25:28.829   760   760 E wificond: Failed to get NL80211_STA_INFO_CNAHLOAD
11-23 20:25:29.073  1163  1576 I chatty  : uid=1000(system) Binder:1163_4 expire 12 lines
11-23 20:25:29.170  1163  1284 I chatty  : uid=1000(system) android.anim expire 30 lines
11-23 20:25:29.628  1163  1295 I chatty  : uid=1000(system) UEventObserver expire 2 lines
11-23 20:25:29.997   486   738 W SocketListener: sending broadcast to Pid = 1163, Uid = 1000 
11-23 20:25:30.002  1163  1186 I chatty  : uid=1000(system) android.fg expire 9 lines
11-23 20:25:30.513 27104 27104 V ActivityThread: ActivityThread,callActivityOnCreate
11-23 20:25:30.633 27104 27104 D ActivityThread: add activity client record, r= ActivityRecord{27dae10 token=android.os.BinderProxy@cc0a74f {com.netease.play/com.netease.play.home.HomeActivity}} token= android.os.BinderProxy@cc0a74f
11-23 20:25:30.852  1450  8397 I CommandQueue: updateBarBgColor
11-23 20:25:30.853  1450  8397 D CommandQueue: CommandQueue, setBarBackgroundColor
11-23 20:25:31.608  1163  5553 I chatty  : uid=1000(system) Binder:1163_12 expire 5 lines
11-23 20:25:31.836   760   760 E wificond: Failed to get NL80211_RATE_INFO_NOISE
11-23 20:25:31.837   760   760 E wificond: Failed to get NL80211_RATE_INFO_SNR
11-23 20:25:31.837   760   760 E wificond: Failed to get NL80211_STA_INFO_CNAHLOAD
11-23 20:25:31.976  1163  1733 I chatty  : uid=1000(system) Binder:1163_B expire 28 lines
11-23 20:25:31.991  1163  1188 I chatty  : uid=1000(system) android.display expire 1 line
11-23 20:25:32.016  1163  1173 I chatty  : uid=1000(system) Binder:1163_1 expire 22 lines
11-23 20:25:32.259   486   740 W SocketListener: sending broadcast to Pid = 1163, Uid = 1000 
11-23 20:25:32.360 27104 27104 D ActivityThread: Remove activity client record, r= ActivityRecord{52ed615 token=android.os.BinderProxy@4a3e69d {com.netease.play/com.netease.play.login.LoginActivity}} token= android.os.BinderProxy@4a3e69d
11-23 20:25:32.361   486   738 W SocketListener: sending broadcast to Pid = 1163, Uid = 1000 
11-23 20:25:32.368  1163 12464 I chatty  : uid=1000(system) Binder:1163_1F expire 4 lines
11-23 20:25:33.051 27104 27104 W ViewRootImpl[HomeActivity]: Dropping event due to root view being removed: MotionEvent { action=ACTION_MOVE, actionButton=0, id[0]=0, x[0]=474.26923, y[0]=-213.719, toolType[0]=TOOL_TYPE_FINGER, buttonState=0, metaState=0, flags=0x0, edgeFlags=0x0, pointerCount=1, historySize=0, eventTime=29256049, downTime=29256041, deviceId=3, source=0x1002 }
11-23 20:25:33.833 27104 27104 V ActivityThread: ActivityThread,callActivityOnCreate
11-23 20:25:33.853 27104 27104 D ActivityThread: add activity client record, r= ActivityRecord{c00afc4 token=android.os.BinderProxy@974fedf {com.netease.play/com.netease.play.push.RedirectActivity}} token= android.os.BinderProxy@974fedf
11-23 20:25:33.866  1163  7544 I chatty  : uid=1000(system) Binder:1163_17 expire 7 lines
11-23 20:25:33.943 27104 27104 D ActivityThread: Remove activity client record, r= ActivityRecord{c00afc4 token=android.os.BinderProxy@974fedf {com.netease.play/com.netease.play.push.RedirectActivity}} token= android.os.BinderProxy@974fedf
11-23 20:25:34.176 27104 27104 V ActivityThread: ActivityThread,callActivityOnCreate
11-23 20:25:34.374   486   738 W SocketListener: sending broadcast to Pid = 1163, Uid = 1000 
11-23 20:25:34.375   760   760 E wificond: Failed to get NL80211_RATE_INFO_NOISE
11-23 20:25:34.375   760   760 E wificond: Failed to get NL80211_RATE_INFO_SNR
11-23 20:25:34.375   760   760 E wificond: Failed to get NL80211_STA_INFO_CNAHLOAD
11-23 20:25:34.380   760   760 E wificond: Failed to get NL80211_RATE_INFO_NOISE
11-23 20:25:34.380   760   760 E wificond: Failed to get NL80211_RATE_INFO_SNR
11-23 20:25:34.380   760   760 E wificond: Failed to get NL80211_STA_INFO_CNAHLOAD
11-23 20:25:34.453 27104 27104 D ActivityThread: add activity client record, r= ActivityRecord{6239362 token=android.os.BinderProxy@3327f3a {com.netease.play/com.netease.play.livepage.LiveViewerActivity}} token= android.os.BinderProxy@3327f3a
11-23 20:25:34.526  1450  8397 I CommandQueue: updateBarBgColor
11-23 20:25:34.526  1450  8397 D CommandQueue: CommandQueue, setBarBackgroundColor
11-23 20:25:34.842   760   760 E wificond: Failed to get NL80211_RATE_INFO_NOISE
11-23 20:25:34.842   760   760 E wificond: Failed to get NL80211_RATE_INFO_SNR
11-23 20:25:34.842   760   760 E wificond: Failed to get NL80211_STA_INFO_CNAHLOAD
11-23 20:25:35.977  1450  8397 I CommandQueue: updateBarBgColor
11-23 20:25:35.977  1450  8397 D CommandQueue: CommandQueue, setBarBackgroundColor
11-23 20:25:36.077 27104 27104 D ActivityThread: Remove activity client record, r= ActivityRecord{6239362 token=android.os.BinderProxy@3327f3a {com.netease.play/com.netease.play.livepage.LiveViewerActivity}} token= android.os.BinderProxy@3327f3a
11-23 20:25:36.149  1163  1180 I chatty  : uid=1000(system) android.ui expire 10 lines
11-23 20:25:36.468   486   738 W SocketListener: sending broadcast to Pid = 1163, Uid = 1000 
11-23 20:25:37.785  1450  1450 V DeadZone: consuming errant click: (1066.013,26.045654)
11-23 20:25:37.848   760   760 E wificond: Failed to get NL80211_RATE_INFO_NOISE
11-23 20:25:37.848   760   760 E wificond: Failed to get NL80211_RATE_INFO_SNR
11-23 20:25:37.848   760   760 E wificond: Failed to get NL80211_STA_INFO_CNAHLOAD
11-23 20:25:38.483   486   738 W SocketListener: sending broadcast to Pid = 1163, Uid = 1000 
11-23 20:25:38.484  1163  1333 I chatty  : uid=1000(system) NetdConnector expire 9 lines
11-23 20:25:38.492  1163  1334 I chatty  : uid=1000(system) NetworkStats expire 25 lines
11-23 20:25:40.649   486   738 W SocketListener: sending broadcast to Pid = 1163, Uid = 1000 
11-23 20:25:40.668  1163  1333 I chatty  : uid=1000(system) NetdConnector expire 27 lines
11-23 20:25:40.857   760   760 E wificond: Failed to get NL80211_RATE_INFO_NOISE
11-23 20:25:40.858   760   760 E wificond: Failed to get NL80211_RATE_INFO_SNR
11-23 20:25:40.858   760   760 E wificond: Failed to get NL80211_STA_INFO_CNAHLOAD
11-23 20:25:42.381   760   760 E wificond: Failed to get NL80211_RATE_INFO_NOISE
11-23 20:25:42.381   760   760 E wificond: Failed to get NL80211_RATE_INFO_SNR
11-23 20:25:42.381   760   760 E wificond: Failed to get NL80211_STA_INFO_CNAHLOAD
11-23 20:25:42.382   760   760 E wificond: Failed to get NL80211_RATE_INFO_NOISE
11-23 20:25:42.382   760   760 E wificond: Failed to get NL80211_RATE_INFO_SNR
11-23 20:25:42.382   760   760 E wificond: Failed to get NL80211_STA_INFO_CNAHLOAD
11-23 20:25:42.947   486   738 W SocketListener: sending broadcast to Pid = 1163, Uid = 1000 
11-23 20:25:42.954  1163  1186 I chatty  : uid=1000(system) android.fg expire 10 lines
11-23 20:25:43.867   760   760 E wificond: Failed to get NL80211_RATE_INFO_NOISE
11-23 20:25:43.867   760   760 E wificond: Failed to get NL80211_RATE_INFO_SNR
11-23 20:25:43.867   760   760 E wificond: Failed to get NL80211_STA_INFO_CNAHLOAD
11-23 20:25:44.950   486   738 W SocketListener: sending broadcast to Pid = 1163, Uid = 1000 
11-23 20:25:46.892   760   760 E wificond: Failed to get NL80211_RATE_INFO_NOISE
11-23 20:25:46.892   760   760 E wificond: Failed to get NL80211_RATE_INFO_SNR
11-23 20:25:46.892   760   760 E wificond: Failed to get NL80211_STA_INFO_CNAHLOAD
11-23 20:25:46.967   486   738 W SocketListener: sending broadcast to Pid = 1163, Uid = 1000 
11-23 20:25:47.152  1163  1558 I chatty  : uid=1000(system) watchdog expire 2 lines
11-23 20:25:48.969   486   738 W SocketListener: sending broadcast to Pid = 1163, Uid = 1000 
11-23 20:25:48.981  1163  1334 I chatty  : uid=1000(system) NetworkStats expire 25 lines
11-23 20:25:49.899   760   760 E wificond: Failed to get NL80211_RATE_INFO_NOISE
11-23 20:25:49.899   760   760 E wificond: Failed to get NL80211_RATE_INFO_SNR
11-23 20:25:49.899   760   760 E wificond: Failed to get NL80211_STA_INFO_CNAHLOAD
11-23 20:25:50.389   760   760 E wificond: Failed to get NL80211_RATE_INFO_NOISE
11-23 20:25:50.389   760   760 E wificond: Failed to get NL80211_RATE_INFO_SNR
11-23 20:25:50.389   760   760 E wificond: Failed to get NL80211_STA_INFO_CNAHLOAD
11-23 20:25:50.391   760   760 E wificond: Failed to get NL80211_RATE_INFO_NOISE
11-23 20:25:50.391   760   760 E wificond: Failed to get NL80211_RATE_INFO_SNR
11-23 20:25:50.391   760   760 E wificond: Failed to get NL80211_STA_INFO_CNAHLOAD
11-23 20:25:51.139   486   738 W SocketListener: sending broadcast to Pid = 1163, Uid = 1000 
11-23 20:25:51.141  1163  1333 I chatty  : uid=1000(system) NetdConnector expire 30 lines
11-23 20:25:52.905   760   760 E wificond: Failed to get NL80211_RATE_INFO_NOISE
11-23 20:25:52.905   760   760 E wificond: Failed to get NL80211_RATE_INFO_SNR
11-23 20:25:52.905   760   760 E wificond: Failed to get NL80211_STA_INFO_CNAHLOAD
11-23 20:25:53.472   486   738 W SocketListener: sending broadcast to Pid = 1163, Uid = 1000 
11-23 20:25:55.483   486   738 W SocketListener: sending broadcast to Pid = 1163, Uid = 1000 
11-23 20:25:55.912   760   760 E wificond: Failed to get NL80211_RATE_INFO_NOISE
11-23 20:25:55.913   760   760 E wificond: Failed to get NL80211_RATE_INFO_SNR
11-23 20:25:55.913   760   760 E wificond: Failed to get NL80211_STA_INFO_CNAHLOAD
11-23 20:25:57.580   486   738 W SocketListener: sending broadcast to Pid = 1163, Uid = 1000 
11-23 20:25:58.390   760   760 E wificond: Failed to get NL80211_RATE_INFO_NOISE
11-23 20:25:58.391   760   760 E wificond: Failed to get NL80211_RATE_INFO_SNR
11-23 20:25:58.391   760   760 E wificond: Failed to get NL80211_STA_INFO_CNAHLOAD
11-23 20:25:58.393   760   760 E wificond: Failed to get NL80211_RATE_INFO_NOISE
11-23 20:25:58.393   760   760 E wificond: Failed to get NL80211_RATE_INFO_SNR
11-23 20:25:58.393   760   760 E wificond: Failed to get NL80211_STA_INFO_CNAHLOAD
11-23 20:25:58.916   760   760 E wificond: Failed to get NL80211_RATE_INFO_NOISE
11-23 20:25:58.916   760   760 E wificond: Failed to get NL80211_RATE_INFO_SNR
11-23 20:25:58.916   760   760 E wificond: Failed to get NL80211_STA_INFO_CNAHLOAD
11-23 20:25:59.589   486   738 W SocketListener: sending broadcast to Pid = 1163, Uid = 1000 
11-23 20:25:59.605  1163  1334 I chatty  : uid=1000(system) NetworkStats expire 15 lines
11-23 20:25:59.707  1163  1295 I chatty  : uid=1000(system) UEventObserver expire 4 lines
11-23 20:25:59.722  1163  1163 I chatty  : uid=1000 system_server expire 17 lines
11-23 20:26:00.104  1163  1173 I chatty  : uid=1000(system) Binder:1163_1 expire 2 lines
11-23 20:26:01.601   486   738 W SocketListener: sending broadcast to Pid = 1163, Uid = 1000 
11-23 20:26:01.604  1163  1333 I chatty  : uid=1000(system) NetdConnector expire 12 lines
11-23 20:26:01.925   760   760 E wificond: Failed to get NL80211_RATE_INFO_NOISE
11-23 20:26:01.925   760   760 E wificond: Failed to get NL80211_RATE_INFO_SNR
11-23 20:26:01.925   760   760 E wificond: Failed to get NL80211_STA_INFO_CNAHLOAD
11-23 20:26:03.226  1163  1176 I chatty  : uid=1000(system) android.bg expire 3 lines
11-23 20:26:03.936   486   738 W SocketListener: sending broadcast to Pid = 1163, Uid = 1000 
11-23 20:26:03.939  1163  1186 I chatty  : uid=1000(system) android.fg expire 8 lines
11-23 20:26:04.943   760   760 E wificond: Failed to get NL80211_RATE_INFO_NOISE
11-23 20:26:04.943   760   760 E wificond: Failed to get NL80211_RATE_INFO_SNR
11-23 20:26:04.943   760   760 E wificond: Failed to get NL80211_STA_INFO_CNAHLOAD
11-23 20:26:06.403   760   760 E wificond: Failed to get NL80211_RATE_INFO_NOISE
11-23 20:26:06.403   760   760 E wificond: Failed to get NL80211_RATE_INFO_SNR
11-23 20:26:06.403   760   760 E wificond: Failed to get NL80211_STA_INFO_CNAHLOAD
11-23 20:26:06.406   760   760 E wificond: Failed to get NL80211_RATE_INFO_NOISE
11-23 20:26:06.406   760   760 E wificond: Failed to get NL80211_RATE_INFO_SNR
11-23 20:26:06.406   760   760 E wificond: Failed to get NL80211_STA_INFO_CNAHLOAD
11-23 20:26:07.961   760   760 E wificond: Failed to get NL80211_RATE_INFO_NOISE
11-23 20:26:07.961   760   760 E wificond: Failed to get NL80211_RATE_INFO_SNR
11-23 20:26:07.962   760   760 E wificond: Failed to get NL80211_STA_INFO_CNAHLOAD
11-23 20:26:10.981   760   760 E wificond: Failed to get NL80211_RATE_INFO_NOISE
11-23 20:26:10.981   760   760 E wificond: Failed to get NL80211_RATE_INFO_SNR
11-23 20:26:10.981   760   760 E wificond: Failed to get NL80211_STA_INFO_CNAHLOAD
11-23 20:26:13.999   760   760 E wificond: Failed to get NL80211_RATE_INFO_NOISE
11-23 20:26:13.999   760   760 E wificond: Failed to get NL80211_RATE_INFO_SNR
11-23 20:26:13.999   760   760 E wificond: Failed to get NL80211_STA_INFO_CNAHLOAD
11-23 20:26:14.403   760   760 E wificond: Failed to get NL80211_RATE_INFO_NOISE
11-23 20:26:14.403   760   760 E wificond: Failed to get NL80211_RATE_INFO_SNR
11-23 20:26:14.403   760   760 E wificond: Failed to get NL80211_STA_INFO_CNAHLOAD
11-23 20:26:14.407   760   760 E wificond: Failed to get NL80211_RATE_INFO_NOISE
11-23 20:26:14.407   760   760 E wificond: Failed to get NL80211_RATE_INFO_SNR
11-23 20:26:14.407   760   760 E wificond: Failed to get NL80211_STA_INFO_CNAHLOAD
11-23 20:26:16.177   486   738 W SocketListener: sending broadcast to Pid = 1163, Uid = 1000 
11-23 20:26:16.178  1163  1333 I chatty  : uid=1000(system) NetdConnector expire 30 lines
11-23 20:26:16.185  1163  1334 I chatty  : uid=1000(system) NetworkStats expire 25 lines
11-23 20:26:17.009   760   760 E wificond: Failed to get NL80211_RATE_INFO_NOISE
11-23 20:26:17.009   760   760 E wificond: Failed to get NL80211_RATE_INFO_SNR
11-23 20:26:17.009   760   760 E wificond: Failed to get NL80211_STA_INFO_CNAHLOAD
11-23 20:26:18.235   486   738 W SocketListener: sending broadcast to Pid = 1163, Uid = 1000 
11-23 20:26:20.019   760   760 E wificond: Failed to get NL80211_RATE_INFO_NOISE
11-23 20:26:20.020   760   760 E wificond: Failed to get NL80211_RATE_INFO_SNR
11-23 20:26:20.020   760   760 E wificond: Failed to get NL80211_STA_INFO_CNAHLOAD
11-23 20:26:20.508   486   738 W SocketListener: sending broadcast to Pid = 1163, Uid = 1000 
11-23 20:26:22.411   760   760 E wificond: Failed to get NL80211_RATE_INFO_NOISE
11-23 20:26:22.411   760   760 E wificond: Failed to get NL80211_RATE_INFO_SNR
11-23 20:26:22.411   760   760 E wificond: Failed to get NL80211_STA_INFO_CNAHLOAD
11-23 20:26:22.413   760   760 E wificond: Failed to get NL80211_RATE_INFO_NOISE
11-23 20:26:22.413   760   760 E wificond: Failed to get NL80211_RATE_INFO_SNR
11-23 20:26:22.413   760   760 E wificond: Failed to get NL80211_STA_INFO_CNAHLOAD
11-23 20:26:22.509   486   738 W SocketListener: sending broadcast to Pid = 1163, Uid = 1000 
11-23 20:26:23.025   760   760 E wificond: Failed to get NL80211_RATE_INFO_NOISE
11-23 20:26:23.025   760   760 E wificond: Failed to get NL80211_RATE_INFO_SNR
11-23 20:26:23.025   760   760 E wificond: Failed to get NL80211_STA_INFO_CNAHLOAD
11-23 20:26:23.464  1163  1163 I chatty  : uid=1000 system_server expire 5 lines
11-23 20:26:25.024   486   738 W SocketListener: sending broadcast to Pid = 1163, Uid = 1000 
11-23 20:26:26.032   760   760 E wificond: Failed to get NL80211_RATE_INFO_NOISE
11-23 20:26:26.032   760   760 E wificond: Failed to get NL80211_RATE_INFO_SNR
11-23 20:26:26.032   760   760 E wificond: Failed to get NL80211_STA_INFO_CNAHLOAD
11-23 20:26:27.288   486   738 W SocketListener: sending broadcast to Pid = 1163, Uid = 1000 
11-23 20:26:27.291  1163  1333 I chatty  : uid=1000(system) NetdConnector expire 11 lines
11-23 20:26:27.305  1163  1334 I chatty  : uid=1000(system) NetworkStats expire 15 lines
11-23 20:26:29.039   760   760 E wificond: Failed to get NL80211_RATE_INFO_NOISE
11-23 20:26:29.039   760   760 E wificond: Failed to get NL80211_RATE_INFO_SNR
11-23 20:26:29.039   760   760 E wificond: Failed to get NL80211_STA_INFO_CNAHLOAD
11-23 20:26:30.356   486   738 W SocketListener: sending broadcast to Pid = 1163, Uid = 1000 
11-23 20:26:30.402  1163  1333 I chatty  : uid=1000(system) NetdConnector expire 13 lines
11-23 20:26:30.419   760   760 E wificond: Failed to get NL80211_RATE_INFO_NOISE
11-23 20:26:30.419   760   760 E wificond: Failed to get NL80211_RATE_INFO_SNR
11-23 20:26:30.419   760   760 E wificond: Failed to get NL80211_STA_INFO_CNAHLOAD
11-23 20:26:30.421   760   760 E wificond: Failed to get NL80211_RATE_INFO_NOISE
11-23 20:26:30.422   760   760 E wificond: Failed to get NL80211_RATE_INFO_SNR
11-23 20:26:30.422   760   760 E wificond: Failed to get NL80211_STA_INFO_CNAHLOAD
11-23 20:26:32.047   760   760 E wificond: Failed to get NL80211_RATE_INFO_NOISE
11-23 20:26:32.047   760   760 E wificond: Failed to get NL80211_RATE_INFO_SNR
11-23 20:26:32.047   760   760 E wificond: Failed to get NL80211_STA_INFO_CNAHLOAD
11-23 20:26:35.058   760   760 E wificond: Failed to get NL80211_RATE_INFO_NOISE
11-23 20:26:35.058   760   760 E wificond: Failed to get NL80211_RATE_INFO_SNR
11-23 20:26:35.058   760   760 E wificond: Failed to get NL80211_STA_INFO_CNAHLOAD
11-23 20:26:36.220   486   738 W SocketListener: sending broadcast to Pid = 1163, Uid = 1000 
11-23 20:26:36.228  1163  1186 I chatty  : uid=1000(system) android.fg expire 10 lines
11-23 20:26:38.067   760   760 E wificond: Failed to get NL80211_RATE_INFO_NOISE
11-23 20:26:38.067   760   760 E wificond: Failed to get NL80211_RATE_INFO_SNR
11-23 20:26:38.067   760   760 E wificond: Failed to get NL80211_STA_INFO_CNAHLOAD
11-23 20:26:38.420   760   760 E wificond: Failed to get NL80211_RATE_INFO_NOISE
11-23 20:26:38.420   760   760 E wificond: Failed to get NL80211_RATE_INFO_SNR
11-23 20:26:38.421   760   760 E wificond: Failed to get NL80211_STA_INFO_CNAHLOAD
11-23 20:26:38.423   760   760 E wificond: Failed to get NL80211_RATE_INFO_NOISE
11-23 20:26:38.423   760   760 E wificond: Failed to get NL80211_RATE_INFO_SNR
11-23 20:26:38.423   760   760 E wificond: Failed to get NL80211_STA_INFO_CNAHLOAD
11-23 20:26:39.063   486   738 W SocketListener: sending broadcast to Pid = 1163, Uid = 1000 
11-23 20:26:39.075  1163  1334 I chatty  : uid=1000(system) NetworkStats expire 25 lines
11-23 20:26:41.069   486   738 W SocketListener: sending broadcast to Pid = 1163, Uid = 1000 
11-23 20:26:41.072  1163  1333 I chatty  : uid=1000(system) NetdConnector expire 30 lines
11-23 20:26:41.072   760   760 E wificond: Failed to get NL80211_RATE_INFO_NOISE
11-23 20:26:41.072   760   760 E wificond: Failed to get NL80211_RATE_INFO_SNR
11-23 20:26:41.072   760   760 E wificond: Failed to get NL80211_STA_INFO_CNAHLOAD
11-23 20:26:43.083   486   738 W SocketListener: sending broadcast to Pid = 1163, Uid = 1000 
11-23 20:26:44.081   760   760 E wificond: Failed to get NL80211_RATE_INFO_NOISE
11-23 20:26:44.081   760   760 E wificond: Failed to get NL80211_RATE_INFO_SNR
11-23 20:26:44.081   760   760 E wificond: Failed to get NL80211_STA_INFO_CNAHLOAD
11-23 20:26:45.147   486   738 W SocketListener: sending broadcast to Pid = 1163, Uid = 1000 
11-23 20:26:46.427   760   760 E wificond: Failed to get NL80211_RATE_INFO_NOISE
11-23 20:26:46.427   760   760 E wificond: Failed to get NL80211_RATE_INFO_SNR
11-23 20:26:46.427   760   760 E wificond: Failed to get NL80211_STA_INFO_CNAHLOAD
11-23 20:26:46.429   760   760 E wificond: Failed to get NL80211_RATE_INFO_NOISE
11-23 20:26:46.429   760   760 E wificond: Failed to get NL80211_RATE_INFO_SNR
11-23 20:26:46.429   760   760 E wificond: Failed to get NL80211_STA_INFO_CNAHLOAD
11-23 20:26:47.088   760   760 E wificond: Failed to get NL80211_RATE_INFO_NOISE
11-23 20:26:47.088   760   760 E wificond: Failed to get NL80211_RATE_INFO_SNR
11-23 20:26:47.088   760   760 E wificond: Failed to get NL80211_STA_INFO_CNAHLOAD
11-23 20:26:47.155  1163  1558 I chatty  : uid=1000(system) watchdog expire 8 lines
11-23 20:26:47.643   486   738 W SocketListener: sending broadcast to Pid = 1163, Uid = 1000 
11-23 20:26:49.651   486   738 W SocketListener: sending broadcast to Pid = 1163, Uid = 1000 
11-23 20:26:49.677  1163  1334 I chatty  : uid=1000(system) NetworkStats expire 25 lines
11-23 20:26:50.101   760   760 E wificond: Failed to get NL80211_RATE_INFO_NOISE
11-23 20:26:50.101   760   760 E wificond: Failed to get NL80211_RATE_INFO_SNR
11-23 20:26:50.101   760   760 E wificond: Failed to get NL80211_STA_INFO_CNAHLOAD
11-23 20:26:52.386   486   738 W SocketListener: sending broadcast to Pid = 1163, Uid = 1000 
11-23 20:26:52.387  1163  1333 I chatty  : uid=1000(system) NetdConnector expire 24 lines
11-23 20:26:53.110   760   760 E wificond: Failed to get NL80211_RATE_INFO_NOISE
11-23 20:26:53.111   760   760 E wificond: Failed to get NL80211_RATE_INFO_SNR
11-23 20:26:53.111   760   760 E wificond: Failed to get NL80211_STA_INFO_CNAHLOAD
11-23 20:26:54.394   486   738 W SocketListener: sending broadcast to Pid = 1163, Uid = 1000 
11-23 20:26:54.435   760   760 E wificond: Failed to get NL80211_RATE_INFO_NOISE
11-23 20:26:54.435   760   760 E wificond: Failed to get NL80211_RATE_INFO_SNR
11-23 20:26:54.435   760   760 E wificond: Failed to get NL80211_STA_INFO_CNAHLOAD
11-23 20:26:54.437   760   760 E wificond: Failed to get NL80211_RATE_INFO_NOISE
11-23 20:26:54.437   760   760 E wificond: Failed to get NL80211_RATE_INFO_SNR
11-23 20:26:54.437   760   760 E wificond: Failed to get NL80211_STA_INFO_CNAHLOAD
11-23 20:26:56.116   760   760 E wificond: Failed to get NL80211_RATE_INFO_NOISE
11-23 20:26:56.116   760   760 E wificond: Failed to get NL80211_RATE_INFO_SNR
11-23 20:26:56.116   760   760 E wificond: Failed to get NL80211_STA_INFO_CNAHLOAD
11-23 20:26:56.425   486   738 W SocketListener: sending broadcast to Pid = 1163, Uid = 1000 
11-23 20:26:58.537   486   738 W SocketListener: sending broadcast to Pid = 1163, Uid = 1000 
11-23 20:26:58.540  1163  1186 I chatty  : uid=1000(system) android.fg expire 9 lines
11-23 20:26:59.123   760   760 E wificond: Failed to get NL80211_RATE_INFO_NOISE
11-23 20:26:59.124   760   760 E wificond: Failed to get NL80211_RATE_INFO_SNR
11-23 20:26:59.124   760   760 E wificond: Failed to get NL80211_STA_INFO_CNAHLOAD
11-23 20:27:00.001  1163  1163 I chatty  : uid=1000 system_server expire 10 lines
11-23 20:27:00.065  1163  1295 I chatty  : uid=1000(system) UEventObserver expire 10 lines
11-23 20:27:00.116  1163  1173 I chatty  : uid=1000(system) Binder:1163_1 expire 2 lines
11-23 20:27:02.141   760   760 E wificond: Failed to get NL80211_RATE_INFO_NOISE
11-23 20:27:02.141   760   760 E wificond: Failed to get NL80211_RATE_INFO_SNR
11-23 20:27:02.141   760   760 E wificond: Failed to get NL80211_STA_INFO_CNAHLOAD
11-23 20:27:02.441   760   760 E wificond: Failed to get NL80211_RATE_INFO_NOISE
11-23 20:27:02.441   760   760 E wificond: Failed to get NL80211_RATE_INFO_SNR
11-23 20:27:02.441   760   760 E wificond: Failed to get NL80211_STA_INFO_CNAHLOAD
11-23 20:27:02.445   760   760 E wificond: Failed to get NL80211_RATE_INFO_NOISE
11-23 20:27:02.445   760   760 E wificond: Failed to get NL80211_RATE_INFO_SNR
11-23 20:27:02.445   760   760 E wificond: Failed to get NL80211_STA_INFO_CNAHLOAD
11-23 20:27:05.160   760   760 E wificond: Failed to get NL80211_RATE_INFO_NOISE
11-23 20:27:05.160   760   760 E wificond: Failed to get NL80211_RATE_INFO_SNR
11-23 20:27:05.160   760   760 E wificond: Failed to get NL80211_STA_INFO_CNAHLOAD
11-23 20:27:08.175   760   760 E wificond: Failed to get NL80211_RATE_INFO_NOISE
11-23 20:27:08.175   760   760 E wificond: Failed to get NL80211_RATE_INFO_SNR
11-23 20:27:08.176   760   760 E wificond: Failed to get NL80211_STA_INFO_CNAHLOAD
11-23 20:27:10.458   760   760 E wificond: Failed to get NL80211_RATE_INFO_NOISE
11-23 20:27:10.458   760   760 E wificond: Failed to get NL80211_RATE_INFO_SNR
11-23 20:27:10.458   760   760 E wificond: Failed to get NL80211_STA_INFO_CNAHLOAD
11-23 20:27:10.462   760   760 E wificond: Failed to get NL80211_RATE_INFO_NOISE
11-23 20:27:10.462   760   760 E wificond: Failed to get NL80211_RATE_INFO_SNR
11-23 20:27:10.462   760   760 E wificond: Failed to get NL80211_STA_INFO_CNAHLOAD
11-23 20:27:11.184   760   760 E wificond: Failed to get NL80211_RATE_INFO_NOISE
11-23 20:27:11.184   760   760 E wificond: Failed to get NL80211_RATE_INFO_SNR
11-23 20:27:11.184   760   760 E wificond: Failed to get NL80211_STA_INFO_CNAHLOAD
11-23 20:27:14.198   760   760 E wificond: Failed to get NL80211_RATE_INFO_NOISE
11-23 20:27:14.198   760   760 E wificond: Failed to get NL80211_RATE_INFO_SNR
11-23 20:27:14.198   760   760 E wificond: Failed to get NL80211_STA_INFO_CNAHLOAD
11-23 20:27:17.216   760   760 E wificond: Failed to get NL80211_RATE_INFO_NOISE
11-23 20:27:17.216   760   760 E wificond: Failed to get NL80211_RATE_INFO_SNR
11-23 20:27:17.216   760   760 E wificond: Failed to get NL80211_STA_INFO_CNAHLOAD
11-23 20:27:17.981   486   735 W SocketListener: sending broadcast to Pid = 1163, Uid = 1000 
11-23 20:27:17.986  1163  1333 I chatty  : uid=1000(system) NetdConnector expire 10 lines
11-23 20:27:18.464   760   760 E wificond: Failed to get NL80211_RATE_INFO_NOISE
11-23 20:27:18.464   760   760 E wificond: Failed to get NL80211_RATE_INFO_SNR
11-23 20:27:18.464   760   760 E wificond: Failed to get NL80211_STA_INFO_CNAHLOAD
11-23 20:27:18.468   760   760 E wificond: Failed to get NL80211_RATE_INFO_NOISE
11-23 20:27:18.468   760   760 E wificond: Failed to get NL80211_RATE_INFO_SNR
11-23 20:27:18.468   760   760 E wificond: Failed to get NL80211_STA_INFO_CNAHLOAD
11-23 20:27:20.233   760   760 E wificond: Failed to get NL80211_RATE_INFO_NOISE
11-23 20:27:20.233   760   760 E wificond: Failed to get NL80211_RATE_INFO_SNR
11-23 20:27:20.233   760   760 E wificond: Failed to get NL80211_STA_INFO_CNAHLOAD
11-23 20:27:23.252   760   760 E wificond: Failed to get NL80211_RATE_INFO_NOISE
11-23 20:27:23.252   760   760 E wificond: Failed to get NL80211_RATE_INFO_SNR
11-23 20:27:23.252   760   760 E wificond: Failed to get NL80211_STA_INFO_CNAHLOAD
11-23 20:27:26.271   760   760 E wificond: Failed to get NL80211_RATE_INFO_NOISE
11-23 20:27:26.272   760   760 E wificond: Failed to get NL80211_RATE_INFO_SNR
11-23 20:27:26.272   760   760 E wificond: Failed to get NL80211_STA_INFO_CNAHLOAD
11-23 20:27:26.461   760   760 E wificond: Failed to get NL80211_RATE_INFO_NOISE
11-23 20:27:26.461   760   760 E wificond: Failed to get NL80211_RATE_INFO_SNR
11-23 20:27:26.461   760   760 E wificond: Failed to get NL80211_STA_INFO_CNAHLOAD
11-23 20:27:26.464   760   760 E wificond: Failed to get NL80211_RATE_INFO_NOISE
11-23 20:27:26.464   760   760 E wificond: Failed to get NL80211_RATE_INFO_SNR
11-23 20:27:26.464   760   760 E wificond: Failed to get NL80211_STA_INFO_CNAHLOAD
11-23 20:27:27.308   486   735 W SocketListener: sending broadcast to Pid = 1163, Uid = 1000 
11-23 20:27:29.291   760   760 E wificond: Failed to get NL80211_RATE_INFO_NOISE
11-23 20:27:29.291   760   760 E wificond: Failed to get NL80211_RATE_INFO_SNR
11-23 20:27:29.291   760   760 E wificond: Failed to get NL80211_STA_INFO_CNAHLOAD
11-23 20:27:32.305   760   760 E wificond: Failed to get NL80211_RATE_INFO_NOISE
11-23 20:27:32.305   760   760 E wificond: Failed to get NL80211_RATE_INFO_SNR
11-23 20:27:32.305   760   760 E wificond: Failed to get NL80211_STA_INFO_CNAHLOAD
11-23 20:27:34.468   760   760 E wificond: Failed to get NL80211_RATE_INFO_NOISE
11-23 20:27:34.468   760   760 E wificond: Failed to get NL80211_RATE_INFO_SNR
11-23 20:27:34.468   760   760 E wificond: Failed to get NL80211_STA_INFO_CNAHLOAD
11-23 20:27:34.471   760   760 E wificond: Failed to get NL80211_RATE_INFO_NOISE
11-23 20:27:34.471   760   760 E wificond: Failed to get NL80211_RATE_INFO_SNR
11-23 20:27:34.471   760   760 E wificond: Failed to get NL80211_STA_INFO_CNAHLOAD
11-23 20:27:35.312   760   760 E wificond: Failed to get NL80211_RATE_INFO_NOISE
11-23 20:27:35.313   760   760 E wificond: Failed to get NL80211_RATE_INFO_SNR
11-23 20:27:35.313   760   760 E wificond: Failed to get NL80211_STA_INFO_CNAHLOAD
11-23 20:27:38.331   760   760 E wificond: Failed to get NL80211_RATE_INFO_NOISE
11-23 20:27:38.331   760   760 E wificond: Failed to get NL80211_RATE_INFO_SNR
11-23 20:27:38.331   760   760 E wificond: Failed to get NL80211_STA_INFO_CNAHLOAD
11-23 20:27:41.350   760   760 E wificond: Failed to get NL80211_RATE_INFO_NOISE
11-23 20:27:41.350   760   760 E wificond: Failed to get NL80211_RATE_INFO_SNR
11-23 20:27:41.350   760   760 E wificond: Failed to get NL80211_STA_INFO_CNAHLOAD
11-23 20:27:41.639  1163  1733 I chatty  : uid=1000(system) Binder:1163_B expire 12 lines
11-23 20:27:42.472   760   760 E wificond: Failed to get NL80211_RATE_INFO_NOISE
11-23 20:27:42.472   760   760 E wificond: Failed to get NL80211_RATE_INFO_SNR
11-23 20:27:42.472   760   760 E wificond: Failed to get NL80211_STA_INFO_CNAHLOAD
11-23 20:27:42.476   760   760 E wificond: Failed to get NL80211_RATE_INFO_NOISE
11-23 20:27:42.476   760   760 E wificond: Failed to get NL80211_RATE_INFO_SNR
11-23 20:27:42.476   760   760 E wificond: Failed to get NL80211_STA_INFO_CNAHLOAD
11-23 20:27:44.367   760   760 E wificond: Failed to get NL80211_RATE_INFO_NOISE
11-23 20:27:44.368   760   760 E wificond: Failed to get NL80211_RATE_INFO_SNR
11-23 20:27:44.368   760   760 E wificond: Failed to get NL80211_STA_INFO_CNAHLOAD
11-23 20:27:47.387   760   760 E wificond: Failed to get NL80211_RATE_INFO_NOISE
11-23 20:27:47.387   760   760 E wificond: Failed to get NL80211_RATE_INFO_SNR
11-23 20:27:47.387   760   760 E wificond: Failed to get NL80211_STA_INFO_CNAHLOAD
11-23 20:27:50.406   760   760 E wificond: Failed to get NL80211_RATE_INFO_NOISE
11-23 20:27:50.406   760   760 E wificond: Failed to get NL80211_RATE_INFO_SNR
11-23 20:27:50.406   760   760 E wificond: Failed to get NL80211_STA_INFO_CNAHLOAD
11-23 20:27:50.471   760   760 E wificond: Failed to get NL80211_RATE_INFO_NOISE
11-23 20:27:50.471   760   760 E wificond: Failed to get NL80211_RATE_INFO_SNR
11-23 20:27:50.471   760   760 E wificond: Failed to get NL80211_STA_INFO_CNAHLOAD
11-23 20:27:50.474   760   760 E wificond: Failed to get NL80211_RATE_INFO_NOISE
11-23 20:27:50.475   760   760 E wificond: Failed to get NL80211_RATE_INFO_SNR
11-23 20:27:50.475   760   760 E wificond: Failed to get NL80211_STA_INFO_CNAHLOAD
11-23 20:27:53.423   760   760 E wificond: Failed to get NL80211_RATE_INFO_NOISE
11-23 20:27:53.423   760   760 E wificond: Failed to get NL80211_RATE_INFO_SNR
11-23 20:27:53.423   760   760 E wificond: Failed to get NL80211_STA_INFO_CNAHLOAD
11-23 20:27:56.444   760   760 E wificond: Failed to get NL80211_RATE_INFO_NOISE
11-23 20:27:56.444   760   760 E wificond: Failed to get NL80211_RATE_INFO_SNR
11-23 20:27:56.444   760   760 E wificond: Failed to get NL80211_STA_INFO_CNAHLOAD
11-23 20:27:58.489   760   760 E wificond: Failed to get NL80211_RATE_INFO_NOISE
11-23 20:27:58.489   760   760 E wificond: Failed to get NL80211_RATE_INFO_SNR
11-23 20:27:58.490   760   760 E wificond: Failed to get NL80211_STA_INFO_CNAHLOAD
11-23 20:27:58.493   760   760 E wificond: Failed to get NL80211_RATE_INFO_NOISE
11-23 20:27:58.493   760   760 E wificond: Failed to get NL80211_RATE_INFO_SNR
11-23 20:27:58.493   760   760 E wificond: Failed to get NL80211_STA_INFO_CNAHLOAD
11-23 20:27:59.452   760   760 E wificond: Failed to get NL80211_RATE_INFO_NOISE
11-23 20:27:59.452   760   760 E wificond: Failed to get NL80211_RATE_INFO_SNR
11-23 20:27:59.452   760   760 E wificond: Failed to get NL80211_STA_INFO_CNAHLOAD
11-23 20:28:02.474   760   760 E wificond: Failed to get NL80211_RATE_INFO_NOISE
11-23 20:28:02.474   760   760 E wificond: Failed to get NL80211_RATE_INFO_SNR
11-23 20:28:02.474   760   760 E wificond: Failed to get NL80211_STA_INFO_CNAHLOAD
11-23 20:28:05.457  1163  7544 I chatty  : uid=1000(system) Binder:1163_17 expire 11 lines
11-23 20:28:05.484   760   760 E wificond: Failed to get NL80211_RATE_INFO_NOISE
11-23 20:28:05.484   760   760 E wificond: Failed to get NL80211_RATE_INFO_SNR
11-23 20:28:05.484   760   760 E wificond: Failed to get NL80211_STA_INFO_CNAHLOAD
11-23 20:28:06.496   760   760 E wificond: Failed to get NL80211_RATE_INFO_NOISE
11-23 20:28:06.496   760   760 E wificond: Failed to get NL80211_RATE_INFO_SNR
11-23 20:28:06.496   760   760 E wificond: Failed to get NL80211_STA_INFO_CNAHLOAD
11-23 20:28:06.500   760   760 E wificond: Failed to get NL80211_RATE_INFO_NOISE
11-23 20:28:06.500   760   760 E wificond: Failed to get NL80211_RATE_INFO_SNR
11-23 20:28:06.500   760   760 E wificond: Failed to get NL80211_STA_INFO_CNAHLOAD
11-23 20:28:08.501   760   760 E wificond: Failed to get NL80211_RATE_INFO_NOISE
11-23 20:28:08.501   760   760 E wificond: Failed to get NL80211_RATE_INFO_SNR
11-23 20:28:08.501   760   760 E wificond: Failed to get NL80211_STA_INFO_CNAHLOAD
11-23 20:28:11.520   760   760 E wificond: Failed to get NL80211_RATE_INFO_NOISE
11-23 20:28:11.520   760   760 E wificond: Failed to get NL80211_RATE_INFO_SNR
11-23 20:28:11.520   760   760 E wificond: Failed to get NL80211_STA_INFO_CNAHLOAD
11-23 20:28:14.496   760   760 E wificond: Failed to get NL80211_RATE_INFO_NOISE
11-23 20:28:14.496   760   760 E wificond: Failed to get NL80211_RATE_INFO_SNR
11-23 20:28:14.496   760   760 E wificond: Failed to get NL80211_STA_INFO_CNAHLOAD
11-23 20:28:14.500   760   760 E wificond: Failed to get NL80211_RATE_INFO_NOISE
11-23 20:28:14.500   760   760 E wificond: Failed to get NL80211_RATE_INFO_SNR
11-23 20:28:14.500   760   760 E wificond: Failed to get NL80211_STA_INFO_CNAHLOAD
11-23 20:28:14.527   760   760 E wificond: Failed to get NL80211_RATE_INFO_NOISE
11-23 20:28:14.527   760   760 E wificond: Failed to get NL80211_RATE_INFO_SNR
11-23 20:28:14.527   760   760 E wificond: Failed to get NL80211_STA_INFO_CNAHLOAD
11-23 20:28:17.544   760   760 E wificond: Failed to get NL80211_RATE_INFO_NOISE
11-23 20:28:17.544   760   760 E wificond: Failed to get NL80211_RATE_INFO_SNR
11-23 20:28:17.544   760   760 E wificond: Failed to get NL80211_STA_INFO_CNAHLOAD
11-23 20:28:20.541   486   735 W SocketListener: sending broadcast to Pid = 1163, Uid = 1000 
