11-23 16:41:10.631  1163  1334 I chatty  : uid=1000(system) NetworkStats expire 10 lines
11-23 16:41:14.326  1163  1295 I chatty  : uid=1000(system) UEventObserver expire 8 lines
11-23 16:41:16.627   486   738 W SocketListener: sending broadcast to Pid = 1163, Uid = 1000 
11-23 16:41:17.901   760   760 I chatty  : uid=1010(wifi) /system/bin/wificond expire 18 lines
11-23 16:41:22.589   486   738 W SocketListener: sending broadcast to Pid = 1163, Uid = 1000 
11-23 16:41:22.590  1163  1333 I chatty  : uid=1000(system) NetdConnector expire 18 lines
11-23 16:41:22.597  1163  1334 I chatty  : uid=1000(system) NetworkStats expire 10 lines
11-23 16:41:29.007   486   738 W SocketListener: sending broadcast to Pid = 1163, Uid = 1000 
11-23 16:41:29.011  1163  1186 I chatty  : uid=1000(system) android.fg expire 10 lines
11-23 16:41:29.943   760   760 I chatty  : uid=1010(wifi) /system/bin/wificond expire 24 lines
11-23 16:41:35.143   486   738 W SocketListener: sending broadcast to Pid = 1163, Uid = 1000 
11-23 16:41:35.151  1163  1334 I chatty  : uid=1000(system) NetworkStats expire 10 lines
11-23 16:41:41.147   486   738 W SocketListener: sending broadcast to Pid = 1163, Uid = 1000 
11-23 16:41:41.148  1163  1333 I chatty  : uid=1000(system) NetdConnector expire 12 lines
11-23 16:41:41.893  1163  1558 I chatty  : uid=1000(system) watchdog expire 3 lines
11-23 16:41:41.977   760   760 I chatty  : uid=1010(wifi) /system/bin/wificond expire 18 lines
11-23 16:41:47.117   486   738 W SocketListener: sending broadcast to Pid = 1163, Uid = 1000 
11-23 16:41:47.123  1163  1334 I chatty  : uid=1000(system) NetworkStats expire 10 lines
11-23 16:41:53.668   486   738 W SocketListener: sending broadcast to Pid = 1163, Uid = 1000 
11-23 16:41:53.670  1163  1333 I chatty  : uid=1000(system) NetdConnector expire 12 lines
11-23 16:41:54.015   760   760 I chatty  : uid=1010(wifi) /system/bin/wificond expire 24 lines
11-23 16:41:59.466  1163  5553 I chatty  : uid=1000(system) Binder:1163_12 expire 8 lines
11-23 16:41:59.845   486   738 W SocketListener: sending broadcast to Pid = 1163, Uid = 1000 
11-23 16:41:59.853  1163  1334 I chatty  : uid=1000(system) NetworkStats expire 10 lines
11-23 16:42:05.980   486   738 W SocketListener: sending broadcast to Pid = 1163, Uid = 1000 
11-23 16:42:05.983  1163  1333 I chatty  : uid=1000(system) NetdConnector expire 12 lines
11-23 16:42:06.048   760   760 I chatty  : uid=1010(wifi) /system/bin/wificond expire 21 lines
11-23 16:42:11.906   486   738 W SocketListener: sending broadcast to Pid = 1163, Uid = 1000 
11-23 16:42:11.914  1163  1334 I chatty  : uid=1000(system) NetworkStats expire 10 lines
11-23 16:42:18.528   486   738 W SocketListener: sending broadcast to Pid = 1163, Uid = 1000 
11-23 16:42:18.529  1163  1333 I chatty  : uid=1000(system) NetdConnector expire 12 lines
11-23 16:42:20.032   760   760 I chatty  : uid=1010(wifi) /system/bin/wificond expire 24 lines
11-23 16:42:24.711   486   738 W SocketListener: sending broadcast to Pid = 1163, Uid = 1000 
11-23 16:42:24.718  1163  1334 I chatty  : uid=1000(system) NetworkStats expire 10 lines
11-23 16:42:30.686   486   738 W SocketListener: sending broadcast to Pid = 1163, Uid = 1000 
11-23 16:42:30.687  1163  1333 I chatty  : uid=1000(system) NetdConnector expire 12 lines
11-23 16:42:30.689  1163  1186 I chatty  : uid=1000(system) android.fg expire 16 lines
11-23 16:42:33.125   760   760 I chatty  : uid=1010(wifi) /system/bin/wificond expire 30 lines
11-23 16:42:36.734   486   738 W SocketListener: sending broadcast to Pid = 1163, Uid = 1000 
11-23 16:42:36.746  1163  1334 I chatty  : uid=1000(system) NetworkStats expire 10 lines
11-23 16:42:43.020   486   738 W SocketListener: sending broadcast to Pid = 1163, Uid = 1000 
11-23 16:42:43.021  1163  1333 I chatty  : uid=1000(system) NetdConnector expire 12 lines
11-23 16:42:44.581  1163  1163 I chatty  : uid=1000 system_server expire 14 lines
11-23 16:42:49.109   486   738 W SocketListener: sending broadcast to Pid = 1163, Uid = 1000 
11-23 16:42:49.118  1163  1334 I chatty  : uid=1000(system) NetworkStats expire 10 lines
11-23 16:42:51.174   760   760 I chatty  : uid=1010(wifi) /system/bin/wificond expire 24 lines
11-23 16:42:55.140   486   738 W SocketListener: sending broadcast to Pid = 1163, Uid = 1000 
11-23 16:42:55.141  1163  1333 I chatty  : uid=1000(system) NetdConnector expire 12 lines
11-23 16:43:01.668   486   738 W SocketListener: sending broadcast to Pid = 1163, Uid = 1000 
11-23 16:43:01.680  1163  1334 I chatty  : uid=1000(system) NetworkStats expire 10 lines
11-23 16:43:02.003  1163  1179 I chatty  : uid=1000(system) ActivityManager expire 1 line
11-23 16:43:02.035  1163  8060 I chatty  : uid=1000(system) Binder:1163_1A expire 10 lines
11-23 16:43:03.211   760   760 I chatty  : uid=1010(wifi) /system/bin/wificond expire 18 lines
11-23 16:43:05.726  1163  1176 I chatty  : uid=1000(system) android.bg expire 1 line
11-23 16:43:07.625   486   738 W SocketListener: sending broadcast to Pid = 1163, Uid = 1000 
11-23 16:43:07.626  1163  1333 I chatty  : uid=1000(system) NetdConnector expire 12 lines
11-23 16:43:09.789  1163  5553 I chatty  : uid=1000(system) Binder:1163_12 expire 1 line
11-23 16:43:11.896  1163  1558 I chatty  : uid=1000(system) watchdog expire 4 lines
11-23 16:43:13.734   486   738 W SocketListener: sending broadcast to Pid = 1163, Uid = 1000 
11-23 16:43:13.743  1163  1334 I chatty  : uid=1000(system) NetworkStats expire 10 lines
11-23 16:43:14.647  1163  1295 I chatty  : uid=1000(system) UEventObserver expire 10 lines
11-23 16:43:15.248   760   760 I chatty  : uid=1010(wifi) /system/bin/wificond expire 24 lines
11-23 16:43:19.706   486   738 W SocketListener: sending broadcast to Pid = 1163, Uid = 1000 
11-23 16:43:19.707  1163  1333 I chatty  : uid=1000(system) NetdConnector expire 12 lines
11-23 16:43:25.852   486   738 W SocketListener: sending broadcast to Pid = 1163, Uid = 1000 
11-23 16:43:25.861  1163  1334 I chatty  : uid=1000(system) NetworkStats expire 10 lines
11-23 16:43:26.291  1163  1665 I chatty  : uid=1000(system) Binder:1163_6 expire 3 lines
11-23 16:43:27.289   760   760 I chatty  : uid=1010(wifi) /system/bin/wificond expire 18 lines
11-23 16:43:31.978   486   738 W SocketListener: sending broadcast to Pid = 1163, Uid = 1000 
11-23 16:43:31.980  1163  1333 I chatty  : uid=1000(system) NetdConnector expire 12 lines
11-23 16:43:38.497   486   738 W SocketListener: sending broadcast to Pid = 1163, Uid = 1000 
11-23 16:43:38.505  1163  1334 I chatty  : uid=1000(system) NetworkStats expire 10 lines
11-23 16:43:39.323   760   760 I chatty  : uid=1010(wifi) /system/bin/wificond expire 24 lines
11-23 16:43:44.980   486   738 W SocketListener: sending broadcast to Pid = 1163, Uid = 1000 
11-23 16:43:44.981  1163  1333 I chatty  : uid=1000(system) NetdConnector expire 12 lines
11-23 16:43:51.175   486   738 W SocketListener: sending broadcast to Pid = 1163, Uid = 1000 
11-23 16:43:51.199  1163  1334 I chatty  : uid=1000(system) NetworkStats expire 10 lines
11-23 16:43:51.354   760   760 I chatty  : uid=1010(wifi) /system/bin/wificond expire 18 lines
11-23 16:43:57.149   486   738 W SocketListener: sending broadcast to Pid = 1163, Uid = 1000 
11-23 16:43:57.150  1163  1333 I chatty  : uid=1000(system) NetdConnector expire 12 lines
11-23 16:44:03.360   486   738 W SocketListener: sending broadcast to Pid = 1163, Uid = 1000 
11-23 16:44:03.367  1163  1334 I chatty  : uid=1000(system) NetworkStats expire 10 lines
11-23 16:44:03.392   760   760 I chatty  : uid=1010(wifi) /system/bin/wificond expire 24 lines
11-23 16:44:04.637  1163  8060 I chatty  : uid=1000(system) Binder:1163_1A expire 1 line
11-23 16:44:09.361   486   738 W SocketListener: sending broadcast to Pid = 1163, Uid = 1000 
11-23 16:44:09.362  1163  1333 I chatty  : uid=1000(system) NetdConnector expire 12 lines
11-23 16:44:09.365  1163  1186 I chatty  : uid=1000(system) android.fg expire 17 lines
11-23 16:44:15.411   486   738 W SocketListener: sending broadcast to Pid = 1163, Uid = 1000 
11-23 16:44:15.416  1163  1334 I chatty  : uid=1000(system) NetworkStats expire 10 lines
11-23 16:44:15.425   760   760 I chatty  : uid=1010(wifi) /system/bin/wificond expire 18 lines
11-23 16:44:16.420  1163  1184 I chatty  : uid=1000(system) batterystats-sy expire 2 lines
11-23 16:44:16.421  1163  1163 I chatty  : uid=1000 system_server expire 16 lines
11-23 16:44:21.658   486   738 W SocketListener: sending broadcast to Pid = 1163, Uid = 1000 
11-23 16:44:21.660  1163  1333 I chatty  : uid=1000(system) NetdConnector expire 12 lines
11-23 16:44:27.228   486   738 W SocketListener: sending broadcast to Pid = 1163, Uid = 1000 
11-23 16:44:27.247  1163  1334 I chatty  : uid=1000(system) NetworkStats expire 10 lines
11-23 16:44:27.456   760   760 I chatty  : uid=1010(wifi) /system/bin/wificond expire 27 lines
11-23 16:44:33.875   486   738 W SocketListener: sending broadcast to Pid = 1163, Uid = 1000 
11-23 16:44:33.876  1163  1333 I chatty  : uid=1000(system) NetdConnector expire 12 lines
11-23 16:44:40.003   486   738 W SocketListener: sending broadcast to Pid = 1163, Uid = 1000 
11-23 16:44:40.011  1163  1334 I chatty  : uid=1000(system) NetworkStats expire 20 lines
11-23 16:44:42.501   760   760 I chatty  : uid=1010(wifi) /system/bin/wificond expire 30 lines
11-23 16:44:46.108   486   738 W SocketListener: sending broadcast to Pid = 1163, Uid = 1000 
11-23 16:44:46.109  1163  1333 I chatty  : uid=1000(system) NetdConnector expire 12 lines
11-23 16:44:52.208   486   738 W SocketListener: sending broadcast to Pid = 1163, Uid = 1000 
11-23 16:44:58.529   486   738 W SocketListener: sending broadcast to Pid = 1163, Uid = 1000 
11-23 16:44:58.530  1163  1333 I chatty  : uid=1000(system) NetdConnector expire 12 lines
11-23 16:45:00.140   760   760 I chatty  : uid=1010(wifi) /system/bin/wificond expire 24 lines
11-23 16:45:01.459  1163  1578 I chatty  : uid=1000(system) Binder:1163_5 expire 5 lines
11-23 16:45:02.003  1163  1179 I chatty  : uid=1000(system) ActivityManager expire 1 line
11-23 16:45:02.013  1163  1309 I chatty  : uid=1000(system) Binder:1163_3 expire 2 lines
11-23 16:45:02.044  1163  1665 I chatty  : uid=1000(system) Binder:1163_6 expire 1 line
11-23 16:45:04.734   486   738 W SocketListener: sending broadcast to Pid = 1163, Uid = 1000 
11-23 16:45:04.744  1163  1334 I chatty  : uid=1000(system) NetworkStats expire 10 lines
11-23 16:45:10.745   486   738 W SocketListener: sending broadcast to Pid = 1163, Uid = 1000 
11-23 16:45:10.746  1163  1333 I chatty  : uid=1000(system) NetdConnector expire 12 lines
11-23 16:45:11.900  1163  1558 I chatty  : uid=1000(system) watchdog expire 3 lines
11-23 16:45:12.605   760   760 I chatty  : uid=1010(wifi) /system/bin/wificond expire 18 lines
11-23 16:45:14.965  1163  1295 I chatty  : uid=1000(system) UEventObserver expire 4 lines
11-23 16:45:17.066   486   738 W SocketListener: sending broadcast to Pid = 1163, Uid = 1000 
11-23 16:45:17.073  1163  1334 I chatty  : uid=1000(system) NetworkStats expire 10 lines
11-23 16:45:19.460  1163  1163 I chatty  : uid=1000 system_server expire 8 lines
11-23 16:45:23.284   486   738 W SocketListener: sending broadcast to Pid = 1163, Uid = 1000 
11-23 16:45:23.285  1163  1333 I chatty  : uid=1000(system) NetdConnector expire 12 lines
11-23 16:45:24.160   760   760 I chatty  : uid=1010(wifi) /system/bin/wificond expire 24 lines
11-23 16:45:28.907   486   738 W SocketListener: sending broadcast to Pid = 1163, Uid = 1000 
11-23 16:45:28.915  1163  1334 I chatty  : uid=1000(system) NetworkStats expire 10 lines
11-23 16:45:34.808   486   738 W SocketListener: sending broadcast to Pid = 1163, Uid = 1000 
11-23 16:45:34.810  1163  1333 I chatty  : uid=1000(system) NetdConnector expire 12 lines
11-23 16:45:36.673   760   760 I chatty  : uid=1010(wifi) /system/bin/wificond expire 18 lines
11-23 16:45:41.227   486   738 W SocketListener: sending broadcast to Pid = 1163, Uid = 1000 
11-23 16:45:41.232  1163  1334 I chatty  : uid=1000(system) NetworkStats expire 10 lines
11-23 16:45:47.436   486   738 W SocketListener: sending broadcast to Pid = 1163, Uid = 1000 
11-23 16:45:47.437  1163  1333 I chatty  : uid=1000(system) NetdConnector expire 12 lines
11-23 16:45:48.179   760   760 I chatty  : uid=1010(wifi) /system/bin/wificond expire 24 lines
11-23 16:45:53.429   486   738 W SocketListener: sending broadcast to Pid = 1163, Uid = 1000 
11-23 16:45:53.432  1163  1186 I chatty  : uid=1000(system) android.fg expire 7 lines
11-23 16:45:53.436  1163  1334 I chatty  : uid=1000(system) NetworkStats expire 10 lines
11-23 16:45:59.386   486   738 W SocketListener: sending broadcast to Pid = 1163, Uid = 1000 
11-23 16:45:59.387  1163  1333 I chatty  : uid=1000(system) NetdConnector expire 24 lines
11-23 16:46:00.757   760   760 I chatty  : uid=1010(wifi) /system/bin/wificond expire 18 lines
11-23 16:46:05.421   486   738 W SocketListener: sending broadcast to Pid = 1163, Uid = 1000 
11-23 16:46:05.430  1163  1334 I chatty  : uid=1000(system) NetworkStats expire 10 lines
11-23 16:46:11.613   486   738 W SocketListener: sending broadcast to Pid = 1163, Uid = 1000 
11-23 16:46:12.194   760   760 I chatty  : uid=1010(wifi) /system/bin/wificond expire 24 lines
11-23 16:46:15.127  1163  1295 I chatty  : uid=1000(system) UEventObserver expire 14 lines
11-23 16:46:15.137  1163  1163 I chatty  : uid=1000 system_server expire 17 lines
11-23 16:46:17.617   486   738 W SocketListener: sending broadcast to Pid = 1163, Uid = 1000 
11-23 16:46:17.627  1163  1334 I chatty  : uid=1000(system) NetworkStats expire 10 lines
11-23 16:46:23.677   486   738 W SocketListener: sending broadcast to Pid = 1163, Uid = 1000 
11-23 16:46:23.678  1163  1333 I chatty  : uid=1000(system) NetdConnector expire 12 lines
11-23 16:46:24.831   760   760 I chatty  : uid=1010(wifi) /system/bin/wificond expire 18 lines
11-23 16:46:30.111   486   738 W SocketListener: sending broadcast to Pid = 1163, Uid = 1000 
11-23 16:46:30.123  1163  1334 I chatty  : uid=1000(system) NetworkStats expire 20 lines
11-23 16:46:31.064  1163  1578 I chatty  : uid=1000(system) Binder:1163_5 expire 53 lines
11-23 16:46:31.102  1163  1665 I chatty  : uid=1000(system) Binder:1163_6 expire 28 lines
11-23 16:46:32.365 18703 18703 V ActivityThread: ActivityThread,callActivityOnCreate
11-23 16:46:32.382  1163  1353 I chatty  : uid=1000(system) ConnectivitySer expire 6 lines
11-23 16:46:32.441 18703 18703 D ActivityThread: add activity client record, r= ActivityRecord{292ae27 token=android.os.BinderProxy@3023d6a {com.netease.play/com.netease.play.webview.WebviewActivity}} token= android.os.BinderProxy@3023d6a
11-23 16:46:32.470 21208 21208 D ActivityThread: ActivityThread,attachApplication
11-23 16:46:32.497  1163  1309 I chatty  : uid=1000(system) Binder:1163_3 expire 52 lines
11-23 16:46:32.596  1163  1284 I chatty  : uid=1000(system) android.anim expire 37 lines
11-23 16:46:34.117   486   738 W SocketListener: sending broadcast to Pid = 1163, Uid = 1000 
11-23 16:46:34.118  1163  1333 I chatty  : uid=1000(system) NetdConnector expire 18 lines
11-23 16:46:34.120  1163  1186 I chatty  : uid=1000(system) android.fg expire 13 lines
11-23 16:46:35.210 18703 18703 V ActivityThread: ActivityThread,callActivityOnCreate
11-23 16:46:35.275 18703 18703 D ActivityThread: add activity client record, r= ActivityRecord{da9edf token=android.os.BinderProxy@7cdd0ce {com.netease.play/com.netease.play.webview.WebviewActivity}} token= android.os.BinderProxy@7cdd0ce
11-23 16:46:36.200   760   760 I chatty  : uid=1010(wifi) /system/bin/wificond expire 24 lines
11-23 16:46:36.440 18703 18703 V ActivityThread: ActivityThread,callActivityOnCreate
11-23 16:46:36.510 18703 18703 D ActivityThread: add activity client record, r= ActivityRecord{3cbdb92 token=android.os.BinderProxy@d935ead {com.netease.play/com.netease.play.webview.WebviewActivity}} token= android.os.BinderProxy@d935ead
11-23 16:46:36.811   486   738 W SocketListener: sending broadcast to Pid = 1163, Uid = 1000 
11-23 16:46:40.076 18703 18703 D ActivityThread: Remove activity client record, r= ActivityRecord{3cbdb92 token=android.os.BinderProxy@d935ead {com.netease.play/com.netease.play.webview.WebviewActivity}} token= android.os.BinderProxy@d935ead
11-23 16:46:40.933 18703 18703 D ActivityThread: Remove activity client record, r= ActivityRecord{da9edf token=android.os.BinderProxy@7cdd0ce {com.netease.play/com.netease.play.webview.WebviewActivity}} token= android.os.BinderProxy@7cdd0ce
11-23 16:46:41.904  1163  1558 I chatty  : uid=1000(system) watchdog expire 6 lines
11-23 16:46:42.474 18703 18703 V ActivityThread: ActivityThread,callActivityOnCreate
11-23 16:46:42.540 18703 18703 D ActivityThread: add activity client record, r= ActivityRecord{9572b4 token=android.os.BinderProxy@85b6697 {com.netease.play/com.netease.play.webview.WebviewActivity}} token= android.os.BinderProxy@85b6697
11-23 16:46:42.553   486   738 W SocketListener: sending broadcast to Pid = 1163, Uid = 1000 
11-23 16:46:42.573  1163  1309 I chatty  : uid=1000(system) Binder:1163_3 expire 15 lines
11-23 16:46:46.658  1163  1578 I chatty  : uid=1000(system) Binder:1163_5 expire 21 lines
11-23 16:46:46.689  1163  1665 I chatty  : uid=1000(system) Binder:1163_6 expire 26 lines
11-23 16:46:46.763   486   738 W SocketListener: sending broadcast to Pid = 1163, Uid = 1000 
11-23 16:46:46.764  1163  1333 I chatty  : uid=1000(system) NetdConnector expire 12 lines
11-23 16:46:46.778  1163  1334 I chatty  : uid=1000(system) NetworkStats expire 10 lines
11-23 16:46:46.978 18703 18703 D ActivityThread: Remove activity client record, r= ActivityRecord{9572b4 token=android.os.BinderProxy@85b6697 {com.netease.play/com.netease.play.webview.WebviewActivity}} token= android.os.BinderProxy@85b6697
11-23 16:46:48.110 18703 18703 D ActivityThread: Remove activity client record, r= ActivityRecord{292ae27 token=android.os.BinderProxy@3023d6a {com.netease.play/com.netease.play.webview.WebviewActivity}} token= android.os.BinderProxy@3023d6a
11-23 16:46:48.184  1163  1176 I chatty  : uid=1000(system) android.bg expire 4 lines
11-23 16:46:48.898   760   760 I chatty  : uid=1010(wifi) /system/bin/wificond expire 18 lines
11-23 16:46:52.833   486   738 W SocketListener: sending broadcast to Pid = 1163, Uid = 1000 
11-23 16:46:56.329  1163  9958 I chatty  : uid=1000(system) Binder:1163_1D expire 12 lines
11-23 16:46:59.009   486   738 W SocketListener: sending broadcast to Pid = 1163, Uid = 1000 
11-23 16:46:59.011  1163  1333 I chatty  : uid=1000(system) NetdConnector expire 12 lines
11-23 16:46:59.020  1163  1334 I chatty  : uid=1000(system) NetworkStats expire 10 lines
11-23 16:47:00.222   760   760 I chatty  : uid=1010(wifi) /system/bin/wificond expire 24 lines
11-23 16:47:02.005  1163  1179 I chatty  : uid=1000(system) ActivityManager expire 1 line
11-23 16:47:02.026  1163  1173 I chatty  : uid=1000(system) Binder:1163_1 expire 4 lines
11-23 16:47:02.047  1163  1578 I chatty  : uid=1000(system) Binder:1163_5 expire 2 lines
11-23 16:47:05.243   486   738 W SocketListener: sending broadcast to Pid = 1163, Uid = 1000 
11-23 16:47:11.008   486   738 W SocketListener: sending broadcast to Pid = 1163, Uid = 1000 
11-23 16:47:11.009  1163  1333 I chatty  : uid=1000(system) NetdConnector expire 12 lines
11-23 16:47:11.017  1163  1334 I chatty  : uid=1000(system) NetworkStats expire 10 lines
11-23 16:47:12.970   760   760 I chatty  : uid=1010(wifi) /system/bin/wificond expire 18 lines
11-23 16:47:17.418   486   738 W SocketListener: sending broadcast to Pid = 1163, Uid = 1000 
11-23 16:47:23.517   486   738 W SocketListener: sending broadcast to Pid = 1163, Uid = 1000 
11-23 16:47:23.518  1163  1333 I chatty  : uid=1000(system) NetdConnector expire 12 lines
11-23 16:47:23.526  1163  1334 I chatty  : uid=1000(system) NetworkStats expire 10 lines
11-23 16:47:24.232   760   760 I chatty  : uid=1010(wifi) /system/bin/wificond expire 24 lines
11-23 16:47:29.646   486   738 W SocketListener: sending broadcast to Pid = 1163, Uid = 1000 
11-23 16:47:35.629   486   738 W SocketListener: sending broadcast to Pid = 1163, Uid = 1000 
11-23 16:47:35.632  1163  1333 I chatty  : uid=1000(system) NetdConnector expire 12 lines
11-23 16:47:35.640  1163  1334 I chatty  : uid=1000(system) NetworkStats expire 10 lines
11-23 16:47:37.050   760   760 I chatty  : uid=1010(wifi) /system/bin/wificond expire 18 lines
11-23 16:47:41.705   486   738 W SocketListener: sending broadcast to Pid = 1163, Uid = 1000 
11-23 16:47:47.783   486   738 W SocketListener: sending broadcast to Pid = 1163, Uid = 1000 
11-23 16:47:47.784  1163  1333 I chatty  : uid=1000(system) NetdConnector expire 12 lines
11-23 16:47:47.786  1163  1186 I chatty  : uid=1000(system) android.fg expire 14 lines
11-23 16:47:47.791  1163  1334 I chatty  : uid=1000(system) NetworkStats expire 10 lines
11-23 16:47:48.250   760   760 I chatty  : uid=1010(wifi) /system/bin/wificond expire 24 lines
11-23 16:47:53.820   486   738 W SocketListener: sending broadcast to Pid = 1163, Uid = 1000 
11-23 16:47:59.894   486   738 W SocketListener: sending broadcast to Pid = 1163, Uid = 1000 
11-23 16:47:59.895  1163  1333 I chatty  : uid=1000(system) NetdConnector expire 24 lines
11-23 16:47:59.902  1163  1334 I chatty  : uid=1000(system) NetworkStats expire 20 lines
11-23 16:48:00.002  1163  1163 I chatty  : uid=1000 system_server expire 17 lines
11-23 16:48:01.137   760   760 I chatty  : uid=1010(wifi) /system/bin/wificond expire 24 lines
11-23 16:48:05.875   486   738 W SocketListener: sending broadcast to Pid = 1163, Uid = 1000 
11-23 16:48:05.964 18703 18703 V ActivityThread: ActivityThread,callActivityOnCreate
11-23 16:48:05.995 18703 18703 D ActivityThread: add activity client record, r= ActivityRecord{746bd18 token=android.os.BinderProxy@a297885 {com.netease.play/com.netease.play.livepage.gift.GiftActivity}} token= android.os.BinderProxy@a297885
11-23 16:48:06.004  1163  1665 I chatty  : uid=1000(system) Binder:1163_6 expire 2 lines
11-23 16:48:06.154  1163  1284 I chatty  : uid=1000(system) android.anim expire 2 lines
11-23 16:48:07.887   486   738 W SocketListener: sending broadcast to Pid = 1163, Uid = 1000 
11-23 16:48:12.526   486   738 W SocketListener: sending broadcast to Pid = 1163, Uid = 1000 
11-23 16:48:13.163   760   760 I chatty  : uid=1010(wifi) /system/bin/wificond expire 18 lines
11-23 16:48:18.484   486   738 W SocketListener: sending broadcast to Pid = 1163, Uid = 1000 
11-23 16:48:18.485  1163  1333 I chatty  : uid=1000(system) NetdConnector expire 12 lines
11-23 16:48:18.493  1163  1334 I chatty  : uid=1000(system) NetworkStats expire 10 lines
11-23 16:48:21.264  1163  1309 I chatty  : uid=1000(system) Binder:1163_3 expire 2 lines
11-23 16:48:21.279  1163  9958 I chatty  : uid=1000(system) Binder:1163_1D expire 12 lines
11-23 16:48:24.792   486   738 W SocketListener: sending broadcast to Pid = 1163, Uid = 1000 
11-23 16:48:25.203   760   760 I chatty  : uid=1010(wifi) /system/bin/wificond expire 24 lines
11-23 16:48:30.138  1163  1163 I chatty  : uid=1000 system_server expire 11 lines
11-23 16:48:30.819   486   738 W SocketListener: sending broadcast to Pid = 1163, Uid = 1000 
11-23 16:48:30.823  1163  1333 I chatty  : uid=1000(system) NetdConnector expire 12 lines
11-23 16:48:30.829  1163  1334 I chatty  : uid=1000(system) NetworkStats expire 10 lines
11-23 16:48:37.080   486   738 W SocketListener: sending broadcast to Pid = 1163, Uid = 1000 
11-23 16:48:37.226   760   760 I chatty  : uid=1010(wifi) /system/bin/wificond expire 18 lines
11-23 16:48:43.024   486   738 W SocketListener: sending broadcast to Pid = 1163, Uid = 1000 
11-23 16:48:43.025  1163  1333 I chatty  : uid=1000(system) NetdConnector expire 12 lines
11-23 16:48:43.034  1163  1334 I chatty  : uid=1000(system) NetworkStats expire 10 lines
11-23 16:48:49.100   486   738 W SocketListener: sending broadcast to Pid = 1163, Uid = 1000 
11-23 16:48:49.268   760   760 I chatty  : uid=1010(wifi) /system/bin/wificond expire 24 lines
11-23 16:48:55.144   486   738 W SocketListener: sending broadcast to Pid = 1163, Uid = 1000 
11-23 16:48:55.145  1163  1333 I chatty  : uid=1000(system) NetdConnector expire 12 lines
11-23 16:48:55.151  1163  1334 I chatty  : uid=1000(system) NetworkStats expire 10 lines
11-23 16:49:01.209   486   738 W SocketListener: sending broadcast to Pid = 1163, Uid = 1000 
11-23 16:49:01.296   760   760 I chatty  : uid=1010(wifi) /system/bin/wificond expire 21 lines
11-23 16:49:02.006  1163  1179 I chatty  : uid=1000(system) ActivityManager expire 1 line
11-23 16:49:07.456   486   738 W SocketListener: sending broadcast to Pid = 1163, Uid = 1000 
11-23 16:49:07.457  1163  1333 I chatty  : uid=1000(system) NetdConnector expire 12 lines
11-23 16:49:07.460  1163  1186 I chatty  : uid=1000(system) android.fg expire 14 lines
11-23 16:49:07.465  1163  1334 I chatty  : uid=1000(system) NetworkStats expire 10 lines
11-23 16:49:13.336   486   738 W SocketListener: sending broadcast to Pid = 1163, Uid = 1000 
11-23 16:49:16.320   760   760 I chatty  : uid=1010(wifi) /system/bin/wificond expire 27 lines
11-23 16:49:19.845   486   738 W SocketListener: sending broadcast to Pid = 1163, Uid = 1000 
11-23 16:49:19.847  1163  1333 I chatty  : uid=1000(system) NetdConnector expire 12 lines
11-23 16:49:19.856  1163  1334 I chatty  : uid=1000(system) NetworkStats expire 10 lines
11-23 16:49:25.963   486   738 W SocketListener: sending broadcast to Pid = 1163, Uid = 1000 
11-23 16:49:28.944  3801  3823 W ContextImpl: Calling a method in the system process without a qualified user: android.app.ContextImpl.sendBroadcast:1074 android.content.ContextWrapper.sendBroadcast:431 com.huawei.android.pushagent.utils.a.vv:723 com.huawei.android.pushagent.model.a.f.bj:107 com.huawei.android.pushagent.model.a.b.ba:177 
11-23 16:49:28.955  1163  9958 I chatty  : uid=1000(system) Binder:1163_1D expire 12 lines
11-23 16:49:28.979  2767  2957 W SettingsEx: SettingsEx.Systemex.getInt deprecated use Settings.System.getInt instead ;callers=com.huawei.recsys.util.SystemUtil.getNotificationUpdateMode:177 com.huawei.recsys.util.SystemUtil.isAllowUpdate:112 com.huawei.recsys.controller.notification.http.NotificationUpdateController.startNotificationUpdate:85 
11-23 16:49:31.396   760   760 I chatty  : uid=1010(wifi) /system/bin/wificond expire 27 lines
11-23 16:49:32.001   486   738 W SocketListener: sending broadcast to Pid = 1163, Uid = 1000 
11-23 16:49:32.002  1163  1333 I chatty  : uid=1000(system) NetdConnector expire 18 lines
11-23 16:49:32.014  1163  1334 I chatty  : uid=1000(system) NetworkStats expire 10 lines
11-23 16:49:37.929   486   738 W SocketListener: sending broadcast to Pid = 1163, Uid = 1000 
11-23 16:49:41.913  1163  1558 I chatty  : uid=1000(system) watchdog expire 2 lines
11-23 16:49:44.070   486   738 W SocketListener: sending broadcast to Pid = 1163, Uid = 1000 
11-23 16:49:44.079  1163  1334 I chatty  : uid=1000(system) NetworkStats expire 10 lines
11-23 16:49:45.686  1163  1295 I chatty  : uid=1000(system) UEventObserver expire 4 lines
11-23 16:49:45.693  1163  1163 I chatty  : uid=1000 system_server expire 8 lines
11-23 16:49:46.430   760   760 I chatty  : uid=1010(wifi) /system/bin/wificond expire 30 lines
11-23 16:49:50.390   486   738 W SocketListener: sending broadcast to Pid = 1163, Uid = 1000 
11-23 16:49:50.391  1163  1333 I chatty  : uid=1000(system) NetdConnector expire 12 lines
11-23 16:49:56.236   486   738 W SocketListener: sending broadcast to Pid = 1163, Uid = 1000 
11-23 16:49:56.248  1163  1334 I chatty  : uid=1000(system) NetworkStats expire 10 lines
11-23 16:50:00.109  1163  1665 I chatty  : uid=1000(system) Binder:1163_6 expire 15 lines
11-23 16:50:02.248   486   738 W SocketListener: sending broadcast to Pid = 1163, Uid = 1000 
11-23 16:50:02.250  1163  1333 I chatty  : uid=1000(system) NetdConnector expire 12 lines
11-23 16:50:04.355   760   760 I chatty  : uid=1010(wifi) /system/bin/wificond expire 24 lines
11-23 16:50:04.656  1163  1173 I chatty  : uid=1000(system) Binder:1163_1 expire 11 lines
11-23 16:50:08.698   486   738 W SocketListener: sending broadcast to Pid = 1163, Uid = 1000 
11-23 16:50:08.709  1163  1334 I chatty  : uid=1000(system) NetworkStats expire 10 lines
11-23 16:50:15.006   486   738 W SocketListener: sending broadcast to Pid = 1163, Uid = 1000 
11-23 16:50:15.007  1163  1333 I chatty  : uid=1000(system) NetdConnector expire 12 lines
11-23 16:50:16.516   760   760 I chatty  : uid=1010(wifi) /system/bin/wificond expire 18 lines
11-23 16:50:20.969   486   738 W SocketListener: sending broadcast to Pid = 1163, Uid = 1000 
11-23 16:50:20.977  1163  1334 I chatty  : uid=1000(system) NetworkStats expire 10 lines
11-23 16:50:26.119  1163  1284 I chatty  : uid=1000(system) android.anim expire 17 lines
11-23 16:50:26.148 18703 18703 D ActivityThread: Remove activity client record, r= ActivityRecord{746bd18 token=android.os.BinderProxy@a297885 {com.netease.play/com.netease.play.livepage.gift.GiftActivity}} token= android.os.BinderProxy@a297885
11-23 16:50:27.177   486   738 W SocketListener: sending broadcast to Pid = 1163, Uid = 1000 
11-23 16:50:27.179  1163  1333 I chatty  : uid=1000(system) NetdConnector expire 24 lines
11-23 16:50:27.793  1163  1665 I chatty  : uid=1000(system) Binder:1163_6 expire 36 lines
11-23 16:50:27.839 18703 18703 V ActivityThread: ActivityThread,callActivityOnCreate
11-23 16:50:27.857  1163  1353 I chatty  : uid=1000(system) ConnectivitySer expire 5 lines
11-23 16:50:27.919 18703 18703 D ActivityThread: add activity client record, r= ActivityRecord{93e467b token=android.os.BinderProxy@98b0249 {com.netease.play/com.netease.play.webview.WebviewActivity}} token= android.os.BinderProxy@98b0249
11-23 16:50:27.949 21352 21352 D ActivityThread: ActivityThread,attachApplication
11-23 16:50:28.252  1163  1173 I chatty  : uid=1000(system) Binder:1163_1 expire 27 lines
11-23 16:50:28.370   760   760 I chatty  : uid=1010(wifi) /system/bin/wificond expire 24 lines
11-23 16:50:31.247   486   738 W SocketListener: sending broadcast to Pid = 1163, Uid = 1000 
11-23 16:50:31.251  1163  1186 I chatty  : uid=1000(system) android.fg expire 12 lines
11-23 16:50:31.255  1163  1334 I chatty  : uid=1000(system) NetworkStats expire 15 lines
11-23 16:50:31.337 18703 18703 V ActivityThread: ActivityThread,callActivityOnCreate
11-23 16:50:31.408 18703 18703 D ActivityThread: add activity client record, r= ActivityRecord{1d7a21 token=android.os.BinderProxy@f5c663b {com.netease.play/com.netease.play.webview.WebviewActivity}} token= android.os.BinderProxy@f5c663b
11-23 16:50:31.512  1163  9958 I chatty  : uid=1000(system) Binder:1163_1D expire 18 lines
11-23 16:50:35.009   486   738 W SocketListener: sending broadcast to Pid = 1163, Uid = 1000 
11-23 16:50:36.029 18703 18703 D ActivityThread: Remove activity client record, r= ActivityRecord{1d7a21 token=android.os.BinderProxy@f5c663b {com.netease.play/com.netease.play.webview.WebviewActivity}} token= android.os.BinderProxy@f5c663b
11-23 16:50:39.005 18703 18703 V ActivityThread: ActivityThread,callActivityOnCreate
11-23 16:50:39.066 18703 18703 D ActivityThread: add activity client record, r= ActivityRecord{8d532c token=android.os.BinderProxy@f5217ef {com.netease.play/com.netease.play.webview.WebviewActivity}} token= android.os.BinderProxy@f5217ef
11-23 16:50:39.076  1163  1173 I chatty  : uid=1000(system) Binder:1163_1 expire 48 lines
11-23 16:50:39.094  1163  1578 I chatty  : uid=1000(system) Binder:1163_5 expire 6 lines
11-23 16:50:39.745   486   738 W SocketListener: sending broadcast to Pid = 1163, Uid = 1000 
11-23 16:50:40.594   760   760 I chatty  : uid=1010(wifi) /system/bin/wificond expire 30 lines
11-23 16:50:41.916  1163  1558 I chatty  : uid=1000(system) watchdog expire 2 lines
11-23 16:50:44.173 18703 18703 D ActivityThread: Remove activity client record, r= ActivityRecord{8d532c token=android.os.BinderProxy@f5217ef {com.netease.play/com.netease.play.webview.WebviewActivity}} token= android.os.BinderProxy@f5217ef
11-23 16:50:44.727  1163  9958 I chatty  : uid=1000(system) Binder:1163_1D expire 24 lines
11-23 16:50:44.824  1163  1284 I chatty  : uid=1000(system) android.anim expire 13 lines
11-23 16:50:45.267 18703 18703 D ActivityThread: Remove activity client record, r= ActivityRecord{93e467b token=android.os.BinderProxy@98b0249 {com.netease.play/com.netease.play.webview.WebviewActivity}} token= android.os.BinderProxy@98b0249
11-23 16:50:45.282  1163  1353 I chatty  : uid=1000(system) ConnectivitySer expire 4 lines
11-23 16:50:45.481   486   738 W SocketListener: sending broadcast to Pid = 1163, Uid = 1000 
11-23 16:50:45.482  1163  1333 I chatty  : uid=1000(system) NetdConnector expire 18 lines
11-23 16:50:45.489  1163  1334 I chatty  : uid=1000(system) NetworkStats expire 15 lines
11-23 16:50:45.817  1163  1163 I chatty  : uid=1000 system_server expire 8 lines
11-23 16:50:45.828  1163  1295 I chatty  : uid=1000(system) UEventObserver expire 4 lines
11-23 16:50:46.801 18703 18703 V ActivityThread: ActivityThread,callActivityOnCreate
11-23 16:50:46.832 18703 18703 D ActivityThread: add activity client record, r= ActivityRecord{869e5bb token=android.os.BinderProxy@38ce745 {com.netease.play/com.netease.play.livepage.gift.GiftActivity}} token= android.os.BinderProxy@38ce745
11-23 16:50:47.757   486   738 W SocketListener: sending broadcast to Pid = 1163, Uid = 1000 
11-23 16:50:49.287  1163  1309 I chatty  : uid=1000(system) Binder:1163_3 expire 13 lines
11-23 16:50:49.786   486   738 W SocketListener: sending broadcast to Pid = 1163, Uid = 1000 
11-23 16:50:50.106 18703 18703 D ActivityThread: Remove activity client record, r= ActivityRecord{869e5bb token=android.os.BinderProxy@38ce745 {com.netease.play/com.netease.play.livepage.gift.GiftActivity}} token= android.os.BinderProxy@38ce745
11-23 16:50:55.954   486   738 W SocketListener: sending broadcast to Pid = 1163, Uid = 1000 
11-23 16:50:55.957  1163  1333 I chatty  : uid=1000(system) NetdConnector expire 12 lines
11-23 16:50:55.965  1163  1334 I chatty  : uid=1000(system) NetworkStats expire 10 lines
11-23 16:50:58.636   760   760 I chatty  : uid=1010(wifi) /system/bin/wificond expire 30 lines
11-23 16:51:02.003  1163  1179 I chatty  : uid=1000(system) ActivityManager expire 1 line
11-23 16:51:02.037  1163  1173 I chatty  : uid=1000(system) Binder:1163_1 expire 10 lines
11-23 16:51:02.746   486   738 W SocketListener: sending broadcast to Pid = 1163, Uid = 1000 
11-23 16:51:08.112   486   738 W SocketListener: sending broadcast to Pid = 1163, Uid = 1000 
11-23 16:51:08.113  1163  1333 I chatty  : uid=1000(system) NetdConnector expire 18 lines
11-23 16:51:08.122  1163  1334 I chatty  : uid=1000(system) NetworkStats expire 15 lines
11-23 16:51:14.197   486   738 W SocketListener: sending broadcast to Pid = 1163, Uid = 1000 
11-23 16:51:15.395  1163  9958 I chatty  : uid=1000(system) Binder:1163_1D expire 53 lines
11-23 16:51:15.438 18703 18703 V ActivityThread: ActivityThread,callActivityOnCreate
11-23 16:51:15.468 18703 18703 D ActivityThread: add activity client record, r= ActivityRecord{c45c8f8 token=android.os.BinderProxy@a70c8e5 {com.netease.play/com.netease.play.livepage.gift.GiftActivity}} token= android.os.BinderProxy@a70c8e5
11-23 16:51:15.477  1163  1309 I chatty  : uid=1000(system) Binder:1163_3 expire 12 lines
11-23 16:51:15.490  1163  8060 I chatty  : uid=1000(system) Binder:1163_1A expire 15 lines
11-23 16:51:15.601  1163  1284 I chatty  : uid=1000(system) android.anim expire 16 lines
11-23 16:51:16.399   760   760 I chatty  : uid=1010(wifi) /system/bin/wificond expire 27 lines
11-23 16:51:17.673   486   738 W SocketListener: sending broadcast to Pid = 1163, Uid = 1000 
11-23 16:51:19.683   486   738 W SocketListener: sending broadcast to Pid = 1163, Uid = 1000 
11-23 16:51:19.684  1163  1333 I chatty  : uid=1000(system) NetdConnector expire 24 lines
11-23 16:51:19.692  1163  1334 I chatty  : uid=1000(system) NetworkStats expire 10 lines
11-23 16:51:21.492 18703 18703 D ActivityThread: Remove activity client record, r= ActivityRecord{c45c8f8 token=android.os.BinderProxy@a70c8e5 {com.netease.play/com.netease.play.livepage.gift.GiftActivity}} token= android.os.BinderProxy@a70c8e5
11-23 16:51:24.440 18703 18703 V ActivityThread: ActivityThread,callActivityOnCreate
11-23 16:51:24.457  1163  1353 I chatty  : uid=1000(system) ConnectivitySer expire 3 lines
11-23 16:51:24.506 18703 18703 D ActivityThread: add activity client record, r= ActivityRecord{4f7b4f1 token=android.os.BinderProxy@3e4797c {com.netease.play/com.netease.play.webview.WebviewActivity}} token= android.os.BinderProxy@3e4797c
11-23 16:51:24.547 21413 21413 D ActivityThread: ActivityThread,attachApplication
11-23 16:51:25.078   486   738 W SocketListener: sending broadcast to Pid = 1163, Uid = 1000 
11-23 16:51:25.082  1163  1186 I chatty  : uid=1000(system) android.fg expire 15 lines
11-23 16:51:29.773   486   738 W SocketListener: sending broadcast to Pid = 1163, Uid = 1000 
11-23 16:51:29.782  1163  1334 I chatty  : uid=1000(system) NetworkStats expire 10 lines
11-23 16:51:30.141  1163  1163 I chatty  : uid=1000 system_server expire 15 lines
11-23 16:51:31.734   760   760 I chatty  : uid=1010(wifi) /system/bin/wificond expire 27 lines
11-23 16:51:34.130 18703 18703 V ActivityThread: ActivityThread,callActivityOnCreate
11-23 16:51:34.196 18703 18703 D ActivityThread: add activity client record, r= ActivityRecord{7252c7a token=android.os.BinderProxy@3d9d035 {com.netease.play/com.netease.play.webview.WebviewActivity}} token= android.os.BinderProxy@3d9d035
11-23 16:51:34.847   486   738 W SocketListener: sending broadcast to Pid = 1163, Uid = 1000 
11-23 16:51:40.267   486   738 W SocketListener: sending broadcast to Pid = 1163, Uid = 1000 
11-23 16:51:40.268  1163  1333 I chatty  : uid=1000(system) NetdConnector expire 12 lines
11-23 16:51:40.277  1163  1334 I chatty  : uid=1000(system) NetworkStats expire 10 lines
11-23 16:51:41.919  1163  1558 I chatty  : uid=1000(system) watchdog expire 7 lines
11-23 16:51:46.090  1163  1295 I chatty  : uid=1000(system) UEventObserver expire 12 lines
11-23 16:51:46.358   486   738 W SocketListener: sending broadcast to Pid = 1163, Uid = 1000 
11-23 16:51:46.789   760   760 I chatty  : uid=1010(wifi) /system/bin/wificond expire 24 lines
11-23 16:51:51.994  1163  8060 I chatty  : uid=1000(system) Binder:1163_1A expire 32 lines
11-23 16:51:52.028  1163  9958 I chatty  : uid=1000(system) Binder:1163_1D expire 11 lines
11-23 16:51:52.079  1163  1284 I chatty  : uid=1000(system) android.anim expire 13 lines
11-23 16:51:52.259 18703 18703 D ActivityThread: Remove activity client record, r= ActivityRecord{7252c7a token=android.os.BinderProxy@3d9d035 {com.netease.play/com.netease.play.webview.WebviewActivity}} token= android.os.BinderProxy@3d9d035
11-23 16:51:52.316   486   738 W SocketListener: sending broadcast to Pid = 1163, Uid = 1000 
11-23 16:51:52.316  1163  1333 I chatty  : uid=1000(system) NetdConnector expire 18 lines
11-23 16:51:52.322  1163  1334 I chatty  : uid=1000(system) NetworkStats expire 15 lines
11-23 16:51:53.357 18703 18703 D ActivityThread: Remove activity client record, r= ActivityRecord{4f7b4f1 token=android.os.BinderProxy@3e4797c {com.netease.play/com.netease.play.webview.WebviewActivity}} token= android.os.BinderProxy@3e4797c
11-23 16:51:53.386  1163  1173 I chatty  : uid=1000(system) Binder:1163_1 expire 17 lines
11-23 16:51:55.559  1163  1578 I chatty  : uid=1000(system) Binder:1163_5 expire 12 lines
11-23 16:51:55.583 18703 18703 V ActivityThread: ActivityThread,callActivityOnCreate
11-23 16:51:55.616 18703 18703 D ActivityThread: add activity client record, r= ActivityRecord{1685cee token=android.os.BinderProxy@673683e {com.netease.play/com.netease.play.livepage.gift.GiftActivity}} token= android.os.BinderProxy@673683e
11-23 16:51:55.672  1163  1309 I chatty  : uid=1000(system) Binder:1163_3 expire 7 lines
11-23 16:51:56.434   486   738 W SocketListener: sending broadcast to Pid = 1163, Uid = 1000 
11-23 16:51:58.461   486   738 W SocketListener: sending broadcast to Pid = 1163, Uid = 1000 
11-23 16:51:58.827   760   760 I chatty  : uid=1010(wifi) /system/bin/wificond expire 18 lines
11-23 16:52:04.188   486   738 W SocketListener: sending broadcast to Pid = 1163, Uid = 1000 
11-23 16:52:04.189  1163  1333 I chatty  : uid=1000(system) NetdConnector expire 12 lines
11-23 16:52:04.197  1163  1334 I chatty  : uid=1000(system) NetworkStats expire 10 lines
11-23 16:52:10.492   486   738 W SocketListener: sending broadcast to Pid = 1163, Uid = 1000 
11-23 16:52:10.861   760   760 I chatty  : uid=1010(wifi) /system/bin/wificond expire 24 lines
11-23 16:52:16.575   486   738 W SocketListener: sending broadcast to Pid = 1163, Uid = 1000 
11-23 16:52:16.577  1163  1333 I chatty  : uid=1000(system) NetdConnector expire 12 lines
11-23 16:52:16.591  1163  1334 I chatty  : uid=1000(system) NetworkStats expire 10 lines
11-23 16:52:22.725   486   738 W SocketListener: sending broadcast to Pid = 1163, Uid = 1000 
11-23 16:52:22.895   760   760 I chatty  : uid=1010(wifi) /system/bin/wificond expire 18 lines
11-23 16:52:28.986   486   738 W SocketListener: sending broadcast to Pid = 1163, Uid = 1000 
11-23 16:52:28.987  1163  1333 I chatty  : uid=1000(system) NetdConnector expire 12 lines
11-23 16:52:28.994  1163  1334 I chatty  : uid=1000(system) NetworkStats expire 10 lines
11-23 16:52:30.798   756   811 E /system/bin/storaged: pid_info get_pids failed
11-23 16:52:34.824   486   738 W SocketListener: sending broadcast to Pid = 1163, Uid = 1000 
11-23 16:52:34.939   760   760 I chatty  : uid=1010(wifi) /system/bin/wificond expire 24 lines
11-23 16:52:40.945   486   738 W SocketListener: sending broadcast to Pid = 1163, Uid = 1000 
11-23 16:52:40.946  1163  1333 I chatty  : uid=1000(system) NetdConnector expire 12 lines
11-23 16:52:40.954  1163  1334 I chatty  : uid=1000(system) NetworkStats expire 10 lines
11-23 16:52:46.744   486   738 W SocketListener: sending broadcast to Pid = 1163, Uid = 1000 
11-23 16:52:46.747  1163  1186 I chatty  : uid=1000(system) android.fg expire 13 lines
11-23 16:52:46.968   760   760 I chatty  : uid=1010(wifi) /system/bin/wificond expire 21 lines
11-23 16:52:52.826   486   738 W SocketListener: sending broadcast to Pid = 1163, Uid = 1000 
11-23 16:52:52.827  1163  1333 I chatty  : uid=1000(system) NetdConnector expire 12 lines
11-23 16:52:52.832  1163  1334 I chatty  : uid=1000(system) NetworkStats expire 10 lines
11-23 16:52:59.277   486   738 W SocketListener: sending broadcast to Pid = 1163, Uid = 1000 
11-23 16:53:00.003  1163  1163 I chatty  : uid=1000 system_server expire 17 lines
11-23 16:53:00.488   760   760 I chatty  : uid=1010(wifi) /system/bin/wificond expire 24 lines
11-23 16:53:02.006  1163  1179 I chatty  : uid=1000(system) ActivityManager expire 1 line
11-23 16:53:02.045  1163  1578 I chatty  : uid=1000(system) Binder:1163_5 expire 2 lines
11-23 16:53:02.046  1163  1665 I chatty  : uid=1000(system) Binder:1163_6 expire 1 line
11-23 16:53:05.671   486   738 W SocketListener: sending broadcast to Pid = 1163, Uid = 1000 
11-23 16:53:05.673  1163  1333 I chatty  : uid=1000(system) NetdConnector expire 12 lines
11-23 16:53:05.683  1163  1334 I chatty  : uid=1000(system) NetworkStats expire 10 lines
11-23 16:53:11.392   486   738 W SocketListener: sending broadcast to Pid = 1163, Uid = 1000 
11-23 16:53:14.038   760   760 I chatty  : uid=1010(wifi) /system/bin/wificond expire 30 lines
11-23 16:53:17.991   486   738 W SocketListener: sending broadcast to Pid = 1163, Uid = 1000 
11-23 16:53:17.992  1163  1333 I chatty  : uid=1000(system) NetdConnector expire 12 lines
11-23 16:53:17.998  1163  1334 I chatty  : uid=1000(system) NetworkStats expire 10 lines
11-23 16:53:21.272  1163  1176 I chatty  : uid=1000(system) android.bg expire 3 lines
11-23 16:53:23.898   486   738 W SocketListener: sending broadcast to Pid = 1163, Uid = 1000 
11-23 16:53:30.040   486   738 W SocketListener: sending broadcast to Pid = 1163, Uid = 1000 
11-23 16:53:30.042  1163  1333 I chatty  : uid=1000(system) NetdConnector expire 12 lines
11-23 16:53:30.051  1163  1334 I chatty  : uid=1000(system) NetworkStats expire 10 lines
11-23 16:53:30.139  1163  1163 I chatty  : uid=1000 system_server expire 10 lines
11-23 16:53:32.090   760   760 I chatty  : uid=1010(wifi) /system/bin/wificond expire 24 lines
11-23 16:53:35.845   486   738 W SocketListener: sending broadcast to Pid = 1163, Uid = 1000 
11-23 16:53:42.234   486   738 W SocketListener: sending broadcast to Pid = 1163, Uid = 1000 
11-23 16:53:42.236  1163  1333 I chatty  : uid=1000(system) NetdConnector expire 12 lines
11-23 16:53:42.245  1163  1334 I chatty  : uid=1000(system) NetworkStats expire 10 lines
11-23 16:53:44.120   760   760 I chatty  : uid=1010(wifi) /system/bin/wificond expire 18 lines
11-23 16:53:48.631   486   738 W SocketListener: sending broadcast to Pid = 1163, Uid = 1000 
11-23 16:53:54.242   486   738 W SocketListener: sending broadcast to Pid = 1163, Uid = 1000 
11-23 16:53:54.243  1163  1333 I chatty  : uid=1000(system) NetdConnector expire 12 lines
11-23 16:53:54.249  1163  1334 I chatty  : uid=1000(system) NetworkStats expire 10 lines
11-23 16:53:56.176   760   760 I chatty  : uid=1010(wifi) /system/bin/wificond expire 24 lines
11-23 16:54:00.690   486   738 W SocketListener: sending broadcast to Pid = 1163, Uid = 1000 
11-23 16:54:06.647   486   738 W SocketListener: sending broadcast to Pid = 1163, Uid = 1000 
11-23 16:54:06.649  1163  1333 I chatty  : uid=1000(system) NetdConnector expire 12 lines
11-23 16:54:06.651  1163  1186 I chatty  : uid=1000(system) android.fg expire 17 lines
11-23 16:54:06.654  1163  1334 I chatty  : uid=1000(system) NetworkStats expire 10 lines
11-23 16:54:08.216   760   760 I chatty  : uid=1010(wifi) /system/bin/wificond expire 18 lines
11-23 16:54:12.342   486   738 W SocketListener: sending broadcast to Pid = 1163, Uid = 1000 
11-23 16:54:18.374   486   738 W SocketListener: sending broadcast to Pid = 1163, Uid = 1000 
11-23 16:54:18.375  1163  1333 I chatty  : uid=1000(system) NetdConnector expire 12 lines
11-23 16:54:18.383  1163  1334 I chatty  : uid=1000(system) NetworkStats expire 10 lines
11-23 16:54:20.256   760   760 I chatty  : uid=1010(wifi) /system/bin/wificond expire 24 lines
11-23 16:54:25.066   486   738 W SocketListener: sending broadcast to Pid = 1163, Uid = 1000 
11-23 16:54:31.112   486   738 W SocketListener: sending broadcast to Pid = 1163, Uid = 1000 
11-23 16:54:31.113  1163  1333 I chatty  : uid=1000(system) NetdConnector expire 12 lines
11-23 16:54:31.120  1163  1334 I chatty  : uid=1000(system) NetworkStats expire 10 lines
11-23 16:54:32.281   760   760 I chatty  : uid=1010(wifi) /system/bin/wificond expire 18 lines
11-23 16:54:37.189   486   738 W SocketListener: sending broadcast to Pid = 1163, Uid = 1000 
11-23 16:54:41.546  1163  1309 I chatty  : uid=1000(system) Binder:1163_3 expire 10 lines
11-23 16:54:41.836  2767  2957 W SettingsEx: SettingsEx.Systemex.getInt deprecated use Settings.System.getInt instead ;callers=com.huawei.recsys.util.SystemUtil.getNotificationUpdateMode:177 com.huawei.recsys.util.SystemUtil.isAllowUpdate:112 com.huawei.recsys.controller.notification.http.NotificationUpdateController.startNotificationUpdate:85 
11-23 16:54:41.850  1163  1163 I chatty  : uid=1000 system_server expire 14 lines
11-23 16:54:42.993   486   738 W SocketListener: sending broadcast to Pid = 1163, Uid = 1000 
11-23 16:54:42.993  1163  1333 I chatty  : uid=1000(system) NetdConnector expire 18 lines
11-23 16:54:42.999  1163  1334 I chatty  : uid=1000(system) NetworkStats expire 10 lines
11-23 16:54:44.312   760   760 I chatty  : uid=1010(wifi) /system/bin/wificond expire 24 lines
11-23 16:54:46.565  1163  1295 I chatty  : uid=1000(system) UEventObserver expire 8 lines
11-23 16:54:49.134   486   738 W SocketListener: sending broadcast to Pid = 1163, Uid = 1000 
11-23 16:54:55.159   486   738 W SocketListener: sending broadcast to Pid = 1163, Uid = 1000 
11-23 16:54:55.167  1163  1334 I chatty  : uid=1000(system) NetworkStats expire 10 lines
11-23 16:54:56.351   760   760 I chatty  : uid=1010(wifi) /system/bin/wificond expire 18 lines
11-23 16:55:01.406  1163  1173 I chatty  : uid=1000(system) Binder:1163_1 expire 11 lines
11-23 16:55:01.724   486   738 W SocketListener: sending broadcast to Pid = 1163, Uid = 1000 
11-23 16:55:01.726  1163  1333 I chatty  : uid=1000(system) NetdConnector expire 12 lines
11-23 16:55:02.004  1163  1179 I chatty  : uid=1000(system) ActivityManager expire 1 line
11-23 16:55:02.051  1163  1665 I chatty  : uid=1000(system) Binder:1163_6 expire 10 lines
11-23 16:55:07.612   486   738 W SocketListener: sending broadcast to Pid = 1163, Uid = 1000 
11-23 16:55:07.620  1163  1334 I chatty  : uid=1000(system) NetworkStats expire 10 lines
11-23 16:55:08.390   760   760 I chatty  : uid=1010(wifi) /system/bin/wificond expire 24 lines
11-23 16:55:11.927  1163  1558 I chatty  : uid=1000(system) watchdog expire 3 lines
11-23 16:55:14.156   486   738 W SocketListener: sending broadcast to Pid = 1163, Uid = 1000 
11-23 16:55:14.157  1163  1333 I chatty  : uid=1000(system) NetdConnector expire 12 lines
11-23 16:55:16.658  1163  1163 I chatty  : uid=1000 system_server expire 10 lines
11-23 16:55:20.230   486   738 W SocketListener: sending broadcast to Pid = 1163, Uid = 1000 
11-23 16:55:20.241  1163  1334 I chatty  : uid=1000(system) NetworkStats expire 10 lines
11-23 16:55:20.419   760   760 I chatty  : uid=1010(wifi) /system/bin/wificond expire 21 lines
11-23 16:55:26.337   486   738 W SocketListener: sending broadcast to Pid = 1163, Uid = 1000 
11-23 16:55:26.338  1163  1333 I chatty  : uid=1000(system) NetdConnector expire 12 lines
11-23 16:55:32.467   486   738 W SocketListener: sending broadcast to Pid = 1163, Uid = 1000 
