11-23 17:44:58.169   486   738 W SocketListener: sending broadcast to Pid = 1163, Uid = 1000 
11-23 17:44:58.176  1163  1334 I chatty  : uid=1000(system) NetworkStats expire 10 lines
11-23 17:44:58.999   760   760 I chatty  : uid=1010(wifi) /system/bin/wificond expire 18 lines
11-23 17:45:09.329   486   738 W SocketListener: sending broadcast to Pid = 1163, Uid = 1000 
11-23 17:45:09.331  1163  1333 I chatty  : uid=1000(system) NetdConnector expire 12 lines
11-23 17:45:10.508   760   760 I chatty  : uid=1010(wifi) /system/bin/wificond expire 24 lines
11-23 17:45:10.999 23153 23379 D ActivityThread: Loading provider com.huawei.bd.provider.BDProvider: com.huawei.bd.db.BDProvider
11-23 17:45:21.712   486   738 W SocketListener: sending broadcast to Pid = 1163, Uid = 1000 
11-23 17:45:21.726  1163  1334 I chatty  : uid=1000(system) NetworkStats expire 10 lines
11-23 17:45:23.078   760   760 I chatty  : uid=1010(wifi) /system/bin/wificond expire 18 lines
11-23 17:45:33.537   486   738 W SocketListener: sending broadcast to Pid = 1163, Uid = 1000 
11-23 17:45:33.538  1163  1333 I chatty  : uid=1000(system) NetdConnector expire 12 lines
11-23 17:45:34.518   760   760 I chatty  : uid=1010(wifi) /system/bin/wificond expire 24 lines
11-23 17:45:39.953  1163  5137 I chatty  : uid=1000(system) Binder:1163_11 expire 11 lines
11-23 17:45:41.014  1163  1284 I chatty  : uid=1000(system) android.anim expire 5 lines
11-23 17:45:45.535   486   738 W SocketListener: sending broadcast to Pid = 1163, Uid = 1000 
11-23 17:45:45.544  1163  1334 I chatty  : uid=1000(system) NetworkStats expire 10 lines
11-23 17:45:47.154   760   760 I chatty  : uid=1010(wifi) /system/bin/wificond expire 18 lines
11-23 17:45:57.535   486   738 W SocketListener: sending broadcast to Pid = 1163, Uid = 1000 
11-23 17:45:57.537  1163  1333 I chatty  : uid=1000(system) NetdConnector expire 12 lines
11-23 17:45:58.528   760   760 I chatty  : uid=1010(wifi) /system/bin/wificond expire 24 lines
11-23 17:46:00.086  1163  6100 I chatty  : uid=1000(system) Binder:1163_14 expire 1 line
11-23 17:46:09.439   486   738 W SocketListener: sending broadcast to Pid = 1163, Uid = 1000 
11-23 17:46:09.452  1163  1334 I chatty  : uid=1000(system) NetworkStats expire 10 lines
11-23 17:46:11.234   760   760 I chatty  : uid=1010(wifi) /system/bin/wificond expire 18 lines
11-23 17:46:21.421   486   738 W SocketListener: sending broadcast to Pid = 1163, Uid = 1000 
11-23 17:46:21.423  1163  1333 I chatty  : uid=1000(system) NetdConnector expire 12 lines
11-23 17:46:22.539   760   760 I chatty  : uid=1010(wifi) /system/bin/wificond expire 24 lines
11-23 17:46:33.039   486   738 W SocketListener: sending broadcast to Pid = 1163, Uid = 1000 
11-23 17:46:33.049  1163  1334 I chatty  : uid=1000(system) NetworkStats expire 10 lines
11-23 17:46:33.925  1163  1295 I chatty  : uid=1000(system) UEventObserver expire 2 lines
11-23 17:46:33.933  1163  1184 I chatty  : uid=1000(system) batterystats-sy expire 2 lines
11-23 17:46:35.309   760   760 I chatty  : uid=1010(wifi) /system/bin/wificond expire 18 lines
11-23 17:46:42.068  1163  1163 I chatty  : uid=1000 system_server expire 15 lines
11-23 17:46:45.582   486   738 W SocketListener: sending broadcast to Pid = 1163, Uid = 1000 
11-23 17:46:45.583  1163  1333 I chatty  : uid=1000(system) NetdConnector expire 12 lines
11-23 17:46:45.585  1163  1186 I chatty  : uid=1000(system) android.fg expire 2 lines
11-23 17:46:46.546   760   760 I chatty  : uid=1010(wifi) /system/bin/wificond expire 24 lines
11-23 17:46:50.360  1163  1353 I chatty  : uid=1000(system) ConnectivitySer expire 10 lines
11-23 17:46:56.485  1163  9958 I chatty  : uid=1000(system) Binder:1163_1D expire 1 line
11-23 17:46:57.048   486   738 W SocketListener: sending broadcast to Pid = 1163, Uid = 1000 
11-23 17:46:57.060  1163  1334 I chatty  : uid=1000(system) NetworkStats expire 5 lines
11-23 17:46:59.406   760   760 I chatty  : uid=1010(wifi) /system/bin/wificond expire 183 lines
11-23 17:47:04.755  1163  5137 I chatty  : uid=1000(system) Binder:1163_11 expire 17 lines
11-23 17:47:22.312  1163  1179 I chatty  : uid=1000(system) ActivityManager expire 1 line
11-23 17:47:53.603  1163  1353 I chatty  : uid=1000(system) ConnectivitySer expire 13 lines
11-23 17:48:21.265  1163  1578 I chatty  : uid=1000(system) Binder:1163_5 expire 28 lines
11-23 17:48:21.295  1163  1163 I chatty  : uid=1000 system_server expire 22 lines
11-23 17:48:21.309  1163  1176 I chatty  : uid=1000(system) android.bg expire 6 lines
11-23 17:48:39.043  1163  1284 I chatty  : uid=1000(system) android.anim expire 10 lines
11-23 17:48:42.069  1163  1558 I chatty  : uid=1000(system) watchdog expire 10 lines
11-23 17:48:43.338 18703 18703 V ActivityThread: ActivityThread,callActivityOnCreate
11-23 17:48:43.353  1163  9958 I chatty  : uid=1000(system) Binder:1163_1D expire 15 lines
11-23 17:48:43.421 18703 18703 D ActivityThread: add activity client record, r= ActivityRecord{44734d token=android.os.BinderProxy@58d07fa {com.netease.play/com.netease.play.webview.WebviewActivity}} token= android.os.BinderProxy@58d07fa
11-23 17:48:43.432  1163  2122 I chatty  : uid=1000(system) Binder:1163_D expire 13 lines
11-23 17:48:43.451 23505 23505 D ActivityThread: ActivityThread,attachApplication
11-23 17:48:44.789   760   760 I chatty  : uid=1010(wifi) /system/bin/wificond expire 42 lines
11-23 17:49:00.084  1163  6100 I chatty  : uid=1000(system) Binder:1163_14 expire 11 lines
11-23 17:49:08.809 18703 18703 D ActivityThread: Remove activity client record, r= ActivityRecord{44734d token=android.os.BinderProxy@58d07fa {com.netease.play/com.netease.play.webview.WebviewActivity}} token= android.os.BinderProxy@58d07fa
11-23 17:49:08.818  1163  1353 I chatty  : uid=1000(system) ConnectivitySer expire 10 lines
11-23 17:49:08.838  1163  1284 I chatty  : uid=1000(system) android.anim expire 11 lines
11-23 17:49:08.881   760   760 I chatty  : uid=1010(wifi) /system/bin/wificond expire 360 lines
11-23 17:50:26.518  1163  6100 I chatty  : uid=1000(system) Binder:1163_14 expire 3 lines
11-23 17:50:34.130  1163  1163 I chatty  : uid=1000 system_server expire 28 lines
11-23 17:51:45.431  1163  1353 I chatty  : uid=1000(system) ConnectivitySer expire 10 lines
11-23 17:51:54.566  1163  1295 I chatty  : uid=1000(system) UEventObserver expire 2 lines
11-23 17:51:54.579  1163  1184 I chatty  : uid=1000(system) batterystats-sy expire 2 lines
11-23 17:52:30.828   756   811 E /system/bin/storaged: pid_info get_pids failed
11-23 17:52:33.600   760   760 I chatty  : uid=1010(wifi) /system/bin/wificond expire 27 lines
11-23 17:52:38.830  1163  2122 I chatty  : uid=1000(system) Binder:1163_D expire 16 lines
11-23 17:52:47.704 18703 18703 V ActivityThread: ActivityThread,callActivityOnCreate
11-23 17:52:47.795 18703 18703 D ActivityThread: add activity client record, r= ActivityRecord{71e1cd9 token=android.os.BinderProxy@a95416d {com.netease.play/com.netease.play.webview.WebviewActivity}} token= android.os.BinderProxy@a95416d
11-23 17:52:47.822 23665 23665 D ActivityThread: ActivityThread,attachApplication
11-23 17:52:48.667   760   760 I chatty  : uid=1010(wifi) /system/bin/wificond expire 120 lines
11-23 17:53:00.086  1163  1578 I chatty  : uid=1000(system) Binder:1163_5 expire 7 lines
11-23 17:53:05.160  1163  9958 I chatty  : uid=1000(system) Binder:1163_1D expire 10 lines
11-23 17:53:42.080  1163  1558 I chatty  : uid=1000(system) watchdog expire 11 lines
11-23 17:53:54.697  1163  1163 I chatty  : uid=1000 system_server expire 16 lines
11-23 17:53:56.544  1163  2122 I chatty  : uid=1000(system) Binder:1163_D expire 15 lines
11-23 17:53:58.387 18703 18703 D ActivityThread: Remove activity client record, r= ActivityRecord{71e1cd9 token=android.os.BinderProxy@a95416d {com.netease.play/com.netease.play.webview.WebviewActivity}} token= android.os.BinderProxy@a95416d
11-23 17:53:58.389  1163  9958 I chatty  : uid=1000(system) Binder:1163_1D expire 6 lines
11-23 17:53:58.396  1163  1284 I chatty  : uid=1000(system) android.anim expire 16 lines
11-23 17:53:58.397  1163  1353 I chatty  : uid=1000(system) ConnectivitySer expire 14 lines
11-23 17:53:58.770   760   760 I chatty  : uid=1010(wifi) /system/bin/wificond expire 306 lines
11-23 17:54:08.634  1163  1180 I chatty  : uid=1000(system) android.ui expire 10 lines
11-23 17:54:15.790  1163  6100 I chatty  : uid=1000(system) Binder:1163_14 expire 11 lines
11-23 17:54:50.079  1163  2704 I chatty  : uid=1000(system) Binder:1163_E expire 10 lines
11-23 17:56:54.615  1163  2122 I chatty  : uid=1000(system) Binder:1163_D expire 14 lines
11-23 17:56:54.656 18703 18703 V ActivityThread: ActivityThread,callActivityOnCreate
11-23 17:56:54.742 18703 18703 D ActivityThread: add activity client record, r= ActivityRecord{de85495 token=android.os.BinderProxy@7fb3ca2 {com.netease.play/com.netease.play.webview.WebviewActivity}} token= android.os.BinderProxy@7fb3ca2
11-23 17:56:54.775 23834 23834 D ActivityThread: ActivityThread,attachApplication
11-23 17:56:54.796  1163  6100 I chatty  : uid=1000(system) Binder:1163_14 expire 10 lines
11-23 17:56:54.843  1163  1284 I chatty  : uid=1000(system) android.anim expire 11 lines
11-23 17:56:54.882   760   760 I chatty  : uid=1010(wifi) /system/bin/wificond expire 330 lines
11-23 17:57:00.002  1163  1163 I chatty  : uid=1000 system_server expire 21 lines
11-23 17:57:02.987  1163  2704 I chatty  : uid=1000(system) Binder:1163_E expire 17 lines
11-23 17:57:03.249 18703 18703 D ActivityThread: Remove activity client record, r= ActivityRecord{de85495 token=android.os.BinderProxy@7fb3ca2 {com.netease.play/com.netease.play.webview.WebviewActivity}} token= android.os.BinderProxy@7fb3ca2
11-23 17:57:03.259  1163  1353 I chatty  : uid=1000(system) ConnectivitySer expire 30 lines
11-23 17:57:03.299  1163  5137 I chatty  : uid=1000(system) Binder:1163_11 expire 11 lines
11-23 17:57:35.247  1163  1295 I chatty  : uid=1000(system) UEventObserver expire 2 lines
11-23 17:57:35.263  1163  1184 I chatty  : uid=1000(system) batterystats-sy expire 2 lines
11-23 17:58:25.989  1163  1176 I chatty  : uid=1000(system) android.bg expire 1 line
11-23 17:59:05.192  1163  2122 I chatty  : uid=1000(system) Binder:1163_D expire 10 lines
11-23 17:59:12.097  1163  1558 I chatty  : uid=1000(system) watchdog expire 5 lines
11-23 18:00:00.091  2767 10186 W ContextImpl: Calling a method in the system process without a qualified user: android.app.ContextImpl.bindService:1736 android.content.ContextWrapper.bindService:678 com.huawei.nb.dataservice.dsclient.RemoteServiceConnection.open:90 com.huawei.nb.dataservice.dsclient.DataServiceProxy.connect:105 com.huawei.nb.dataservice.rsclient.internal.RemoteRuleService.start:27 
11-23 18:00:00.122  2767 10188 W ContextImpl: Calling a method in the system process without a qualified user: android.app.ContextImpl.bindService:1736 android.content.ContextWrapper.bindService:678 com.huawei.nb.dataservice.dsclient.RemoteServiceConnection.open:90 com.huawei.nb.dataservice.dsclient.DataServiceProxy.connect:105 com.huawei.nb.dataservice.rsclient.internal.RemoteRuleService.start:27 
11-23 18:00:02.203   760   760 I chatty  : uid=1010(wifi) /system/bin/wificond expire 783 lines
11-23 18:00:08.423 18703 18703 V ActivityThread: ActivityThread,callActivityOnCreate
11-23 18:00:08.514 18703 18703 D ActivityThread: add activity client record, r= ActivityRecord{1520b84 token=android.os.BinderProxy@d11c6a8 {com.netease.play/com.netease.play.webview.WebviewActivity}} token= android.os.BinderProxy@d11c6a8
11-23 18:00:08.531  1163  5137 I chatty  : uid=1000(system) Binder:1163_11 expire 10 lines
11-23 18:00:08.559 23973 23973 D ActivityThread: ActivityThread,attachApplication
11-23 18:00:08.568  1163  6100 I chatty  : uid=1000(system) Binder:1163_14 expire 21 lines
11-23 18:00:08.604  1163  5553 I chatty  : uid=1000(system) Binder:1163_12 expire 28 lines
11-23 18:00:08.608  1163  1284 I chatty  : uid=1000(system) android.anim expire 3 lines
11-23 18:01:18.463  1163  1163 I chatty  : uid=1000 system_server expire 62 lines
11-23 18:01:18.635  1163  1353 I chatty  : uid=1000(system) ConnectivitySer expire 20 lines
11-23 18:01:30.747  1163  2122 I chatty  : uid=1000(system) Binder:1163_D expire 20 lines
11-23 18:01:42.103  1163  1558 I chatty  : uid=1000(system) watchdog expire 16 lines
11-23 18:02:15.806  1163  1295 I chatty  : uid=1000(system) UEventObserver expire 2 lines
11-23 18:02:15.815  1163  1184 I chatty  : uid=1000(system) batterystats-sy expire 4 lines
11-23 18:03:21.285  1163  1176 I chatty  : uid=1000(system) android.bg expire 3 lines
11-23 18:07:22.312  1163  1179 I chatty  : uid=1000(system) ActivityManager expire 1 line
11-23 18:07:30.832   756   811 E /system/bin/storaged: pid_info get_pids failed
11-23 18:07:30.905   760   760 I chatty  : uid=1010(wifi) /system/bin/wificond expire 111 lines
11-23 18:07:30.907  1163  1353 I chatty  : uid=1000(system) ConnectivitySer expire 15 lines
11-23 18:07:40.783  1163  1402 I chatty  : uid=1000(system) StatisticsCHRMs expire 4 lines
11-23 18:08:00.081  1163  2122 I chatty  : uid=1000(system) Binder:1163_D expire 6 lines
11-23 18:08:19.283  1163  1163 I chatty  : uid=1000 system_server expire 17 lines
11-23 18:08:21.325  1163  1334 I chatty  : uid=1000(system) NetworkStats expire 12 lines
11-23 18:08:21.327  1163  1333 I chatty  : uid=1000(system) NetdConnector expire 10 lines
11-23 18:08:21.373  1163  5553 I chatty  : uid=1000(system) Binder:1163_12 expire 40 lines
11-23 18:08:33.283   486   738 W SocketListener: sending broadcast to Pid = 1163, Uid = 1000 
11-23 18:08:33.286  1163  1186 I chatty  : uid=1000(system) android.fg expire 17 lines
11-23 18:08:34.140   760   760 I chatty  : uid=1010(wifi) /system/bin/wificond expire 18 lines
11-23 18:08:44.858   486   738 W SocketListener: sending broadcast to Pid = 1163, Uid = 1000 
11-23 18:08:44.859  1163  1333 I chatty  : uid=1000(system) NetdConnector expire 12 lines
11-23 18:08:44.868  1163  1334 I chatty  : uid=1000(system) NetworkStats expire 10 lines
11-23 18:08:46.188   760   760 I chatty  : uid=1010(wifi) /system/bin/wificond expire 24 lines
11-23 18:08:57.233   486   738 W SocketListener: sending broadcast to Pid = 1163, Uid = 1000 
11-23 18:08:58.234   760   760 I chatty  : uid=1010(wifi) /system/bin/wificond expire 18 lines
11-23 18:09:08.830   486   738 W SocketListener: sending broadcast to Pid = 1163, Uid = 1000 
11-23 18:09:08.831  1163  1333 I chatty  : uid=1000(system) NetdConnector expire 12 lines
11-23 18:09:08.838  1163  1334 I chatty  : uid=1000(system) NetworkStats expire 10 lines
11-23 18:09:10.287   760   760 I chatty  : uid=1010(wifi) /system/bin/wificond expire 24 lines
11-23 18:09:20.577   486   738 W SocketListener: sending broadcast to Pid = 1163, Uid = 1000 
11-23 18:09:22.344   760   760 I chatty  : uid=1010(wifi) /system/bin/wificond expire 18 lines
11-23 18:09:32.647   486   738 W SocketListener: sending broadcast to Pid = 1163, Uid = 1000 
11-23 18:09:32.648  1163  1333 I chatty  : uid=1000(system) NetdConnector expire 18 lines
11-23 18:09:32.655  1163  1334 I chatty  : uid=1000(system) NetworkStats expire 5 lines
11-23 18:09:34.381   760   760 I chatty  : uid=1010(wifi) /system/bin/wificond expire 27 lines
11-23 18:09:35.006  1163  1179 I chatty  : uid=1000(system) ActivityManager expire 1 line
11-23 18:09:35.032  1163  9958 I chatty  : uid=1000(system) Binder:1163_1D expire 58 lines
11-23 18:09:35.234  1163  1284 I chatty  : uid=1000(system) android.anim expire 40 lines
11-23 18:09:36.655  4631  4631 I ActivityThread: ActivityThread.handleConfigurationChanged , new config = {1.0 ?mcc?mnc [zh_CN_#Hans] ldltr sw360dp w360dp h730dp 480dpi nrml long port finger -keyb/v/h -nav/h appBounds=Rect(0, 0 - 1080, 2280) nonFullScreen=0 suim:1 s.7}, compat = null
11-23 18:09:36.674  1163  1704 I chatty  : uid=1000(system) Binder:1163_A expire 4 lines
11-23 18:09:36.808 15104 15104 I ActivityThread: ActivityThread.handleConfigurationChanged , new config = {1.0 ?mcc?mnc [zh_CN_#Hans] ldltr sw360dp w360dp h730dp 480dpi nrml long port finger -keyb/v/h -nav/h appBounds=Rect(0, 0 - 1080, 2280) nonFullScreen=0 suim:1 s.7}, compat = null
11-23 18:09:36.890  4588  4588 I ActivityThread: ActivityThread.handleConfigurationChanged , new config = {1.0 ?mcc?mnc [zh_CN_#Hans] ldltr sw360dp w360dp h730dp 480dpi nrml long port finger -keyb/v/h -nav/h appBounds=Rect(0, 0 - 1080, 2280) nonFullScreen=0 suim:1 s.7}, compat = null
11-23 18:09:36.966 18703 18703 D ActivityThread: Remove activity client record, r= ActivityRecord{1520b84 token=android.os.BinderProxy@d11c6a8 {com.netease.play/com.netease.play.webview.WebviewActivity}} token= android.os.BinderProxy@d11c6a8
11-23 18:09:37.477  1163  1733 I chatty  : uid=1000(system) Binder:1163_B expire 14 lines
11-23 18:09:39.290  1450 22511 I CommandQueue: updateBarBgColor
11-23 18:09:39.290  1450 22511 D CommandQueue: CommandQueue, setBarBackgroundColor
11-23 18:09:39.396 18703 18703 D ActivityThread: Remove activity client record, r= ActivityRecord{d238c4a token=android.os.BinderProxy@782a232 {com.netease.play/com.netease.play.livepage.LiveViewerActivity}} token= android.os.BinderProxy@782a232
11-23 18:09:41.800 18703 18703 V ActivityThread: ActivityThread,callActivityOnCreate
11-23 18:09:41.832 18703 18703 D ActivityThread: add activity client record, r= ActivityRecord{88728c2 token=android.os.BinderProxy@e12aa29 {com.netease.play/com.netease.play.privatemsg.PrivateMsgActivity}} token= android.os.BinderProxy@e12aa29
11-23 18:09:41.864  1450 22511 I CommandQueue: updateBarBgColor
11-23 18:09:41.865  1450 22511 D CommandQueue: CommandQueue, setBarBackgroundColor
11-23 18:09:41.897  1163  7184 I chatty  : uid=1000(system) Binder:1163_16 expire 12 lines
11-23 18:09:42.127  1163  1558 I chatty  : uid=1000(system) watchdog expire 11 lines
11-23 18:09:43.186 18703 18703 V ActivityThread: ActivityThread,callActivityOnCreate
11-23 18:09:43.222 18703 18703 D ActivityThread: add activity client record, r= ActivityRecord{9eb068f token=android.os.BinderProxy@e36ca8 {com.netease.play/com.netease.play.privatemsg.privatechat.PrivateChatActivity}} token= android.os.BinderProxy@e36ca8
11-23 18:09:48.849 18703 18703 D ActivityThread: Remove activity client record, r= ActivityRecord{9eb068f token=android.os.BinderProxy@e36ca8 {com.netease.play/com.netease.play.privatemsg.privatechat.PrivateChatActivity}} token= android.os.BinderProxy@e36ca8
11-23 18:09:48.850  1163  5553 I chatty  : uid=1000(system) Binder:1163_12 expire 5 lines
11-23 18:09:48.858  1163  1733 I chatty  : uid=1000(system) Binder:1163_B expire 30 lines
11-23 18:09:49.450   760   760 I chatty  : uid=1010(wifi) /system/bin/wificond expire 69 lines
11-23 18:09:51.726  1163  1324 I chatty  : uid=1000(system) InputDispatcher expire 6 lines
11-23 18:09:51.912  4588  4588 I ActivityThread: ActivityThread.handleConfigurationChanged , new config = {1.0 ?mcc?mnc [zh_CN_#Hans] ldltr sw360dp w360dp h686dp 480dpi nrml long port finger -keyb/v/h -nav/h appBounds=Rect(0, 0 - 1080, 2150) nonFullScreen=0 suim:1 s.8}, compat = null
11-23 18:09:51.924 15104 15104 I ActivityThread: ActivityThread.handleConfigurationChanged , new config = {1.0 ?mcc?mnc [zh_CN_#Hans] ldltr sw360dp w360dp h686dp 480dpi nrml long port finger -keyb/v/h -nav/h appBounds=Rect(0, 0 - 1080, 2150) nonFullScreen=0 suim:1 s.8}, compat = null
11-23 18:09:51.943  1163 15893 I chatty  : uid=1000(system) Binder:1163_20 expire 1 line
11-23 18:09:51.944  4631  4631 I ActivityThread: ActivityThread.handleConfigurationChanged , new config = {1.0 ?mcc?mnc [zh_CN_#Hans] ldltr sw360dp w360dp h686dp 480dpi nrml long port finger -keyb/v/h -nav/h appBounds=Rect(0, 0 - 1080, 2150) nonFullScreen=0 suim:1 s.8}, compat = null
11-23 18:09:51.967  1163  1180 I chatty  : uid=1000(system) android.ui expire 3 lines
11-23 18:09:51.968  1163  1173 I chatty  : uid=1000(system) Binder:1163_1 expire 23 lines
11-23 18:09:51.972  1450  3050 I CommandQueue: updateBarBgColor
11-23 18:09:51.972  1450  3050 D CommandQueue: CommandQueue, setBarBackgroundColor
11-23 18:09:51.972  1163  5098 I chatty  : uid=1000(system) Binder:1163_F expire 27 lines
11-23 18:09:51.973  1779  2045 I HwNetworkPolicyManager: getHwUidPolicy uid = 10062 policy = 0
11-23 18:09:52.045  1163  1692 I chatty  : uid=1000(system) Binder:1163_9 expire 12 lines
11-23 18:09:52.285  1163  1576 I chatty  : uid=1000(system) Binder:1163_4 expire 11 lines
11-23 18:09:52.735  1163  1348 I chatty  : uid=1000(system) WifiScanningSer expire 1 line
11-23 18:09:53.258   486   737 W SocketListener: sending broadcast to Pid = 1163, Uid = 1000 
11-23 18:09:53.425  1163  1565 I chatty  : uid=1000(system) LocationThread expire 6 lines
11-23 18:09:53.431  1163 24328 I chatty  : uid=1000 system_server expire 1 line
11-23 18:09:53.594  1163 24339 I chatty  : uid=1000 system_server expire 1 line
11-23 18:09:54.380   486   740 W SocketListener: sending broadcast to Pid = 1163, Uid = 1000 
11-23 18:10:26.780   486   735 W SocketListener: sending broadcast to Pid = 1163, Uid = 1000 
11-23 18:10:28.676   760   760 I chatty  : uid=1010(wifi) /system/bin/wificond expire 141 lines
11-23 18:11:47.134   486   735 W SocketListener: sending broadcast to Pid = 1163, Uid = 1000 
11-23 18:11:50.088   760   760 I chatty  : uid=1010(wifi) /system/bin/wificond expire 54 lines
11-23 18:12:18.860   486   735 W SocketListener: sending broadcast to Pid = 1163, Uid = 1000 
11-23 18:12:20.228   760   760 I chatty  : uid=1010(wifi) /system/bin/wificond expire 99 lines
11-23 18:13:00.005  1163  1163 I chatty  : uid=1000 system_server expire 18 lines
11-23 18:13:11.530  1163  1353 I chatty  : uid=1000(system) ConnectivitySer expire 10 lines
11-23 18:13:16.629   486   735 W SocketListener: sending broadcast to Pid = 1163, Uid = 1000 
11-23 18:13:17.571   760   760 I chatty  : uid=1010(wifi) /system/bin/wificond expire 81 lines
11-23 18:13:21.283  1163  1176 I chatty  : uid=1000(system) android.bg expire 7 lines
11-23 18:13:39.268  1163  1163 I chatty  : uid=1000 system_server expire 10 lines
11-23 18:14:02.780   486   735 W SocketListener: sending broadcast to Pid = 1163, Uid = 1000 
11-23 18:14:02.785  1163  1333 I chatty  : uid=1000(system) NetdConnector expire 10 lines
11-23 18:14:02.831   760   760 I chatty  : uid=1010(wifi) /system/bin/wificond expire 45 lines
11-23 18:14:05.461  1163  1692 I chatty  : uid=1000(system) Binder:1163_9 expire 2 lines
11-23 18:14:05.701   486   735 W SocketListener: sending broadcast to Pid = 1163, Uid = 1000 
11-23 18:14:28.382   486   735 W SocketListener: sending broadcast to Pid = 1163, Uid = 1000 
11-23 18:14:29.981   760   760 I chatty  : uid=1010(wifi) /system/bin/wificond expire 27 lines
11-23 18:14:44.282   486   735 W SocketListener: sending broadcast to Pid = 1163, Uid = 1000 
11-23 18:14:44.291  1163  1186 I chatty  : uid=1000(system) android.fg expire 8 lines
11-23 18:14:44.329  3801  3823 W ContextImpl: Calling a method in the system process without a qualified user: android.app.ContextImpl.sendBroadcast:1074 android.content.ContextWrapper.sendBroadcast:431 com.huawei.android.pushagent.utils.a.vv:723 com.huawei.android.pushagent.model.a.f.bj:107 com.huawei.android.pushagent.model.a.b.ba:177 
11-23 18:14:44.367  2767  8192 W SettingsEx: SettingsEx.Systemex.getInt deprecated use Settings.System.getInt instead ;callers=com.huawei.recsys.util.SystemUtil.getNotificationUpdateMode:177 com.huawei.recsys.util.SystemUtil.isAllowUpdate:112 com.huawei.recsys.controller.notification.http.NotificationUpdateController.startNotificationUpdate:85 
11-23 18:14:45.075   760   760 I chatty  : uid=1010(wifi) /system/bin/wificond expire 42 lines
11-23 18:14:49.295  1163 15893 I chatty  : uid=1000(system) Binder:1163_20 expire 14 lines
11-23 18:15:07.580   486   735 W SocketListener: sending broadcast to Pid = 1163, Uid = 1000 
11-23 18:15:09.214   760   760 I chatty  : uid=1010(wifi) /system/bin/wificond expire 192 lines
11-23 18:15:12.152  1163  1558 I chatty  : uid=1000(system) watchdog expire 10 lines
11-23 18:16:07.654  1163  1163 I chatty  : uid=1000 system_server expire 10 lines
11-23 18:16:33.707  1163  1353 I chatty  : uid=1000(system) ConnectivitySer expire 4 lines
11-23 18:16:56.468  1163  1733 I chatty  : uid=1000(system) Binder:1163_B expire 10 lines
11-23 18:16:56.483   486   735 W SocketListener: sending broadcast to Pid = 1163, Uid = 1000 
11-23 18:16:56.485  1163  1333 I chatty  : uid=1000(system) NetdConnector expire 10 lines
11-23 18:16:57.841   760   760 I chatty  : uid=1010(wifi) /system/bin/wificond expire 21 lines
11-23 18:17:11.540   486   735 W SocketListener: sending broadcast to Pid = 1163, Uid = 1000 
11-23 18:17:11.757   760   760 I chatty  : uid=1010(wifi) /system/bin/wificond expire 51 lines
11-23 18:17:14.792   486   735 W SocketListener: sending broadcast to Pid = 1163, Uid = 1000 
11-23 18:17:38.140   486   735 W SocketListener: sending broadcast to Pid = 1163, Uid = 1000 
11-23 18:17:40.079   760   760 I chatty  : uid=1010(wifi) /system/bin/wificond expire 174 lines
11-23 18:18:37.828  1163  1295 I chatty  : uid=1000(system) UEventObserver expire 2 lines
11-23 18:18:37.853  1163  1184 I chatty  : uid=1000(system) batterystats-sy expire 2 lines
11-23 18:19:07.848  1163  1163 I chatty  : uid=1000 system_server expire 22 lines
11-23 18:19:19.815   486   735 W SocketListener: sending broadcast to Pid = 1163, Uid = 1000 
11-23 18:19:19.844   760   760 I chatty  : uid=1010(wifi) /system/bin/wificond expire 90 lines
11-23 18:20:09.460   486   735 W SocketListener: sending broadcast to Pid = 1163, Uid = 1000 
11-23 18:20:09.463  1163  1333 I chatty  : uid=1000(system) NetdConnector expire 4 lines
11-23 18:20:10.944   760   760 I chatty  : uid=1010(wifi) /system/bin/wificond expire 60 lines
11-23 18:20:12.172  1163  1558 I chatty  : uid=1000(system) watchdog expire 2 lines
11-23 18:20:45.580  1163  1173 I chatty  : uid=1000(system) Binder:1163_1 expire 1 line
11-23 18:20:45.584  1163  1733 I chatty  : uid=1000(system) Binder:1163_B expire 10 lines
11-23 18:20:45.794   486   735 W SocketListener: sending broadcast to Pid = 1163, Uid = 1000 
11-23 18:20:45.797  1163  1186 I chatty  : uid=1000(system) android.fg expire 10 lines
11-23 18:20:47.161   760   760 I chatty  : uid=1010(wifi) /system/bin/wificond expire 57 lines
11-23 18:20:53.866  1163 15893 I chatty  : uid=1000(system) Binder:1163_20 expire 10 lines
11-23 18:21:00.005  1163  1163 I chatty  : uid=1000 system_server expire 10 lines
11-23 18:21:12.174  1163  1558 I chatty  : uid=1000(system) watchdog expire 10 lines
11-23 18:21:19.620   486   735 W SocketListener: sending broadcast to Pid = 1163, Uid = 1000 
11-23 18:21:19.623  1163  1333 I chatty  : uid=1000(system) NetdConnector expire 10 lines
11-23 18:21:19.948   760   760 I chatty  : uid=1010(wifi) /system/bin/wificond expire 27 lines
11-23 18:21:32.575   486   735 W SocketListener: sending broadcast to Pid = 1163, Uid = 1000 
11-23 18:21:32.857  1163  5098 I chatty  : uid=1000(system) Binder:1163_F expire 10 lines
11-23 18:21:35.441   760   760 I chatty  : uid=1010(wifi) /system/bin/wificond expire 39 lines
11-23 18:21:47.950  1163 15893 I chatty  : uid=1000(system) Binder:1163_20 expire 10 lines
11-23 18:21:55.182   486   735 W SocketListener: sending broadcast to Pid = 1163, Uid = 1000 
11-23 18:21:56.562   760   760 I chatty  : uid=1010(wifi) /system/bin/wificond expire 60 lines
11-23 18:22:30.840   756   811 E /system/bin/storaged: pid_info get_pids failed
11-23 18:22:32.016   760   760 I chatty  : uid=1010(wifi) /system/bin/wificond expire 39 lines
11-23 18:22:53.420   486   735 W SocketListener: sending broadcast to Pid = 1163, Uid = 1000 
11-23 18:22:53.467  3801  3823 W ContextImpl: Calling a method in the system process without a qualified user: android.app.ContextImpl.sendBroadcast:1074 android.content.ContextWrapper.sendBroadcast:431 com.huawei.android.pushagent.utils.a.vv:723 com.huawei.android.pushagent.model.a.f.bj:107 com.huawei.android.pushagent.model.a.b.ba:177 
11-23 18:22:53.893   760   760 I chatty  : uid=1010(wifi) /system/bin/wificond expire 27 lines
11-23 18:23:08.860   486   735 W SocketListener: sending broadcast to Pid = 1163, Uid = 1000 
11-23 18:23:08.971   760   760 I chatty  : uid=1010(wifi) /system/bin/wificond expire 87 lines
11-23 18:23:18.797   486   735 W SocketListener: sending broadcast to Pid = 1163, Uid = 1000 
11-23 18:23:18.801  1163  1333 I chatty  : uid=1000(system) NetdConnector expire 10 lines
11-23 18:23:59.340   486   735 W SocketListener: sending broadcast to Pid = 1163, Uid = 1000 
11-23 18:24:00.092   760   760 I chatty  : uid=1010(wifi) /system/bin/wificond expire 81 lines
11-23 18:24:42.898   486   735 W SocketListener: sending broadcast to Pid = 1163, Uid = 1000 
11-23 18:24:42.945  3801  3823 W ContextImpl: Calling a method in the system process without a qualified user: android.app.ContextImpl.sendBroadcast:1074 android.content.ContextWrapper.sendBroadcast:431 com.huawei.android.pushagent.utils.a.vv:723 com.huawei.android.pushagent.model.a.f.bj:107 com.huawei.android.pushagent.model.a.b.ba:177 
11-23 18:24:42.997  2767  8192 W SettingsEx: SettingsEx.Systemex.getInt deprecated use Settings.System.getInt instead ;callers=com.huawei.recsys.util.SystemUtil.getNotificationUpdateMode:177 com.huawei.recsys.util.SystemUtil.isAllowUpdate:112 com.huawei.recsys.controller.notification.http.NotificationUpdateController.startNotificationUpdate:85 
11-23 18:24:43.043  1163  1163 I chatty  : uid=1000 system_server expire 11 lines
11-23 18:24:45.535   760   760 I chatty  : uid=1010(wifi) /system/bin/wificond expire 42 lines
11-23 18:24:47.905  1163  5098 I chatty  : uid=1000(system) Binder:1163_F expire 10 lines
11-23 18:25:03.622  1163  1353 I chatty  : uid=1000(system) ConnectivitySer expire 4 lines
11-23 18:25:09.499   486   735 W SocketListener: sending broadcast to Pid = 1163, Uid = 1000 
11-23 18:25:09.651   760   760 I chatty  : uid=1010(wifi) /system/bin/wificond expire 129 lines
11-23 18:25:18.627  1163  1295 I chatty  : uid=1000(system) UEventObserver expire 2 lines
11-23 18:25:18.644  1163  1184 I chatty  : uid=1000(system) batterystats-sy expire 2 lines
11-23 18:25:58.150  1163  1576 I chatty  : uid=1000(system) Binder:1163_4 expire 4 lines
11-23 18:26:05.742  1163  1733 I chatty  : uid=1000(system) Binder:1163_B expire 11 lines
11-23 18:26:12.197  1163  1558 I chatty  : uid=1000(system) watchdog expire 7 lines
11-23 18:26:23.718   486   735 W SocketListener: sending broadcast to Pid = 1163, Uid = 1000 
11-23 18:26:23.722  1163  1186 I chatty  : uid=1000(system) android.fg expire 5 lines
11-23 18:26:24.186   760   760 I chatty  : uid=1010(wifi) /system/bin/wificond expire 69 lines
11-23 18:27:01.260   486   735 W SocketListener: sending broadcast to Pid = 1163, Uid = 1000 
11-23 18:27:01.263  1163  1333 I chatty  : uid=1000(system) NetdConnector expire 10 lines
11-23 18:27:04.216   760   760 I chatty  : uid=1010(wifi) /system/bin/wificond expire 123 lines
11-23 18:27:22.315  1163  1179 I chatty  : uid=1000(system) ActivityManager expire 21 lines
11-23 18:28:00.005  1163  1163 I chatty  : uid=1000 system_server expire 10 lines
11-23 18:28:13.132   486   735 W SocketListener: sending broadcast to Pid = 1163, Uid = 1000 
11-23 18:28:13.553  1163  5098 I chatty  : uid=1000(system) Binder:1163_F expire 10 lines
11-23 18:28:13.651   760   760 I chatty  : uid=1010(wifi) /system/bin/wificond expire 27 lines
11-23 18:28:28.620   486   735 W SocketListener: sending broadcast to Pid = 1163, Uid = 1000 
11-23 18:28:28.732   760   760 I chatty  : uid=1010(wifi) /system/bin/wificond expire 66 lines
11-23 18:29:04.311   486   735 W SocketListener: sending broadcast to Pid = 1163, Uid = 1000 
11-23 18:29:04.944   760   760 I chatty  : uid=1010(wifi) /system/bin/wificond expire 15 lines
11-23 18:29:08.838  1163  1191 I chatty  : uid=1000(system) PowerManagerSer expire 12 lines
11-23 18:29:08.918  1739  1739 V ActivityThread: Finishing stop of ActivityRecord{9771723 token=android.os.BinderProxy@2fad589 {com.huawei.android.launcher/com.huawei.android.launcher.unihome.UniHomeLauncher}}
11-23 18:29:08.925  1163  1309 I chatty  : uid=1000(system) Binder:1163_3 expire 15 lines
11-23 18:29:09.193  1163  1420 I chatty  : uid=1000(system) PhotonicModulat expire 2 lines
11-23 18:29:09.193  1163  1188 I chatty  : uid=1000(system) android.display expire 7 lines
11-23 18:29:09.206  1163  1327 I chatty  : uid=1000(system) StorageManagerS expire 4 lines
11-23 18:29:09.217   431   459 I vold    : TrimTask running tasks: 0
11-23 18:29:09.217  1163  1733 I chatty  : uid=1000(system) Binder:1163_B expire 26 lines
11-23 18:29:09.219  1163  1330 I chatty  : uid=1000(system) VoldConnector expire 2 lines
11-23 18:29:09.232  1163  1163 I chatty  : uid=1000 system_server expire 25 lines
11-23 18:29:09.232  1163  1350 I chatty  : uid=1000(system) WifiP2pService expire 11 lines
11-23 18:29:09.236  1163  1338 I chatty  : uid=1000(system) WifiStateMachin expire 2 lines
11-23 18:29:09.289  1163  5118 I chatty  : uid=1000(system) Binder:1163_10 expire 12 lines
11-23 18:29:09.394  1163  1180 I chatty  : uid=1000(system) android.ui expire 6 lines
11-23 18:29:09.398  2767  4481 W ContextImpl: Calling a method in the system process without a qualified user: android.app.ContextImpl.bindService:1736 android.content.ContextWrapper.bindService:678 com.huawei.nb.dataservice.dsclient.RemoteServiceConnection.open:90 com.huawei.nb.dataservice.dsclient.DataServiceProxy.connect:105 com.huawei.nb.dataservice.rsclient.internal.RemoteRuleService.start:27 
11-23 18:29:09.562  1163  7544 I chatty  : uid=1000(system) Binder:1163_17 expire 17 lines
11-23 18:29:09.564  1163  1333 I chatty  : uid=1000(system) NetdConnector expire 10 lines
11-23 18:29:09.633  2767  5034 W ContextImpl: Calling a method in the system process without a qualified user: android.app.ContextImpl.bindService:1736 android.content.ContextWrapper.bindService:678 com.huawei.nb.dataservice.dsclient.RemoteServiceConnection.open:90 com.huawei.nb.dataservice.dsclient.DataServiceProxy.connect:105 com.huawei.nb.dataservice.rsclient.internal.RemoteRuleService.start:27 
11-23 18:29:11.893 24612 24612 D ActivityThread: ActivityThread,attachApplication
11-23 18:29:14.030  1450  1450 V KeyguardViewMediator: updateInputRestrictedLocked 1 isInputApp = false, inputRestricted = true
11-23 18:29:14.189  1450  1450 V KeyguardStatusView: refresh statusview showing:true
11-23 18:29:14.193  1450  1450 V KeyguardDisplayManager: show
11-23 18:29:14.200  1684  7045 D AntiBruteForceProcessor: RemainingAuthenticateNum = 5
11-23 18:29:14.230  1739  1739 V ActivityThread: Handle window ActivityRecord{9771723 token=android.os.BinderProxy@2fad589 {com.huawei.android.launcher/com.huawei.android.launcher.unihome.UniHomeLauncher}} visibility: false
11-23 18:29:14.422  1163  1284 I chatty  : uid=1000(system) android.anim expire 18 lines
11-23 18:29:16.129  1163  1576 I chatty  : uid=1000(system) Binder:1163_4 expire 11 lines
11-23 18:29:46.082   486   735 W SocketListener: sending broadcast to Pid = 1163, Uid = 1000 
11-23 18:29:46.085  1163  1186 I chatty  : uid=1000(system) android.fg expire 10 lines
11-23 18:29:54.113   486   735 W SocketListener: sending broadcast to Pid = 1163, Uid = 1000 
11-23 18:31:01.081   486   735 W SocketListener: sending broadcast to Pid = 1163, Uid = 1000 
11-23 18:31:01.160   760   760 I chatty  : uid=1010(wifi) /system/bin/wificond expire 12 lines
11-23 18:31:10.125   486   735 W SocketListener: sending broadcast to Pid = 1163, Uid = 1000 
11-23 18:32:22.057  1163  1295 I chatty  : uid=1000(system) UEventObserver expire 2 lines
11-23 18:32:22.062   486   735 W SocketListener: sending broadcast to Pid = 1163, Uid = 1000 
11-23 18:32:22.063  1163  1333 I chatty  : uid=1000(system) NetdConnector expire 10 lines
11-23 18:32:22.066  1163  1184 I chatty  : uid=1000(system) batterystats-sy expire 2 lines
11-23 18:32:22.319  1163  1576 I chatty  : uid=1000(system) Binder:1163_4 expire 10 lines
11-23 18:32:22.325  1163  1183 I chatty  : uid=1000(system) keyAppHanderThr expire 12 lines
11-23 18:32:22.358   486   735 W SocketListener: sending broadcast to Pid = 1163, Uid = 1000 
11-23 18:32:22.405  1163  6100 I chatty  : uid=1000(system) Binder:1163_14 expire 12 lines
11-23 18:33:21.075   486   735 W SocketListener: sending broadcast to Pid = 1163, Uid = 1000 
11-23 18:33:21.648  1163  1309 I chatty  : uid=1000(system) Binder:1163_3 expire 7 lines
11-23 18:33:35.066   486   735 W SocketListener: sending broadcast to Pid = 1163, Uid = 1000 
11-23 18:33:35.071  1163  5118 I chatty  : uid=1000(system) Binder:1163_10 expire 20 lines
11-23 18:33:36.227  1163  5098 I chatty  : uid=1000(system) Binder:1163_F expire 15 lines
11-23 18:34:54.076   486   735 W SocketListener: sending broadcast to Pid = 1163, Uid = 1000 
11-23 18:34:54.101   486   735 W SocketListener: sending broadcast to Pid = 1163, Uid = 1000 
11-23 18:34:54.102  1163  1333 I chatty  : uid=1000(system) NetdConnector expire 22 lines
11-23 18:34:54.105  1163  1576 I chatty  : uid=1000(system) Binder:1163_4 expire 21 lines
11-23 18:34:56.145  1163  1163 I chatty  : uid=1000 system_server expire 25 lines
11-23 18:34:56.184  1163  1176 I chatty  : uid=1000(system) android.bg expire 13 lines
11-23 18:37:18.075   486   735 W SocketListener: sending broadcast to Pid = 1163, Uid = 1000 
11-23 18:37:18.078  1163  1186 I chatty  : uid=1000(system) android.fg expire 13 lines
11-23 18:37:18.086  1163  1163 I chatty  : uid=1000 system_server expire 15 lines
11-23 18:37:18.149  1163  5098 I chatty  : uid=1000(system) Binder:1163_F expire 2 lines
11-23 18:37:22.347   486   735 W SocketListener: sending broadcast to Pid = 1163, Uid = 1000 
11-23 18:37:39.113   486   735 W SocketListener: sending broadcast to Pid = 1163, Uid = 1000 
11-23 18:37:39.154   486   735 W SocketListener: sending broadcast to Pid = 1163, Uid = 1000 
11-23 18:37:40.878  1163  1334 I chatty  : uid=1000(system) NetworkStats expire 9 lines
11-23 18:37:40.946  1163  1335 I chatty  : uid=1000(system) NetworkPolicy expire 6 lines
11-23 18:37:41.005  1163  9958 I chatty  : uid=1000(system) Binder:1163_1D expire 13 lines
11-23 18:37:41.232   760   760 I chatty  : uid=1010(wifi) /system/bin/wificond expire 12 lines
11-23 18:38:42.080   486   735 W SocketListener: sending broadcast to Pid = 1163, Uid = 1000 
11-23 18:41:23.101   486   735 W SocketListener: sending broadcast to Pid = 1163, Uid = 1000 
11-23 18:41:23.102   486   735 W SocketListener: sending broadcast to Pid = 1163, Uid = 1000 
11-23 18:41:28.073   486   735 W SocketListener: sending broadcast to Pid = 1163, Uid = 1000 
11-23 18:41:28.078  1163  1333 I chatty  : uid=1000(system) NetdConnector expire 10 lines
11-23 18:41:35.588  1163  7184 I chatty  : uid=1000(system) Binder:1163_16 expire 11 lines
11-23 18:41:36.125 24733 24733 D ActivityThread: ActivityThread,attachApplication
11-23 18:41:37.121  1163  1558 I chatty  : uid=1000(system) watchdog expire 3 lines
11-23 18:42:23.072   486   735 W SocketListener: sending broadcast to Pid = 1163, Uid = 1000 
11-23 18:42:23.150   486   735 W SocketListener: sending broadcast to Pid = 1163, Uid = 1000 
11-23 18:42:23.178  1163  1733 I chatty  : uid=1000(system) Binder:1163_B expire 11 lines
11-23 18:42:23.460 24780 24780 D ActivityThread: ActivityThread,attachApplication
11-23 18:42:39.255   486   735 W SocketListener: sending broadcast to Pid = 1163, Uid = 1000 
11-23 18:42:39.746  1163  1163 I chatty  : uid=1000 system_server expire 10 lines
11-23 18:42:41.322   486   735 W SocketListener: sending broadcast to Pid = 1163, Uid = 1000 
11-23 18:42:41.327  1163  1333 I chatty  : uid=1000(system) NetdConnector expire 10 lines
11-23 18:42:45.531   760   760 I chatty  : uid=1010(wifi) /system/bin/wificond expire 12 lines
11-23 18:43:13.109   486   735 W SocketListener: sending broadcast to Pid = 1163, Uid = 1000 
11-23 18:43:22.125   486   735 W SocketListener: sending broadcast to Pid = 1163, Uid = 1000 
11-23 18:43:22.129  1163  1186 I chatty  : uid=1000(system) android.fg expire 10 lines
11-23 18:47:09.080   486   735 W SocketListener: sending broadcast to Pid = 1163, Uid = 1000 
11-23 18:47:09.113   486   735 W SocketListener: sending broadcast to Pid = 1163, Uid = 1000 
11-23 18:47:09.115  1163  1333 I chatty  : uid=1000(system) NetdConnector expire 10 lines
11-23 18:47:23.113  1163  6100 I chatty  : uid=1000(system) Binder:1163_14 expire 16 lines
11-23 18:48:15.073   486   735 W SocketListener: sending broadcast to Pid = 1163, Uid = 1000 
11-23 18:48:15.078   486   735 W SocketListener: sending broadcast to Pid = 1163, Uid = 1000 
11-23 18:50:54.100   486   735 W SocketListener: sending broadcast to Pid = 1163, Uid = 1000 
11-23 18:50:54.173   486   735 W SocketListener: sending broadcast to Pid = 1163, Uid = 1000 
11-23 18:50:54.951  1163  1733 I chatty  : uid=1000(system) Binder:1163_B expire 14 lines
11-23 18:52:23.080   486   735 W SocketListener: sending broadcast to Pid = 1163, Uid = 1000 
11-23 18:52:23.082  1163  1163 I chatty  : uid=1000 system_server expire 18 lines
11-23 18:52:23.083  1163  1333 I chatty  : uid=1000(system) NetdConnector expire 10 lines
11-23 18:52:23.107  1163  1576 I chatty  : uid=1000(system) Binder:1163_4 expire 34 lines
11-23 18:52:23.140   486   735 W SocketListener: sending broadcast to Pid = 1163, Uid = 1000 
11-23 18:52:46.073   486   735 W SocketListener: sending broadcast to Pid = 1163, Uid = 1000 
11-23 18:52:46.123   486   735 W SocketListener: sending broadcast to Pid = 1163, Uid = 1000 
11-23 18:52:46.126  1163  1186 I chatty  : uid=1000(system) android.fg expire 15 lines
11-23 18:52:46.133  1163  1163 I chatty  : uid=1000 system_server expire 13 lines
11-23 18:52:46.758  1163  1182 I chatty  : uid=1000(system) ThirdAppHandler expire 2 lines
11-23 18:52:46.801 24865 24865 D ActivityThread: ActivityThread,attachApplication
11-23 18:52:48.555   760   760 I chatty  : uid=1010(wifi) /system/bin/wificond expire 12 lines
11-23 18:52:49.675 24865 24925 E ActivityThread: Failed to find provider info for com.alipay.setting
11-23 18:53:25.082   486   735 W SocketListener: sending broadcast to Pid = 1163, Uid = 1000 
11-23 18:53:25.083  1163  1333 I chatty  : uid=1000(system) NetdConnector expire 12 lines
11-23 18:53:39.090   486   735 W SocketListener: sending broadcast to Pid = 1163, Uid = 1000 
11-23 18:54:04.099   486   735 W SocketListener: sending broadcast to Pid = 1163, Uid = 1000 
11-23 18:54:18.076   486   735 W SocketListener: sending broadcast to Pid = 1163, Uid = 1000 
11-23 18:54:41.100   486   735 W SocketListener: sending broadcast to Pid = 1163, Uid = 1000 
11-23 18:54:41.112  1163  1176 I chatty  : uid=1000(system) android.bg expire 8 lines
11-23 18:54:41.164  1163  5118 I chatty  : uid=1000(system) Binder:1163_10 expire 10 lines
11-23 18:54:56.096   486   735 W SocketListener: sending broadcast to Pid = 1163, Uid = 1000 
11-23 18:54:56.098  1163  1333 I chatty  : uid=1000(system) NetdConnector expire 10 lines
11-23 18:57:21.076   486   735 W SocketListener: sending broadcast to Pid = 1163, Uid = 1000 
11-23 18:57:22.373   486   735 W SocketListener: sending broadcast to Pid = 1163, Uid = 1000 
11-23 18:57:22.392  1163  7779 I chatty  : uid=1000(system) Binder:1163_18 expire 10 lines
11-23 18:57:23.110  1163  1163 I chatty  : uid=1000 system_server expire 13 lines
11-23 18:59:10.084   486   735 W SocketListener: sending broadcast to Pid = 1163, Uid = 1000 
11-23 18:59:10.089   486   735 W SocketListener: sending broadcast to Pid = 1163, Uid = 1000 
11-23 18:59:10.337   760   760 I chatty  : uid=1010(wifi) /system/bin/wificond expire 12 lines
11-23 19:00:05.076   486   735 W SocketListener: sending broadcast to Pid = 1163, Uid = 1000 
11-23 19:00:05.077  1163  1333 I chatty  : uid=1000(system) NetdConnector expire 10 lines
11-23 19:00:14.126   486   735 W SocketListener: sending broadcast to Pid = 1163, Uid = 1000 
11-23 19:01:36.100   486   735 W SocketListener: sending broadcast to Pid = 1163, Uid = 1000 
11-23 19:01:36.127   486   735 W SocketListener: sending broadcast to Pid = 1163, Uid = 1000 
11-23 19:02:23.077   486   735 W SocketListener: sending broadcast to Pid = 1163, Uid = 1000 
11-23 19:02:23.081  1163  1186 I chatty  : uid=1000(system) android.fg expire 10 lines
11-23 19:02:23.161   486   735 W SocketListener: sending broadcast to Pid = 1163, Uid = 1000 
11-23 19:02:23.162  1163  1333 I chatty  : uid=1000(system) NetdConnector expire 10 lines
11-23 19:03:25.076   486   735 W SocketListener: sending broadcast to Pid = 1163, Uid = 1000 
11-23 19:03:27.070   486   735 W SocketListener: sending broadcast to Pid = 1163, Uid = 1000 
11-23 19:06:37.075  1163  1163 I chatty  : uid=1000 system_server expire 10 lines
11-23 19:06:37.084   486   735 W SocketListener: sending broadcast to Pid = 1163, Uid = 1000 
11-23 19:06:37.109  1163  9958 I chatty  : uid=1000(system) Binder:1163_1D expire 10 lines
11-23 19:06:37.117   486   735 W SocketListener: sending broadcast to Pid = 1163, Uid = 1000 
11-23 19:06:54.075   486   735 W SocketListener: sending broadcast to Pid = 1163, Uid = 1000 
11-23 19:06:54.076  1163  1333 I chatty  : uid=1000(system) NetdConnector expire 10 lines
11-23 19:06:54.127   486   735 W SocketListener: sending broadcast to Pid = 1163, Uid = 1000 
11-23 19:06:54.155  1163  5118 I chatty  : uid=1000(system) Binder:1163_10 expire 28 lines
11-23 19:07:23.104   486   735 W SocketListener: sending broadcast to Pid = 1163, Uid = 1000 
11-23 19:08:16.072   486   735 W SocketListener: sending broadcast to Pid = 1163, Uid = 1000 
11-23 19:08:16.076   486   735 W SocketListener: sending broadcast to Pid = 1163, Uid = 1000 
11-23 19:08:16.090   486   735 W SocketListener: sending broadcast to Pid = 1163, Uid = 1000 
11-23 19:08:16.093  1163  1186 I chatty  : uid=1000(system) android.fg expire 7 lines
11-23 19:08:16.096  1163  1333 I chatty  : uid=1000(system) NetdConnector expire 10 lines
11-23 19:08:16.269   760   760 I chatty  : uid=1010(wifi) /system/bin/wificond expire 18 lines
11-23 19:09:03.076   486   735 W SocketListener: sending broadcast to Pid = 1163, Uid = 1000 
11-23 19:09:11.123   486   735 W SocketListener: sending broadcast to Pid = 1163, Uid = 1000 
11-23 19:11:03.075   486   735 W SocketListener: sending broadcast to Pid = 1163, Uid = 1000 
11-23 19:11:03.103  1163  1325 I chatty  : uid=1000(system) InputReader expire 2 lines
11-23 19:11:03.107  1163  1191 I chatty  : uid=1000(system) PowerManagerSer expire 7 lines
11-23 19:11:03.136   431   459 I vold    : TrimTask running tasks: 0
11-23 19:11:03.154  1163  9958 I chatty  : uid=1000(system) Binder:1163_1D expire 56 lines
11-23 19:11:03.160  1163  1350 I chatty  : uid=1000(system) WifiP2pService expire 10 lines
11-23 19:11:03.163  1163  7779 I chatty  : uid=1000(system) Binder:1163_18 expire 35 lines
11-23 19:11:03.164  1163  1348 I chatty  : uid=1000(system) WifiScanningSer expire 1 line
11-23 19:11:03.184  1163  1333 I chatty  : uid=1000(system) NetdConnector expire 10 lines
11-23 19:11:03.193  1163  1163 I chatty  : uid=1000 system_server expire 44 lines
11-23 19:11:03.277  2767  8064 W ContextImpl: Calling a method in the system process without a qualified user: android.app.ContextImpl.bindService:1736 android.content.ContextWrapper.bindService:678 com.huawei.nb.dataservice.dsclient.RemoteServiceConnection.open:90 com.huawei.nb.dataservice.dsclient.DataServiceProxy.connect:105 com.huawei.nb.dataservice.rsclient.internal.RemoteRuleService.start:27 
11-23 19:11:03.359  1163  1733 I chatty  : uid=1000(system) Binder:1163_B expire 1 line
11-23 19:11:03.411 25011 25011 D ActivityThread: ActivityThread,attachApplication
11-23 19:11:03.685   486   737 W SocketListener: sending broadcast to Pid = 1163, Uid = 1000 
11-23 19:11:05.349   486   735 W SocketListener: sending broadcast to Pid = 1163, Uid = 1000 
11-23 19:11:05.393  1684  1760 D FaceRecognizeService: resetTimeout begin!
11-23 19:11:05.394  1684  1945 E FaceRecognizeService: handleMessage EVT = 1002
11-23 19:11:05.394  1684  1945 D AntiBruteForceProcessor: Reset facerecognize lockout, clearAttemptCounter=true
11-23 19:11:05.429  1684  1945 D AntiBruteForceProcessor: resetTotalFailedTimes current total times = 0
11-23 19:11:05.521  1450  1450 V KeyguardDisplayManager: hide
11-23 19:11:05.525  1450  1450 V KeyguardViewMediator: updateInputRestrictedLocked 1 isInputApp = false, inputRestricted = false
11-23 19:11:05.629  1163  7184 I chatty  : uid=1000(system) Binder:1163_16 expire 8 lines
11-23 19:11:05.688  1163  1353 I chatty  : uid=1000(system) ConnectivitySer expire 1 line
11-23 19:11:06.929  1779  2045 I HwNetworkPolicyManager: getHwUidPolicy uid = 10300 policy = 0
11-23 19:11:06.965  1450  5841 I CommandQueue: updateBarBgColor
11-23 19:11:06.965  1450  5841 D CommandQueue: CommandQueue, setBarBackgroundColor
11-23 19:11:08.149  1450  5841 I CommandQueue: updateBarBgColor
11-23 19:11:08.149  1450  5841 D CommandQueue: CommandQueue, setBarBackgroundColor
11-23 19:11:08.294 18703 18703 D ActivityThread: Remove activity client record, r= ActivityRecord{88728c2 token=android.os.BinderProxy@e12aa29 {com.netease.play/com.netease.play.privatemsg.PrivateMsgActivity}} token= android.os.BinderProxy@e12aa29
11-23 19:11:08.968 18703 18703 V ActivityThread: ActivityThread,callActivityOnCreate
11-23 19:11:09.178   760   760 I chatty  : uid=1010(wifi) /system/bin/wificond expire 30 lines
11-23 19:11:09.206 18703 18703 D ActivityThread: add activity client record, r= ActivityRecord{a0731d0 token=android.os.BinderProxy@d2509c3 {com.netease.play/com.netease.play.profile.NewProfileActivity}} token= android.os.BinderProxy@d2509c3
11-23 19:11:09.265  1450  5841 I CommandQueue: updateBarBgColor
11-23 19:11:09.265  1450  5841 D CommandQueue: CommandQueue, setBarBackgroundColor
11-23 19:11:09.331  1163  1284 I chatty  : uid=1000(system) android.anim expire 28 lines
