11-20 22:23:16.117 21236 21236 V ActivityThread: Skipping new config:{1.0 ?mcc?mnc [zh_CN_#Hans] ldltr sw360dp w360dp h750dp 480dpi nrml long hdr port finger -keyb/v/h -nav/h appBounds=Rect(0, 0 - 1080, 2340) nonFullScreen=0 suim:1 s.339}, config:{1.0 ?mcc?mnc [zh_CN_#Hans] ldltr sw360dp w360dp h750dp 480dpi nrml long hdr port finger -keyb/v/h -nav/h appBounds=Rect(0, 0 - 1080, 2340) nonFullScreen=0 suim:1 s.339} for app:com.netease.play
11-20 22:23:16.134 21236 21236 V ActivityThread: callActivityOnCreate
11-20 22:23:16.164 21236 21236 D ActivityThread: add activity client record, r= ActivityRecord{21c41ee token=android.os.BinderProxy@20a63c1 {com.netease.play/com.netease.play.officialintro.OfficialShowIntroActivity}} token= android.os.BinderProxy@20a63c1
11-20 22:23:16.175  1057  1784 I chatty  : uid=1000(system) Binder:1057_6 expire 31 lines
11-20 22:23:16.201  1601  3553 I CommandQueue: updateBarBgColor
11-20 22:23:16.202  1601  3553 D CommandQueue: CommandQueue, setBarBackgroundColor
11-20 22:23:16.683  1057  1633 I chatty  : uid=1000(system) Binder:1057_5 expire 13 lines
11-20 22:23:17.335   646   646 E wificond: Failed to get NL80211_RATE_INFO_NOISE
11-20 22:23:17.335   646   646 E wificond: Failed to get NL80211_RATE_INFO_SNR
11-20 22:23:17.335   646   646 E wificond: Failed to get NL80211_STA_INFO_CNAHLOAD
11-20 22:23:20.350   646   646 E wificond: Failed to get NL80211_RATE_INFO_NOISE
11-20 22:23:20.350   646   646 E wificond: Failed to get NL80211_RATE_INFO_SNR
11-20 22:23:20.350   646   646 E wificond: Failed to get NL80211_STA_INFO_CNAHLOAD
11-20 22:23:20.864  1057  6646 I chatty  : uid=1000(system) Binder:1057_18 expire 9 lines
11-20 22:23:22.753   646   646 E wificond: Failed to get NL80211_RATE_INFO_NOISE
11-20 22:23:22.753   646   646 E wificond: Failed to get NL80211_RATE_INFO_SNR
11-20 22:23:22.753   646   646 E wificond: Failed to get NL80211_STA_INFO_CNAHLOAD
11-20 22:23:22.755   646   646 E wificond: Failed to get NL80211_RATE_INFO_NOISE
11-20 22:23:22.755   646   646 E wificond: Failed to get NL80211_RATE_INFO_SNR
11-20 22:23:22.755   646   646 E wificond: Failed to get NL80211_STA_INFO_CNAHLOAD
11-20 22:23:23.357   646   646 E wificond: Failed to get NL80211_RATE_INFO_NOISE
11-20 22:23:23.358   646   646 E wificond: Failed to get NL80211_RATE_INFO_SNR
11-20 22:23:23.358   646   646 E wificond: Failed to get NL80211_STA_INFO_CNAHLOAD
11-20 22:23:24.106  9572  9572 W ContextImpl: Calling a method in the system process without a qualified user: android.app.ContextImpl.startService:1692 android.content.ContextWrapper.startService:650 com.huawei.vision.server.policy.PhoneState.doPolicyThingStop:103 com.huawei.vision.server.policy.PhoneStateReceiver.startOrStopVisionService:150 com.huawei.vision.server.policy.PhoneStateReceiver.access$200:18 
11-20 22:23:26.379   646   646 E wificond: Failed to get NL80211_RATE_INFO_NOISE
11-20 22:23:26.380   646   646 E wificond: Failed to get NL80211_RATE_INFO_SNR
11-20 22:23:26.380   646   646 E wificond: Failed to get NL80211_STA_INFO_CNAHLOAD
11-20 22:23:27.568  1057  1459 I chatty  : uid=1000(system) InputDispatcher expire 4 lines
11-20 22:23:27.582  1057  9435 I chatty  : uid=1000(system) Binder:1057_1F expire 3 lines
11-20 22:23:27.583  9572  9572 W ContextImpl: Calling a method in the system process without a qualified user: android.app.ContextImpl.startService:1692 android.content.ContextWrapper.startService:650 com.huawei.vision.server.policy.PhoneState.doPolicyThingStop:103 com.huawei.vision.server.policy.PhoneStateReceiver.startOrStopVisionService:150 com.huawei.vision.server.policy.PhoneStateReceiver.access$200:18 
11-20 22:23:28.178  1601  1614 I CommandQueue: updateBarBgColor
11-20 22:23:28.178  1601  1614 D CommandQueue: CommandQueue, setBarBackgroundColor
11-20 22:23:28.219  1057  1402 I chatty  : uid=1000(system) android.anim expire 3 lines
11-20 22:23:28.251  1057  1633 I chatty  : uid=1000(system) Binder:1057_5 expire 22 lines
11-20 22:23:28.266 21236 21236 D ActivityThread: Remove activity client record, r= ActivityRecord{21c41ee token=android.os.BinderProxy@20a63c1 {com.netease.play/com.netease.play.officialintro.OfficialShowIntroActivity}} token= android.os.BinderProxy@20a63c1
11-20 22:23:28.268  1057  2347 I chatty  : uid=1000(system) Binder:1057_E expire 13 lines
11-20 22:23:28.472  1057  1402 I chatty  : uid=1000(system) android.anim expire 11 lines
11-20 22:23:28.611  1057  1459 I chatty  : uid=1000(system) InputDispatcher expire 18 lines
11-20 22:23:29.399   646   646 E wificond: Failed to get NL80211_RATE_INFO_NOISE
11-20 22:23:29.399   646   646 E wificond: Failed to get NL80211_RATE_INFO_SNR
11-20 22:23:29.399   646   646 E wificond: Failed to get NL80211_STA_INFO_CNAHLOAD
11-20 22:23:30.222  1057  9435 I chatty  : uid=1000(system) Binder:1057_1F expire 48 lines
11-20 22:23:30.250 21236 21236 V ActivityThread: Skipping new config:{1.0 ?mcc?mnc [zh_CN_#Hans] ldltr sw360dp w360dp h750dp 480dpi nrml long hdr port finger -keyb/v/h -nav/h appBounds=Rect(0, 0 - 1080, 2340) nonFullScreen=0 suim:1 s.339}, config:{1.0 ?mcc?mnc [zh_CN_#Hans] ldltr sw360dp w360dp h750dp 480dpi nrml long hdr port finger -keyb/v/h -nav/h appBounds=Rect(0, 0 - 1080, 2340) nonFullScreen=0 suim:1 s.339} for app:com.netease.play
11-20 22:23:30.255 21236 21236 V ActivityThread: callActivityOnCreate
11-20 22:23:30.274 21236 21236 D ActivityThread: add activity client record, r= ActivityRecord{c3b5d4d token=android.os.BinderProxy@b14b095 {com.netease.play/com.netease.play.push.RedirectActivity}} token= android.os.BinderProxy@b14b095
11-20 22:23:30.289 21236 21236 V ActivityThread: Skipping new config:{1.0 ?mcc?mnc [zh_CN_#Hans] ldltr sw360dp w360dp h750dp 480dpi nrml long hdr port finger -keyb/v/h -nav/h appBounds=Rect(0, 0 - 1080, 2340) nonFullScreen=0 suim:1 s.339}, config:{1.0 ?mcc?mnc [zh_CN_#Hans] ldltr sw360dp w360dp h750dp 480dpi nrml long hdr port finger -keyb/v/h -nav/h appBounds=Rect(0, 0 - 1080, 2340) nonFullScreen=0 suim:1 s.339} for app:com.netease.play
11-20 22:23:30.293 21236 21236 V ActivityThread: callActivityOnCreate
11-20 22:23:30.307  1057  1490 I chatty  : uid=1000(system) ConnectivitySer expire 6 lines
11-20 22:23:30.376 21236 21236 D ActivityThread: add activity client record, r= ActivityRecord{92a1d75 token=android.os.BinderProxy@2426002 {com.netease.play/com.netease.play.webview.WebviewActivity}} token= android.os.BinderProxy@2426002
11-20 22:23:30.384  1057  6646 I chatty  : uid=1000(system) Binder:1057_18 expire 19 lines
11-20 22:23:30.387  1057  1203 I chatty  : uid=1000(system) HwGameAssistant expire 2 lines
11-20 22:23:30.387  1057  1186 I chatty  : uid=1000(system) HwActivityManag expire 2 lines
11-20 22:23:30.396 32349 32349 D ActivityThread: Attach thread to application
11-20 22:23:30.406  1601  7342 I CommandQueue: updateBarBgColor
11-20 22:23:30.406  1601  7342 D CommandQueue: CommandQueue, setBarBackgroundColor
11-20 22:23:30.477  1057  1202 I chatty  : uid=1000(system) android.display expire 1 line
11-20 22:23:30.759   646   646 E wificond: Failed to get NL80211_RATE_INFO_NOISE
11-20 22:23:30.759   646   646 E wificond: Failed to get NL80211_RATE_INFO_SNR
11-20 22:23:30.759   646   646 E wificond: Failed to get NL80211_STA_INFO_CNAHLOAD
11-20 22:23:30.762   646   646 E wificond: Failed to get NL80211_RATE_INFO_NOISE
11-20 22:23:30.763   646   646 E wificond: Failed to get NL80211_RATE_INFO_SNR
11-20 22:23:30.763   646   646 E wificond: Failed to get NL80211_STA_INFO_CNAHLOAD
11-20 22:23:30.865 21236 21236 D ActivityThread: Remove activity client record, r= ActivityRecord{c3b5d4d token=android.os.BinderProxy@b14b095 {com.netease.play/com.netease.play.push.RedirectActivity}} token= android.os.BinderProxy@b14b095
11-20 22:23:32.411   646   646 E wificond: Failed to get NL80211_RATE_INFO_NOISE
11-20 22:23:32.411   646   646 E wificond: Failed to get NL80211_RATE_INFO_SNR
11-20 22:23:32.411   646   646 E wificond: Failed to get NL80211_STA_INFO_CNAHLOAD
11-20 22:23:34.591   536   546 W SocketListener: sending broadcast to Pid = 1057, Uid = 1000 
11-20 22:23:34.592  1057  1468 I chatty  : uid=1000(system) NetdConnector expire 8 lines
11-20 22:23:34.596  1057  1200 I chatty  : uid=1000(system) android.fg expire 4 lines
11-20 22:23:34.607  1057  1470 I chatty  : uid=1000(system) NetworkStats expire 5 lines
11-20 22:23:35.422   646   646 E wificond: Failed to get NL80211_RATE_INFO_NOISE
11-20 22:23:35.422   646   646 E wificond: Failed to get NL80211_RATE_INFO_SNR
11-20 22:23:35.422   646   646 E wificond: Failed to get NL80211_STA_INFO_CNAHLOAD
11-20 22:23:35.974  1057  1696 I chatty  : uid=1000(system) watchdog expire 1 line
11-20 22:23:36.365   536   550 W SocketListener: sending broadcast to Pid = 1057, Uid = 1000 
11-20 22:23:36.612 32455 32455 D ActivityThread: Attach thread to application
11-20 22:23:38.438   646   646 E wificond: Failed to get NL80211_RATE_INFO_NOISE
11-20 22:23:38.438   646   646 E wificond: Failed to get NL80211_RATE_INFO_SNR
11-20 22:23:38.438   646   646 E wificond: Failed to get NL80211_STA_INFO_CNAHLOAD
11-20 22:23:38.668  1057  1583 I chatty  : uid=1000(system) Binder:1057_3 expire 6 lines
11-20 22:23:38.760   646   646 E wificond: Failed to get NL80211_RATE_INFO_NOISE
11-20 22:23:38.760   646   646 E wificond: Failed to get NL80211_RATE_INFO_SNR
11-20 22:23:38.760   646   646 E wificond: Failed to get NL80211_STA_INFO_CNAHLOAD
11-20 22:23:38.764   646   646 E wificond: Failed to get NL80211_RATE_INFO_NOISE
11-20 22:23:38.764   646   646 E wificond: Failed to get NL80211_RATE_INFO_SNR
11-20 22:23:38.764   646   646 E wificond: Failed to get NL80211_STA_INFO_CNAHLOAD
11-20 22:23:38.932  1057  1402 I chatty  : uid=1000(system) android.anim expire 6 lines
11-20 22:23:39.740  1057  2347 I chatty  : uid=1000(system) Binder:1057_E expire 7 lines
11-20 22:23:40.184  1057  1459 I chatty  : uid=1000(system) InputDispatcher expire 17 lines
11-20 22:23:40.923  1057  7360 I chatty  : uid=1000(system) Binder:1057_1B expire 7 lines
11-20 22:23:41.455   646   646 E wificond: Failed to get NL80211_RATE_INFO_NOISE
11-20 22:23:41.455   646   646 E wificond: Failed to get NL80211_RATE_INFO_SNR
11-20 22:23:41.455   646   646 E wificond: Failed to get NL80211_STA_INFO_CNAHLOAD
11-20 22:23:41.839  1057  6646 I chatty  : uid=1000(system) Binder:1057_18 expire 26 lines
11-20 22:23:43.485  1057  1057 I chatty  : uid=1000 system_server expire 2 lines
11-20 22:23:44.003  1057  1500 I chatty  : uid=1000(system) AudioService expire 2 lines
11-20 22:23:44.473   646   646 E wificond: Failed to get NL80211_RATE_INFO_NOISE
11-20 22:23:44.473   646   646 E wificond: Failed to get NL80211_RATE_INFO_SNR
11-20 22:23:44.473   646   646 E wificond: Failed to get NL80211_STA_INFO_CNAHLOAD
11-20 22:23:45.009  1601  1614 I CommandQueue: updateBarBgColor
11-20 22:23:45.010  1601  1614 D CommandQueue: CommandQueue, setBarBackgroundColor
11-20 22:23:45.205 21236 21236 D ActivityThread: Remove activity client record, r= ActivityRecord{92a1d75 token=android.os.BinderProxy@2426002 {com.netease.play/com.netease.play.webview.WebviewActivity}} token= android.os.BinderProxy@2426002
11-20 22:23:45.237  1057  1583 I chatty  : uid=1000(system) Binder:1057_3 expire 6 lines
11-20 22:23:45.248  1057  1195 I chatty  : uid=1000(system) batterystats-wo expire 1 line
11-20 22:23:45.310  1057  1402 I chatty  : uid=1000(system) android.anim expire 17 lines
11-20 22:23:45.343  1057  7360 I chatty  : uid=1000(system) Binder:1057_1B expire 40 lines
11-20 22:23:45.562 21236 21236 V ActivityThread: Skipping new config:{1.0 ?mcc?mnc [zh_CN_#Hans] ldltr sw360dp w360dp h750dp 480dpi nrml long hdr port finger -keyb/v/h -nav/h appBounds=Rect(0, 0 - 1080, 2340) nonFullScreen=0 suim:1 s.339}, config:{1.0 ?mcc?mnc [zh_CN_#Hans] ldltr sw360dp w360dp h750dp 480dpi nrml long hdr port finger -keyb/v/h -nav/h appBounds=Rect(0, 0 - 1080, 2340) nonFullScreen=0 suim:1 s.339} for app:com.netease.play
11-20 22:23:45.565 21236 21236 V ActivityThread: callActivityOnCreate
11-20 22:23:45.647 21236 21236 D ActivityThread: add activity client record, r= ActivityRecord{82c2632 token=android.os.BinderProxy@d2ff9e0 {com.netease.play/com.netease.play.livepage.LiveViewerActivity}} token= android.os.BinderProxy@d2ff9e0
11-20 22:23:45.656  1057  1203 I chatty  : uid=1000(system) HwGameAssistant expire 3 lines
11-20 22:23:45.657  1057  1186 I chatty  : uid=1000(system) HwActivityManag expire 3 lines
11-20 22:23:45.662  1057  6646 I chatty  : uid=1000(system) Binder:1057_18 expire 1 line
11-20 22:23:45.669  1057  2349 I chatty  : uid=1000(system) Binder:1057_F expire 11 lines
11-20 22:23:45.673  1601  7342 I CommandQueue: updateBarBgColor
11-20 22:23:45.673  1601  7342 D CommandQueue: CommandQueue, setBarBackgroundColor
11-20 22:23:45.688  1057  2347 I chatty  : uid=1000(system) Binder:1057_E expire 24 lines
11-20 22:23:45.726  1057  1202 I chatty  : uid=1000(system) android.display expire 3 lines
11-20 22:23:45.737  1057  1057 I chatty  : uid=1000 system_server expire 6 lines
11-20 22:23:46.042  1057  1459 I chatty  : uid=1000(system) InputDispatcher expire 21 lines
11-20 22:23:46.067   536   546 W SocketListener: sending broadcast to Pid = 1057, Uid = 1000 
11-20 22:23:46.068  1057  1468 I chatty  : uid=1000(system) NetdConnector expire 6 lines
11-20 22:23:46.071  1057  1200 I chatty  : uid=1000(system) android.fg expire 1 line
11-20 22:23:46.078  1057  1470 I chatty  : uid=1000(system) NetworkStats expire 5 lines
11-20 22:23:46.774   646   646 E wificond: Failed to get NL80211_RATE_INFO_NOISE
11-20 22:23:46.774   646   646 E wificond: Failed to get NL80211_RATE_INFO_SNR
11-20 22:23:46.774   646   646 E wificond: Failed to get NL80211_STA_INFO_CNAHLOAD
11-20 22:23:46.777   646   646 E wificond: Failed to get NL80211_RATE_INFO_NOISE
11-20 22:23:46.777   646   646 E wificond: Failed to get NL80211_RATE_INFO_SNR
11-20 22:23:46.778   646   646 E wificond: Failed to get NL80211_STA_INFO_CNAHLOAD
11-20 22:23:47.482   646   646 E wificond: Failed to get NL80211_RATE_INFO_NOISE
11-20 22:23:47.482   646   646 E wificond: Failed to get NL80211_RATE_INFO_SNR
11-20 22:23:47.482   646   646 E wificond: Failed to get NL80211_STA_INFO_CNAHLOAD
11-20 22:23:48.999  1057  1205 I chatty  : uid=1000(system) PowerManagerSer expire 2 lines
11-20 22:23:49.644  1057  2977 I chatty  : uid=1000(system) Binder:1057_10 expire 16 lines
11-20 22:23:50.499   646   646 E wificond: Failed to get NL80211_RATE_INFO_NOISE
11-20 22:23:50.499   646   646 E wificond: Failed to get NL80211_RATE_INFO_SNR
11-20 22:23:50.499   646   646 E wificond: Failed to get NL80211_STA_INFO_CNAHLOAD
11-20 22:23:52.326 21236 21236 V ActivityThread: Skipping new config:{1.0 ?mcc?mnc [zh_CN_#Hans] ldltr sw360dp w360dp h750dp 480dpi nrml long hdr port finger -keyb/v/h -nav/h appBounds=Rect(0, 0 - 1080, 2340) nonFullScreen=0 suim:1 s.339}, config:{1.0 ?mcc?mnc [zh_CN_#Hans] ldltr sw360dp w360dp h750dp 480dpi nrml long hdr port finger -keyb/v/h -nav/h appBounds=Rect(0, 0 - 1080, 2340) nonFullScreen=0 suim:1 s.339} for app:com.netease.play
11-20 22:23:52.331 21236 21236 V ActivityThread: callActivityOnCreate
11-20 22:23:52.369 21236 21236 D ActivityThread: add activity client record, r= ActivityRecord{b183b00 token=android.os.BinderProxy@7e91191 {com.netease.play/com.netease.play.livepage.music.PlaylistViewerActivity}} token= android.os.BinderProxy@7e91191
11-20 22:23:52.463  2880  3334 W SettingsEx: SettingsEx.Systemex.getInt deprecated use Settings.System.getInt instead ;callers=com.huawei.recsys.util.SystemUtil.getNotificationUpdateMode:203 com.huawei.recsys.util.SystemUtil.isAllowUpdate:138 com.huawei.recsys.controller.notification.http.NotificationUpdateController.startNotificationUpdate:85 
11-20 22:23:53.438  1057  6586 I chatty  : uid=1000(system) Binder:1057_17 expire 28 lines
11-20 22:23:53.465 21236 21236 D ActivityThread: Remove activity client record, r= ActivityRecord{b183b00 token=android.os.BinderProxy@7e91191 {com.netease.play/com.netease.play.livepage.music.PlaylistViewerActivity}} token= android.os.BinderProxy@7e91191
11-20 22:23:53.514   646   646 E wificond: Failed to get NL80211_RATE_INFO_NOISE
11-20 22:23:53.514   646   646 E wificond: Failed to get NL80211_RATE_INFO_SNR
11-20 22:23:53.514   646   646 E wificond: Failed to get NL80211_STA_INFO_CNAHLOAD
11-20 22:23:54.777   646   646 E wificond: Failed to get NL80211_RATE_INFO_NOISE
11-20 22:23:54.777   646   646 E wificond: Failed to get NL80211_RATE_INFO_SNR
11-20 22:23:54.777   646   646 E wificond: Failed to get NL80211_STA_INFO_CNAHLOAD
11-20 22:23:54.779   646   646 E wificond: Failed to get NL80211_RATE_INFO_NOISE
11-20 22:23:54.779   646   646 E wificond: Failed to get NL80211_RATE_INFO_SNR
11-20 22:23:54.779   646   646 E wificond: Failed to get NL80211_STA_INFO_CNAHLOAD
11-20 22:23:56.527   646   646 E wificond: Failed to get NL80211_RATE_INFO_NOISE
11-20 22:23:56.528   646   646 E wificond: Failed to get NL80211_RATE_INFO_SNR
11-20 22:23:56.528   646   646 E wificond: Failed to get NL80211_STA_INFO_CNAHLOAD
11-20 22:23:56.529  1057  1459 I chatty  : uid=1000(system) InputDispatcher expire 21 lines
11-20 22:23:57.749  1057  1412 I chatty  : uid=1000(system) UEventObserver expire 3 lines
11-20 22:23:57.779  9572  9572 W ContextImpl: Calling a method in the system process without a qualified user: android.app.ContextImpl.startService:1692 android.content.ContextWrapper.startService:650 com.huawei.vision.server.policy.PhoneState.doPolicyThingStop:103 com.huawei.vision.server.policy.PhoneStateReceiver.startOrStopVisionService:150 com.huawei.vision.server.policy.PhoneStateReceiver.access$200:18 
11-20 22:23:59.543   646   646 E wificond: Failed to get NL80211_RATE_INFO_NOISE
11-20 22:23:59.544   646   646 E wificond: Failed to get NL80211_RATE_INFO_SNR
11-20 22:23:59.544   646   646 E wificond: Failed to get NL80211_STA_INFO_CNAHLOAD
11-20 22:24:00.550  1057  2347 I chatty  : uid=1000(system) Binder:1057_E expire 18 lines
11-20 22:24:01.738  1601  8597 I CommandQueue: updateBarBgColor
11-20 22:24:01.738  1601  8597 D CommandQueue: CommandQueue, setBarBackgroundColor
11-20 22:24:02.034  1057  1402 I chatty  : uid=1000(system) android.anim expire 8 lines
11-20 22:24:02.558   646   646 E wificond: Failed to get NL80211_RATE_INFO_NOISE
11-20 22:24:02.558   646   646 E wificond: Failed to get NL80211_RATE_INFO_SNR
11-20 22:24:02.558   646   646 E wificond: Failed to get NL80211_STA_INFO_CNAHLOAD
11-20 22:24:02.775   646   646 E wificond: Failed to get NL80211_RATE_INFO_NOISE
11-20 22:24:02.775   646   646 E wificond: Failed to get NL80211_RATE_INFO_SNR
11-20 22:24:02.775   646   646 E wificond: Failed to get NL80211_STA_INFO_CNAHLOAD
11-20 22:24:02.777   646   646 E wificond: Failed to get NL80211_RATE_INFO_NOISE
11-20 22:24:02.777   646   646 E wificond: Failed to get NL80211_RATE_INFO_SNR
11-20 22:24:02.777   646   646 E wificond: Failed to get NL80211_STA_INFO_CNAHLOAD
11-20 22:24:05.575   646   646 E wificond: Failed to get NL80211_RATE_INFO_NOISE
11-20 22:24:05.575   646   646 E wificond: Failed to get NL80211_RATE_INFO_SNR
11-20 22:24:05.575   646   646 E wificond: Failed to get NL80211_STA_INFO_CNAHLOAD
11-20 22:24:05.975  1057  1696 I chatty  : uid=1000(system) watchdog expire 1 line
11-20 22:24:08.469  1057  6586 I chatty  : uid=1000(system) Binder:1057_17 expire 12 lines
11-20 22:24:08.588   646   646 E wificond: Failed to get NL80211_RATE_INFO_NOISE
11-20 22:24:08.588   646   646 E wificond: Failed to get NL80211_RATE_INFO_SNR
11-20 22:24:08.588   646   646 E wificond: Failed to get NL80211_STA_INFO_CNAHLOAD
11-20 22:24:08.920  1057  2977 I chatty  : uid=1000(system) Binder:1057_10 expire 6 lines
11-20 22:24:09.598  1601  8597 I CommandQueue: updateBarBgColor
11-20 22:24:09.598  1601  8597 D CommandQueue: CommandQueue, setBarBackgroundColor
11-20 22:24:10.094  1057  1190 I chatty  : uid=1000(system) android.ui expire 32 lines
11-20 22:24:10.122  1057  2347 I chatty  : uid=1000(system) Binder:1057_E expire 10 lines
11-20 22:24:10.792   646   646 E wificond: Failed to get NL80211_RATE_INFO_NOISE
11-20 22:24:10.793   646   646 E wificond: Failed to get NL80211_RATE_INFO_SNR
11-20 22:24:10.793   646   646 E wificond: Failed to get NL80211_STA_INFO_CNAHLOAD
11-20 22:24:10.795   646   646 E wificond: Failed to get NL80211_RATE_INFO_NOISE
11-20 22:24:10.795   646   646 E wificond: Failed to get NL80211_RATE_INFO_SNR
11-20 22:24:10.796   646   646 E wificond: Failed to get NL80211_STA_INFO_CNAHLOAD
11-20 22:24:11.597   646   646 E wificond: Failed to get NL80211_RATE_INFO_NOISE
11-20 22:24:11.597   646   646 E wificond: Failed to get NL80211_RATE_INFO_SNR
11-20 22:24:11.597   646   646 E wificond: Failed to get NL80211_STA_INFO_CNAHLOAD
11-20 22:24:14.611   646   646 E wificond: Failed to get NL80211_RATE_INFO_NOISE
11-20 22:24:14.611   646   646 E wificond: Failed to get NL80211_RATE_INFO_SNR
11-20 22:24:14.611   646   646 E wificond: Failed to get NL80211_STA_INFO_CNAHLOAD
11-20 22:24:15.085   536   550 W SocketListener: sending broadcast to Pid = 1057, Uid = 1000 
11-20 22:24:15.090  1057  1468 I chatty  : uid=1000(system) NetdConnector expire 12 lines
11-20 22:24:15.098  1057  1200 I chatty  : uid=1000(system) android.fg expire 12 lines
11-20 22:24:17.630   646   646 E wificond: Failed to get NL80211_RATE_INFO_NOISE
11-20 22:24:17.630   646   646 E wificond: Failed to get NL80211_RATE_INFO_SNR
11-20 22:24:17.630   646   646 E wificond: Failed to get NL80211_STA_INFO_CNAHLOAD
11-20 22:24:18.797   646   646 E wificond: Failed to get NL80211_RATE_INFO_NOISE
11-20 22:24:18.797   646   646 E wificond: Failed to get NL80211_RATE_INFO_SNR
11-20 22:24:18.797   646   646 E wificond: Failed to get NL80211_STA_INFO_CNAHLOAD
11-20 22:24:18.801   646   646 E wificond: Failed to get NL80211_RATE_INFO_NOISE
11-20 22:24:18.801   646   646 E wificond: Failed to get NL80211_RATE_INFO_SNR
11-20 22:24:18.801   646   646 E wificond: Failed to get NL80211_STA_INFO_CNAHLOAD
11-20 22:24:20.648   646   646 E wificond: Failed to get NL80211_RATE_INFO_NOISE
11-20 22:24:20.648   646   646 E wificond: Failed to get NL80211_RATE_INFO_SNR
11-20 22:24:20.648   646   646 E wificond: Failed to get NL80211_STA_INFO_CNAHLOAD
11-20 22:24:23.665   646   646 E wificond: Failed to get NL80211_RATE_INFO_NOISE
11-20 22:24:23.665   646   646 E wificond: Failed to get NL80211_RATE_INFO_SNR
11-20 22:24:23.665   646   646 E wificond: Failed to get NL80211_STA_INFO_CNAHLOAD
11-20 22:24:24.079  1057  2977 I chatty  : uid=1000(system) Binder:1057_10 expire 11 lines
11-20 22:24:24.085  1057  1057 I chatty  : uid=1000 system_server expire 10 lines
11-20 22:24:24.098  9572  9572 W ContextImpl: Calling a method in the system process without a qualified user: android.app.ContextImpl.startService:1692 android.content.ContextWrapper.startService:650 com.huawei.vision.server.policy.PhoneState.doPolicyThingStop:103 com.huawei.vision.server.policy.PhoneStateReceiver.startOrStopVisionService:150 com.huawei.vision.server.policy.PhoneStateReceiver.access$200:18 
11-20 22:24:26.681   646   646 E wificond: Failed to get NL80211_RATE_INFO_NOISE
11-20 22:24:26.681   646   646 E wificond: Failed to get NL80211_RATE_INFO_SNR
11-20 22:24:26.681   646   646 E wificond: Failed to get NL80211_STA_INFO_CNAHLOAD
11-20 22:24:26.794   646   646 E wificond: Failed to get NL80211_RATE_INFO_NOISE
11-20 22:24:26.794   646   646 E wificond: Failed to get NL80211_RATE_INFO_SNR
11-20 22:24:26.794   646   646 E wificond: Failed to get NL80211_STA_INFO_CNAHLOAD
11-20 22:24:26.797   646   646 E wificond: Failed to get NL80211_RATE_INFO_NOISE
11-20 22:24:26.797   646   646 E wificond: Failed to get NL80211_RATE_INFO_SNR
11-20 22:24:26.797   646   646 E wificond: Failed to get NL80211_STA_INFO_CNAHLOAD
11-20 22:24:27.954  1057  1412 I chatty  : uid=1000(system) UEventObserver expire 9 lines
11-20 22:24:27.977  9572  9572 W ContextImpl: Calling a method in the system process without a qualified user: android.app.ContextImpl.startService:1692 android.content.ContextWrapper.startService:650 com.huawei.vision.server.policy.PhoneState.doPolicyThingStop:103 com.huawei.vision.server.policy.PhoneStateReceiver.startOrStopVisionService:150 com.huawei.vision.server.policy.PhoneStateReceiver.access$200:18 
11-20 22:24:29.697   646   646 E wificond: Failed to get NL80211_RATE_INFO_NOISE
11-20 22:24:29.697   646   646 E wificond: Failed to get NL80211_RATE_INFO_SNR
11-20 22:24:29.697   646   646 E wificond: Failed to get NL80211_STA_INFO_CNAHLOAD
11-20 22:24:32.713   646   646 E wificond: Failed to get NL80211_RATE_INFO_NOISE
11-20 22:24:32.713   646   646 E wificond: Failed to get NL80211_RATE_INFO_SNR
11-20 22:24:32.714   646   646 E wificond: Failed to get NL80211_STA_INFO_CNAHLOAD
11-20 22:24:33.902  1057  6586 I chatty  : uid=1000(system) Binder:1057_17 expire 10 lines
11-20 22:24:34.811   646   646 E wificond: Failed to get NL80211_RATE_INFO_NOISE
11-20 22:24:34.811   646   646 E wificond: Failed to get NL80211_RATE_INFO_SNR
11-20 22:24:34.811   646   646 E wificond: Failed to get NL80211_STA_INFO_CNAHLOAD
11-20 22:24:34.814   646   646 E wificond: Failed to get NL80211_RATE_INFO_NOISE
11-20 22:24:34.814   646   646 E wificond: Failed to get NL80211_RATE_INFO_SNR
11-20 22:24:34.814   646   646 E wificond: Failed to get NL80211_STA_INFO_CNAHLOAD
11-20 22:24:35.723   646   646 E wificond: Failed to get NL80211_RATE_INFO_NOISE
11-20 22:24:35.723   646   646 E wificond: Failed to get NL80211_RATE_INFO_SNR
11-20 22:24:35.723   646   646 E wificond: Failed to get NL80211_STA_INFO_CNAHLOAD
11-20 22:24:35.977  1057  1696 I chatty  : uid=1000(system) watchdog expire 3 lines
11-20 22:24:38.740   646   646 E wificond: Failed to get NL80211_RATE_INFO_NOISE
11-20 22:24:38.740   646   646 E wificond: Failed to get NL80211_RATE_INFO_SNR
11-20 22:24:38.741   646   646 E wificond: Failed to get NL80211_STA_INFO_CNAHLOAD
11-20 22:24:39.109  1057  1402 I chatty  : uid=1000(system) android.anim expire 12 lines
11-20 22:24:41.760   646   646 E wificond: Failed to get NL80211_RATE_INFO_NOISE
11-20 22:24:41.760   646   646 E wificond: Failed to get NL80211_RATE_INFO_SNR
11-20 22:24:41.760   646   646 E wificond: Failed to get NL80211_STA_INFO_CNAHLOAD
11-20 22:24:42.820   646   646 E wificond: Failed to get NL80211_RATE_INFO_NOISE
11-20 22:24:42.820   646   646 E wificond: Failed to get NL80211_RATE_INFO_SNR
11-20 22:24:42.820   646   646 E wificond: Failed to get NL80211_STA_INFO_CNAHLOAD
11-20 22:24:42.824   646   646 E wificond: Failed to get NL80211_RATE_INFO_NOISE
11-20 22:24:42.824   646   646 E wificond: Failed to get NL80211_RATE_INFO_SNR
11-20 22:24:42.824   646   646 E wificond: Failed to get NL80211_STA_INFO_CNAHLOAD
11-20 22:24:44.779   646   646 E wificond: Failed to get NL80211_RATE_INFO_NOISE
11-20 22:24:44.779   646   646 E wificond: Failed to get NL80211_RATE_INFO_SNR
11-20 22:24:44.779   646   646 E wificond: Failed to get NL80211_STA_INFO_CNAHLOAD
11-20 22:24:45.166   536   550 W SocketListener: sending broadcast to Pid = 1057, Uid = 1000 
11-20 22:24:47.795   646   646 E wificond: Failed to get NL80211_RATE_INFO_NOISE
11-20 22:24:47.795   646   646 E wificond: Failed to get NL80211_RATE_INFO_SNR
11-20 22:24:47.795   646   646 E wificond: Failed to get NL80211_STA_INFO_CNAHLOAD
11-20 22:24:50.809   646   646 E wificond: Failed to get NL80211_RATE_INFO_NOISE
11-20 22:24:50.809   646   646 E wificond: Failed to get NL80211_RATE_INFO_SNR
11-20 22:24:50.809   646   646 E wificond: Failed to get NL80211_STA_INFO_CNAHLOAD
11-20 22:24:50.820   646   646 E wificond: Failed to get NL80211_RATE_INFO_NOISE
11-20 22:24:50.820   646   646 E wificond: Failed to get NL80211_RATE_INFO_SNR
11-20 22:24:50.820   646   646 E wificond: Failed to get NL80211_STA_INFO_CNAHLOAD
11-20 22:24:50.823   646   646 E wificond: Failed to get NL80211_RATE_INFO_NOISE
11-20 22:24:50.823   646   646 E wificond: Failed to get NL80211_RATE_INFO_SNR
11-20 22:24:50.823   646   646 E wificond: Failed to get NL80211_STA_INFO_CNAHLOAD
11-20 22:24:53.827   646   646 E wificond: Failed to get NL80211_RATE_INFO_NOISE
11-20 22:24:53.827   646   646 E wificond: Failed to get NL80211_RATE_INFO_SNR
11-20 22:24:53.827   646   646 E wificond: Failed to get NL80211_STA_INFO_CNAHLOAD
11-20 22:24:56.843   646   646 E wificond: Failed to get NL80211_RATE_INFO_NOISE
11-20 22:24:56.843   646   646 E wificond: Failed to get NL80211_RATE_INFO_SNR
11-20 22:24:56.843   646   646 E wificond: Failed to get NL80211_STA_INFO_CNAHLOAD
11-20 22:24:58.184  9572  9572 W ContextImpl: Calling a method in the system process without a qualified user: android.app.ContextImpl.startService:1692 android.content.ContextWrapper.startService:650 com.huawei.vision.server.policy.PhoneState.doPolicyThingStop:103 com.huawei.vision.server.policy.PhoneStateReceiver.startOrStopVisionService:150 com.huawei.vision.server.policy.PhoneStateReceiver.access$200:18 
11-20 22:24:58.838   646   646 E wificond: Failed to get NL80211_RATE_INFO_NOISE
11-20 22:24:58.838   646   646 E wificond: Failed to get NL80211_RATE_INFO_SNR
11-20 22:24:58.838   646   646 E wificond: Failed to get NL80211_STA_INFO_CNAHLOAD
11-20 22:24:58.841   646   646 E wificond: Failed to get NL80211_RATE_INFO_NOISE
11-20 22:24:58.841   646   646 E wificond: Failed to get NL80211_RATE_INFO_SNR
11-20 22:24:58.841   646   646 E wificond: Failed to get NL80211_STA_INFO_CNAHLOAD
11-20 22:24:59.857   646   646 E wificond: Failed to get NL80211_RATE_INFO_NOISE
11-20 22:24:59.857   646   646 E wificond: Failed to get NL80211_RATE_INFO_SNR
11-20 22:24:59.857   646   646 E wificond: Failed to get NL80211_STA_INFO_CNAHLOAD
11-20 22:25:02.875   646   646 E wificond: Failed to get NL80211_RATE_INFO_NOISE
11-20 22:25:02.875   646   646 E wificond: Failed to get NL80211_RATE_INFO_SNR
11-20 22:25:02.875   646   646 E wificond: Failed to get NL80211_STA_INFO_CNAHLOAD
11-20 22:25:05.897   646   646 E wificond: Failed to get NL80211_RATE_INFO_NOISE
11-20 22:25:05.897   646   646 E wificond: Failed to get NL80211_RATE_INFO_SNR
11-20 22:25:05.897   646   646 E wificond: Failed to get NL80211_STA_INFO_CNAHLOAD
11-20 22:25:06.834   646   646 E wificond: Failed to get NL80211_RATE_INFO_NOISE
11-20 22:25:06.835   646   646 E wificond: Failed to get NL80211_RATE_INFO_SNR
11-20 22:25:06.835   646   646 E wificond: Failed to get NL80211_STA_INFO_CNAHLOAD
11-20 22:25:06.838   646   646 E wificond: Failed to get NL80211_RATE_INFO_NOISE
11-20 22:25:06.838   646   646 E wificond: Failed to get NL80211_RATE_INFO_SNR
11-20 22:25:06.838   646   646 E wificond: Failed to get NL80211_STA_INFO_CNAHLOAD
11-20 22:25:08.916   646   646 E wificond: Failed to get NL80211_RATE_INFO_NOISE
11-20 22:25:08.916   646   646 E wificond: Failed to get NL80211_RATE_INFO_SNR
11-20 22:25:08.916   646   646 E wificond: Failed to get NL80211_STA_INFO_CNAHLOAD
11-20 22:25:11.935   646   646 E wificond: Failed to get NL80211_RATE_INFO_NOISE
11-20 22:25:11.935   646   646 E wificond: Failed to get NL80211_RATE_INFO_SNR
11-20 22:25:11.935   646   646 E wificond: Failed to get NL80211_STA_INFO_CNAHLOAD
11-20 22:25:14.846   646   646 E wificond: Failed to get NL80211_RATE_INFO_NOISE
11-20 22:25:14.846   646   646 E wificond: Failed to get NL80211_RATE_INFO_SNR
11-20 22:25:14.847   646   646 E wificond: Failed to get NL80211_STA_INFO_CNAHLOAD
11-20 22:25:14.849   646   646 E wificond: Failed to get NL80211_RATE_INFO_NOISE
11-20 22:25:14.849   646   646 E wificond: Failed to get NL80211_RATE_INFO_SNR
11-20 22:25:14.849   646   646 E wificond: Failed to get NL80211_STA_INFO_CNAHLOAD
11-20 22:25:14.942   646   646 E wificond: Failed to get NL80211_RATE_INFO_NOISE
11-20 22:25:14.942   646   646 E wificond: Failed to get NL80211_RATE_INFO_SNR
11-20 22:25:14.942   646   646 E wificond: Failed to get NL80211_STA_INFO_CNAHLOAD
11-20 22:25:15.246   536   550 W SocketListener: sending broadcast to Pid = 1057, Uid = 1000 
11-20 22:25:17.963   646   646 E wificond: Failed to get NL80211_RATE_INFO_NOISE
11-20 22:25:17.963   646   646 E wificond: Failed to get NL80211_RATE_INFO_SNR
11-20 22:25:17.963   646   646 E wificond: Failed to get NL80211_STA_INFO_CNAHLOAD
11-20 22:25:20.981   646   646 E wificond: Failed to get NL80211_RATE_INFO_NOISE
11-20 22:25:20.981   646   646 E wificond: Failed to get NL80211_RATE_INFO_SNR
11-20 22:25:20.981   646   646 E wificond: Failed to get NL80211_STA_INFO_CNAHLOAD
11-20 22:25:22.856   646   646 E wificond: Failed to get NL80211_RATE_INFO_NOISE
11-20 22:25:22.856   646   646 E wificond: Failed to get NL80211_RATE_INFO_SNR
11-20 22:25:22.856   646   646 E wificond: Failed to get NL80211_STA_INFO_CNAHLOAD
11-20 22:25:22.859   646   646 E wificond: Failed to get NL80211_RATE_INFO_NOISE
11-20 22:25:22.859   646   646 E wificond: Failed to get NL80211_RATE_INFO_SNR
11-20 22:25:22.859   646   646 E wificond: Failed to get NL80211_STA_INFO_CNAHLOAD
11-20 22:25:24.000   646   646 E wificond: Failed to get NL80211_RATE_INFO_NOISE
11-20 22:25:24.000   646   646 E wificond: Failed to get NL80211_RATE_INFO_SNR
11-20 22:25:24.000   646   646 E wificond: Failed to get NL80211_STA_INFO_CNAHLOAD
11-20 22:25:24.101  9572  9572 W ContextImpl: Calling a method in the system process without a qualified user: android.app.ContextImpl.startService:1692 android.content.ContextWrapper.startService:650 com.huawei.vision.server.policy.PhoneState.doPolicyThingStop:103 com.huawei.vision.server.policy.PhoneStateReceiver.startOrStopVisionService:150 com.huawei.vision.server.policy.PhoneStateReceiver.access$200:18 
11-20 22:25:27.022   646   646 E wificond: Failed to get NL80211_RATE_INFO_NOISE
11-20 22:25:27.022   646   646 E wificond: Failed to get NL80211_RATE_INFO_SNR
11-20 22:25:27.022   646   646 E wificond: Failed to get NL80211_STA_INFO_CNAHLOAD
11-20 22:25:27.977  1057  2347 I chatty  : uid=1000(system) Binder:1057_E expire 25 lines
11-20 22:25:28.043  1601  1614 I CommandQueue: updateBarBgColor
11-20 22:25:28.043  1601  1614 D CommandQueue: CommandQueue, setBarBackgroundColor
11-20 22:25:28.221  1057  1189 I chatty  : uid=1000(system) ActivityManager expire 3 lines
11-20 22:25:28.384  1057  1057 I chatty  : uid=1000 system_server expire 11 lines
11-20 22:25:28.385  9572  9572 W ContextImpl: Calling a method in the system process without a qualified user: android.app.ContextImpl.startService:1692 android.content.ContextWrapper.startService:650 com.huawei.vision.server.policy.PhoneState.doPolicyThingStop:103 com.huawei.vision.server.policy.PhoneStateReceiver.startOrStopVisionService:150 com.huawei.vision.server.policy.PhoneStateReceiver.access$200:18 
11-20 22:25:28.780  1601  7342 I CommandQueue: updateBarBgColor
11-20 22:25:28.781  1601  7342 D CommandQueue: CommandQueue, setBarBackgroundColor
11-20 22:25:29.074  1057  1402 I chatty  : uid=1000(system) android.anim expire 12 lines
11-20 22:25:29.276  1057  1459 I chatty  : uid=1000(system) InputDispatcher expire 38 lines
11-20 22:25:30.034   646   646 E wificond: Failed to get NL80211_RATE_INFO_NOISE
11-20 22:25:30.034   646   646 E wificond: Failed to get NL80211_RATE_INFO_SNR
11-20 22:25:30.034   646   646 E wificond: Failed to get NL80211_STA_INFO_CNAHLOAD
11-20 22:25:30.612   536   546 W SocketListener: sending broadcast to Pid = 1057, Uid = 1000 
11-20 22:25:30.626  1057  1470 I chatty  : uid=1000(system) NetworkStats expire 5 lines
11-20 22:25:30.854   646   646 E wificond: Failed to get NL80211_RATE_INFO_NOISE
11-20 22:25:30.854   646   646 E wificond: Failed to get NL80211_RATE_INFO_SNR
11-20 22:25:30.854   646   646 E wificond: Failed to get NL80211_STA_INFO_CNAHLOAD
11-20 22:25:30.858   646   646 E wificond: Failed to get NL80211_RATE_INFO_NOISE
11-20 22:25:30.858   646   646 E wificond: Failed to get NL80211_RATE_INFO_SNR
11-20 22:25:30.858   646   646 E wificond: Failed to get NL80211_STA_INFO_CNAHLOAD
11-20 22:25:33.045   646   646 E wificond: Failed to get NL80211_RATE_INFO_NOISE
11-20 22:25:33.045   646   646 E wificond: Failed to get NL80211_RATE_INFO_SNR
11-20 22:25:33.045   646   646 E wificond: Failed to get NL80211_STA_INFO_CNAHLOAD
11-20 22:25:36.066   646   646 E wificond: Failed to get NL80211_RATE_INFO_NOISE
11-20 22:25:36.066   646   646 E wificond: Failed to get NL80211_RATE_INFO_SNR
11-20 22:25:36.066   646   646 E wificond: Failed to get NL80211_STA_INFO_CNAHLOAD
11-20 22:25:37.741   393   393 D ActivityThread: Attach thread to application
11-20 22:25:37.963   393   431 D ActivityThread: Loading provider mediacenter: com.android.mediacenter.data.db.provider.MediaCenterProvider
11-20 22:25:37.966   393   430 D ActivityThread: Loading provider mediacenter: com.android.mediacenter.data.db.provider.MediaCenterProvider
11-20 22:25:37.967   393   420 D ActivityThread: Loading provider mediacenter: com.android.mediacenter.data.db.provider.MediaCenterProvider
11-20 22:25:37.980  1057  8813 I chatty  : uid=1000(system) Binder:1057_1D expire 10 lines
11-20 22:25:38.865   646   646 E wificond: Failed to get NL80211_RATE_INFO_NOISE
11-20 22:25:38.866   646   646 E wificond: Failed to get NL80211_RATE_INFO_SNR
11-20 22:25:38.866   646   646 E wificond: Failed to get NL80211_STA_INFO_CNAHLOAD
11-20 22:25:38.870   646   646 E wificond: Failed to get NL80211_RATE_INFO_NOISE
11-20 22:25:38.870   646   646 E wificond: Failed to get NL80211_RATE_INFO_SNR
11-20 22:25:38.870   646   646 E wificond: Failed to get NL80211_STA_INFO_CNAHLOAD
11-20 22:25:39.080   646   646 E wificond: Failed to get NL80211_RATE_INFO_NOISE
11-20 22:25:39.080   646   646 E wificond: Failed to get NL80211_RATE_INFO_SNR
11-20 22:25:39.080   646   646 E wificond: Failed to get NL80211_STA_INFO_CNAHLOAD
11-20 22:25:41.738  1057  6586 I chatty  : uid=1000(system) Binder:1057_17 expire 12 lines
11-20 22:25:42.094   646   646 E wificond: Failed to get NL80211_RATE_INFO_NOISE
11-20 22:25:42.094   646   646 E wificond: Failed to get NL80211_RATE_INFO_SNR
11-20 22:25:42.094   646   646 E wificond: Failed to get NL80211_STA_INFO_CNAHLOAD
11-20 22:25:42.324  1057  1459 I chatty  : uid=1000(system) InputDispatcher expire 39 lines
11-20 22:25:42.379  1057  2347 I chatty  : uid=1000(system) Binder:1057_E expire 2 lines
11-20 22:25:42.379  1601  1614 I CommandQueue: updateBarBgColor
11-20 22:25:42.380  1601  1614 D CommandQueue: CommandQueue, setBarBackgroundColor
11-20 22:25:45.077  1057  1057 I chatty  : uid=1000 system_server expire 2 lines
11-20 22:25:45.112   646   646 E wificond: Failed to get NL80211_RATE_INFO_NOISE
11-20 22:25:45.112   646   646 E wificond: Failed to get NL80211_RATE_INFO_SNR
11-20 22:25:45.112   646   646 E wificond: Failed to get NL80211_STA_INFO_CNAHLOAD
11-20 22:25:45.117  1057  1113 I chatty  : uid=1000(system) Binder:1057_1 expire 2 lines
11-20 22:25:45.325   536   550 W SocketListener: sending broadcast to Pid = 1057, Uid = 1000 
11-20 22:25:45.330  1057  1468 I chatty  : uid=1000(system) NetdConnector expire 2 lines
11-20 22:25:45.592  1057  1500 I chatty  : uid=1000(system) AudioService expire 2 lines
11-20 22:25:46.873   646   646 E wificond: Failed to get NL80211_RATE_INFO_NOISE
11-20 22:25:46.873   646   646 E wificond: Failed to get NL80211_RATE_INFO_SNR
11-20 22:25:46.873   646   646 E wificond: Failed to get NL80211_STA_INFO_CNAHLOAD
11-20 22:25:46.876   646   646 E wificond: Failed to get NL80211_RATE_INFO_NOISE
11-20 22:25:46.876   646   646 E wificond: Failed to get NL80211_RATE_INFO_SNR
11-20 22:25:46.876   646   646 E wificond: Failed to get NL80211_STA_INFO_CNAHLOAD
11-20 22:25:47.165 21236 21236 W ViewRootImpl[PopupWindow:f5b7443]: hasFocus:false, stopped:false, isAmbientModefalse, pausedForTransitionfalse
11-20 22:25:47.166 21236 21236 W ViewRootImpl[PopupWindow:f5b7443]: Cancelling event due to no window focus: KeyEvent { action=ACTION_UP, keyCode=KEYCODE_DPAD_RIGHT, scanCode=0, metaState=0, flags=0x28, hwFlags=0xff010106, repeatCount=0, eventTime=156355245, downTime=156355245, deviceId=-1, source=0x101 }
11-20 22:25:47.166 21236 21236 W ViewRootImpl[PopupWindow:f5b7443]: hasFocus:false, stopped:false, isAmbientModefalse, pausedForTransitionfalse
11-20 22:25:47.166 21236 21236 W ViewRootImpl[PopupWindow:f5b7443]: Cancelling event due to no window focus: KeyEvent { action=ACTION_UP, keyCode=KEYCODE_DPAD_RIGHT, scanCode=0, metaState=0, flags=0x28, hwFlags=0xff010106, repeatCount=0, eventTime=156355245, downTime=156355245, deviceId=-1, source=0x101 }
11-20 22:25:47.166 21236 21236 W ViewRootImpl[PopupWindow:f5b7443]: hasFocus:false, stopped:false, isAmbientModefalse, pausedForTransitionfalse
11-20 22:25:47.166 21236 21236 W ViewRootImpl[PopupWindow:f5b7443]: Cancelling event due to no window focus: KeyEvent { action=ACTION_UP, keyCode=KEYCODE_DPAD_RIGHT, scanCode=0, metaState=0, flags=0x28, hwFlags=0xff010106, repeatCount=0, eventTime=156355245, downTime=156355245, deviceId=-1, source=0x101 }
11-20 22:25:47.166 21236 21236 W ViewRootImpl[PopupWindow:f5b7443]: hasFocus:false, stopped:false, isAmbientModefalse, pausedForTransitionfalse
11-20 22:25:47.166 21236 21236 W ViewRootImpl[PopupWindow:f5b7443]: Cancelling event due to no window focus: KeyEvent { action=ACTION_UP, keyCode=KEYCODE_DPAD_RIGHT, scanCode=0, metaState=0, flags=0x28, hwFlags=0xff010106, repeatCount=0, eventTime=156355245, downTime=156355245, deviceId=-1, source=0x101 }
11-20 22:25:47.166 21236 21236 W ViewRootImpl[PopupWindow:f5b7443]: hasFocus:false, stopped:false, isAmbientModefalse, pausedForTransitionfalse
11-20 22:25:47.167 21236 21236 W ViewRootImpl[PopupWindow:f5b7443]: Cancelling event due to no window focus: KeyEvent { action=ACTION_UP, keyCode=KEYCODE_DPAD_RIGHT, scanCode=0, metaState=0, flags=0x28, hwFlags=0xff010106, repeatCount=0, eventTime=156355245, downTime=156355245, deviceId=-1, source=0x101 }
11-20 22:25:47.167 21236 21236 W ViewRootImpl[PopupWindow:f5b7443]: hasFocus:false, stopped:false, isAmbientModefalse, pausedForTransitionfalse
11-20 22:25:47.167 21236 21236 W ViewRootImpl[PopupWindow:f5b7443]: Cancelling event due to no window focus: KeyEvent { action=ACTION_UP, keyCode=KEYCODE_DPAD_RIGHT, scanCode=0, metaState=0, flags=0x28, hwFlags=0xff010106, repeatCount=0, eventTime=156355245, downTime=156355245, deviceId=-1, source=0x101 }
11-20 22:25:47.167 21236 21236 W ViewRootImpl[PopupWindow:f5b7443]: hasFocus:false, stopped:false, isAmbientModefalse, pausedForTransitionfalse
11-20 22:25:47.167 21236 21236 W ViewRootImpl[PopupWindow:f5b7443]: Cancelling event due to no window focus: KeyEvent { action=ACTION_UP, keyCode=KEYCODE_DPAD_RIGHT, scanCode=0, metaState=0, flags=0x28, hwFlags=0xff010106, repeatCount=0, eventTime=156355245, downTime=156355245, deviceId=-1, source=0x101 }
11-20 22:25:47.167 21236 21236 W ViewRootImpl[PopupWindow:f5b7443]: hasFocus:false, stopped:false, isAmbientModefalse, pausedForTransitionfalse
11-20 22:25:47.167 21236 21236 W ViewRootImpl[PopupWindow:f5b7443]: Cancelling event due to no window focus: KeyEvent { action=ACTION_UP, keyCode=KEYCODE_DPAD_RIGHT, scanCode=0, metaState=0, flags=0x28, hwFlags=0xff010106, repeatCount=0, eventTime=156355245, downTime=156355245, deviceId=-1, source=0x101 }
11-20 22:25:47.167 21236 21236 W ViewRootImpl[PopupWindow:f5b7443]: hasFocus:false, stopped:false, isAmbientModefalse, pausedForTransitionfalse
11-20 22:25:47.168 21236 21236 W ViewRootImpl[PopupWindow:f5b7443]: Cancelling event due to no window focus: KeyEvent { action=ACTION_UP, keyCode=KEYCODE_DPAD_RIGHT, scanCode=0, metaState=0, flags=0x28, hwFlags=0xff010106, repeatCount=0, eventTime=156355245, downTime=156355245, deviceId=-1, source=0x101 }
11-20 22:25:48.130   646   646 E wificond: Failed to get NL80211_RATE_INFO_NOISE
11-20 22:25:48.130   646   646 E wificond: Failed to get NL80211_RATE_INFO_SNR
11-20 22:25:48.130   646   646 E wificond: Failed to get NL80211_STA_INFO_CNAHLOAD
11-20 22:25:48.241  1601  1614 I CommandQueue: updateBarBgColor
11-20 22:25:48.241  1601  1614 D CommandQueue: CommandQueue, setBarBackgroundColor
11-20 22:25:49.318  1601  1614 I CommandQueue: updateBarBgColor
11-20 22:25:49.318  1601  1614 D CommandQueue: CommandQueue, setBarBackgroundColor
11-20 22:25:51.151   646   646 E wificond: Failed to get NL80211_RATE_INFO_NOISE
11-20 22:25:51.151   646   646 E wificond: Failed to get NL80211_RATE_INFO_SNR
11-20 22:25:51.151   646   646 E wificond: Failed to get NL80211_STA_INFO_CNAHLOAD
11-20 22:25:51.911  1057  8813 I chatty  : uid=1000(system) Binder:1057_1D expire 6 lines
11-20 22:25:54.160   646   646 E wificond: Failed to get NL80211_RATE_INFO_NOISE
11-20 22:25:54.161   646   646 E wificond: Failed to get NL80211_RATE_INFO_SNR
11-20 22:25:54.161   646   646 E wificond: Failed to get NL80211_STA_INFO_CNAHLOAD
11-20 22:25:54.465  1057  6586 I chatty  : uid=1000(system) Binder:1057_17 expire 2 lines
11-20 22:25:54.878   646   646 E wificond: Failed to get NL80211_RATE_INFO_NOISE
11-20 22:25:54.879   646   646 E wificond: Failed to get NL80211_RATE_INFO_SNR
11-20 22:25:54.879   646   646 E wificond: Failed to get NL80211_STA_INFO_CNAHLOAD
11-20 22:25:54.881   646   646 E wificond: Failed to get NL80211_RATE_INFO_NOISE
11-20 22:25:54.881   646   646 E wificond: Failed to get NL80211_RATE_INFO_SNR
11-20 22:25:54.881   646   646 E wificond: Failed to get NL80211_STA_INFO_CNAHLOAD
11-20 22:25:55.000  1057  1459 I chatty  : uid=1000(system) InputDispatcher expire 30 lines
11-20 22:25:55.544  1057  8813 I chatty  : uid=1000(system) Binder:1057_1D expire 13 lines
11-20 22:25:55.576  1057  6586 I chatty  : uid=1000(system) Binder:1057_17 expire 10 lines
11-20 22:25:56.096  1601  1614 I CommandQueue: updateBarBgColor
11-20 22:25:56.096  1601  1614 D CommandQueue: CommandQueue, setBarBackgroundColor
11-20 22:25:56.389  1057  1402 I chatty  : uid=1000(system) android.anim expire 8 lines
11-20 22:25:57.169   646   646 E wificond: Failed to get NL80211_RATE_INFO_NOISE
11-20 22:25:57.169   646   646 E wificond: Failed to get NL80211_RATE_INFO_SNR
11-20 22:25:57.169   646   646 E wificond: Failed to get NL80211_STA_INFO_CNAHLOAD
11-20 22:25:58.579  1057  1412 I chatty  : uid=1000(system) UEventObserver expire 3 lines
11-20 22:25:58.600  1057  1057 I chatty  : uid=1000 system_server expire 4 lines
11-20 22:25:58.607  9572  9572 W ContextImpl: Calling a method in the system process without a qualified user: android.app.ContextImpl.startService:1692 android.content.ContextWrapper.startService:650 com.huawei.vision.server.policy.PhoneState.doPolicyThingStop:103 com.huawei.vision.server.policy.PhoneStateReceiver.startOrStopVisionService:150 com.huawei.vision.server.policy.PhoneStateReceiver.access$200:18 
11-20 22:26:00.115  1057  1113 I chatty  : uid=1000(system) Binder:1057_1 expire 19 lines
11-20 22:26:00.185   646   646 E wificond: Failed to get NL80211_RATE_INFO_NOISE
11-20 22:26:00.185   646   646 E wificond: Failed to get NL80211_RATE_INFO_SNR
11-20 22:26:00.185   646   646 E wificond: Failed to get NL80211_STA_INFO_CNAHLOAD
11-20 22:26:02.885   646   646 E wificond: Failed to get NL80211_RATE_INFO_NOISE
11-20 22:26:02.885   646   646 E wificond: Failed to get NL80211_RATE_INFO_SNR
11-20 22:26:02.885   646   646 E wificond: Failed to get NL80211_STA_INFO_CNAHLOAD
11-20 22:26:02.887   646   646 E wificond: Failed to get NL80211_RATE_INFO_NOISE
11-20 22:26:02.887   646   646 E wificond: Failed to get NL80211_RATE_INFO_SNR
11-20 22:26:02.887   646   646 E wificond: Failed to get NL80211_STA_INFO_CNAHLOAD
11-20 22:26:03.190   646   646 E wificond: Failed to get NL80211_RATE_INFO_NOISE
11-20 22:26:03.190   646   646 E wificond: Failed to get NL80211_RATE_INFO_SNR
11-20 22:26:03.190   646   646 E wificond: Failed to get NL80211_STA_INFO_CNAHLOAD
11-20 22:26:03.256   536   546 W SocketListener: sending broadcast to Pid = 1057, Uid = 1000 
11-20 22:26:03.258  1057  1468 I chatty  : uid=1000(system) NetdConnector expire 8 lines
11-20 22:26:03.261  1057  1200 I chatty  : uid=1000(system) android.fg expire 4 lines
11-20 22:26:03.271  1057  1470 I chatty  : uid=1000(system) NetworkStats expire 5 lines
11-20 22:26:04.585 21236 21236 V ActivityThread: Skipping new config:{1.0 ?mcc?mnc [zh_CN_#Hans] ldltr sw360dp w360dp h750dp 480dpi nrml long hdr port finger -keyb/v/h -nav/h appBounds=Rect(0, 0 - 1080, 2340) nonFullScreen=0 suim:1 s.339}, config:{1.0 ?mcc?mnc [zh_CN_#Hans] ldltr sw360dp w360dp h750dp 480dpi nrml long hdr port finger -keyb/v/h -nav/h appBounds=Rect(0, 0 - 1080, 2340) nonFullScreen=0 suim:1 s.339} for app:com.netease.play
11-20 22:26:04.589 21236 21236 V ActivityThread: callActivityOnCreate
11-20 22:26:04.605  1057  1490 I chatty  : uid=1000(system) ConnectivitySer expire 5 lines
11-20 22:26:04.661 21236 21236 D ActivityThread: add activity client record, r= ActivityRecord{c5442a9 token=android.os.BinderProxy@1acada6 {com.netease.play/com.netease.play.webview.WebviewActivity}} token= android.os.BinderProxy@1acada6
11-20 22:26:04.671  1057  1203 I chatty  : uid=1000(system) HwGameAssistant expire 1 line
11-20 22:26:04.671  1057  1186 I chatty  : uid=1000(system) HwActivityManag expire 1 line
11-20 22:26:04.685   961   961 D ActivityThread: Attach thread to application
11-20 22:26:04.701  1057  2977 I chatty  : uid=1000(system) Binder:1057_10 expire 4 lines
11-20 22:26:04.759  1057  1202 I chatty  : uid=1000(system) android.display expire 1 line
11-20 22:26:05.983  1057  1696 I chatty  : uid=1000(system) watchdog expire 1 line
11-20 22:26:06.205   646   646 E wificond: Failed to get NL80211_RATE_INFO_NOISE
11-20 22:26:06.205   646   646 E wificond: Failed to get NL80211_RATE_INFO_SNR
11-20 22:26:06.205   646   646 E wificond: Failed to get NL80211_STA_INFO_CNAHLOAD
11-20 22:26:07.183  1057  1459 I chatty  : uid=1000(system) InputDispatcher expire 20 lines
11-20 22:26:09.223   646   646 E wificond: Failed to get NL80211_RATE_INFO_NOISE
11-20 22:26:09.223   646   646 E wificond: Failed to get NL80211_RATE_INFO_SNR
11-20 22:26:09.223   646   646 E wificond: Failed to get NL80211_STA_INFO_CNAHLOAD
