11-20 22:33:55.680  1601  1601 D StatusBarIconController: setIconVisibility icon is null or visibility not change visibility=false
11-20 22:33:55.680  1601  1601 W ResourceType: No package identifier when getting value for resource number 0x00000000
11-20 22:33:55.680  1601  1601 E HwNotchUtils: setIconForView iconId is not found
11-20 22:33:55.681  1601  1601 D StatusBarIconController: setIconVisibility icon is null or visibility not change visibility=false
11-20 22:33:55.681  1601  1601 W ResourceType: No package identifier when getting value for resource number 0x00000000
11-20 22:33:55.681  1601  1601 E HwNotchUtils: setIconForView iconId is not found
11-20 22:33:56.859   601   601 E WifiHAL : enter wifi_get_link_stats
11-20 22:33:56.867   646   646 E wificond: Failed to get NL80211_RATE_INFO_NOISE
11-20 22:33:56.867   646   646 E wificond: Failed to get NL80211_RATE_INFO_SNR
11-20 22:33:56.867   646   646 E wificond: Failed to get NL80211_STA_INFO_CNAHLOAD
11-20 22:33:57.250  1601  1601 I NetworkSpeedManagerEx: mIsStop = false
11-20 22:33:57.251  1601  1875 I NetworkSpeedManagerEx:  runInThread getTetherStats
11-20 22:33:57.253  1601  1601 I NetworkSpeedManagerEx:  runInUI refreshSpeed
11-20 22:33:57.254  1601  1601 I NetworkSpeedManagerEx: value=0.0speed = 0
11-20 22:33:57.254  1601  1601 I NetworkSpeedManagerEx: K/smIsShowLastSpeedValuefalse
11-20 22:33:57.254  1601  1601 I NetworkSpeedView: /update(), speed=0
11-20 22:33:57.254  1601  1601 I NetworkSpeedView: K/s parent class:class com.android.systemui.statusbar.HwSystemIcons
11-20 22:33:57.256  1601  1601 I chatty  : uid=10032(com.huawei.HwMultiScreenShot) com.android.systemui identical 31 lines
11-20 22:33:57.382  1057  1444 I chatty  : uid=1000(system) AlarmManager expire 2 lines
11-20 22:33:57.391 21267 21317 I chatty  : uid=10168(com.netease.play) pool-6-thread-1 expire 9 lines
11-20 22:33:57.394  1057  7358 I chatty  : uid=1000(system) Binder:1057_19 expire 1 line
11-20 22:33:59.876   601   601 E WifiHAL : enter wifi_get_link_stats
11-20 22:33:59.887   646   646 E wificond: Failed to get NL80211_RATE_INFO_NOISE
11-20 22:33:59.887   646   646 E wificond: Failed to get NL80211_RATE_INFO_SNR
11-20 22:33:59.887   646   646 E wificond: Failed to get NL80211_STA_INFO_CNAHLOAD
11-20 22:34:00.004  1057  1057 I chatty  : uid=1000 system_server expire 6 lines
11-20 22:34:00.012  1057  1191 I chatty  : uid=1000(system) ActivityManager expire 4 lines
11-20 22:34:00.046  1601  1919 I chatty  : uid=10032(com.huawei.HwMultiScreenShot) KG_Background_H expire 1 line
11-20 22:34:00.049  1601  1601 I chatty  : uid=10032(com.huawei.HwMultiScreenShot) com.android.systemui expire 11 lines
11-20 22:34:00.058  1842  1842 I HwLauncher: Model  onReceive intent=Intent { act=android.intent.action.TIME_TICK flg=0x50200014 hwFlg=0x900 (has extras) }
11-20 22:34:00.058  1842  1842 I HwLauncher: Model  onReceive user=UserHandle{0}
11-20 22:34:00.085  1057  1840 I chatty  : uid=1000(system) Binder:1057_A expire 1 line
11-20 22:34:00.087  1794  1854 E HsmCoreServiceImpl: onTransact in code is: 102
11-20 22:34:00.088  1794  1854 I MediaProcessHandler: processOp opType: 1, uid: 10035, pid: 30765
11-20 22:34:00.088  1794  1854 W MediaProcessHandler: remove target not exist, maybe the UI process: uid: 10035, pid: 30765
11-20 22:34:00.088  1794  1854 I MediaProcessHandler: executedCallBack opType: 1 mMediaStatusObservers.size=0
11-20 22:34:00.089  1806  2620 E AwareLog: GameDataHandler: GameSdkLog: handleProcessChanged: pid: 30765 is dead
11-20 22:34:00.089  1806  2620 E AwareLog: GameSdkStatus: GameSdkLog: removeGameStatus, input null.
11-20 22:34:00.189  1057  2347 I chatty  : uid=1000(system) Binder:1057_E expire 2 lines
11-20 22:34:00.251  1601  1875 I chatty  : uid=10032(com.huawei.HwMultiScreenShot) SystemUI_subThr expire 1 line
11-20 22:34:00.253  1601  1601 I chatty  : uid=10032(com.huawei.HwMultiScreenShot) com.android.systemui expire 23 lines
11-20 22:34:00.587   580   580 I audio_hw_primary: usb_ext_get_parameters: check show hires (false)
11-20 22:34:00.587   629 12259 I hash_map_utils: key: 'typec_need_show_hires' value: ''
11-20 22:34:01.898  1057  1412 I chatty  : uid=1000(system) UEventObserver expire 3 lines
11-20 22:34:01.922  1806  1806 I MsgReceiver: intent action: android.intent.action.BATTERY_CHANGED
11-20 22:34:01.927  9572  9572 I HwVisionService: [PhoneStateReceiver] battery current is 100 plugIn = true
11-20 22:34:01.928  9572  9572 W ContextImpl: Calling a method in the system process without a qualified user: android.app.ContextImpl.startService:1692 android.content.ContextWrapper.startService:650 com.huawei.vision.server.policy.PhoneState.doPolicyThingStop:103 com.huawei.vision.server.policy.PhoneStateReceiver.startOrStopVisionService:150 com.huawei.vision.server.policy.PhoneStateReceiver.access$200:18 
11-20 22:34:01.932  9572  9572 I HwVisionService: [VisionService] onStartCommand stopClassifyInBackend
11-20 22:34:02.893   601   601 E WifiHAL : enter wifi_get_link_stats
11-20 22:34:02.904   646   646 E wificond: Failed to get NL80211_RATE_INFO_NOISE
11-20 22:34:02.905   646   646 E wificond: Failed to get NL80211_RATE_INFO_SNR
11-20 22:34:02.905   646   646 E wificond: Failed to get NL80211_STA_INFO_CNAHLOAD
11-20 22:34:02.906  1057  1476 I chatty  : uid=1000(system) HwWifiCHRStateM expire 12 lines
11-20 22:34:03.253  1601  1875 I chatty  : uid=10032(com.huawei.HwMultiScreenShot) SystemUI_subThr expire 1 line
11-20 22:34:03.257  1601  1601 I chatty  : uid=10032(com.huawei.HwMultiScreenShot) com.android.systemui expire 17 lines
11-20 22:34:03.320   646   646 E wificond: Failed to get NL80211_RATE_INFO_NOISE
11-20 22:34:03.320   646   646 E wificond: Failed to get NL80211_RATE_INFO_SNR
11-20 22:34:03.320   646   646 E wificond: Failed to get NL80211_STA_INFO_CNAHLOAD
11-20 22:34:03.323   646   646 E wificond: Failed to get NL80211_RATE_INFO_NOISE
11-20 22:34:03.323   646   646 E wificond: Failed to get NL80211_RATE_INFO_SNR
11-20 22:34:03.323   646   646 E wificond: Failed to get NL80211_STA_INFO_CNAHLOAD
11-20 22:34:03.326  1057  1539 I chatty  : uid=1000(system) wifipro_uid_tcp expire 20 lines
11-20 22:34:03.975 21236 21264 I chatty  : uid=10168(com.netease.play) pool-2-thread-1 expire 20 lines
11-20 22:34:04.839  1057  1205 I chatty  : uid=1000(system) PowerManagerSer expire 169 lines
11-20 22:34:05.913   601   601 E WifiHAL : enter wifi_get_link_stats
11-20 22:34:05.924   646   646 E wificond: Failed to get NL80211_RATE_INFO_NOISE
11-20 22:34:05.924   646   646 E wificond: Failed to get NL80211_RATE_INFO_SNR
11-20 22:34:05.924   646   646 E wificond: Failed to get NL80211_STA_INFO_CNAHLOAD
11-20 22:34:06.015  1057  1696 I chatty  : uid=1000(system) watchdog expire 1 line
11-20 22:34:06.017  1057  1200 I chatty  : uid=1000(system) android.fg expire 1 line
11-20 22:34:06.253  1601  1875 I chatty  : uid=10032(com.huawei.HwMultiScreenShot) SystemUI_subThr expire 2 lines
11-20 22:34:06.258  1601  1601 I chatty  : uid=10032(com.huawei.HwMultiScreenShot) com.android.systemui expire 10 lines
11-20 22:34:07.907  1057  1057 I chatty  : uid=1000 system_server expire 75 lines
11-20 22:34:08.934   601   601 E WifiHAL : enter wifi_get_link_stats
11-20 22:34:08.947   646   646 E wificond: Failed to get NL80211_RATE_INFO_NOISE
11-20 22:34:08.947   646   646 E wificond: Failed to get NL80211_RATE_INFO_SNR
11-20 22:34:08.947   646   646 E wificond: Failed to get NL80211_STA_INFO_CNAHLOAD
11-20 22:34:08.947  1057  1474 I chatty  : uid=1000(system) WifiStateMachin expire 27 lines
11-20 22:34:09.824  1165  1173 I GNSS_CONTROL: void pgps_timer_func(AgnssTimer &) -- 88: [PA_loc]pgps auto dl timer reached
11-20 22:34:09.825  1165  1173 I GNSS_CONTROL: AGNSS_STATUS_ENUM_UINT32 PACommMgr::RequestFunc() -- 650: m_pgps_mode:1
11-20 22:34:09.825  1165  1173 I GNSS_CONTROL: AGNSS_STATUS_ENUM_UINT32 PACommMgr::RequestFunc() -- 667: [PA_loc]start pgps auto dl timer
11-20 22:34:09.825  1165  1173 I GNSS_CONTROL: void RilCommMgr::set_cell_invalid() -- 5366: [PA_loc]set cid and sysmode invalid
11-20 22:34:09.825  1165  1173 I GNSS_CONTROL: AGNSS_STATUS_ENUM_UINT32 PACommMgr::RequestFunc() -- 689: [PA_loc]create request assistance thread
11-20 22:34:09.826  1165  1346 I GNSS_CONTROL: static void *PACommMgr::RequestAssistance(void *) -- 838: CellID request times: 0, sysmode is -1
11-20 22:34:09.855  1165  1178 I GNSS_CONTROL: static THREAD_HANDLE CtrlCommMgr::ProcessThreadProc(void *) -- 122: process cmd id:0x0000066c
11-20 22:34:09.855  1165  1178 I GNSS_CONTROL: virtual void CtrlFSMReadyState::PGPSRequestCid(CtrlFSM &) -- 1070: PGPSRequestCid cmd received by CtrlFSMReadyState
11-20 22:34:09.855  1165  1178 I GNSS_CONTROL: void AgnssProxy::send_msg_2_agnss(AGNSSMessage *) -- 221: message->cmd_id: 0x00000407
11-20 22:34:09.855  1165  1178 I GNSS_CONTROL: void AgnssProxy::send_at_cmd_to_cdma(AGNSSMessage *) -- 639: message->cmd_id: 0x00000407
11-20 22:34:09.855  1165  1178 I GNSS_CONTROL: virtual AGNSS_STATUS_ENUM AgnssCdma::OnMessage(AGNSSMessage *) -- 178: send msg to balong
11-20 22:34:09.856  1165  1178 I GNSS_CONTROL: void RilCommMgr::push_cmd(uint32, const void *, uint32) -- 380: push_cmd: request_id = 1286
11-20 22:34:09.856  1165  1178 I GNSS_CONTROL: void RilCommMgr::push_cmd(uint32, const void *, uint32) -- 387: set cid and sysmode invalid
11-20 22:34:09.856  1165  1178 I GNSS_CONTROL: void RilCommMgr::push_cmd(uint32, const void *, uint32) -- 428: push_cmd exit!
11-20 22:34:09.856  1165  1178 I GNSS_CONTROL: void AgnssProxy::send_at_cmd_to_gu(AGNSSMessage *) -- 609: message->cmd_id: 0x00000407
11-20 22:34:09.856  1165  1178 I GNSS_CONTROL: virtual AGNSS_STATUS_ENUM AgnssGul::OnMessage(AGNSSMessage *) -- 178: message is send to cp_assist
11-20 22:34:09.856  1165  1178 I GNSS_CONTROL: void RilGuMgr::request_network_state() -- 852: request_network_state
11-20 22:34:09.856  1165  1178 I GNSS_CONTROL: void RilCommMgr::push_cmd(uint32, const void *, uint32) -- 380: push_cmd: request_id = 201
11-20 22:34:09.856  1165  1178 I GNSS_CONTROL: void RilCommMgr::push_cmd(uint32, const void *, uint32) -- 428: push_cmd exit!
11-20 22:34:09.856  1165  1178 I GNSS_CONTROL: void RilCommMgr::push_cmd(uint32, const void *, uint32) -- 380: push_cmd: request_id = 200
11-20 22:34:09.856  1165  1178 I GNSS_CONTROL: void RilCommMgr::push_cmd(uint32, const void *, uint32) -- 428: push_cmd exit!
11-20 22:34:09.886  1165  1176 I GNSS_CONTROL: void RilCommMgr::request_query_cdma_cid() -- 5253: request_query_cdma_cid begin
11-20 22:34:09.887  1165  1346 I GNSS_CONTROL: static void *PACommMgr::RequestAssistance(void *) -- 838: CellID request times: 1, sysmode is -1
11-20 22:34:09.890  1165  1177 I GNSS_CONTROL: void RilCommMgr::handle_final_response(const int8 *) const -- 1641: [ATCMD] OK
11-20 22:34:09.890  1165  1176 I GNSS_CONTROL: void RilCommMgr::request_query_cdma_cid() -- 5303: cdma cid valid
11-20 22:34:09.891  1165  1176 I GNSS_CONTROL: void RilCommMgr::request_query_cdma_cid() -- 5307: request_query_cdma_cid success!
11-20 22:34:09.891  1165  1176 I GNSS_CONTROL: void RilCommMgr::request_query_enhanced_cid(const void *, uint32) -- 5123: request_query_enhanced_cid begin
11-20 22:34:09.895  1165  1177 I GNSS_CONTROL: void RilCommMgr::handle_final_response(const int8 *) const -- 1641: [ATCMD] OK
11-20 22:34:09.895  1165  1176 I GNSS_CONTROL: void RilCommMgr::request_query_enhanced_cid(const void *, uint32) -- 5224: enhanced cid valid
11-20 22:34:09.895  1165  1176 I GNSS_CONTROL: void RilCommMgr::request_query_enhanced_cid(const void *, uint32) -- 5227: request_query_enhanced_cid success!
11-20 22:34:09.895  1165  1176 I GNSS_CONTROL: void RilCommMgr::request_query_sys_info_ex() -- 4988: request_query_sys_info_ex begin
11-20 22:34:09.899  1165  1177 I GNSS_CONTROL: void RilCommMgr::handle_final_response(const int8 *) const -- 1641: [ATCMD] OK
11-20 22:34:09.900  1165  1176 I GNSS_CONTROL: void RilCommMgr::request_query_sys_info_ex() -- 5005: [ATCMD] ^SYSINFOEX:1,0,2,255,,2,"CDMA",23,"CDMA2000 1X"
11-20 22:34:09.900  1165  1176 I GNSS_CONTROL: void RilCommMgr::request_query_sys_info_ex() -- 5046: lock_state no valid
11-20 22:34:09.900  1165  1176 I GNSS_CONTROL: void RilCommMgr::request_query_sys_info_ex() -- 5089: sysinfoex valid
11-20 22:34:09.900  1165  1176 I GNSS_CONTROL: void RilCommMgr::request_query_sys_info_ex() -- 5092: request_query_sys_info_ex success!
11-20 22:34:09.900  1165  1176 I GNSS_CONTROL: void RilCommMgr::send_loop() -- 471: send_loop wait for sem...
11-20 22:34:09.900  1165  1176 I chatty  : uid=1021(gps) gnss_control_hi identical 1 line
11-20 22:34:09.900  1165  1176 I GNSS_CONTROL: void RilCommMgr::send_loop() -- 471: send_loop wait for sem...
11-20 22:34:09.917  1165  1346 I GNSS_CONTROL: int32 RilCommMgr::get_curr_sysmode(void *, int32) -- 5322: return CDMA
11-20 22:34:09.917  1165  1346 I GNSS_CONTROL: static void *PACommMgr::RequestAssistance(void *) -- 838: CellID request times: 2, sysmode is 2
11-20 22:34:09.917  1165  1346 I GNSS_CONTROL: void PACommMgr::SetAllowSendingCellIdsWlanApnToServerStatus(MyLssGwCommunicator *) -- 721: persist.sys.pgps.config=[2], not allow to send cell ids or wlan apn to server!
11-20 22:34:09.918  1165  1346 I GNSS_CONTROL: void MyLssGwCommunicator::allowSendingCellIdsToServer(const bool) -- 200: allowSendingCellIdsToServer allow = 0
11-20 22:34:09.918  1165  1346 E Lss-gw  : AllowSendingCellIdsToServer could not remove file. Error 2
11-20 22:34:09.918  1165  1346 I GNSS_CONTROL: static void *PACommMgr::RequestAssistance(void *) -- 895: m_rmdl_mode:1
11-20 22:34:09.918  1165  1346 I GNSS_CONTROL: bool MyLssGwCommunicator::registerNotificationListener() -- 232: registerNotificationListener
11-20 22:34:09.918  1165  1346 I GNSS_CONTROL: static void *PACommMgr::RequestAssistance(void *) -- 900: regist_ret: 1
11-20 22:34:09.918  1165  1346 I GNSS_CONTROL: static void *PACommMgr::RequestAssistance(void *) -- 915: Send RequestAssistance times: 0
11-20 22:34:09.940  1347  1347 W Lss     : Unable to open file /data/gnss/pgps/ephem03 for reading
11-20 22:34:09.941  1347  1347 W Lss     : Unable to open file /data/gnss/pgps/ephem17 for reading
11-20 22:34:09.941  1347  1347 W Lss     : Unable to open file /data/gnss/pgps/ephem31 for reading
11-20 22:34:09.941  1347  1347 W Lss     : Unable to open file /data/gnss/pgps/ephem32 for reading
11-20 22:34:09.941  1347  1347 W Lss     : Unable to open file /data/gnss/pgps/ephem33 for reading
11-20 22:34:09.942  1347  1347 W Lss     : Unable to open file /data/gnss/pgps/ephem34 for reading
11-20 22:34:09.942  1347  1347 W Lss     : Unable to open file /data/gnss/pgps/ephem35 for reading
11-20 22:34:09.942  1347  1347 W Lss     : Unable to open file /data/gnss/pgps/ephem36 for reading
11-20 22:34:09.942  1347  1347 W Lss     : Unable to open file /data/gnss/pgps/ephem37 for reading
11-20 22:34:09.942  1347  1347 W Lss     : Unable to open file /data/gnss/pgps/ephem38 for reading
11-20 22:34:09.942  1347  1347 W Lss     : Unable to open file /data/gnss/pgps/ephem39 for reading
11-20 22:34:09.942  1347  1347 W Lss     : Unable to open file /data/gnss/pgps/beidou_ephem29 for reading
11-20 22:34:09.942  1347  1347 W Lss     : Unable to open file /data/gnss/pgps/beidou_ephem28 for reading
11-20 22:34:09.942  1347  1347 W Lss     : Unable to open file /data/gnss/pgps/beidou_ephem21 for reading
11-20 22:34:09.942  1347  1347 W Lss     : Unable to open file /data/gnss/pgps/beidou_ephem19 for reading
11-20 22:34:09.942  1347  1347 W Lss     : Unable to open file /data/gnss/pgps/beidou_ephem15 for reading
11-20 22:34:09.943  1347  1347 W Lss     : Unable to open file /data/gnss/pgps/glonass_ephem_b01 for reading
11-20 22:34:09.943  1347  1347 W Lss     : Unable to open file /data/gnss/pgps/glonass_ephem_b05 for reading
11-20 22:34:09.943  1347  1347 W Lss     : Unable to open file /data/gnss/pgps/glonass_ephem_b10 for reading
11-20 22:34:09.943  1347  1347 W Lss     : Unable to open file /data/gnss/pgps/glonass_ephem_b13 for reading
11-20 22:34:09.944  1347  1347 W Lss     : Unable to open file /data/gnss/pgps/glonass_ephem_b18 for reading
11-20 22:34:09.944  1347  1347 W Lss     : Unable to open file /data/gnss/pgps/glonass_ephem_b22 for reading
11-20 22:34:09.955  1165  1346 I GNSS_CONTROL: static void *PACommMgr::RequestAssistance(void *) -- 1047: Received 5325 bytes of data
11-20 22:34:09.955  1165  1346 I GNSS_CONTROL: static void *PACommMgr::RequestAssistance(void *) -- 1087: Decode msg to pdu
11-20 22:34:09.959  1165  1346 I GNSS_CONTROL: static void PACommMgr::PAInjectGPSAssistance(SUPL_GPS_ASSISTANCE_DATA *) -- 1269: pstGpsAssistanceData->field_valid = 379
11-20 22:34:09.960  1165  1346 I GNSS_CONTROL: static void PACommMgr::FillingRefLoc(SUPL_REF_LOCATION *) -- 1505: [PA_Loc]filling count: 186, count: 1
11-20 22:34:09.960  1165  1346 I GNSS_CONTROL: static void PACommMgr::FillingRefLoc(SUPL_REF_LOCATION *) -- 1539: [PA_Loc]same cid and location, update array[0]
11-20 22:34:09.960  1165  1346 I GNSS_CONTROL: static void PACommMgr::FillingRefLoc(SUPL_REF_LOCATION *) -- 1548: [PA_Loc]same cid flag: 1, same loc flag: 1
11-20 22:34:09.960  1165  1346 I GNSS_CONTROL: static void PACommMgr::FillingRefLoc(SUPL_REF_LOCATION *) -- 1584: [PA_Loc]finish filling, update filling count: 187, count: 1
11-20 22:34:09.960  1165  1346 I GNSS_CONTROL: static void PACommMgr::CheckingRefLoc(SUPL_REF_LOCATION *) -- 1718: [PA_Loc]current time, sec: 156858, nsec: 156858071750544
11-20 22:34:09.960  1165  1346 I GNSS_CONTROL: static void PACommMgr::CheckingRefLoc(SUPL_REF_LOCATION *) -- 1736: [PA_Loc]array[0], current_nsec: 156858071750544, location_nsec: 156858071577107, time_diff_sec: 0
11-20 22:34:09.960  1165  1346 I GNSS_CONTROL: static void PACommMgr::CheckingRefLoc(SUPL_REF_LOCATION *) -- 1747: [PA_Loc]check timeout, update total count: 187, count: 1
11-20 22:34:09.960  1165  1346 I GNSS_CONTROL: static void PACommMgr::CheckingRefLoc(SUPL_REF_LOCATION *) -- 1790: [PA_Loc]1th of 1 ref loc, index: 0
11-20 22:34:09.960  1165  1346 W GNSS_CONTROL: static void PACommMgr::PAInjectAssistance(SUPL_GPS_ASSISTANCE_DATA *, SUPL_GANSS_ASSISTANCE_DATA *, SUPL_ADDITIONAL_ASSISTANCE_DATA *) -- 1237: pstGanssAsstData is NULL
11-20 22:34:09.960  1165  1346 W GNSS_CONTROL: static void PACommMgr::PAInjectAssistance(SUPL_GPS_ASSISTANCE_DATA *, SUPL_GANSS_ASSISTANCE_DATA *, SUPL_ADDITIONAL_ASSISTANCE_DATA *) -- 1246: pstAddlAsstData is NULL
11-20 22:34:09.960  1165  1346 I GNSS_CONTROL: static void *PACommMgr::RequestAssistance(void *) -- 1148: HandleGanssAsstData called
11-20 22:34:09.967  1165  1346 W GNSS_CONTROL: static void PACommMgr::PAInjectAssistance(SUPL_GPS_ASSISTANCE_DATA *, SUPL_GANSS_ASSISTANCE_DATA *, SUPL_ADDITIONAL_ASSISTANCE_DATA *) -- 1228: pstGpsAssistanceData is NULL
11-20 22:34:09.967  1165  1346 W GNSS_CONTROL: static void PACommMgr::PAInjectAssistance(SUPL_GPS_ASSISTANCE_DATA *, SUPL_GANSS_ASSISTANCE_DATA *, SUPL_ADDITIONAL_ASSISTANCE_DATA *) -- 1237: pstGanssAsstData is NULL
11-20 22:34:09.967  1165  1346 W GNSS_CONTROL: static void PACommMgr::PAInjectAssistance(SUPL_GPS_ASSISTANCE_DATA *, SUPL_GANSS_ASSISTANCE_DATA *, SUPL_ADDITIONAL_ASSISTANCE_DATA *) -- 1246: pstAddlAsstData is NULL
11-20 22:34:09.967  1165  1346 I GNSS_CONTROL: static void *PACommMgr::RequestAssistance(void *) -- 1159: [PA_loc]m_sem_flag = 0
11-20 22:34:11.338   646   646 E wificond: Failed to get NL80211_RATE_INFO_NOISE
11-20 22:34:11.338   646   646 E wificond: Failed to get NL80211_RATE_INFO_SNR
11-20 22:34:11.338   646   646 E wificond: Failed to get NL80211_STA_INFO_CNAHLOAD
11-20 22:34:11.341   646   646 E wificond: Failed to get NL80211_RATE_INFO_NOISE
11-20 22:34:11.341   646   646 E wificond: Failed to get NL80211_RATE_INFO_SNR
11-20 22:34:11.341   646   646 E wificond: Failed to get NL80211_STA_INFO_CNAHLOAD
11-20 22:34:11.953   601   601 E WifiHAL : enter wifi_get_link_stats
11-20 22:34:11.955   646   646 E wificond: Failed to get NL80211_RATE_INFO_NOISE
11-20 22:34:11.955   646   646 E wificond: Failed to get NL80211_RATE_INFO_SNR
11-20 22:34:11.955   646   646 E wificond: Failed to get NL80211_STA_INFO_CNAHLOAD
11-20 22:34:12.254  1601  1875 I chatty  : uid=10032(com.huawei.HwMultiScreenShot) SystemUI_subThr expire 1 line
11-20 22:34:12.259  1601  1601 I chatty  : uid=10032(com.huawei.HwMultiScreenShot) com.android.systemui expire 30 lines
11-20 22:34:12.421  1057  7358 I chatty  : uid=1000(system) Binder:1057_19 expire 1 line
11-20 22:34:13.393 21236 21236 I chatty  : uid=10168(com.netease.play) expire 3 lines
11-20 22:34:14.964   601   601 E WifiHAL : enter wifi_get_link_stats
11-20 22:34:14.974   646   646 E wificond: Failed to get NL80211_RATE_INFO_NOISE
11-20 22:34:14.975   646   646 E wificond: Failed to get NL80211_RATE_INFO_SNR
11-20 22:34:14.975   646   646 E wificond: Failed to get NL80211_STA_INFO_CNAHLOAD
11-20 22:34:14.976  1057  1476 I chatty  : uid=1000(system) HwWifiCHRStateM expire 14 lines
11-20 22:34:15.038  1057  1205 I chatty  : uid=1000(system) PowerManagerSer expire 47 lines
11-20 22:34:15.256  1601  1875 I chatty  : uid=10032(com.huawei.HwMultiScreenShot) SystemUI_subThr expire 5 lines
11-20 22:34:15.261  1601  1601 I chatty  : uid=10032(com.huawei.HwMultiScreenShot) com.android.systemui expire 46 lines
11-20 22:34:16.292   599   599 D SensorHub: -------------------------->SENSOR_TYPE_PROXIMITY data[0] = 5.000000
11-20 22:34:16.366   599   599 I chatty  : uid=1000(system) sensors@1.0-ser identical 3 lines
11-20 22:34:16.391   599   599 D SensorHub: -------------------------->SENSOR_TYPE_PROXIMITY data[0] = 5.000000
11-20 22:34:16.413  1057  1534 I chatty  : uid=1000(system) WiFiArpStateMac expire 12 lines
11-20 22:34:16.416   599   599 D SensorHub: -------------------------->SENSOR_TYPE_PROXIMITY data[0] = 5.000000
11-20 22:34:16.441   599   599 D SensorHub: -------------------------->SENSOR_TYPE_PROXIMITY data[0] = 5.000000
11-20 22:34:16.467   599   599 D SensorHub: -------------------------->SENSOR_TYPE_PROXIMITY data[0] = 5.000000
11-20 22:34:16.677   780   865 W libc    : Set property "ril.balong_cid" to "0"
11-20 22:34:16.686   780   865 W libc    : Set property "persist.radio.ps_reg" to "1"
11-20 22:34:16.691   780   865 W libc    : Set property "persist.radio.ps_tech" to "6"
11-20 22:34:16.710   780   865 W libc    : Set property "ril.balong_cid" to "0"
11-20 22:34:16.727   780   865 W libc    : Set property "persist.radio.ps_reg" to "1"
11-20 22:34:16.731   780   865 W libc    : Set property "persist.radio.ps_tech" to "6"
11-20 22:34:16.739   780   865 W libc    : Set property "ril.balong_cid" to "0"
11-20 22:34:16.759  1057  1546 I chatty  : uid=1000(system) HwIntelligenceS expire 13 lines
11-20 22:34:16.765  1779  2787 D CellScanManager: sendCellChangedMessage in
11-20 22:34:16.767  1722  1722 D HwLBSService.HwNLPWifiScanManager:    onCellLocationChanged  mCurrentCellId : 36882 , cellId : 39906, mCurrentAreaCode : 91
11-20 22:34:16.771  2920  2920 I SUPL20_LocMan: onCellLocationChanged network type:7
11-20 22:34:16.775  2920  2920 I SUPL20_LocMan: Phone type:CDMA
11-20 22:34:16.777  2920  2920 I SUPL20_LocMan: Network Op Mnc= 3 MCC = 460
11-20 22:34:16.777  2920  2920 I SUPL20_LocMan: cellInfo NetworkType:1xRTT,7
11-20 22:34:16.788   582   582 D HISUPL_ADAPTER: platform_service send data to server
11-20 22:34:16.788   582   582 D HISUPL_ADAPTER: size:40
11-20 22:34:16.789  2920  3587 I SUPLHIDL: suplPlatformServiceSend2server send.
11-20 22:34:16.789  2920  3587 I SUPL20_SPIMESLP-SENDING: bBrokenPipe = false
11-20 22:34:17.798  1057  1205 I HwAmbientLuxFilterAlgo:  Reset mAmbientLuxNewMin:mAmbientLux222.0, ambientLuxDarkenDelta=182.1, mAmbientLuxNewMin=21.439468
11-20 22:34:17.918  1057  1205 I HwAmbientLuxFilterAlgo:  Reset mAmbientLuxNewMax:mAmbientLux222.0, ambientLuxDarkenDelta=182.1, mAmbientLuxNewMax=22.434656
11-20 22:34:17.918  1057  1205 I HwAmbientLuxFilterAlgo:  Reset mAmbientLuxNewMin:mAmbientLux222.0, ambientLuxDarkenDelta=182.1, mAmbientLuxNewMin=21.439318
11-20 22:34:17.981   601   601 E WifiHAL : enter wifi_get_link_stats
11-20 22:34:17.993   646   646 E wificond: Failed to get NL80211_RATE_INFO_NOISE
11-20 22:34:17.993   646   646 E wificond: Failed to get NL80211_RATE_INFO_SNR
11-20 22:34:17.993   646   646 E wificond: Failed to get NL80211_STA_INFO_CNAHLOAD
11-20 22:34:18.038  1057  1205 I HwAmbientLuxFilterAlgo:  Reset mAmbientLuxNewMax:mAmbientLux222.0, ambientLuxDarkenDelta=182.1, mAmbientLuxNewMax=22.434505
11-20 22:34:18.038  1057  1205 I HwAmbientLuxFilterAlgo:  Reset mAmbientLuxNewMin:mAmbientLux222.0, ambientLuxDarkenDelta=182.1, mAmbientLuxNewMin=21.439167
11-20 22:34:18.158  1057  1205 I HwAmbientLuxFilterAlgo:  Reset mAmbientLuxNewMax:mAmbientLux222.0, ambientLuxDarkenDelta=182.1, mAmbientLuxNewMax=22.434357
11-20 22:34:18.158  1057  1205 I HwAmbientLuxFilterAlgo:  Reset mAmbientLuxNewMin:mAmbientLux222.0, ambientLuxDarkenDelta=182.1, mAmbientLuxNewMin=21.439016
11-20 22:34:18.278  1057  1205 I HwAmbientLuxFilterAlgo:  Reset mAmbientLuxNewMax:mAmbientLux222.0, ambientLuxDarkenDelta=182.1, mAmbientLuxNewMax=22.434208
11-20 22:34:18.278  1057  1205 I HwAmbientLuxFilterAlgo:  Reset mAmbientLuxNewMin:mAmbientLux222.0, ambientLuxDarkenDelta=182.1, mAmbientLuxNewMin=21.438868
11-20 22:34:18.399  1057  1205 I HwAmbientLuxFilterAlgo:  Reset mAmbientLuxNewMax:mAmbientLux222.0, ambientLuxDarkenDelta=182.1, mAmbientLuxNewMax=22.434055
11-20 22:34:18.399  1057  1205 I HwAmbientLuxFilterAlgo:  Reset mAmbientLuxNewMin:mAmbientLux222.0, ambientLuxDarkenDelta=182.1, mAmbientLuxNewMin=21.438713
11-20 22:34:18.519  1057  1205 I HwAmbientLuxFilterAlgo:  Reset mAmbientLuxNewMax:mAmbientLux222.0, ambientLuxDarkenDelta=182.1, mAmbientLuxNewMax=22.433907
11-20 22:34:18.519  1057  1205 I HwAmbientLuxFilterAlgo:  Reset mAmbientLuxNewMin:mAmbientLux222.0, ambientLuxDarkenDelta=182.1, mAmbientLuxNewMin=20.940893
11-20 22:34:18.607  1057  1475 I chatty  : uid=1000(system) HwWifiStatStore expire 11 lines
11-20 22:34:18.639  1057  1205 I HwAmbientLuxFilterAlgo:  Reset mAmbientLuxNewMax:mAmbientLux222.0, ambientLuxDarkenDelta=182.1, mAmbientLuxNewMax=22.433756
11-20 22:34:18.639  1057  1205 I HwAmbientLuxFilterAlgo:  Reset mAmbientLuxNewMin:mAmbientLux222.0, ambientLuxDarkenDelta=182.1, mAmbientLuxNewMin=20.94074
11-20 22:34:18.758  1057  1205 I HwAmbientLuxFilterAlgo:  Reset mAmbientLuxNewMax:mAmbientLux222.0, ambientLuxDarkenDelta=182.1, mAmbientLuxNewMax=22.433605
11-20 22:34:18.758  1057  1205 I HwAmbientLuxFilterAlgo:  Reset mAmbientLuxNewMin:mAmbientLux222.0, ambientLuxDarkenDelta=182.1, mAmbientLuxNewMin=20.94059
11-20 22:34:18.879  1057  1205 I HwAmbientLuxFilterAlgo:  Reset mAmbientLuxNewMax:mAmbientLux222.0, ambientLuxDarkenDelta=182.1, mAmbientLuxNewMax=22.433456
11-20 22:34:18.879  1057  1205 I HwAmbientLuxFilterAlgo:  Reset mAmbientLuxNewMin:mAmbientLux222.0, ambientLuxDarkenDelta=182.1, mAmbientLuxNewMin=20.94044
11-20 22:34:18.998  1057  1205 I HwAmbientLuxFilterAlgo:  Reset mAmbientLuxNewMax:mAmbientLux222.0, ambientLuxDarkenDelta=182.1, mAmbientLuxNewMax=22.433306
11-20 22:34:18.999  1057  1205 I HwAmbientLuxFilterAlgo:  Reset mAmbientLuxNewMin:mAmbientLux222.0, ambientLuxDarkenDelta=182.1, mAmbientLuxNewMin=20.940289
11-20 22:34:19.118  1057  1205 I HwAmbientLuxFilterAlgo:  Reset mAmbientLuxNewMax:mAmbientLux222.0, ambientLuxDarkenDelta=182.1, mAmbientLuxNewMax=22.433155
11-20 22:34:19.119  1057  1205 I HwAmbientLuxFilterAlgo:  Reset mAmbientLuxNewMin:mAmbientLux222.0, ambientLuxDarkenDelta=182.1, mAmbientLuxNewMin=20.940138
11-20 22:34:19.239  1057  1205 I HwAmbientLuxFilterAlgo:  Reset mAmbientLuxNewMax:mAmbientLux222.0, ambientLuxDarkenDelta=182.1, mAmbientLuxNewMax=22.433006
11-20 22:34:19.239  1057  1205 I HwAmbientLuxFilterAlgo:  Reset mAmbientLuxNewMin:mAmbientLux222.0, ambientLuxDarkenDelta=182.1, mAmbientLuxNewMin=20.939987
11-20 22:34:19.346   646   646 E wificond: Failed to get NL80211_RATE_INFO_NOISE
11-20 22:34:19.346   646   646 E wificond: Failed to get NL80211_RATE_INFO_SNR
11-20 22:34:19.346   646   646 E wificond: Failed to get NL80211_STA_INFO_CNAHLOAD
11-20 22:34:19.349   646   646 E wificond: Failed to get NL80211_RATE_INFO_NOISE
11-20 22:34:19.349   646   646 E wificond: Failed to get NL80211_RATE_INFO_SNR
11-20 22:34:19.349   646   646 E wificond: Failed to get NL80211_STA_INFO_CNAHLOAD
11-20 22:34:19.358  1057  1205 I HwAmbientLuxFilterAlgo:  Reset mAmbientLuxNewMax:mAmbientLux222.0, ambientLuxDarkenDelta=182.1, mAmbientLuxNewMax=22.432858
11-20 22:34:19.359  1057  1205 I HwAmbientLuxFilterAlgo:  Reset mAmbientLuxNewMin:mAmbientLux222.0, ambientLuxDarkenDelta=182.1, mAmbientLuxNewMin=20.442163
11-20 22:34:19.359  1057  1205 I HwNormalizedSpline: DayMode:getBrightnessLevel lux =222.0, mDefaultBrightnessFromLux =69.338936
11-20 22:34:19.360  1057  1205 I DisplayPowerController: mPowerRequest.useSmartBacklight : true
11-20 22:34:19.479  1057  1205 I HwAmbientLuxFilterAlgo:  Reset mAmbientLuxNewMax:mAmbientLux222.0, ambientLuxDarkenDelta=182.1, mAmbientLuxNewMax=22.432709
11-20 22:34:19.479  1057  1205 I HwAmbientLuxFilterAlgo:  Reset mAmbientLuxNewMin:mAmbientLux222.0, ambientLuxDarkenDelta=182.1, mAmbientLuxNewMin=20.442013
11-20 22:34:19.598  1057  1205 I HwAmbientLuxFilterAlgo:  Reset mAmbientLuxNewMax:mAmbientLux222.0, ambientLuxDarkenDelta=182.1, mAmbientLuxNewMax=27.409302
11-20 22:34:19.598  1057  1205 I HwAmbientLuxFilterAlgo:  Reset mAmbientLuxNewMin:mAmbientLux222.0, ambientLuxDarkenDelta=182.1, mAmbientLuxNewMin=20.44186
11-20 22:34:19.718  1057  1205 I HwAmbientLuxFilterAlgo:  Reset mAmbientLuxNewMin:mAmbientLux222.0, ambientLuxDarkenDelta=182.1, mAmbientLuxNewMin=20.44171
11-20 22:34:19.838  1057  1205 I HwAmbientLuxFilterAlgo:  Reset mAmbientLuxNewMin:mAmbientLux222.0, ambientLuxDarkenDelta=182.1, mAmbientLuxNewMin=20.939232
11-20 22:34:19.959  1057  1205 I HwAmbientLuxFilterAlgo:  Reset mAmbientLuxNewMin:mAmbientLux222.0, ambientLuxDarkenDelta=182.1, mAmbientLuxNewMin=20.939081
11-20 22:34:20.079  1057  1205 I HwAmbientLuxFilterAlgo:  Reset mAmbientLuxNewMin:mAmbientLux222.0, ambientLuxDarkenDelta=182.1, mAmbientLuxNewMin=21.43661
11-20 22:34:20.198  1057  1205 I HwAmbientLuxFilterAlgo:  Reset mAmbientLuxNewMin:mAmbientLux222.0, ambientLuxDarkenDelta=182.1, mAmbientLuxNewMin=21.934135
11-20 22:34:20.318  1057  1205 I HwAmbientLuxFilterAlgo:  Reset mAmbientLuxNewMin:mAmbientLux222.0, ambientLuxDarkenDelta=182.1, mAmbientLuxNewMin=22.43166
11-20 22:34:20.438  1057  1205 I HwAmbientLuxFilterAlgo:  Reset mAmbientLuxNewMin:mAmbientLux222.0, ambientLuxDarkenDelta=182.1, mAmbientLuxNewMin=22.92919
11-20 22:34:20.558  1057  1205 I HwAmbientLuxFilterAlgo:  Reset mAmbientLuxNewMin:mAmbientLux222.0, ambientLuxDarkenDelta=182.1, mAmbientLuxNewMin=23.426718
11-20 22:34:20.678  1057  1205 I HwAmbientLuxFilterAlgo:  Reset mAmbientLuxNewMin:mAmbientLux222.0, ambientLuxDarkenDelta=182.1, mAmbientLuxNewMin=23.924248
11-20 22:34:20.798  1057  1205 I HwAmbientLuxFilterAlgo:  Reset mAmbientLuxNewMin:mAmbientLux222.0, ambientLuxDarkenDelta=182.1, mAmbientLuxNewMin=24.421778
11-20 22:34:20.918  1057  1205 I HwAmbientLuxFilterAlgo:  Reset mAmbientLuxNewMin:mAmbientLux222.0, ambientLuxDarkenDelta=182.1, mAmbientLuxNewMin=24.919308
11-20 22:34:21.000   601   601 E WifiHAL : enter wifi_get_link_stats
11-20 22:34:21.010   646   646 E wificond: Failed to get NL80211_RATE_INFO_NOISE
11-20 22:34:21.010   646   646 E wificond: Failed to get NL80211_RATE_INFO_SNR
11-20 22:34:21.010   646   646 E wificond: Failed to get NL80211_STA_INFO_CNAHLOAD
11-20 22:34:21.038  1057  1205 I HwAmbientLuxFilterAlgo:  Reset mAmbientLuxNewMin:mAmbientLux222.0, ambientLuxDarkenDelta=182.1, mAmbientLuxNewMin=25.41684
11-20 22:34:21.158  1057  1205 I HwAmbientLuxFilterAlgo:  Reset mAmbientLuxNewMin:mAmbientLux222.0, ambientLuxDarkenDelta=182.1, mAmbientLuxNewMin=25.914371
11-20 22:34:21.279  1057  1205 I HwAmbientLuxFilterAlgo:  Reset mAmbientLuxNewMin:mAmbientLux222.0, ambientLuxDarkenDelta=182.1, mAmbientLuxNewMin=26.411905
11-20 22:34:21.398  1057  1205 I HwAmbientLuxFilterAlgo:  Reset mAmbientLuxNewMin:mAmbientLux222.0, ambientLuxDarkenDelta=182.1, mAmbientLuxNewMin=26.909441
11-20 22:34:21.519  1057  1205 I HwAmbientLuxFilterAlgo:  Reset mAmbientLuxNewMin:mAmbientLux222.0, ambientLuxDarkenDelta=182.1, mAmbientLuxNewMin=27.406975
11-20 22:34:21.638  1057  1205 I HwAmbientLuxFilterAlgo:  Reset mAmbientLuxNewMin:mAmbientLux222.0, ambientLuxDarkenDelta=182.1, mAmbientLuxNewMin=27.904512
11-20 22:34:21.758  1057  1205 I HwAmbientLuxFilterAlgo:  Reset mAmbientLuxNewMin:mAmbientLux222.0, ambientLuxDarkenDelta=182.1, mAmbientLuxNewMin=28.402046
11-20 22:34:21.769  1779  2787 D CellScanManager: handlerCellChanged in
11-20 22:34:21.769  1779  2787 D CellScanManager: hwScan_CellInfo in
11-20 22:34:21.770  1779  2787 D TelephonyManager: getAllCellInfo calling app is com.huawei.msdp
11-20 22:34:21.773  1821  2688 W PhoneInterfaceManager: shouldBlockLocation running ...
11-20 22:34:21.774  1821  2688 I PhoneInterfaceManager: shouldBlockLocation  ret:false
11-20 22:34:21.793  1779  2787 I CellScanManager: hwScan_CellInfo  cellInfosize :  0
11-20 22:34:21.796  1779  2787 D CellScanManager: isMainSIMCardOk result:false
11-20 22:34:21.796  1779  2787 D CellScanManager: handlerCellChanged isSame: true
11-20 22:34:21.796  1779  2787 D CellScanManager:  handlerCellChanged  cellIdList null 
11-20 22:34:21.854  1806  1935 I DeviceStateService: no user activity duration:482057 timeout:302000
11-20 22:34:21.860  1806  1935 W APwTrigger: block the screen timeout, no user activity duraion:482057
11-20 22:34:21.879  1057  1205 I HwAmbientLuxFilterAlgo:  Reset mAmbientLuxNewMin:mAmbientLux222.0, ambientLuxDarkenDelta=182.1, mAmbientLuxNewMin=28.899584
11-20 22:34:21.998  1057  1205 I HwAmbientLuxFilterAlgo:  Reset mAmbientLuxNewMin:mAmbientLux222.0, ambientLuxDarkenDelta=182.1, mAmbientLuxNewMin=29.397123
11-20 22:34:22.118  1057  1205 I HwAmbientLuxFilterAlgo:  Reset mAmbientLuxNewMin:mAmbientLux222.0, ambientLuxDarkenDelta=182.1, mAmbientLuxNewMin=29.89466
11-20 22:34:22.238  1057  1205 I HwAmbientLuxFilterAlgo:  Reset mAmbientLuxNewMin:mAmbientLux222.0, ambientLuxDarkenDelta=182.1, mAmbientLuxNewMin=30.3922
11-20 22:34:22.358  1057  1205 I HwAmbientLuxFilterAlgo:  Reset mAmbientLuxNewMin:mAmbientLux222.0, ambientLuxDarkenDelta=182.1, mAmbientLuxNewMin=30.88974
11-20 22:34:22.479  1057  1205 I HwAmbientLuxFilterAlgo:  Reset mAmbientLuxNewMin:mAmbientLux222.0, ambientLuxDarkenDelta=182.1, mAmbientLuxNewMin=31.387283
11-20 22:34:22.598  1057  1205 I HwAmbientLuxFilterAlgo:  Reset mAmbientLuxNewMin:mAmbientLux222.0, ambientLuxDarkenDelta=182.1, mAmbientLuxNewMin=31.884825
11-20 22:34:22.718  1057  1205 I HwAmbientLuxFilterAlgo:  Reset mAmbientLuxNewMin:mAmbientLux222.0, ambientLuxDarkenDelta=182.1, mAmbientLuxNewMin=32.382366
11-20 22:34:22.838  1057  1205 I HwAmbientLuxFilterAlgo:  Reset mAmbientLuxNewMin:mAmbientLux222.0, ambientLuxDarkenDelta=182.1, mAmbientLuxNewMin=32.87991
11-20 22:34:22.958  1057  1205 I HwAmbientLuxFilterAlgo:  Reset mAmbientLuxNewMin:mAmbientLux222.0, ambientLuxDarkenDelta=182.1, mAmbientLuxNewMin=33.377457
11-20 22:34:23.078  1057  1205 I HwAmbientLuxFilterAlgo:  Reset mAmbientLuxNewMin:mAmbientLux222.0, ambientLuxDarkenDelta=182.1, mAmbientLuxNewMin=33.875
11-20 22:34:23.191 21236 21264 I chatty  : uid=10168(com.netease.play) pool-2-thread-1 expire 18 lines
11-20 22:34:23.199  1057  1205 I HwAmbientLuxFilterAlgo:  Reset mAmbientLuxNewMin:mAmbientLux222.0, ambientLuxDarkenDelta=182.1, mAmbientLuxNewMin=34.372547
11-20 22:34:23.209 21236 21236 I chatty  : uid=10168(com.netease.play) expire 3 lines
11-20 22:34:23.318  1057  1205 I HwAmbientLuxFilterAlgo:  Reset mAmbientLuxNewMin:mAmbientLux222.0, ambientLuxDarkenDelta=182.1, mAmbientLuxNewMin=34.870094
11-20 22:34:23.438  1057  1205 I HwAmbientLuxFilterAlgo:  Reset mAmbientLuxNewMin:mAmbientLux222.0, ambientLuxDarkenDelta=182.1, mAmbientLuxNewMin=35.36764
11-20 22:34:23.558  1057  1205 I HwAmbientLuxFilterAlgo:  Reset mAmbientLuxNewMin:mAmbientLux222.0, ambientLuxDarkenDelta=182.1, mAmbientLuxNewMin=35.86519
11-20 22:34:23.678  1057  1205 I HwAmbientLuxFilterAlgo:  Reset mAmbientLuxNewMin:mAmbientLux222.0, ambientLuxDarkenDelta=182.1, mAmbientLuxNewMin=36.36274
11-20 22:34:23.798  1057  1205 I HwAmbientLuxFilterAlgo:  Reset mAmbientLuxNewMin:mAmbientLux222.0, ambientLuxDarkenDelta=182.1, mAmbientLuxNewMin=36.860287
11-20 22:34:23.918  1057  1205 I HwAmbientLuxFilterAlgo:  Reset mAmbientLuxNewMin:mAmbientLux222.0, ambientLuxDarkenDelta=182.1, mAmbientLuxNewMin=37.357838
11-20 22:34:24.019   601   601 E WifiHAL : enter wifi_get_link_stats
11-20 22:34:24.025   646   646 E wificond: Failed to get NL80211_RATE_INFO_NOISE
11-20 22:34:24.025   646   646 E wificond: Failed to get NL80211_RATE_INFO_SNR
11-20 22:34:24.025   646   646 E wificond: Failed to get NL80211_STA_INFO_CNAHLOAD
11-20 22:34:24.038  1057  1205 I HwAmbientLuxFilterAlgo:  Reset mAmbientLuxNewMin:mAmbientLux222.0, ambientLuxDarkenDelta=182.1, mAmbientLuxNewMin=37.85539
11-20 22:34:24.079  1057  2347 I BatteryService: normal charge status : 1
11-20 22:34:24.088  1806  1806 I MsgReceiver: intent action: android.intent.action.BATTERY_CHANGED
11-20 22:34:24.089  1057  1057 D WifiService: onReceive, action:android.intent.action.BATTERY_CHANGED
11-20 22:34:24.089  1057  1057 D WifiService: ACTION_BATTERY_CHANGED pluggedType: 2
11-20 22:34:24.093  9572  9572 I HwVisionService: [PhoneStateReceiver] battery current is 100 plugIn = true
11-20 22:34:24.094  9572  9572 W ContextImpl: Calling a method in the system process without a qualified user: android.app.ContextImpl.startService:1692 android.content.ContextWrapper.startService:650 com.huawei.vision.server.policy.PhoneState.doPolicyThingStop:103 com.huawei.vision.server.policy.PhoneStateReceiver.startOrStopVisionService:150 com.huawei.vision.server.policy.PhoneStateReceiver.access$200:18 
11-20 22:34:24.098  9572  9572 I HwVisionService: [VisionService] onStartCommand stopClassifyInBackend
11-20 22:34:24.158  1057  1205 I HwAmbientLuxFilterAlgo:  Reset mAmbientLuxNewMin:mAmbientLux222.0, ambientLuxDarkenDelta=182.1, mAmbientLuxNewMin=38.35294
11-20 22:34:24.278  1057  1205 I HwAmbientLuxFilterAlgo:  Reset mAmbientLuxNewMin:mAmbientLux222.0, ambientLuxDarkenDelta=182.1, mAmbientLuxNewMin=38.850494
11-20 22:34:24.398  1057  1205 I HwAmbientLuxFilterAlgo:  Reset mAmbientLuxNewMin:mAmbientLux222.0, ambientLuxDarkenDelta=182.1, mAmbientLuxNewMin=39.348045
11-20 22:34:24.519  1057  1205 I HwAmbientLuxFilterAlgo:  Reset mAmbientLuxNewMin:mAmbientLux222.0, ambientLuxDarkenDelta=182.1, mAmbientLuxNewMin=39.845604
11-20 22:34:27.034   601   601 E WifiHAL : enter wifi_get_link_stats
11-20 22:34:27.044   646   646 E wificond: Failed to get NL80211_RATE_INFO_NOISE
11-20 22:34:27.044   646   646 E wificond: Failed to get NL80211_RATE_INFO_SNR
11-20 22:34:27.045   646   646 E wificond: Failed to get NL80211_STA_INFO_CNAHLOAD
11-20 22:34:27.259  1601  1601 I chatty  : uid=10032(com.huawei.HwMultiScreenShot) com.android.systemui expire 38 lines
11-20 22:34:27.347   646   646 E wificond: Failed to get NL80211_RATE_INFO_NOISE
11-20 22:34:27.347   646   646 E wificond: Failed to get NL80211_RATE_INFO_SNR
11-20 22:34:27.347   646   646 E wificond: Failed to get NL80211_STA_INFO_CNAHLOAD
11-20 22:34:27.350   646   646 E wificond: Failed to get NL80211_RATE_INFO_NOISE
11-20 22:34:27.350   646   646 E wificond: Failed to get NL80211_RATE_INFO_SNR
11-20 22:34:27.350   646   646 E wificond: Failed to get NL80211_STA_INFO_CNAHLOAD
11-20 22:34:27.353  1057  1057 I chatty  : uid=1000 system_server expire 47 lines
11-20 22:34:27.994 21236 32638 I chatty  : uid=10168(com.netease.play) pool-9-thread-3 expire 37 lines
11-20 22:34:28.020   536  1354 W libc    : Set property "hw.wifi.dns_stat" to "549,50,483,1,6883"
11-20 22:34:28.196 21236 21292 I chatty  : uid=10168(com.netease.play) pool-5-thread-1 expire 1 line
11-20 22:34:30.053   601   601 E WifiHAL : enter wifi_get_link_stats
11-20 22:34:30.062   646   646 E wificond: Failed to get NL80211_RATE_INFO_NOISE
11-20 22:34:30.063   646   646 E wificond: Failed to get NL80211_RATE_INFO_SNR
11-20 22:34:30.063   646   646 E wificond: Failed to get NL80211_STA_INFO_CNAHLOAD
11-20 22:34:30.063  1057  1474 I chatty  : uid=1000(system) WifiStateMachin expire 14 lines
11-20 22:34:30.064  1057  1476 I chatty  : uid=1000(system) HwWifiCHRStateM expire 10 lines
11-20 22:34:30.261  1601  1875 I chatty  : uid=10032(com.huawei.HwMultiScreenShot) SystemUI_subThr expire 2 lines
11-20 22:34:32.107  1057  1412 D HwBatteryService: onUEvent fcpStatus = 0,scpStatus =0,ovpStatus=0
11-20 22:34:32.108  1057  1412 I HwBatteryService: quick charge status : 0
11-20 22:34:32.109  1057  1412 I UsbDeviceManager: water_intrused state= 0
11-20 22:34:32.121  1057  2347 I BatteryService: normal charge status : 1
11-20 22:34:32.129  1057  1057 D WifiService: onReceive, action:android.intent.action.BATTERY_CHANGED
11-20 22:34:32.129  1057  1057 D WifiService: ACTION_BATTERY_CHANGED pluggedType: 2
11-20 22:34:32.137  9572  9572 I HwVisionService: [PhoneStateReceiver] battery current is 100 plugIn = true
11-20 22:34:32.138  9572  9572 W ContextImpl: Calling a method in the system process without a qualified user: android.app.ContextImpl.startService:1692 android.content.ContextWrapper.startService:650 com.huawei.vision.server.policy.PhoneState.doPolicyThingStop:103 com.huawei.vision.server.policy.PhoneStateReceiver.startOrStopVisionService:150 com.huawei.vision.server.policy.PhoneStateReceiver.access$200:18 
11-20 22:34:32.140  1806  1806 I MsgReceiver: intent action: android.intent.action.BATTERY_CHANGED
11-20 22:34:32.142  9572  9572 I HwVisionService: [VisionService] onStartCommand stopClassifyInBackend
11-20 22:34:32.169  1601  1601 I chatty  : uid=10032(com.huawei.HwMultiScreenShot) com.android.systemui expire 26 lines
11-20 22:34:32.275  1601  1613 I chatty  : uid=10032(com.huawei.HwMultiScreenShot) HeapTaskDaemon expire 1 line
11-20 22:34:33.071   601   601 E WifiHAL : enter wifi_get_link_stats
11-20 22:34:33.082   646   646 E wificond: Failed to get NL80211_RATE_INFO_NOISE
11-20 22:34:33.082   646   646 E wificond: Failed to get NL80211_RATE_INFO_SNR
11-20 22:34:33.082   646   646 E wificond: Failed to get NL80211_STA_INFO_CNAHLOAD
11-20 22:34:33.205 21236 21376 I chatty  : uid=10168(com.netease.play) upload_timer expire 5 lines
11-20 22:34:33.219 21236 21264 I chatty  : uid=10168(com.netease.play) pool-2-thread-1 expire 36 lines
11-20 22:34:33.224   536  1356 W libc    : Set property "hw.wifi.dns_stat" to "550,50,483,1,6884"
11-20 22:34:33.235 21236 21236 I chatty  : uid=10168(com.netease.play) expire 12 lines
11-20 22:34:34.776  1601  1601 I chatty  : uid=10032(com.huawei.HwMultiScreenShot) com.android.systemui expire 10 lines
11-20 22:34:35.365   646   646 E wificond: Failed to get NL80211_RATE_INFO_NOISE
11-20 22:34:35.365   646   646 E wificond: Failed to get NL80211_RATE_INFO_SNR
11-20 22:34:35.365   646   646 E wificond: Failed to get NL80211_STA_INFO_CNAHLOAD
11-20 22:34:35.368   646   646 E wificond: Failed to get NL80211_RATE_INFO_NOISE
11-20 22:34:35.368   646   646 E wificond: Failed to get NL80211_RATE_INFO_SNR
11-20 22:34:35.368   646   646 E wificond: Failed to get NL80211_STA_INFO_CNAHLOAD
11-20 22:34:36.017  1057  1696 W Watchdog: hungtask: writing kick
11-20 22:34:36.019  1057  1200 I chatty  : uid=1000(system) android.fg expire 4 lines
11-20 22:34:36.089   601   601 E WifiHAL : enter wifi_get_link_stats
11-20 22:34:36.091   646   646 E wificond: Failed to get NL80211_RATE_INFO_NOISE
11-20 22:34:36.092   646   646 E wificond: Failed to get NL80211_RATE_INFO_SNR
11-20 22:34:36.092   646   646 E wificond: Failed to get NL80211_STA_INFO_CNAHLOAD
11-20 22:34:36.263  1601  1875 I chatty  : uid=10032(com.huawei.HwMultiScreenShot) SystemUI_subThr expire 4 lines
11-20 22:34:36.266  1601  1601 I chatty  : uid=10032(com.huawei.HwMultiScreenShot) com.android.systemui expire 29 lines
11-20 22:34:38.944  1057  1057 I chatty  : uid=1000 system_server expire 60 lines
11-20 22:34:39.100   601   601 E WifiHAL : enter wifi_get_link_stats
11-20 22:34:39.111   646   646 E wificond: Failed to get NL80211_RATE_INFO_NOISE
11-20 22:34:39.111   646   646 E wificond: Failed to get NL80211_RATE_INFO_SNR
11-20 22:34:39.111   646   646 E wificond: Failed to get NL80211_STA_INFO_CNAHLOAD
11-20 22:34:42.120   601   601 E WifiHAL : enter wifi_get_link_stats
11-20 22:34:42.130   646   646 E wificond: Failed to get NL80211_RATE_INFO_NOISE
11-20 22:34:42.130   646   646 E wificond: Failed to get NL80211_RATE_INFO_SNR
11-20 22:34:42.130   646   646 E wificond: Failed to get NL80211_STA_INFO_CNAHLOAD
11-20 22:34:42.131  1057  1474 I chatty  : uid=1000(system) WifiStateMachin expire 22 lines
11-20 22:34:42.131  1057  1476 I chatty  : uid=1000(system) HwWifiCHRStateM expire 18 lines
11-20 22:34:43.053   536   550 D         : Received kernel message payload: chr_event 9
11-20 22:34:43.053   536   550 I         : netd received web stat infomation,trigger chr report!
11-20 22:34:43.053   536   550 I         : netd received web stat infomation,trigger chr report!
11-20 22:34:43.053   536   550 I         : ReportType 0 0 0 0 0 0 0 0 0 0 0 0 0 0 0 0 0 0 0 0 0 0 0 0 0 0 0 0 0 0 0 0 0 0 0 0 0 0 0 0 0 0 0 0 0 0 0 0 0 0 0 0 0 0 0 0 0 0 0 0 0 0 0 0 0 0 0 0 0 0 0 0 0 0 0 0 0 0 0 0 0 0 0 0 0 0 0 0 0 0 0 0 0 0 0 0 0 0 0 0 0 0 0 0 0 0 0 0 0 0 0 0 0 0 0 0 0 0 0 0 0 0 0 0 0 0 0 0 0 0 0 0 0 0 0 0 0 0 0 0 0 0 0 0 0 0 0 0 0 0 0 0 0 0 0 0 0 0 0 0 0 0 0 0 0 0 0 0 0 0 0 0 0 0 0 0 0 0 0 0 0 0 0 0 0 0 0 0 0 0 0 0 0 0 0 0 0 0 0 0 0 0 0 0 0 0 0 0 0 0 0 0 0 0 0 0 0 0 0 0 0 0 0 0 0 0 0 0 0 ReportType 0 13 16 1 0 0 1 3 1 0 0 0 0 0 3 0 0 0 0 1 0 0 0 0 0 0 0 0 0 0 0 0 0 0 0 0 0 0 0 0 0 0 0 0 0 0 0 0 0 0 0 0 0 0 0 0 0 0 0 0 0 0 0 0 0 0 0 0 0 0 0 0 0 0 0 0 0 0 0 0 0 0 0 0 0 0 0 0 0 0 0 0 0 0 0 0 0 0 0 0 0 0 0 0 0 0 0 0 0 0 0 0 0 0 0 0 0 0 0 0 0 0 0 0 0 0 0 0 0 0 0 0 0 0 0 0 0 0 0 0 0 0 0 0 0 0 0 0 0 0 0 0 0 0 0 0 0 0 0 0 0 0 0 0 0 0 0 0 0 0 0 0 0 0 0 0 0 0 0 0 0 0 0 0 0 0 0 0 0 0 0 0 0 0 0 0 0 0 0 0 0 0 0 0 0 0 0 0 0 0 0 0 5 4 5 16 16 16 0 0 0 0 0 0 0 0 4 4 1
11-20 22:34:43.053   536   550 W SocketListener: sending broadcast to Pid = 1057, Uid = 1000 
11-20 22:34:43.058  1057  1468 D NetdConnector: RCV <- {661 ReportType 0 0 0 0 0 0 0 0 0 0 0 0 0 0 0 0 0 0 0 0 0 0 0 0 0 0 0 0 0 0 0 0 0 0 0 0 0 0 0 0 0 0 0 0 0 0 0 0 0 0 0 0 0 0 0 0 0 0 0 0 0 0 0 0 0 0 0 0 0 0 0 0 0 0 0 0 0 0 0 0 0 0 0 0 0 0 0 0 0 0 0 0 0 0 0 0 0 0 0 0 0 0 0 0 0 0 0 0 0 0 0 0 0 0 0 0 0 0 0 0 0 0 0 0 0 0 0 0 0 0 0 0 0 0 0 0 0 0 0 0 0 0 0 0 0 0 0 0 0 0 0 0 0 0 0 0 0 0 0 0 0 0 0 0 0 0 0 0 0 0 0 0 0 0 0 0 0 0 0 0 0 0 0 0 0 0 0 0 0 0 0 0 0 0 0 0 0 0 0 0 0 0 0 0 0 0 0 0 0 0 0 0 0 0 0 0 0 0 0 0 0 0 0 0 0 0 0 0 0 ReportType 0 13 16 1 0 0 1 3 1 0 0 0 0 0 3 0 0 0 0 1 0 0 0 0 0 0 0 0 0 0 0 0 0 0 0 0 0 0 0 0 0 0 0 0 0 0 0 0 0 0 0 0 0 0 0 0 0 0 0 0 0 0 0 0 0 0 0 0 0 0 0 0 0 0 0 0 0 0 0 0 0 0 0 0 0 0 0 0 0 0 0 0 0 0 0 0 0 0 0 0 0 0 0 0 0 0 0 0 0 0 0 0 0 0 0 0 0 0 0 0 0 0 0 0 0 0 0 0 0 0 0 0 0 0 0 0 0 0 0 0 0 0 0 0 0 0 0 0 0 0 0 0 0 0 0 0 0 0 0 0 0 0 0 0 0 0 0 0 0 0 0 0 0 0 0 0 0 0 0 0 0 0 0 0 0 0 0 0 0 0 0 0 0 0 0 0 0 0 0 0 0 0 0 0 0 0 0 0 0 0 0 0 5 4 5 16 16 16 0 0 0 0 0 0 0 0 4 4 1}
11-20 22:34:43.063  1057  1468 D NetdConnector: RCV <- {661 ReportType 0 0 0 0 0 0 0 0 0 0 0 0 0 0 0 0 0 0 0 0 0 0 0 0 0 0 0 0 0 0 0 0 0 0 0 0 0 0 0 0 0 0 0 0 0 0 0 0 0 0 0 0 0 0 0 0 0 0 0 0 0 0 0 0 0 0 0 0 0 0 0 0 0 0 0 0 0 0 0 0 0 0 0 0 0 0 0 0 0 0 0 0 0 0 0 0 0 0 0 0 0 0 0 0 0 0 0 0 0 0 0 0 0 0 0 0 0 0 0 0 0 0 0 0 0 0 0 0 0 0 0 0 0 0 0 0 0 0 0 0 0 0 0 0 0 0 0 0 0 0 0 0 0 0 0 0 0 0 0 0 0 0 0 0 0 0 0 0 0 0 0 0 0 0 0 0 0 0 0 0 0 0 0 0 0 0 0 0 0 0 0 0 0 0 0 0 0 0 0 0 0 0 0 0 0 0 0 0 0 0 0 0 0 0 0 0 0 0 0 0 0 0 0 0 0 0 0 0 0 ReportType 0 13 16 1 0 0 1 3 1 0 0 0 0 0 3 0 0 0 0 1 0 0 0 0 0 0 0 0 0 0 0 0 0 0 0 0 0 0 0 0 0 0 0 0 0 0 0 0 0 0 0 0 0 0 0 0 0 0 0 0 0 0 0 0 0 0 0 0 0 0 0 0 0 0 0 0 0 0 0 0 0 0 0 0 0 0 0 0 0 0 0 0 0 0 0 0 0 0 0 0 0 0 0 0 0 0 0 0 0 0 0 0 0 0 0 0 0 0 0 0 0 0 0 0 0 0 0 0 0 0 0 0 0 0 0 0 0 0 0 0 0 0 0 0 0 0 0 0 0 0 0 0 0 0 0 0 0 0 0 0 0 0 0 0 0 0 0 0 0 0 0 0 0 0 0 0 0 0 0 0 0 0 0 0 0 0 0 0 0 0 0 0 0 0 0 0 0 0 0 0 0 0 0 0 0 0 0 0 0 0 0 0 5 4 5 16 16 16 0 0 0 0 0 0 0 0 4 4 1}
11-20 22:34:43.067  1057  1200 D NetdConnector: RCV unsolicited event from native daemon, event = 661
11-20 22:34:43.079  1057  1200 D HwNetworkManagementService: onEvent receive Web Stat Report:661 ReportType 0 0 0 0 0 0 0 0 0 0 0 0 0 0 0 0 0 0 0 0 0 0 0 0 0 0 0 0 0 0 0 0 0 0 0 0 0 0 0 0 0 0 0 0 0 0 0 0 0 0 0 0 0 0 0 0 0 0 0 0 0 0 0 0 0 0 0 0 0 0 0 0 0 0 0 0 0 0 0 0 0 0 0 0 0 0 0 0 0 0 0 0 0 0 0 0 0 0 0 0 0 0 0 0 0 0 0 0 0 0 0 0 0 0 0 0 0 0 0 0 0 0 0 0 0 0 0 0 0 0 0 0 0 0 0 0 0 0 0 0 0 0 0 0 0 0 0 0 0 0 0 0 0 0 0 0 0 0 0 0 0 0 0 0 0 0 0 0 0 0 0 0 0 0 0 0 0 0 0 0 0 0 0 0 0 0 0 0 0 0 0 0 0 0 0 0 0 0 0 0 0 0 0 0 0 0 0 0 0 0 0 0 0 0 0 0 0 0 0 0 0 0 0 0 0 0 0 0 0 ReportType 0 13 16 1 0 0 1 3 1 0 0 0 0 0 3 0 0 0 0 1 0 0 0 0 0 0 0 0 0 0 0 0 0 0 0 0 0 0 0 0 0 0 0 0 0 0 0 0 0 0 0 0 0 0 0 0 0 0 0 0 0 0 0 0 0 0 0 0 0 0 0 0 0 0 0 0 0 0 0 0 0 0 0 0 0 0 0 0 0 0 0 0 0 0 0 0 0 0 0 0 0 0 0 0 0 0 0 0 0 0 0 0 0 0 0 0 0 0 0 0 0 0 0 0 0 0 0 0 0 0 0 0 0 0 0 0 0 0 0 0 0 0 0 0 0 0 0 0 0 0 0 0 0 0 0 0 0 0 0 0 0 0 0 0 0 0 0 0 0 0 0 0 0 0 0 0 0 0 0 0 0 0 0 0 0 0 0 0 0 0 0 0 0 0 0 0 0 0 0 0 0 0 0 0 0 0 0 0 0 0 0 0 5 4 5 16 16 16 0 0 0 0 0 0 0 0 4 4 1
11-20 22:34:43.080  1057  1200 W ContextImpl: Calling a method in the system process without a qualified user: android.app.ContextImpl.sendBroadcast:1110 com.android.server.HwNetworkManagementService.sendWebStatMessage:1226 com.android.server.HwServiceFactoryImpl$HwNetworkManagementServiceImpl.sendWebStatMessage:707 com.android.server.NetworkManagementService$NetdCallbackReceiver.onEvent:1063 com.android.server.NativeDaemonConnector.handleMessage:163 
