11-20 21:30:47.631  1601  9270 I CommandQueue: updateBarBgColor
11-20 21:30:47.631  1601  9270 D CommandQueue: CommandQueue, setBarBackgroundColor
11-20 21:30:47.777 29953 29953 D ActivityThread: Attach thread to application
11-20 21:30:47.865 29953 29953 V ActivityThread: callActivityOnCreate
11-20 21:30:48.142 29953 29953 D ActivityThread: add activity client record, r= ActivityRecord{2116fc1 token=com.android.contacts.hap.preload.PreLoadActivityHelper$LocalToken@c35929d {com.android.contacts/com.android.contacts.activities.DialtactsActivity}} token= com.android.contacts.hap.preload.PreLoadActivityHelper$LocalToken@c35929d
11-20 21:30:48.259 29953 30024 E ActivityThread: Failed to find provider info for com.huawei.sprint.chameleon.provider
11-20 21:30:48.571  1057  7359 I chatty  : uid=1000(system) Binder:1057_1A expire 15 lines
11-20 21:30:49.073  1057  1841 I chatty  : uid=1000(system) Binder:1057_B expire 28 lines
11-20 21:30:49.096  1057  1466 I chatty  : uid=1000(system) CryptdConnector expire 1 line
11-20 21:30:49.304  1842  1842 V ActivityThread: Finishing stop of ActivityRecord{d5181d2 token=android.os.BinderProxy@5455d0d {com.huawei.android.launcher/com.huawei.android.launcher.unihome.UniHomeLauncher}}
11-20 21:30:49.587  1601  1601 V KeyguardViewMediator: updateInputRestrictedLocked 1 isInputApp = false, inputRestricted = true
11-20 21:30:49.620  1057  1487 I chatty  : uid=1000(system) WifiP2pService expire 5 lines
11-20 21:30:49.634  1601  1601 V KeyguardStatusView: refresh statusview showing:true
11-20 21:30:49.637  1601  1601 V KeyguardDisplayManager: show
11-20 21:30:49.641  1842  1842 V ActivityThread: Handle window ActivityRecord{d5181d2 token=android.os.BinderProxy@5455d0d {com.huawei.android.launcher/com.huawei.android.launcher.unihome.UniHomeLauncher}} visibility: false
11-20 21:30:49.642  1794  2219 D AntiBruteForceProcessor: RemainingAuthenticateNum = 5
11-20 21:30:49.651  1794  1983 I BoosterSwitchP: handleStateChanged reason=2
11-20 21:30:49.651  1794  1983 I DeepNoDisturbP: handleStateChanged reason=2
11-20 21:30:49.651  1794  1983 I DeepNoDisturbSM: setScreenState isScreenOn=false
11-20 21:30:49.651  1794  1794 I DeepNoDisturbSM: IdleState processMessage msg.what=EVENT_SCREEN_OFF
11-20 21:30:49.651  1794  1794 I DeepNoDisturbSM: IdleState: default msg.what=11
11-20 21:30:49.687  1883 30057 W ContextImpl: Calling a method in the system process without a qualified user: android.app.ContextImpl.stopService:1704 android.content.ContextWrapper.stopService:660 com.huawei.systemmanager.spacecleanner.autoclean.AutoCleanService.stopSelfService:116 com.huawei.systemmanager.spacecleanner.hivision.AutoHiVisionService.lambda$-com_huawei_systemmanager_spacecleanner_hivision_AutoHiVisionService_lambda$0:25 com.huawei.systemmanager.spacecleanner.hivision.-$Lambda$nxzswPQxpMbVwIpd4jdraj2kRKk.$m$0:4 
11-20 21:30:49.687  1883  1883 W ContextImpl: Calling a method in the system process without a qualified user: android.app.ContextImpl.stopService:1704 android.content.ContextWrapper.stopService:660 com.huawei.systemmanager.spacecleanner.autoclean.AutoCleanService.stopSelfService:116 com.huawei.systemmanager.spacecleanner.hivision.AutoHiVisionService.onStartCommand:47 android.app.ActivityThread.handleServiceArgs:4140 
11-20 21:30:49.750  1057  1402 I chatty  : uid=1000(system) android.anim expire 2 lines
11-20 21:30:49.774  1057  1190 I chatty  : uid=1000(system) android.ui expire 1 line
11-20 21:30:49.797  1057  2806 I chatty  : uid=1000(system) HwDeviceUsageCo expire 1 line
11-20 21:30:49.834  2880 14066 W ContextImpl: Calling a method in the system process without a qualified user: android.app.ContextImpl.bindService:1772 android.content.ContextWrapper.bindService:684 com.huawei.nb.dataservice.dsclient.RemoteServiceConnection.open:90 com.huawei.nb.dataservice.dsclient.DataServiceProxy.connect:105 com.huawei.nb.dataservice.rsclient.internal.RemoteRuleService.start:27 
11-20 21:30:50.588  1057  6583 I chatty  : uid=1000(system) Binder:1057_16 expire 6 lines
11-20 21:30:51.130 29657 29657 D ActivityThread: Remove activity client record, r= ActivityRecord{e3524c0 token=android.os.BinderProxy@25abcc4 {com.netease.cloudmusic/com.netease.cloudmusic.activity.LoadingActivity}} token= android.os.BinderProxy@25abcc4
11-20 21:30:52.491 29657 29657 V ActivityThread: Skipping new config:{1.0 ?mcc?mnc [zh_CN_#Hans] ldltr sw360dp w360dp h750dp 480dpi nrml long hdr port finger -keyb/v/h -nav/h appBounds=Rect(0, 0 - 1080, 2340) nonFullScreen=0 suim:1 s.335}, config:{1.0 ?mcc?mnc [zh_CN_#Hans] ldltr sw360dp w360dp h750dp 480dpi nrml long hdr port finger -keyb/v/h -nav/h appBounds=Rect(0, 0 - 1080, 2340) nonFullScreen=0 suim:1 s.335} for app:com.netease.cloudmusic
11-20 21:30:52.505 29657 29657 V ActivityThread: callActivityOnCreate
11-20 21:30:52.511  1883  2371 I HwNetworkPolicyManager: getHwUidPolicy uid = 10148 policy = 0
11-20 21:30:52.605  1057  2343 I chatty  : uid=1000(system) Binder:1057_D expire 31 lines
11-20 21:30:52.607  1057  1714 I chatty  : uid=1000(system) MultiTaskManage expire 6 lines
11-20 21:30:52.634  1794  1794 I HwCoreAppHelperService: LocalReceiver receives:android.intent.action.PACKAGE_RESTARTED,pkg:com.huawei.hwid,uid:10065
11-20 21:30:52.686 30126 30126 D ActivityThread: Attach thread to application
11-20 21:30:52.752 29657 29657 D ActivityThread: add activity client record, r= ActivityRecord{ddd6d18 token=android.os.BinderProxy@14746c1 {com.netease.cloudmusic/com.netease.cloudmusic.activity.MainActivity}} token= android.os.BinderProxy@14746c1
11-20 21:30:53.095  1057  1813 I chatty  : uid=1000(system) Binder:1057_9 expire 4 lines
11-20 21:30:53.169  1057  1468 I chatty  : uid=1000(system) NetdConnector expire 36 lines
11-20 21:30:55.834   646   646 I chatty  : uid=1010(wifi) /system/bin/wificond expire 12 lines
11-20 21:30:56.045   536   550 W SocketListener: sending broadcast to Pid = 1057, Uid = 1000 
11-20 21:30:56.447  1057  1456 I chatty  : uid=1000(system) GestureNavManag expire 1 line
11-20 21:30:56.485  1057  1057 I chatty  : uid=1000 system_server expire 13 lines
11-20 21:30:57.979   536   546 W SocketListener: sending broadcast to Pid = 1057, Uid = 1000 
11-20 21:30:57.993  1057  1470 I chatty  : uid=1000(system) NetworkStats expire 25 lines
11-20 21:30:59.999   536   546 W SocketListener: sending broadcast to Pid = 1057, Uid = 1000 
11-20 21:31:01.721  1057  1784 I chatty  : uid=1000(system) Binder:1057_6 expire 7 lines
11-20 21:31:01.774  1057  7359 I chatty  : uid=1000(system) Binder:1057_1A expire 7 lines
11-20 21:31:02.006   536   546 W SocketListener: sending broadcast to Pid = 1057, Uid = 1000 
11-20 21:31:04.011   536   546 W SocketListener: sending broadcast to Pid = 1057, Uid = 1000 
11-20 21:31:05.769  1057  1696 I chatty  : uid=1000(system) watchdog expire 2 lines
11-20 21:31:06.010   536   546 W SocketListener: sending broadcast to Pid = 1057, Uid = 1000 
11-20 21:31:08.013   536   546 W SocketListener: sending broadcast to Pid = 1057, Uid = 1000 
11-20 21:31:08.018  1057  1468 I chatty  : uid=1000(system) NetdConnector expire 18 lines
11-20 21:31:08.032  1057  1470 I chatty  : uid=1000(system) NetworkStats expire 15 lines
11-20 21:31:10.017   536   546 W SocketListener: sending broadcast to Pid = 1057, Uid = 1000 
11-20 21:31:11.846   646   646 I chatty  : uid=1010(wifi) /system/bin/wificond expire 12 lines
11-20 21:31:12.021   536   546 W SocketListener: sending broadcast to Pid = 1057, Uid = 1000 
11-20 21:31:12.026  1057  1200 I chatty  : uid=1000(system) android.fg expire 5 lines
11-20 21:31:13.299  2880  3062 W SettingsEx: SettingsEx.Systemex.getInt deprecated use Settings.System.getInt instead ;callers=com.huawei.recsys.util.SystemUtil.getNotificationUpdateMode:203 com.huawei.recsys.util.SystemUtil.isAllowUpdate:138 com.huawei.recsys.controller.notification.http.NotificationUpdateController.startNotificationUpdate:85 
11-20 21:31:13.442  1057  2347 I chatty  : uid=1000(system) Binder:1057_E expire 15 lines
11-20 21:31:26.125   536   550 W SocketListener: sending broadcast to Pid = 1057, Uid = 1000 
11-20 21:31:26.130  1057  1468 I chatty  : uid=1000(system) NetdConnector expire 4 lines
11-20 21:31:27.867   646   646 I chatty  : uid=1010(wifi) /system/bin/wificond expire 24 lines
11-20 21:31:29.914 30394 30394 D ActivityThread: Attach thread to application
11-20 21:31:29.957  1057  2347 I chatty  : uid=1000(system) Binder:1057_E expire 2 lines
11-20 21:31:44.234  1057  2343 I chatty  : uid=1000(system) Binder:1057_D expire 4 lines
11-20 21:31:58.189   536   550 W SocketListener: sending broadcast to Pid = 1057, Uid = 1000 
11-20 21:31:58.213  1057  1200 I chatty  : uid=1000(system) android.fg expire 10 lines
11-20 21:31:59.899   646   646 I chatty  : uid=1010(wifi) /system/bin/wificond expire 42 lines
11-20 21:32:01.430  1057  1057 I chatty  : uid=1000 system_server expire 10 lines
11-20 21:32:01.487  1057  2347 I chatty  : uid=1000(system) Binder:1057_E expire 9 lines
11-20 21:32:03.130  1057  1412 I chatty  : uid=1000(system) UEventObserver expire 12 lines
11-20 21:32:05.773  1057  1696 I chatty  : uid=1000(system) watchdog expire 10 lines
11-20 21:32:18.224  1057  1841 I chatty  : uid=1000(system) Binder:1057_B expire 6 lines
11-20 21:32:52.750   536   550 W SocketListener: sending broadcast to Pid = 1057, Uid = 1000 
11-20 21:32:52.754  1057  1468 I chatty  : uid=1000(system) NetdConnector expire 6 lines
11-20 21:32:55.950   646   646 I chatty  : uid=1010(wifi) /system/bin/wificond expire 24 lines
11-20 21:33:11.623  1057  1195 I chatty  : uid=1000(system) batterystats-wo expire 2 lines
11-20 21:33:11.624  1057  1057 I chatty  : uid=1000 system_server expire 16 lines
11-20 21:33:27.021   536   550 W SocketListener: sending broadcast to Pid = 1057, Uid = 1000 
11-20 21:33:27.970   646   646 I chatty  : uid=1010(wifi) /system/bin/wificond expire 30 lines
11-20 21:33:33.749  1057  1412 I chatty  : uid=1000(system) UEventObserver expire 12 lines
11-20 21:34:01.549   536   550 W SocketListener: sending broadcast to Pid = 1057, Uid = 1000 
11-20 21:34:01.575  1057  1200 I chatty  : uid=1000(system) android.fg expire 11 lines
11-20 21:34:08.006   646   646 I chatty  : uid=1010(wifi) /system/bin/wificond expire 24 lines
11-20 21:34:39.085   536   550 W SocketListener: sending broadcast to Pid = 1057, Uid = 1000 
11-20 21:34:39.090  1057  1468 I chatty  : uid=1000(system) NetdConnector expire 10 lines
11-20 21:34:40.046   646   646 I chatty  : uid=1010(wifi) /system/bin/wificond expire 18 lines
11-20 21:34:44.155  1057  1784 I chatty  : uid=1000(system) Binder:1057_6 expire 9 lines
11-20 21:35:02.350   536   544 W SocketListener: sending broadcast to Pid = 1057, Uid = 1000 
11-20 21:35:04.070   646   646 I chatty  : uid=1010(wifi) /system/bin/wificond expire 36 lines
11-20 21:35:30.012  1057  1057 I chatty  : uid=1000 system_server expire 10 lines
11-20 21:35:34.584  1057  1412 I chatty  : uid=1000(system) UEventObserver expire 12 lines
11-20 21:35:44.304   536   544 W SocketListener: sending broadcast to Pid = 1057, Uid = 1000 
11-20 21:35:52.116   646   646 I chatty  : uid=1010(wifi) /system/bin/wificond expire 30 lines
11-20 21:36:05.981  1057  2343 I chatty  : uid=1000(system) Binder:1057_D expire 6 lines
11-20 21:36:15.667  1057  9435 I chatty  : uid=1000(system) Binder:1057_1F expire 8 lines
11-20 21:36:30.766   536   544 W SocketListener: sending broadcast to Pid = 1057, Uid = 1000 
11-20 21:36:32.154   646   646 I chatty  : uid=1010(wifi) /system/bin/wificond expire 12 lines
11-20 21:36:32.158  1057  1490 I chatty  : uid=1000(system) ConnectivitySer expire 2 lines
11-20 21:36:32.406   536   544 W SocketListener: sending broadcast to Pid = 1057, Uid = 1000 
11-20 21:36:35.013  1057  1057 I chatty  : uid=1000 system_server expire 16 lines
11-20 21:36:42.181  1057  1195 I chatty  : uid=1000(system) batterystats-wo expire 2 lines
11-20 21:36:47.470   536   550 W SocketListener: sending broadcast to Pid = 1057, Uid = 1000 
11-20 21:36:47.474  1057  1468 I chatty  : uid=1000(system) NetdConnector expire 14 lines
11-20 21:36:48.172   646   646 I chatty  : uid=1010(wifi) /system/bin/wificond expire 30 lines
11-20 21:37:05.208  1057  1412 I chatty  : uid=1000(system) UEventObserver expire 15 lines
11-20 21:37:05.212  1057  7360 I chatty  : uid=1000(system) Binder:1057_1B expire 6 lines
11-20 21:37:05.793  1057  1696 I chatty  : uid=1000(system) watchdog expire 10 lines
11-20 21:37:26.510   536   544 W SocketListener: sending broadcast to Pid = 1057, Uid = 1000 
11-20 21:37:26.519  1057  1200 I chatty  : uid=1000(system) android.fg expire 10 lines
11-20 21:37:26.528  1057  1841 I chatty  : uid=1000(system) Binder:1057_B expire 11 lines
11-20 21:37:28.203   646   646 I chatty  : uid=1010(wifi) /system/bin/wificond expire 12 lines
11-20 21:37:38.671   536   544 W SocketListener: sending broadcast to Pid = 1057, Uid = 1000 
11-20 21:37:44.215   646   646 I chatty  : uid=1010(wifi) /system/bin/wificond expire 48 lines
11-20 21:37:53.710   536   544 W SocketListener: sending broadcast to Pid = 1057, Uid = 1000 
11-20 21:38:44.135  1057  1057 I chatty  : uid=1000 system_server expire 10 lines
11-20 21:38:44.148  1057  1470 I chatty  : uid=1000(system) NetworkStats expire 7 lines
11-20 21:38:44.189   536   544 W SocketListener: sending broadcast to Pid = 1057, Uid = 1000 
11-20 21:38:48.279   646   646 I chatty  : uid=1010(wifi) /system/bin/wificond expire 12 lines
11-20 21:38:52.364  1057  2347 I chatty  : uid=1000(system) Binder:1057_E expire 16 lines
11-20 21:39:02.318   536   550 W SocketListener: sending broadcast to Pid = 1057, Uid = 1000 
11-20 21:39:02.322  1057  1468 I chatty  : uid=1000(system) NetdConnector expire 10 lines
11-20 21:39:02.415   536   544 W SocketListener: sending broadcast to Pid = 1057, Uid = 1000 
11-20 21:39:04.297   646   646 I chatty  : uid=1010(wifi) /system/bin/wificond expire 18 lines
11-20 21:39:12.565  1057  1412 I chatty  : uid=1000(system) UEventObserver expire 12 lines
11-20 21:39:12.580  1057  1195 I chatty  : uid=1000(system) batterystats-wo expire 4 lines
11-20 21:39:24.101   536   544 W SocketListener: sending broadcast to Pid = 1057, Uid = 1000 
11-20 21:39:28.314   646   646 I chatty  : uid=1010(wifi) /system/bin/wificond expire 12 lines
11-20 21:39:39.182   536   544 W SocketListener: sending broadcast to Pid = 1057, Uid = 1000 
11-20 21:39:39.198  1057  1841 I chatty  : uid=1000(system) Binder:1057_B expire 10 lines
11-20 21:39:44.331   646   646 I chatty  : uid=1010(wifi) /system/bin/wificond expire 78 lines
11-20 21:40:06.467  1057  1057 I chatty  : uid=1000 system_server expire 10 lines
11-20 21:41:06.862  1057  1412 I chatty  : uid=1000(system) UEventObserver expire 18 lines
11-20 21:41:25.711   536   544 W SocketListener: sending broadcast to Pid = 1057, Uid = 1000 
11-20 21:41:25.753  1057  8813 I chatty  : uid=1000(system) Binder:1057_1D expire 1 line
11-20 21:41:28.416   646   646 I chatty  : uid=1010(wifi) /system/bin/wificond expire 18 lines
11-20 21:41:30.011  1057  1057 I chatty  : uid=1000 system_server expire 10 lines
11-20 21:41:47.470   536   550 W SocketListener: sending broadcast to Pid = 1057, Uid = 1000 
11-20 21:41:47.474  1057  1468 I chatty  : uid=1000(system) NetdConnector expire 10 lines
11-20 21:41:47.482  1057  1200 I chatty  : uid=1000(system) android.fg expire 9 lines
11-20 21:41:52.439   646   646 I chatty  : uid=1010(wifi) /system/bin/wificond expire 24 lines
11-20 21:41:52.718   536   544 W SocketListener: sending broadcast to Pid = 1057, Uid = 1000 
11-20 21:41:56.140   536   544 W SocketListener: sending broadcast to Pid = 1057, Uid = 1000 
11-20 21:42:02.232  1057  1784 I chatty  : uid=1000(system) Binder:1057_6 expire 6 lines
11-20 21:42:05.811  1057  1696 I chatty  : uid=1000(system) watchdog expire 5 lines
11-20 21:42:22.830   536   544 W SocketListener: sending broadcast to Pid = 1057, Uid = 1000 
11-20 21:42:24.472   646   646 I chatty  : uid=1010(wifi) /system/bin/wificond expire 18 lines
11-20 21:42:30.013  1057  1057 I chatty  : uid=1000 system_server expire 10 lines
11-20 21:42:44.234   536   544 W SocketListener: sending broadcast to Pid = 1057, Uid = 1000 
11-20 21:42:48.497   646   646 I chatty  : uid=1010(wifi) /system/bin/wificond expire 12 lines
11-20 21:42:59.277   536   544 W SocketListener: sending broadcast to Pid = 1057, Uid = 1000 
11-20 21:42:59.278  1057  1468 I chatty  : uid=1000(system) NetdConnector expire 6 lines
11-20 21:43:04.514   646   646 I chatty  : uid=1010(wifi) /system/bin/wificond expire 42 lines
11-20 21:43:37.910  1057  1412 I chatty  : uid=1000(system) UEventObserver expire 18 lines
11-20 21:43:54.014   536   544 W SocketListener: sending broadcast to Pid = 1057, Uid = 1000 
11-20 21:43:54.026  1057  2347 I chatty  : uid=1000(system) Binder:1057_E expire 7 lines
11-20 21:44:00.559   646   646 I chatty  : uid=1010(wifi) /system/bin/wificond expire 12 lines
11-20 21:44:08.135  1057  1057 I chatty  : uid=1000 system_server expire 10 lines
11-20 21:44:09.069   536   550 W SocketListener: sending broadcast to Pid = 1057, Uid = 1000 
11-20 21:44:09.082  1057  1200 I chatty  : uid=1000(system) android.fg expire 9 lines
11-20 21:44:09.230   536   544 W SocketListener: sending broadcast to Pid = 1057, Uid = 1000 
11-20 21:44:09.234  1057  1468 I chatty  : uid=1000(system) NetdConnector expire 10 lines
11-20 21:44:09.247  1057  1784 I chatty  : uid=1000(system) Binder:1057_6 expire 7 lines
11-20 21:44:14.481   536   544 W SocketListener: sending broadcast to Pid = 1057, Uid = 1000 
11-20 21:44:16.570   646   646 I chatty  : uid=1010(wifi) /system/bin/wificond expire 12 lines
11-20 21:44:29.614   536   544 W SocketListener: sending broadcast to Pid = 1057, Uid = 1000 
11-20 21:44:32.582   646   646 I chatty  : uid=1010(wifi) /system/bin/wificond expire 18 lines
11-20 21:44:35.821  1057  1696 I chatty  : uid=1000(system) watchdog expire 5 lines
11-20 21:44:43.459  1057  1195 I chatty  : uid=1000(system) batterystats-wo expire 2 lines
11-20 21:44:54.651   536   544 W SocketListener: sending broadcast to Pid = 1057, Uid = 1000 
11-20 21:44:56.601   646   646 I chatty  : uid=1010(wifi) /system/bin/wificond expire 12 lines
11-20 21:45:09.742   536   544 W SocketListener: sending broadcast to Pid = 1057, Uid = 1000 
11-20 21:45:09.757  1057  8813 I chatty  : uid=1000(system) Binder:1057_1D expire 10 lines
11-20 21:45:12.613   646   646 I chatty  : uid=1010(wifi) /system/bin/wificond expire 18 lines
11-20 21:45:19.620  1057  1057 I chatty  : uid=1000 system_server expire 14 lines
11-20 21:45:35.872   644   713 E /system/bin/storaged: pid_info get_pids failed
11-20 21:45:36.637   646   646 I chatty  : uid=1010(wifi) /system/bin/wificond expire 42 lines
11-20 21:45:38.761  1057  1057 I chatty  : uid=1000 system_server expire 10 lines
11-20 21:46:08.950  1057  1412 I chatty  : uid=1000(system) UEventObserver expire 18 lines
11-20 21:46:32.414   536   544 W SocketListener: sending broadcast to Pid = 1057, Uid = 1000 
11-20 21:46:32.418  1057  1468 I chatty  : uid=1000(system) NetdConnector expire 14 lines
11-20 21:46:32.429  1057  8813 I chatty  : uid=1000(system) Binder:1057_1D expire 1 line
11-20 21:46:32.684   646   646 I chatty  : uid=1010(wifi) /system/bin/wificond expire 12 lines
11-20 21:46:35.809  1057  1841 I chatty  : uid=1000(system) Binder:1057_B expire 9 lines
11-20 21:46:48.397   536   550 W SocketListener: sending broadcast to Pid = 1057, Uid = 1000 
11-20 21:46:48.410  1057  1200 I chatty  : uid=1000(system) android.fg expire 9 lines
11-20 21:46:48.707   646   646 I chatty  : uid=1010(wifi) /system/bin/wificond expire 12 lines
11-20 21:46:59.309   536   544 W SocketListener: sending broadcast to Pid = 1057, Uid = 1000 
11-20 21:47:04.725   646   646 I chatty  : uid=1010(wifi) /system/bin/wificond expire 18 lines
11-20 21:47:05.829  1057  1696 I chatty  : uid=1000(system) watchdog expire 6 lines
11-20 21:47:08.659   536   544 W SocketListener: sending broadcast to Pid = 1057, Uid = 1000 
11-20 21:47:09.379  1057  1057 I chatty  : uid=1000 system_server expire 10 lines
11-20 21:47:13.862  1057  1195 I chatty  : uid=1000(system) batterystats-wo expire 4 lines
11-20 21:47:23.726   536   544 W SocketListener: sending broadcast to Pid = 1057, Uid = 1000 
11-20 21:47:23.743  1057  9435 I chatty  : uid=1000(system) Binder:1057_1F expire 4 lines
11-20 21:47:28.751   646   646 I chatty  : uid=1010(wifi) /system/bin/wificond expire 42 lines
11-20 21:48:09.785  1057  2343 I chatty  : uid=1000(system) Binder:1057_D expire 10 lines
11-20 21:48:22.381  1057  1057 I chatty  : uid=1000 system_server expire 10 lines
11-20 21:48:22.417  1057  6119 I chatty  : uid=1000(system) Binder:1057_14 expire 8 lines
11-20 21:48:22.461   536   544 W SocketListener: sending broadcast to Pid = 1057, Uid = 1000 
11-20 21:48:22.521  1057  1784 I chatty  : uid=1000(system) Binder:1057_6 expire 1 line
11-20 21:48:24.790   646   646 I chatty  : uid=1010(wifi) /system/bin/wificond expire 12 lines
11-20 21:48:37.550   536   544 W SocketListener: sending broadcast to Pid = 1057, Uid = 1000 
11-20 21:48:39.990  1057  1412 I chatty  : uid=1000(system) UEventObserver expire 12 lines
11-20 21:48:40.803   646   646 I chatty  : uid=1010(wifi) /system/bin/wificond expire 30 lines
11-20 21:49:14.554   536   544 W SocketListener: sending broadcast to Pid = 1057, Uid = 1000 
11-20 21:49:14.557  1057  1468 I chatty  : uid=1000(system) NetdConnector expire 14 lines
11-20 21:49:20.840   646   646 I chatty  : uid=1010(wifi) /system/bin/wificond expire 30 lines
11-20 21:49:30.023  1057  1057 I chatty  : uid=1000 system_server expire 10 lines
11-20 21:49:58.318   536   544 W SocketListener: sending broadcast to Pid = 1057, Uid = 1000 
11-20 21:49:58.328  1057  1200 I chatty  : uid=1000(system) android.fg expire 10 lines
11-20 21:49:58.336  1057  1841 I chatty  : uid=1000(system) Binder:1057_B expire 7 lines
11-20 21:50:00.879   646   646 I chatty  : uid=1010(wifi) /system/bin/wificond expire 12 lines
11-20 21:50:05.841  1057  1696 I chatty  : uid=1000(system) watchdog expire 6 lines
11-20 21:50:10.614  1057  1412 I chatty  : uid=1000(system) UEventObserver expire 12 lines
11-20 21:50:12.015   536   544 W SocketListener: sending broadcast to Pid = 1057, Uid = 1000 
11-20 21:50:16.897   646   646 I chatty  : uid=1010(wifi) /system/bin/wificond expire 12 lines
11-20 21:50:27.054   536   544 W SocketListener: sending broadcast to Pid = 1057, Uid = 1000 
11-20 21:50:32.901   646   646 I chatty  : uid=1010(wifi) /system/bin/wificond expire 12 lines
11-20 21:50:40.844  1057  1057 I chatty  : uid=1000 system_server expire 12 lines
11-20 21:50:41.004  1057  1185 I chatty  : uid=1000(system) android.bg expire 1 line
11-20 21:50:44.340  1057  2343 I chatty  : uid=1000(system) Binder:1057_D expire 8 lines
11-20 21:50:44.350   536   544 W SocketListener: sending broadcast to Pid = 1057, Uid = 1000 
11-20 21:50:44.392  1057  6119 I chatty  : uid=1000(system) Binder:1057_14 expire 4 lines
11-20 21:50:48.919   646   646 I chatty  : uid=1010(wifi) /system/bin/wificond expire 12 lines
11-20 21:50:59.374   536   544 W SocketListener: sending broadcast to Pid = 1057, Uid = 1000 
11-20 21:51:04.939   646   646 I chatty  : uid=1010(wifi) /system/bin/wificond expire 24 lines
11-20 21:51:32.411   536   544 W SocketListener: sending broadcast to Pid = 1057, Uid = 1000 
11-20 21:51:32.422  1057  1784 I chatty  : uid=1000(system) Binder:1057_6 expire 6 lines
11-20 21:51:36.971   646   646 I chatty  : uid=1010(wifi) /system/bin/wificond expire 12 lines
11-20 21:51:47.502   536   550 W SocketListener: sending broadcast to Pid = 1057, Uid = 1000 
11-20 21:51:47.507  1057  1468 I chatty  : uid=1000(system) NetdConnector expire 8 lines
11-20 21:51:52.990   646   646 I chatty  : uid=1010(wifi) /system/bin/wificond expire 12 lines
11-20 21:51:56.526   536   544 W SocketListener: sending broadcast to Pid = 1057, Uid = 1000 
11-20 21:52:07.695   536   544 W SocketListener: sending broadcast to Pid = 1057, Uid = 1000 
11-20 21:52:07.704  1057  1200 I chatty  : uid=1000(system) android.fg expire 2 lines
11-20 21:52:09.001   646   646 I chatty  : uid=1010(wifi) /system/bin/wificond expire 12 lines
11-20 21:52:11.450  1057  1412 I chatty  : uid=1000(system) UEventObserver expire 6 lines
11-20 21:52:11.463  1057  1057 I chatty  : uid=1000 system_server expire 10 lines
11-20 21:52:22.768   536   544 W SocketListener: sending broadcast to Pid = 1057, Uid = 1000 
11-20 21:52:25.019   646   646 I chatty  : uid=1010(wifi) /system/bin/wificond expire 54 lines
11-20 21:52:44.726  1057  1412 I chatty  : uid=1000(system) UEventObserver expire 12 lines
11-20 21:52:44.733  1057  2343 I chatty  : uid=1000(system) Binder:1057_D expire 6 lines
11-20 21:52:44.749  1057  1195 I chatty  : uid=1000(system) batterystats-wo expire 4 lines
11-20 21:53:05.853  1057  1696 I chatty  : uid=1000(system) watchdog expire 8 lines
11-20 21:53:11.864  1057  6119 I chatty  : uid=1000(system) Binder:1057_14 expire 5 lines
11-20 21:53:30.012  1057  1057 I chatty  : uid=1000 system_server expire 11 lines
11-20 21:53:32.574  1057  1784 I chatty  : uid=1000(system) Binder:1057_6 expire 10 lines
11-20 21:53:32.597   536   544 W SocketListener: sending broadcast to Pid = 1057, Uid = 1000 
11-20 21:53:32.599  1057  1468 I chatty  : uid=1000(system) NetdConnector expire 10 lines
11-20 21:53:32.602  1057  1200 I chatty  : uid=1000(system) android.fg expire 10 lines
11-20 21:53:37.097   646   646 I chatty  : uid=1010(wifi) /system/bin/wificond expire 12 lines
11-20 21:53:47.694   536   544 W SocketListener: sending broadcast to Pid = 1057, Uid = 1000 
11-20 21:53:47.709  1057  7360 I chatty  : uid=1000(system) Binder:1057_1B expire 6 lines
11-20 21:53:53.115   646   646 I chatty  : uid=1010(wifi) /system/bin/wificond expire 24 lines
11-20 21:54:02.161  1057  1189 I chatty  : uid=1000(system) ActivityManager expire 1 line
11-20 21:54:02.314  1057  9435 I chatty  : uid=1000(system) Binder:1057_1F expire 3 lines
11-20 21:54:02.359   536   544 W SocketListener: sending broadcast to Pid = 1057, Uid = 1000 
11-20 21:54:02.431  1057  7361 I chatty  : uid=1000(system) Binder:1057_1C expire 9 lines
11-20 21:54:03.311  1057  6583 I chatty  : uid=1000(system) Binder:1057_16 expire 5 lines
11-20 21:54:17.454   536   544 W SocketListener: sending broadcast to Pid = 1057, Uid = 1000 
11-20 21:54:25.148   646   646 I chatty  : uid=1010(wifi) /system/bin/wificond expire 18 lines
11-20 21:54:30.014  1057  1057 I chatty  : uid=1000 system_server expire 10 lines
11-20 21:54:42.492  1057  1412 I chatty  : uid=1000(system) UEventObserver expire 15 lines
11-20 21:54:44.401   536   544 W SocketListener: sending broadcast to Pid = 1057, Uid = 1000 
11-20 21:54:49.171   646   646 I chatty  : uid=1010(wifi) /system/bin/wificond expire 12 lines
11-20 21:54:59.438   536   544 W SocketListener: sending broadcast to Pid = 1057, Uid = 1000 
11-20 21:54:59.441  1057  1468 I chatty  : uid=1000(system) NetdConnector expire 7 lines
11-20 21:55:05.182   646   646 I chatty  : uid=1010(wifi) /system/bin/wificond expire 66 lines
11-20 21:56:13.127  1057  1057 I chatty  : uid=1000 system_server expire 18 lines
11-20 21:56:32.411   536   544 W SocketListener: sending broadcast to Pid = 1057, Uid = 1000 
11-20 21:56:33.276   646   646 I chatty  : uid=1010(wifi) /system/bin/wificond expire 12 lines
11-20 21:56:43.320  1057  1412 I chatty  : uid=1000(system) UEventObserver expire 12 lines
11-20 21:56:47.470   536   550 W SocketListener: sending broadcast to Pid = 1057, Uid = 1000 
11-20 21:56:49.288   646   646 I chatty  : uid=1010(wifi) /system/bin/wificond expire 18 lines
11-20 21:56:52.718   536   544 W SocketListener: sending broadcast to Pid = 1057, Uid = 1000 
11-20 21:56:52.725  1057  1468 I chatty  : uid=1000(system) NetdConnector expire 11 lines
11-20 21:56:52.727  1057  1200 I chatty  : uid=1000(system) android.fg expire 11 lines
11-20 21:56:52.736  1057  6583 I chatty  : uid=1000(system) Binder:1057_16 expire 14 lines
11-20 21:57:05.869  1057  1696 I chatty  : uid=1000(system) watchdog expire 19 lines
11-20 21:57:07.674   536   544 W SocketListener: sending broadcast to Pid = 1057, Uid = 1000 
11-20 21:57:13.310   646   646 I chatty  : uid=1010(wifi) /system/bin/wificond expire 72 lines
11-20 21:57:22.734   536   544 W SocketListener: sending broadcast to Pid = 1057, Uid = 1000 
11-20 21:57:22.752  1057  9435 I chatty  : uid=1000(system) Binder:1057_1F expire 11 lines
11-20 21:58:42.666  1057  1057 I chatty  : uid=1000 system_server expire 10 lines
11-20 21:58:42.706   536   544 W SocketListener: sending broadcast to Pid = 1057, Uid = 1000 
11-20 21:58:44.147  1057  1412 I chatty  : uid=1000(system) UEventObserver expire 12 lines
11-20 21:58:44.151  1057  7361 I chatty  : uid=1000(system) Binder:1057_1C expire 14 lines
11-20 21:58:49.414   646   646 I chatty  : uid=1010(wifi) /system/bin/wificond expire 12 lines
11-20 21:58:59.478  1057  7360 I chatty  : uid=1000(system) Binder:1057_1B expire 6 lines
11-20 21:58:59.501   536   544 W SocketListener: sending broadcast to Pid = 1057, Uid = 1000 
11-20 21:59:05.431   646   646 I chatty  : uid=1010(wifi) /system/bin/wificond expire 42 lines
11-20 21:59:54.504  1057  1195 I chatty  : uid=1000(system) batterystats-wo expire 4 lines
11-20 22:00:00.013  1057  1057 I chatty  : uid=1000 system_server expire 19 lines
11-20 22:00:00.697   536   544 W SocketListener: sending broadcast to Pid = 1057, Uid = 1000 
11-20 22:00:00.792 30680 30680 D ActivityThread: Attach thread to application
11-20 22:00:01.491   646   646 I chatty  : uid=1010(wifi) /system/bin/wificond expire 18 lines
11-20 22:00:09.251  1057  1544 I chatty  : uid=1000(system) StatisticsCHRMs expire 4 lines
11-20 22:00:18.830   536   550 W SocketListener: sending broadcast to Pid = 1057, Uid = 1000 
11-20 22:00:18.834  1057  1468 I chatty  : uid=1000(system) NetdConnector expire 16 lines
11-20 22:00:19.618  1057  1057 I chatty  : uid=1000 system_server expire 11 lines
11-20 22:00:25.514   646   646 I chatty  : uid=1010(wifi) /system/bin/wificond expire 12 lines
11-20 22:00:27.182   536   544 W SocketListener: sending broadcast to Pid = 1057, Uid = 1000 
11-20 22:00:36.031   644   713 E /system/bin/storaged: open file /data/storaged/storaged.txt failed!2
11-20 22:00:36.031   644   713 E /system/bin/storaged: write(append)  diskstat data failed!ts:1542722436,read bytes:109072384, write bytes: 238981120
11-20 22:00:36.061   644   713 E /system/bin/storaged: curr_io_stats:  size: 205
11-20 22:00:36.066   644   713 E /system/bin/storaged: open file /data/storaged/storaged.txt failed!2
11-20 22:00:36.066   644   713 E /system/bin/storaged: write(append)  uid data failed!
11-20 22:00:36.066   644   713 E /system/bin/storaged: pid_info get_pids failed
11-20 22:00:41.523   646   646 I chatty  : uid=1010(wifi) /system/bin/wificond expire 18 lines
11-20 22:00:44.979  1057  1412 I chatty  : uid=1000(system) UEventObserver expire 21 lines
11-20 22:00:44.984  1057  6583 I chatty  : uid=1000(system) Binder:1057_16 expire 16 lines
11-20 22:00:44.992  1057  1057 I chatty  : uid=1000 system_server expire 19 lines
11-20 22:00:45.087  1057  8813 I chatty  : uid=1000(system) Binder:1057_1D expire 19 lines
11-20 22:00:49.709  1883 30059 W ContextImpl: Calling a method in the system process without a qualified user: android.app.ContextImpl.sendBroadcast:1110 android.content.ContextWrapper.sendBroadcast:437 com.huawei.systemmanager.spacecleanner.autoclean.AutoCleanFragmentReceiveServer.createCheckPieceIntent:253 com.huawei.systemmanager.spacecleanner.autoclean.AutoCleanFragmentReceiveServer.sendCheckPieceMsg:246 com.huawei.systemmanager.spacecleanner.autoclean.AutoCleanFragmentReceiveServer.-wrap6:0 
11-20 22:01:04.459   536   544 W SocketListener: sending broadcast to Pid = 1057, Uid = 1000 
11-20 22:01:05.550   646   646 I chatty  : uid=1010(wifi) /system/bin/wificond expire 30 lines
11-20 22:01:18.395  1057  1841 I chatty  : uid=1000(system) Binder:1057_B expire 3 lines
11-20 22:01:38.893   536   550 W SocketListener: sending broadcast to Pid = 1057, Uid = 1000 
11-20 22:01:38.906  1057  1200 I chatty  : uid=1000(system) android.fg expire 11 lines
11-20 22:01:45.584   646   646 I chatty  : uid=1010(wifi) /system/bin/wificond expire 18 lines
11-20 22:01:52.686   536   544 W SocketListener: sending broadcast to Pid = 1057, Uid = 1000 
11-20 22:02:01.524  1057  6119 I chatty  : uid=1000(system) Binder:1057_14 expire 3 lines
11-20 22:02:07.650   536   544 W SocketListener: sending broadcast to Pid = 1057, Uid = 1000 
11-20 22:02:09.602   646   646 I chatty  : uid=1010(wifi) /system/bin/wificond expire 12 lines
11-20 22:02:22.702   536   544 W SocketListener: sending broadcast to Pid = 1057, Uid = 1000 
11-20 22:02:25.612   646   646 I chatty  : uid=1010(wifi) /system/bin/wificond expire 18 lines
11-20 22:02:30.011  1057  1057 I chatty  : uid=1000 system_server expire 12 lines
11-20 22:02:44.496   536   544 W SocketListener: sending broadcast to Pid = 1057, Uid = 1000 
11-20 22:02:44.511  1057  1584 I chatty  : uid=1000(system) Binder:1057_4 expire 19 lines
11-20 22:02:49.637   646   646 I chatty  : uid=1010(wifi) /system/bin/wificond expire 48 lines
11-20 22:02:59.534   536   544 W SocketListener: sending broadcast to Pid = 1057, Uid = 1000 
11-20 22:02:59.537  1057  1468 I chatty  : uid=1000(system) NetdConnector expire 10 lines
11-20 22:03:46.230  1057  1412 I chatty  : uid=1000(system) UEventObserver expire 12 lines
11-20 22:03:50.614  1057  1189 I chatty  : uid=1000(system) ActivityManager expire 9 lines
11-20 22:03:50.683 30743 30743 D ActivityThread: Attach thread to application
11-20 22:03:50.874 30743 30763 E ActivityThread: Failed to find provider info for service_oversea_rom
11-20 22:03:50.913   536   544 W SocketListener: sending broadcast to Pid = 1057, Uid = 1000 
11-20 22:03:50.922  1057  2347 I chatty  : uid=1000(system) Binder:1057_E expire 5 lines
11-20 22:03:50.935 30765 30765 D ActivityThread: Attach thread to application
11-20 22:03:50.960  1057  6583 I chatty  : uid=1000(system) Binder:1057_16 expire 19 lines
11-20 22:03:51.240  1057  1057 I chatty  : uid=1000 system_server expire 10 lines
11-20 22:03:53.675   646   646 I chatty  : uid=1010(wifi) /system/bin/wificond expire 12 lines
11-20 22:04:06.254   536   550 W SocketListener: sending broadcast to Pid = 1057, Uid = 1000 
11-20 22:04:08.367   536   544 W SocketListener: sending broadcast to Pid = 1057, Uid = 1000 
11-20 22:04:08.376  1057  1200 I chatty  : uid=1000(system) android.fg expire 10 lines
11-20 22:04:08.383  1057  8813 I chatty  : uid=1000(system) Binder:1057_1D expire 10 lines
11-20 22:04:09.692   646   646 I chatty  : uid=1010(wifi) /system/bin/wificond expire 48 lines
11-20 22:04:16.456  1057  1584 I chatty  : uid=1000(system) Binder:1057_4 expire 11 lines
11-20 22:05:12.166   536   544 W SocketListener: sending broadcast to Pid = 1057, Uid = 1000 
11-20 22:05:13.750   646   646 I chatty  : uid=1010(wifi) /system/bin/wificond expire 12 lines
11-20 22:05:16.867  1057  1057 I chatty  : uid=1000 system_server expire 10 lines
11-20 22:05:27.214   536   544 W SocketListener: sending broadcast to Pid = 1057, Uid = 1000 
11-20 22:05:27.216  1057  1468 I chatty  : uid=1000(system) NetdConnector expire 10 lines
11-20 22:05:29.767   646   646 I chatty  : uid=1010(wifi) /system/bin/wificond expire 30 lines
11-20 22:05:47.053  1057  1412 I chatty  : uid=1000(system) UEventObserver expire 12 lines
11-20 22:06:02.462   536   544 W SocketListener: sending broadcast to Pid = 1057, Uid = 1000 
11-20 22:06:02.464  1057  6305 I chatty  : uid=1000(system) Binder:1057_15 expire 2 lines
11-20 22:06:09.799   646   646 I chatty  : uid=1010(wifi) /system/bin/wificond expire 18 lines
11-20 22:06:17.281  1057  1584 I chatty  : uid=1000(system) Binder:1057_4 expire 8 lines
11-20 22:06:17.742   536   550 W SocketListener: sending broadcast to Pid = 1057, Uid = 1000 
11-20 22:06:18.350   536   544 W SocketListener: sending broadcast to Pid = 1057, Uid = 1000 
11-20 22:06:30.016  1057  1057 I chatty  : uid=1000 system_server expire 10 lines
11-20 22:06:32.415   536   544 W SocketListener: sending broadcast to Pid = 1057, Uid = 1000 
11-20 22:06:33.827   646   646 I chatty  : uid=1010(wifi) /system/bin/wificond expire 24 lines
11-20 22:06:35.906  1057  1696 I chatty  : uid=1000(system) watchdog expire 10 lines
11-20 22:06:59.566   536   544 W SocketListener: sending broadcast to Pid = 1057, Uid = 1000 
11-20 22:06:59.570  1057  1468 I chatty  : uid=1000(system) NetdConnector expire 20 lines
11-20 22:07:05.844   646   646 I chatty  : uid=1010(wifi) /system/bin/wificond expire 18 lines
11-20 22:07:07.731   536   544 W SocketListener: sending broadcast to Pid = 1057, Uid = 1000 
11-20 22:07:22.798   536   544 W SocketListener: sending broadcast to Pid = 1057, Uid = 1000 
11-20 22:07:22.807  1057  1200 I chatty  : uid=1000(system) android.fg expire 10 lines
11-20 22:07:29.858   646   646 I chatty  : uid=1010(wifi) /system/bin/wificond expire 12 lines
11-20 22:07:44.813   536   544 W SocketListener: sending broadcast to Pid = 1057, Uid = 1000 
11-20 22:07:44.923 30823 30823 D ActivityThread: Attach thread to application
11-20 22:07:45.109  2880  3062 W SettingsEx: SettingsEx.Systemex.getInt deprecated use Settings.System.getInt instead ;callers=com.huawei.recsys.util.SystemUtil.getNotificationUpdateMode:203 com.huawei.recsys.util.SystemUtil.isAllowUpdate:138 com.huawei.recsys.controller.notification.http.NotificationUpdateController.startNotificationUpdate:85 
11-20 22:07:45.868   646   646 I chatty  : uid=1010(wifi) /system/bin/wificond expire 12 lines
11-20 22:07:47.894  1057  1412 I chatty  : uid=1000(system) UEventObserver expire 12 lines
11-20 22:07:47.907  1057  1057 I chatty  : uid=1000 system_server expire 10 lines
11-20 22:08:00.462   536   550 W SocketListener: sending broadcast to Pid = 1057, Uid = 1000 
11-20 22:08:00.622   536   544 W SocketListener: sending broadcast to Pid = 1057, Uid = 1000 
11-20 22:08:01.885   646   646 I chatty  : uid=1010(wifi) /system/bin/wificond expire 42 lines
11-20 22:08:30.004  1057  6305 I chatty  : uid=1000(system) Binder:1057_15 expire 10 lines
11-20 22:08:52.702   536   544 W SocketListener: sending broadcast to Pid = 1057, Uid = 1000 
11-20 22:08:57.939   646   646 I chatty  : uid=1010(wifi) /system/bin/wificond expire 84 lines
11-20 22:09:07.758   536   544 W SocketListener: sending broadcast to Pid = 1057, Uid = 1000 
11-20 22:09:30.011  1057  1057 I chatty  : uid=1000 system_server expire 10 lines
11-20 22:09:48.731  1057  1412 I chatty  : uid=1000(system) UEventObserver expire 12 lines
11-20 22:10:44.576  1057  1470 I chatty  : uid=1000(system) NetworkStats expire 7 lines
11-20 22:10:44.631  1057  1115 I chatty  : uid=1000(system) Binder:1057_2 expire 6 lines
11-20 22:10:44.642  1057  1633 I chatty  : uid=1000(system) Binder:1057_5 expire 4 lines
11-20 22:10:44.654   536   544 W SocketListener: sending broadcast to Pid = 1057, Uid = 1000 
11-20 22:10:44.656  1057  1468 I chatty  : uid=1000(system) NetdConnector expire 6 lines
11-20 22:10:44.659  1057  6305 I chatty  : uid=1000(system) Binder:1057_15 expire 1 line
11-20 22:10:44.660  1057  1057 I chatty  : uid=1000 system_server expire 13 lines
11-20 22:10:44.679  1057  8813 I chatty  : uid=1000(system) Binder:1057_1D expire 6 lines
11-20 22:10:44.702  1057  1784 I chatty  : uid=1000(system) Binder:1057_6 expire 9 lines
11-20 22:10:44.714  1057  7358 I chatty  : uid=1000(system) Binder:1057_19 expire 5 lines
11-20 22:10:44.734  1057  2176 I chatty  : uid=1000(system) Binder:1057_C expire 10 lines
11-20 22:10:50.056   646   646 I chatty  : uid=1010(wifi) /system/bin/wificond expire 24 lines
11-20 22:11:18.447   536   544 W SocketListener: sending broadcast to Pid = 1057, Uid = 1000 
11-20 22:11:19.441 30873 30873 D ActivityThread: Attach thread to application
11-20 22:11:19.596  1057  6583 I chatty  : uid=1000(system) Binder:1057_16 expire 17 lines
11-20 22:11:19.683 30902 30902 D ActivityThread: Attach thread to application
11-20 22:11:22.084   646   646 I chatty  : uid=1010(wifi) /system/bin/wificond expire 21 lines
11-20 22:11:23.074 30957 30957 D ActivityThread: Attach thread to application
11-20 22:11:24.005 30983 30983 D ActivityThread: Attach thread to application
11-20 22:11:24.924  1057  1217 I chatty  : uid=1000(system) HwBinder:1057_1 expire 1 line
11-20 22:11:24.925  1057  1200 I chatty  : uid=1000(system) android.fg expire 10 lines
11-20 22:11:24.929  1057  1412 I chatty  : uid=1000(system) UEventObserver expire 3 lines
11-20 22:11:24.971  1057  1195 I chatty  : uid=1000(system) batterystats-wo expire 3 lines
11-20 22:11:25.019 31025 31025 D ActivityThread: Attach thread to application
11-20 22:11:25.137  1057  1205 I chatty  : uid=1000(system) PowerManagerSer expire 31 lines
11-20 22:11:25.142  1601  1601 W PowerUI : unknown intent: Intent { act=android.intent.action.ACTION_POWER_DISCONNECTED flg=0x4000010 (has extras) }
11-20 22:11:25.185  9572  9572 W ContextImpl: Calling a method in the system process without a qualified user: android.app.ContextImpl.startService:1692 android.content.ContextWrapper.startService:650 com.huawei.vision.server.policy.PhoneState.doPolicyThingStop:103 com.huawei.vision.server.policy.PhoneStateReceiver.startOrStopVisionService:150 com.huawei.vision.server.policy.PhoneStateReceiver.access$200:18 
11-20 22:11:25.192  1057  1185 I chatty  : uid=1000(system) android.bg expire 5 lines
11-20 22:11:25.206  1057  1402 I chatty  : uid=1000(system) android.anim expire 28 lines
11-20 22:11:25.221  1057  1841 I chatty  : uid=1000(system) Binder:1057_B expire 29 lines
11-20 22:11:25.224  1057  1202 I chatty  : uid=1000(system) android.display expire 5 lines
11-20 22:11:25.226  1057  1057 I chatty  : uid=1000 system_server expire 69 lines
11-20 22:11:25.234 31047 31047 D ActivityThread: Attach thread to application
11-20 22:11:25.261  1057  1201 I chatty  : uid=1000(system) android.io expire 42 lines
11-20 22:11:25.308  1821  1821 I Telephony-PstnPhoneCapabilitiesNotifier: handleVideoCapabilitesChanged. Video capability - false
11-20 22:11:25.316  1057  1462 I chatty  : uid=1000(system) StorageManagerS expire 1 line
11-20 22:11:25.316   479   487 I vold    : TrimTask running tasks: 0
11-20 22:11:25.317  1057  1465 I chatty  : uid=1000(system) VoldConnector expire 1 line
11-20 22:11:25.321  1057  1487 I chatty  : uid=1000(system) WifiP2pService expire 10 lines
11-20 22:11:25.321  1057  1474 I chatty  : uid=1000(system) WifiStateMachin expire 1 line
11-20 22:11:25.331  1057  1473 I chatty  : uid=1000(system) WifiService expire 1 line
11-20 22:11:25.341  1794  1983 I BoosterSwitchP: handleStateChanged reason=2
11-20 22:11:25.342  1794  1983 I DeepNoDisturbP: handleStateChanged reason=2
11-20 22:11:25.342  1794  1983 I DeepNoDisturbSM: setScreenState isScreenOn=true
11-20 22:11:25.342  1794  1794 I DeepNoDisturbSM: IdleState processMessage msg.what=EVENT_SCREEN_ON
11-20 22:11:25.343  1794  1794 I DeepNoDisturbSM: isWifiConnected = true
11-20 22:11:25.345  1794  1794 I DeepNoDisturbSM: isNetworkTypeSuitDeepNoDisturbMode networkType = 7
11-20 22:11:25.345  1794  1794 I DeepNoDisturbSM: isCorrectState=true mIsCallOn=false mGameStatus=0 defaultDataSubId=0 default4GSlotId=0 mIsDefaultDataOn=false mIsScreenOn=true deepNoDisturbModeProp=true isDeepNoDisturbSwitchOn=false isGameDndSwitchOn=false isNetworkTypeSuitDeepNoDisturbMode=false isAirplaneModeOn()=false
11-20 22:11:25.345  1794  1794 I DeepNoDisturbSM: isNeedEnterDeepNoDisturbMode false
11-20 22:11:25.345  1794  1794 D HwGameAssistantService: ScreenOnReceiver
11-20 22:11:25.375  1057  7358 I chatty  : uid=1000(system) Binder:1057_19 expire 2 lines
11-20 22:11:25.387   536   544 W SocketListener: sending broadcast to Pid = 1057, Uid = 1000 
11-20 22:11:25.387  1057  1468 I chatty  : uid=1000(system) NetdConnector expire 14 lines
11-20 22:11:25.399  1057  1190 I chatty  : uid=1000(system) android.ui expire 12 lines
11-20 22:11:25.405  1057  8813 I chatty  : uid=1000(system) Binder:1057_1D expire 18 lines
11-20 22:11:25.423  2880 13933 W ContextImpl: Calling a method in the system process without a qualified user: android.app.ContextImpl.bindService:1772 android.content.ContextWrapper.bindService:684 com.huawei.nb.dataservice.dsclient.RemoteServiceConnection.open:90 com.huawei.nb.dataservice.dsclient.DataServiceProxy.connect:105 com.huawei.nb.dataservice.rsclient.internal.RemoteRuleService.start:27 
11-20 22:11:25.438  1057  2176 I chatty  : uid=1000(system) Binder:1057_C expire 2 lines
11-20 22:11:25.467  1057  1633 I chatty  : uid=1000(system) Binder:1057_5 expire 4 lines
11-20 22:11:25.498 31025 31025 W ContextImpl: Calling a method in the system process without a qualified user: android.app.ContextImpl.startService:1692 android.content.ContextWrapper.startService:650 android.content.ContextWrapper.startService:650 com.android.settings.bluetooth.DockEventReceiver.beginStartingService:161 com.android.settings.bluetooth.DockEventReceiver.onReceive:141 
11-20 22:11:25.538 31085 31085 D ActivityThread: Attach thread to application
11-20 22:11:26.984  1057  1189 I chatty  : uid=1000(system) ActivityManager expire 10 lines
11-20 22:11:28.393 31025 31025 W ContextImpl: Calling a method in the system process without a qualified user: android.app.ContextImpl.startService:1692 android.content.ContextWrapper.startService:650 android.content.ContextWrapper.startService:650 com.android.settings.bluetooth.DockEventReceiver.beginStartingService:161 com.android.settings.bluetooth.DockEventReceiver.onReceive:141 
11-20 22:11:28.530  1057  1784 I chatty  : uid=1000(system) Binder:1057_6 expire 39 lines
11-20 22:11:28.568  1057  1584 I chatty  : uid=1000(system) Binder:1057_4 expire 16 lines
11-20 22:11:28.791 31128 31128 D ActivityThread: Attach thread to application
11-20 22:11:29.579  1057  6305 I chatty  : uid=1000(system) Binder:1057_15 expire 10 lines
11-20 22:11:29.591 24610 24610 W SettingsEx: SettingsEx.Systemex.getLong deprecated use Settings.System.getLong instead ;callers=com.huawei.iconnect.ConnectService.init:195 com.huawei.iconnect.ConnectService.-wrap8:0 com.huawei.iconnect.ConnectService$ServiceHandler.handleMessage:1028 
11-20 22:11:29.591 24610 24610 W SettingsEx: SettingsEx.Systemex.getLong deprecated use Settings.System.getLong instead ;callers=com.huawei.iconnect.ConnectService.init:196 com.huawei.iconnect.ConnectService.-wrap8:0 com.huawei.iconnect.ConnectService$ServiceHandler.handleMessage:1028 
11-20 22:11:29.592 24610 24610 W SettingsEx: SettingsEx.Systemex.getInt deprecated use Settings.System.getInt instead ;callers=com.huawei.iconnect.cache.CachedTrackedDevices.init:80 com.huawei.iconnect.cache.CachedTrackedDevices.<init>:65 com.huawei.iconnect.ConnectService.init:200 
11-20 22:11:29.592 24610 24610 W SettingsEx: SettingsEx.Systemex.getLong deprecated use Settings.System.getLong instead ;callers=com.huawei.iconnect.cache.CachedTrackedDevices.init:81 com.huawei.iconnect.cache.CachedTrackedDevices.<init>:65 com.huawei.iconnect.ConnectService.init:200 
11-20 22:11:29.621  1057  1583 I chatty  : uid=1000(system) Binder:1057_3 expire 48 lines
11-20 22:11:29.654 31025 31025 W ContextImpl: Calling a method in the system process without a qualified user: android.app.ContextImpl.startService:1692 android.content.ContextWrapper.startService:650 android.content.ContextWrapper.startService:650 com.android.settings.bluetooth.DockEventReceiver.beginStartingService:161 com.android.settings.bluetooth.DockEventReceiver.onReceive:141 
11-20 22:11:29.762  1057  2977 I chatty  : uid=1000(system) Binder:1057_10 expire 21 lines
11-20 22:11:30.869  1057  6646 I chatty  : uid=1000(system) Binder:1057_18 expire 42 lines
11-20 22:11:30.918  1057  1785 I chatty  : uid=1000(system) Binder:1057_7 expire 75 lines
11-20 22:11:30.919  1057  1186 I chatty  : uid=1000(system) HwActivityManag expire 7 lines
11-20 22:11:30.919  1057  1203 I chatty  : uid=1000(system) HwGameAssistant expire 5 lines
11-20 22:11:31.068  1601  1601 V KeyguardDisplayManager: hide
11-20 22:11:31.071  1601  1601 V KeyguardViewMediator: updateInputRestrictedLocked 1 isInputApp = false, inputRestricted = false
11-20 22:11:31.089  1057  1456 I chatty  : uid=1000(system) GestureNavManag expire 46 lines
11-20 22:11:31.163  1057  1485 I chatty  : uid=1000(system) WifiScanningSer expire 1 line
11-20 22:11:32.305   536   545 W SocketListener: sending broadcast to Pid = 1057, Uid = 1000 
11-20 22:11:32.675  1601  9270 I CommandQueue: updateBarBgColor
11-20 22:11:32.675  1601  9270 D CommandQueue: CommandQueue, setBarBackgroundColor
11-20 22:11:32.695 29657 29657 W ViewRootImpl[MainActivity]: Dropping event due to root view being removed: MotionEvent { action=ACTION_MOVE, actionButton=0, id[0]=0, x[0]=784.1887, y[0]=1286.1742, toolType[0]=TOOL_TYPE_FINGER, buttonState=0, metaState=0, flags=0x0, edgeFlags=0x0, pointerCount=1, historySize=2, eventTime=155500773, downTime=155500748, deviceId=4, source=0x1002 }
11-20 22:11:33.886  1057  6119 I chatty  : uid=1000(system) Binder:1057_14 expire 17 lines
11-20 22:11:33.894  1883  2371 I HwNetworkPolicyManager: getHwUidPolicy uid = 10069 policy = 0
11-20 22:11:33.984  1601  1615 I CommandQueue: updateBarBgColor
11-20 22:11:33.984  1601  1615 D CommandQueue: CommandQueue, setBarBackgroundColor
11-20 22:11:34.144 31248 31248 D ActivityThread: Attach thread to application
11-20 22:11:34.219 31248 31248 V ActivityThread: callActivityOnCreate
11-20 22:11:34.384   646   646 I chatty  : uid=1010(wifi) /system/bin/wificond expire 18 lines
11-20 22:11:34.468 31248 31248 D ActivityThread: add activity client record, r= ActivityRecord{2116fc1 token=com.android.contacts.hap.preload.PreLoadActivityHelper$LocalToken@f5dbb99 {com.android.contacts/com.android.contacts.activities.DialtactsActivity}} token= com.android.contacts.hap.preload.PreLoadActivityHelper$LocalToken@f5dbb99
