11-20 22:18:24.097  9572  9572 W ContextImpl: Calling a method in the system process without a qualified user: android.app.ContextImpl.startService:1692 android.content.ContextWrapper.startService:650 com.huawei.vision.server.policy.PhoneState.doPolicyThingStop:103 com.huawei.vision.server.policy.PhoneStateReceiver.startOrStopVisionService:150 com.huawei.vision.server.policy.PhoneStateReceiver.access$200:18 
11-20 22:18:24.578  1057  2009 I chatty  : uid=1000(system) UsbDebuggingMan expire 3 lines
11-20 22:18:24.605  1057  9435 I chatty  : uid=1000(system) Binder:1057_1F expire 33 lines
11-20 22:18:24.609  1601  1601 V ActivityThread: systemui config :null mConfiguration:{1.0 ?mcc?mnc [zh_CN_#Hans] ldltr sw360dp w360dp h750dp 480dpi nrml long hdr port finger -keyb/v/h -nav/h appBounds=Rect(0, 0 - 1080, 2340) nonFullScreen=0 suim:1 s.339} compat:null called by android.app.ActivityThread.handleLaunchActivity:3418 
11-20 22:18:24.609  1601  1601 V ActivityThread: systemui pendingconfig:{1.0 ?mcc?mnc [zh_CN_#Hans] ldltr sw360dp w360dp h750dp 480dpi nrml long hdr port finger -keyb/v/h -nav/h appBounds=Rect(0, 0 - 1080, 2340) nonFullScreen=0 suim:1 s.339}
11-20 22:18:24.609  1601  1601 V ActivityThread: Skipping new config:{1.0 ?mcc?mnc [zh_CN_#Hans] ldltr sw360dp w360dp h750dp 480dpi nrml long hdr port finger -keyb/v/h -nav/h appBounds=Rect(0, 0 - 1080, 2340) nonFullScreen=0 suim:1 s.339}, config:{1.0 ?mcc?mnc [zh_CN_#Hans] ldltr sw360dp w360dp h750dp 480dpi nrml long hdr port finger -keyb/v/h -nav/h appBounds=Rect(0, 0 - 1080, 2340) nonFullScreen=0 suim:1 s.339} for app:com.android.systemui
11-20 22:18:24.616  1601  1601 V ActivityThread: callActivityOnCreate
11-20 22:18:24.631  1601  1601 D ActivityThread: add activity client record, r= ActivityRecord{8c08068 token=android.os.BinderProxy@d97a80b {com.android.systemui/com.android.systemui.usb.HwUsbDebuggingActivity}} token= android.os.BinderProxy@d97a80b
11-20 22:18:24.637  1057  1784 I chatty  : uid=1000(system) Binder:1057_6 expire 24 lines
11-20 22:18:24.638  1057  1203 I chatty  : uid=1000(system) HwGameAssistant expire 10 lines
11-20 22:18:24.638  1057  1186 I chatty  : uid=1000(system) HwActivityManag expire 12 lines
11-20 22:18:24.664  1057  1402 I chatty  : uid=1000(system) android.anim expire 11 lines
11-20 22:18:24.669  1057  1202 I chatty  : uid=1000(system) android.display expire 3 lines
11-20 22:18:24.701   646   646 I chatty  : uid=1010(wifi) /system/bin/wificond expire 42 lines
11-20 22:18:25.467  1057  1583 I chatty  : uid=1000(system) Binder:1057_3 expire 14 lines
11-20 22:18:25.471  9572  9572 W ContextImpl: Calling a method in the system process without a qualified user: android.app.ContextImpl.startService:1692 android.content.ContextWrapper.startService:650 com.huawei.vision.server.policy.PhoneState.doPolicyThingStop:103 com.huawei.vision.server.policy.PhoneStateReceiver.startOrStopVisionService:150 com.huawei.vision.server.policy.PhoneStateReceiver.access$200:18 
11-20 22:18:32.813   536   544 W SocketListener: sending broadcast to Pid = 1057, Uid = 1000 
11-20 22:18:33.665  1057  1584 I chatty  : uid=1000(system) Binder:1057_4 expire 12 lines
11-20 22:18:33.666  1057  1113 I chatty  : uid=1000(system) Binder:1057_1 expire 1 line
11-20 22:18:33.669  1057  1633 I chatty  : uid=1000(system) Binder:1057_5 expire 18 lines
11-20 22:18:33.694  1601  1601 D ActivityThread: Remove activity client record, r= ActivityRecord{8c08068 token=android.os.BinderProxy@d97a80b {com.android.systemui/com.android.systemui.usb.HwUsbDebuggingActivity}} token= android.os.BinderProxy@d97a80b
11-20 22:18:34.070  1057  1057 I chatty  : uid=1000 system_server expire 15 lines
11-20 22:18:47.918   536   544 W SocketListener: sending broadcast to Pid = 1057, Uid = 1000 
11-20 22:18:47.935  1057  1583 I chatty  : uid=1000(system) Binder:1057_3 expire 15 lines
11-20 22:18:48.833   646   646 I chatty  : uid=1010(wifi) /system/bin/wificond expire 27 lines
11-20 22:18:55.692  9572  9572 W ContextImpl: Calling a method in the system process without a qualified user: android.app.ContextImpl.startService:1692 android.content.ContextWrapper.startService:650 com.huawei.vision.server.policy.PhoneState.doPolicyThingStop:103 com.huawei.vision.server.policy.PhoneStateReceiver.startOrStopVisionService:150 com.huawei.vision.server.policy.PhoneStateReceiver.access$200:18 
11-20 22:19:02.001  1057  1784 I chatty  : uid=1000(system) Binder:1057_6 expire 29 lines
11-20 22:19:02.086  1057  7360 I chatty  : uid=1000(system) Binder:1057_1B expire 19 lines
11-20 22:19:02.093 31025 31025 E ActivityThread: Failed to find provider info for com.huawei.wildkids
11-20 22:19:02.096  1057  6646 I chatty  : uid=1000(system) Binder:1057_18 expire 15 lines
11-20 22:19:02.429 31025 31025 D ActivityThread: Remove activity client record, r= ActivityRecord{6ee0b14 token=android.os.BinderProxy@9439387 {com.android.settings/com.android.settings.Settings$DevelopmentSettingsActivity}} token= android.os.BinderProxy@9439387
11-20 22:19:02.434  1057  1633 I chatty  : uid=1000(system) Binder:1057_5 expire 30 lines
11-20 22:19:02.503  1057  1402 I chatty  : uid=1000(system) android.anim expire 30 lines
11-20 22:19:03.822 31025 31025 W ContextImpl: Calling a method in the system process without a qualified user: android.app.ContextImpl.sendBroadcast:1131 android.content.ContextWrapper.sendBroadcast:442 com.android.settings.HWSettings.onResume:163 android.app.Instrumentation.callActivityOnResume:1365 android.app.Activity.performResume:7452 
11-20 22:19:03.923   646   646 I chatty  : uid=1010(wifi) /system/bin/wificond expire 39 lines
11-20 22:19:04.139  1057  1189 I chatty  : uid=1000(system) ActivityManager expire 4 lines
11-20 22:19:04.142 31025 31025 D ActivityThread: Remove activity client record, r= ActivityRecord{67a3d1d token=android.os.BinderProxy@cc47f64 {com.android.settings/com.android.settings.Settings$HwSystemDashboardActivity}} token= android.os.BinderProxy@cc47f64
11-20 22:19:05.958  1057  1696 I chatty  : uid=1000(system) watchdog expire 5 lines
11-20 22:19:08.686  1057  1456 I chatty  : uid=1000(system) GestureNavManag expire 38 lines
11-20 22:19:08.931  1057  2347 I chatty  : uid=1000(system) Binder:1057_E expire 19 lines
11-20 22:19:08.933  1883  2371 I HwNetworkPolicyManager: getHwUidPolicy uid = 10069 policy = 0
11-20 22:19:09.015  1601  7342 I CommandQueue: updateBarBgColor
11-20 22:19:09.015  1601  7342 D CommandQueue: CommandQueue, setBarBackgroundColor
11-20 22:19:11.219   536   544 W SocketListener: sending broadcast to Pid = 1057, Uid = 1000 
11-20 22:19:11.220  1883  2371 I HwNetworkPolicyManager: getHwUidPolicy uid = 10168 policy = 0
11-20 22:19:11.220  1057  1468 I chatty  : uid=1000(system) NetdConnector expire 10 lines
11-20 22:19:11.221  1057  1200 I chatty  : uid=1000(system) android.fg expire 10 lines
11-20 22:19:11.226  1601  3553 I CommandQueue: updateBarBgColor
11-20 22:19:11.226  1601  3553 D CommandQueue: CommandQueue, setBarBackgroundColor
11-20 22:19:24.080  1057  9435 I chatty  : uid=1000(system) Binder:1057_1F expire 1 line
11-20 22:19:24.100  9572  9572 W ContextImpl: Calling a method in the system process without a qualified user: android.app.ContextImpl.startService:1692 android.content.ContextWrapper.startService:650 com.huawei.vision.server.policy.PhoneState.doPolicyThingStop:103 com.huawei.vision.server.policy.PhoneStateReceiver.startOrStopVisionService:150 com.huawei.vision.server.policy.PhoneStateReceiver.access$200:18 
11-20 22:19:25.042   646   646 I chatty  : uid=1010(wifi) /system/bin/wificond expire 45 lines
11-20 22:19:25.869  1057  1412 I chatty  : uid=1000(system) UEventObserver expire 12 lines
11-20 22:19:25.887  1057  1633 I chatty  : uid=1000(system) Binder:1057_5 expire 39 lines
11-20 22:19:25.902  9572  9572 W ContextImpl: Calling a method in the system process without a qualified user: android.app.ContextImpl.startService:1692 android.content.ContextWrapper.startService:650 com.huawei.vision.server.policy.PhoneState.doPolicyThingStop:103 com.huawei.vision.server.policy.PhoneStateReceiver.startOrStopVisionService:150 com.huawei.vision.server.policy.PhoneStateReceiver.access$200:18 
11-20 22:19:26.286   536   550 W SocketListener: sending broadcast to Pid = 1057, Uid = 1000 
11-20 22:19:49.998   536   544 W SocketListener: sending broadcast to Pid = 1057, Uid = 1000 
11-20 22:19:50.018  1057  6646 I chatty  : uid=1000(system) Binder:1057_18 expire 7 lines
11-20 22:19:52.199   646   646 I chatty  : uid=1010(wifi) /system/bin/wificond expire 27 lines
11-20 22:19:56.111  9572  9572 W ContextImpl: Calling a method in the system process without a qualified user: android.app.ContextImpl.startService:1692 android.content.ContextWrapper.startService:650 com.huawei.vision.server.policy.PhoneState.doPolicyThingStop:103 com.huawei.vision.server.policy.PhoneStateReceiver.startOrStopVisionService:150 com.huawei.vision.server.policy.PhoneStateReceiver.access$200:18 
11-20 22:20:04.934   536   544 W SocketListener: sending broadcast to Pid = 1057, Uid = 1000 
11-20 22:20:07.288   646   646 I chatty  : uid=1010(wifi) /system/bin/wificond expire 27 lines
11-20 22:20:20.014   536   544 W SocketListener: sending broadcast to Pid = 1057, Uid = 1000 
11-20 22:20:21.390  1601  1601 V ActivityThread: systemui config :null mConfiguration:{1.0 ?mcc?mnc [zh_CN_#Hans] ldltr sw360dp w360dp h750dp 480dpi nrml long hdr port finger -keyb/v/h -nav/h appBounds=Rect(0, 0 - 1080, 2340) nonFullScreen=0 suim:1 s.339} compat:null called by android.app.ActivityThread.handleLaunchActivity:3418 
11-20 22:20:21.390  1601  1601 V ActivityThread: systemui pendingconfig:{1.0 ?mcc?mnc [zh_CN_#Hans] ldltr sw360dp w360dp h750dp 480dpi nrml long hdr port finger -keyb/v/h -nav/h appBounds=Rect(0, 0 - 1080, 2340) nonFullScreen=0 suim:1 s.339}
11-20 22:20:21.390  1601  1601 V ActivityThread: Skipping new config:{1.0 ?mcc?mnc [zh_CN_#Hans] ldltr sw360dp w360dp h750dp 480dpi nrml long hdr port finger -keyb/v/h -nav/h appBounds=Rect(0, 0 - 1080, 2340) nonFullScreen=0 suim:1 s.339}, config:{1.0 ?mcc?mnc [zh_CN_#Hans] ldltr sw360dp w360dp h750dp 480dpi nrml long hdr port finger -keyb/v/h -nav/h appBounds=Rect(0, 0 - 1080, 2340) nonFullScreen=0 suim:1 s.339} for app:com.android.systemui
11-20 22:20:21.394  1601  1601 V ActivityThread: callActivityOnCreate
11-20 22:20:21.401  1601  1601 D ActivityThread: add activity client record, r= ActivityRecord{d359912 token=android.os.BinderProxy@cac454f {com.android.systemui/com.android.systemui.usb.HwUsbDebuggingActivity}} token= android.os.BinderProxy@cac454f
11-20 22:20:21.406  1057  2347 I chatty  : uid=1000(system) Binder:1057_E expire 73 lines
11-20 22:20:21.443  1057  1402 I chatty  : uid=1000(system) android.anim expire 11 lines
11-20 22:20:21.880   536   544 W SocketListener: sending broadcast to Pid = 1057, Uid = 1000 
11-20 22:20:21.881  1057  1468 I chatty  : uid=1000(system) NetdConnector expire 10 lines
11-20 22:20:21.882  1057  1200 I chatty  : uid=1000(system) android.fg expire 12 lines
11-20 22:20:21.896  1057  1057 I chatty  : uid=1000 system_server expire 10 lines
11-20 22:20:22.371   646   646 I chatty  : uid=1010(wifi) /system/bin/wificond expire 27 lines
11-20 22:20:24.143  9572  9572 W ContextImpl: Calling a method in the system process without a qualified user: android.app.ContextImpl.startService:1692 android.content.ContextWrapper.startService:650 com.huawei.vision.server.policy.PhoneState.doPolicyThingStop:103 com.huawei.vision.server.policy.PhoneStateReceiver.startOrStopVisionService:150 com.huawei.vision.server.policy.PhoneStateReceiver.access$200:18 
11-20 22:20:24.188  1601  1601 D ActivityThread: Remove activity client record, r= ActivityRecord{d359912 token=android.os.BinderProxy@cac454f {com.android.systemui/com.android.systemui.usb.HwUsbDebuggingActivity}} token= android.os.BinderProxy@cac454f
11-20 22:20:26.321  9572  9572 W ContextImpl: Calling a method in the system process without a qualified user: android.app.ContextImpl.startService:1692 android.content.ContextWrapper.startService:650 com.huawei.vision.server.policy.PhoneState.doPolicyThingStop:103 com.huawei.vision.server.policy.PhoneStateReceiver.startOrStopVisionService:150 com.huawei.vision.server.policy.PhoneStateReceiver.access$200:18 
11-20 22:20:35.410  1601  1601 V ActivityThread: systemui config :null mConfiguration:{1.0 ?mcc?mnc [zh_CN_#Hans] ldltr sw360dp w360dp h750dp 480dpi nrml long hdr port finger -keyb/v/h -nav/h appBounds=Rect(0, 0 - 1080, 2340) nonFullScreen=0 suim:1 s.339} compat:null called by android.app.ActivityThread.handleLaunchActivity:3418 
11-20 22:20:35.410  1601  1601 V ActivityThread: systemui pendingconfig:{1.0 ?mcc?mnc [zh_CN_#Hans] ldltr sw360dp w360dp h750dp 480dpi nrml long hdr port finger -keyb/v/h -nav/h appBounds=Rect(0, 0 - 1080, 2340) nonFullScreen=0 suim:1 s.339}
11-20 22:20:35.410  1601  1601 V ActivityThread: Skipping new config:{1.0 ?mcc?mnc [zh_CN_#Hans] ldltr sw360dp w360dp h750dp 480dpi nrml long hdr port finger -keyb/v/h -nav/h appBounds=Rect(0, 0 - 1080, 2340) nonFullScreen=0 suim:1 s.339}, config:{1.0 ?mcc?mnc [zh_CN_#Hans] ldltr sw360dp w360dp h750dp 480dpi nrml long hdr port finger -keyb/v/h -nav/h appBounds=Rect(0, 0 - 1080, 2340) nonFullScreen=0 suim:1 s.339} for app:com.android.systemui
11-20 22:20:35.417  1601  1601 V ActivityThread: callActivityOnCreate
11-20 22:20:35.426  1601  1601 D ActivityThread: add activity client record, r= ActivityRecord{f5d93e6 token=android.os.BinderProxy@beac0d3 {com.android.systemui/com.android.systemui.usb.HwUsbDebuggingActivity}} token= android.os.BinderProxy@beac0d3
11-20 22:20:35.432  1057  1633 I chatty  : uid=1000(system) Binder:1057_5 expire 18 lines
11-20 22:20:37.455   646   646 E wificond: Failed to get NL80211_RATE_INFO_NOISE
11-20 22:20:37.455   646   646 E wificond: Failed to get NL80211_RATE_INFO_SNR
11-20 22:20:37.455   646   646 E wificond: Failed to get NL80211_STA_INFO_CNAHLOAD
11-20 22:20:38.378  1601  1601 D ActivityThread: Remove activity client record, r= ActivityRecord{f5d93e6 token=android.os.BinderProxy@beac0d3 {com.android.systemui/com.android.systemui.usb.HwUsbDebuggingActivity}} token= android.os.BinderProxy@beac0d3
11-20 22:20:38.620  1057  1402 I chatty  : uid=1000(system) android.anim expire 5 lines
11-20 22:20:39.214   536   550 W SocketListener: sending broadcast to Pid = 1057, Uid = 1000 
11-20 22:20:40.476   646   646 E wificond: Failed to get NL80211_RATE_INFO_NOISE
11-20 22:20:40.476   646   646 E wificond: Failed to get NL80211_RATE_INFO_SNR
11-20 22:20:40.477   646   646 E wificond: Failed to get NL80211_STA_INFO_CNAHLOAD
11-20 22:20:42.616   646   646 E wificond: Failed to get NL80211_RATE_INFO_NOISE
11-20 22:20:42.617   646   646 E wificond: Failed to get NL80211_RATE_INFO_SNR
11-20 22:20:42.617   646   646 E wificond: Failed to get NL80211_STA_INFO_CNAHLOAD
11-20 22:20:42.620   646   646 E wificond: Failed to get NL80211_RATE_INFO_NOISE
11-20 22:20:42.620   646   646 E wificond: Failed to get NL80211_RATE_INFO_SNR
11-20 22:20:42.620   646   646 E wificond: Failed to get NL80211_STA_INFO_CNAHLOAD
11-20 22:20:43.483   646   646 E wificond: Failed to get NL80211_RATE_INFO_NOISE
11-20 22:20:43.483   646   646 E wificond: Failed to get NL80211_RATE_INFO_SNR
11-20 22:20:43.484   646   646 E wificond: Failed to get NL80211_STA_INFO_CNAHLOAD
11-20 22:20:46.502   646   646 E wificond: Failed to get NL80211_RATE_INFO_NOISE
11-20 22:20:46.503   646   646 E wificond: Failed to get NL80211_RATE_INFO_SNR
11-20 22:20:46.503   646   646 E wificond: Failed to get NL80211_STA_INFO_CNAHLOAD
11-20 22:20:49.519   646   646 E wificond: Failed to get NL80211_RATE_INFO_NOISE
11-20 22:20:49.519   646   646 E wificond: Failed to get NL80211_RATE_INFO_SNR
11-20 22:20:49.519   646   646 E wificond: Failed to get NL80211_STA_INFO_CNAHLOAD
11-20 22:20:50.623   646   646 E wificond: Failed to get NL80211_RATE_INFO_NOISE
11-20 22:20:50.623   646   646 E wificond: Failed to get NL80211_RATE_INFO_SNR
11-20 22:20:50.623   646   646 E wificond: Failed to get NL80211_STA_INFO_CNAHLOAD
11-20 22:20:50.626   646   646 E wificond: Failed to get NL80211_RATE_INFO_NOISE
11-20 22:20:50.626   646   646 E wificond: Failed to get NL80211_RATE_INFO_SNR
11-20 22:20:50.626   646   646 E wificond: Failed to get NL80211_STA_INFO_CNAHLOAD
11-20 22:20:52.532   646   646 E wificond: Failed to get NL80211_RATE_INFO_NOISE
11-20 22:20:52.532   646   646 E wificond: Failed to get NL80211_RATE_INFO_SNR
11-20 22:20:52.532   646   646 E wificond: Failed to get NL80211_STA_INFO_CNAHLOAD
11-20 22:20:55.553   646   646 E wificond: Failed to get NL80211_RATE_INFO_NOISE
11-20 22:20:55.553   646   646 E wificond: Failed to get NL80211_RATE_INFO_SNR
11-20 22:20:55.553   646   646 E wificond: Failed to get NL80211_STA_INFO_CNAHLOAD
11-20 22:20:56.507  1057  9435 I chatty  : uid=1000(system) Binder:1057_1F expire 2 lines
11-20 22:20:56.528  9572  9572 W ContextImpl: Calling a method in the system process without a qualified user: android.app.ContextImpl.startService:1692 android.content.ContextWrapper.startService:650 com.huawei.vision.server.policy.PhoneState.doPolicyThingStop:103 com.huawei.vision.server.policy.PhoneStateReceiver.startOrStopVisionService:150 com.huawei.vision.server.policy.PhoneStateReceiver.access$200:18 
11-20 22:20:58.573   646   646 E wificond: Failed to get NL80211_RATE_INFO_NOISE
11-20 22:20:58.573   646   646 E wificond: Failed to get NL80211_RATE_INFO_SNR
11-20 22:20:58.573   646   646 E wificond: Failed to get NL80211_STA_INFO_CNAHLOAD
11-20 22:20:58.621   646   646 E wificond: Failed to get NL80211_RATE_INFO_NOISE
11-20 22:20:58.622   646   646 E wificond: Failed to get NL80211_RATE_INFO_SNR
11-20 22:20:58.622   646   646 E wificond: Failed to get NL80211_STA_INFO_CNAHLOAD
11-20 22:20:58.624   646   646 E wificond: Failed to get NL80211_RATE_INFO_NOISE
11-20 22:20:58.624   646   646 E wificond: Failed to get NL80211_RATE_INFO_SNR
11-20 22:20:58.624   646   646 E wificond: Failed to get NL80211_STA_INFO_CNAHLOAD
11-20 22:20:58.669   536   544 W SocketListener: sending broadcast to Pid = 1057, Uid = 1000 
11-20 22:21:00.002  1057  1057 I chatty  : uid=1000 system_server expire 4 lines
11-20 22:21:00.183  1057  1633 I chatty  : uid=1000(system) Binder:1057_5 expire 3 lines
11-20 22:21:01.591   646   646 E wificond: Failed to get NL80211_RATE_INFO_NOISE
11-20 22:21:01.592   646   646 E wificond: Failed to get NL80211_RATE_INFO_SNR
11-20 22:21:01.592   646   646 E wificond: Failed to get NL80211_STA_INFO_CNAHLOAD
11-20 22:21:04.611   646   646 E wificond: Failed to get NL80211_RATE_INFO_NOISE
11-20 22:21:04.611   646   646 E wificond: Failed to get NL80211_RATE_INFO_SNR
11-20 22:21:04.611   646   646 E wificond: Failed to get NL80211_STA_INFO_CNAHLOAD
11-20 22:21:06.638   646   646 E wificond: Failed to get NL80211_RATE_INFO_NOISE
11-20 22:21:06.638   646   646 E wificond: Failed to get NL80211_RATE_INFO_SNR
11-20 22:21:06.638   646   646 E wificond: Failed to get NL80211_STA_INFO_CNAHLOAD
11-20 22:21:06.642   646   646 E wificond: Failed to get NL80211_RATE_INFO_NOISE
11-20 22:21:06.642   646   646 E wificond: Failed to get NL80211_RATE_INFO_SNR
11-20 22:21:06.642   646   646 E wificond: Failed to get NL80211_STA_INFO_CNAHLOAD
11-20 22:21:07.620   646   646 E wificond: Failed to get NL80211_RATE_INFO_NOISE
11-20 22:21:07.620   646   646 E wificond: Failed to get NL80211_RATE_INFO_SNR
11-20 22:21:07.620   646   646 E wificond: Failed to get NL80211_STA_INFO_CNAHLOAD
11-20 22:21:08.989   536   544 W SocketListener: sending broadcast to Pid = 1057, Uid = 1000 
11-20 22:21:09.002  1057  2347 I chatty  : uid=1000(system) Binder:1057_E expire 1 line
11-20 22:21:10.178  1057  1190 I chatty  : uid=1000(system) android.ui expire 10 lines
11-20 22:21:10.358  1057  1205 I chatty  : uid=1000(system) PowerManagerSer expire 8 lines
11-20 22:21:10.638   646   646 E wificond: Failed to get NL80211_RATE_INFO_NOISE
11-20 22:21:10.638   646   646 E wificond: Failed to get NL80211_RATE_INFO_SNR
11-20 22:21:10.638   646   646 E wificond: Failed to get NL80211_STA_INFO_CNAHLOAD
11-20 22:21:13.650   646   646 E wificond: Failed to get NL80211_RATE_INFO_NOISE
11-20 22:21:13.651   646   646 E wificond: Failed to get NL80211_RATE_INFO_SNR
11-20 22:21:13.651   646   646 E wificond: Failed to get NL80211_STA_INFO_CNAHLOAD
11-20 22:21:14.632   646   646 E wificond: Failed to get NL80211_RATE_INFO_NOISE
11-20 22:21:14.632   646   646 E wificond: Failed to get NL80211_RATE_INFO_SNR
11-20 22:21:14.632   646   646 E wificond: Failed to get NL80211_STA_INFO_CNAHLOAD
11-20 22:21:14.634   646   646 E wificond: Failed to get NL80211_RATE_INFO_NOISE
11-20 22:21:14.634   646   646 E wificond: Failed to get NL80211_RATE_INFO_SNR
11-20 22:21:14.634   646   646 E wificond: Failed to get NL80211_STA_INFO_CNAHLOAD
11-20 22:21:16.667   646   646 E wificond: Failed to get NL80211_RATE_INFO_NOISE
11-20 22:21:16.667   646   646 E wificond: Failed to get NL80211_RATE_INFO_SNR
11-20 22:21:16.667   646   646 E wificond: Failed to get NL80211_STA_INFO_CNAHLOAD
11-20 22:21:19.687   646   646 E wificond: Failed to get NL80211_RATE_INFO_NOISE
11-20 22:21:19.687   646   646 E wificond: Failed to get NL80211_RATE_INFO_SNR
11-20 22:21:19.687   646   646 E wificond: Failed to get NL80211_STA_INFO_CNAHLOAD
11-20 22:21:22.649   646   646 E wificond: Failed to get NL80211_RATE_INFO_NOISE
11-20 22:21:22.649   646   646 E wificond: Failed to get NL80211_RATE_INFO_SNR
11-20 22:21:22.649   646   646 E wificond: Failed to get NL80211_STA_INFO_CNAHLOAD
11-20 22:21:22.652   646   646 E wificond: Failed to get NL80211_RATE_INFO_NOISE
11-20 22:21:22.652   646   646 E wificond: Failed to get NL80211_RATE_INFO_SNR
11-20 22:21:22.652   646   646 E wificond: Failed to get NL80211_STA_INFO_CNAHLOAD
11-20 22:21:22.697   646   646 E wificond: Failed to get NL80211_RATE_INFO_NOISE
11-20 22:21:22.697   646   646 E wificond: Failed to get NL80211_RATE_INFO_SNR
11-20 22:21:22.697   646   646 E wificond: Failed to get NL80211_STA_INFO_CNAHLOAD
11-20 22:21:24.077   536   550 W SocketListener: sending broadcast to Pid = 1057, Uid = 1000 
11-20 22:21:24.105  9572  9572 W ContextImpl: Calling a method in the system process without a qualified user: android.app.ContextImpl.startService:1692 android.content.ContextWrapper.startService:650 com.huawei.vision.server.policy.PhoneState.doPolicyThingStop:103 com.huawei.vision.server.policy.PhoneStateReceiver.startOrStopVisionService:150 com.huawei.vision.server.policy.PhoneStateReceiver.access$200:18 
11-20 22:21:25.475  2880 14133 W ContextImpl: Calling a method in the system process without a qualified user: android.app.ContextImpl.bindService:1772 android.content.ContextWrapper.bindService:684 com.huawei.nb.dataservice.dsclient.RemoteServiceConnection.open:90 com.huawei.nb.dataservice.dsclient.DataServiceProxy.connect:105 com.huawei.nb.dataservice.rsclient.internal.RemoteRuleService.start:27 
11-20 22:21:25.515  2880  5737 W ContextImpl: Calling a method in the system process without a qualified user: android.app.ContextImpl.bindService:1772 android.content.ContextWrapper.bindService:684 com.huawei.nb.dataservice.dsclient.RemoteServiceConnection.open:90 com.huawei.nb.dataservice.dsclient.DataServiceProxy.connect:105 com.huawei.nb.dataservice.rsclient.internal.RemoteRuleService.start:27 
11-20 22:21:25.716   646   646 E wificond: Failed to get NL80211_RATE_INFO_NOISE
11-20 22:21:25.716   646   646 E wificond: Failed to get NL80211_RATE_INFO_SNR
11-20 22:21:25.716   646   646 E wificond: Failed to get NL80211_STA_INFO_CNAHLOAD
11-20 22:21:26.706  1057  1412 I chatty  : uid=1000(system) UEventObserver expire 9 lines
11-20 22:21:26.716  1057  2347 I chatty  : uid=1000(system) Binder:1057_E expire 11 lines
11-20 22:21:26.724  1057  1057 I chatty  : uid=1000 system_server expire 10 lines
11-20 22:21:26.734  9572  9572 W ContextImpl: Calling a method in the system process without a qualified user: android.app.ContextImpl.startService:1692 android.content.ContextWrapper.startService:650 com.huawei.vision.server.policy.PhoneState.doPolicyThingStop:103 com.huawei.vision.server.policy.PhoneStateReceiver.startOrStopVisionService:150 com.huawei.vision.server.policy.PhoneStateReceiver.access$200:18 
11-20 22:21:28.734   646   646 E wificond: Failed to get NL80211_RATE_INFO_NOISE
11-20 22:21:28.734   646   646 E wificond: Failed to get NL80211_RATE_INFO_SNR
11-20 22:21:28.735   646   646 E wificond: Failed to get NL80211_STA_INFO_CNAHLOAD
11-20 22:21:30.650   646   646 E wificond: Failed to get NL80211_RATE_INFO_NOISE
11-20 22:21:30.651   646   646 E wificond: Failed to get NL80211_RATE_INFO_SNR
11-20 22:21:30.651   646   646 E wificond: Failed to get NL80211_STA_INFO_CNAHLOAD
11-20 22:21:30.656   646   646 E wificond: Failed to get NL80211_RATE_INFO_NOISE
11-20 22:21:30.656   646   646 E wificond: Failed to get NL80211_RATE_INFO_SNR
11-20 22:21:30.656   646   646 E wificond: Failed to get NL80211_STA_INFO_CNAHLOAD
11-20 22:21:31.750   646   646 E wificond: Failed to get NL80211_RATE_INFO_NOISE
11-20 22:21:31.750   646   646 E wificond: Failed to get NL80211_RATE_INFO_SNR
11-20 22:21:31.750   646   646 E wificond: Failed to get NL80211_STA_INFO_CNAHLOAD
11-20 22:21:34.761   646   646 E wificond: Failed to get NL80211_RATE_INFO_NOISE
11-20 22:21:34.761   646   646 E wificond: Failed to get NL80211_RATE_INFO_SNR
11-20 22:21:34.761   646   646 E wificond: Failed to get NL80211_STA_INFO_CNAHLOAD
11-20 22:21:35.966  1057  1696 I chatty  : uid=1000(system) watchdog expire 3 lines
11-20 22:21:37.781   646   646 E wificond: Failed to get NL80211_RATE_INFO_NOISE
11-20 22:21:37.781   646   646 E wificond: Failed to get NL80211_RATE_INFO_SNR
11-20 22:21:37.781   646   646 E wificond: Failed to get NL80211_STA_INFO_CNAHLOAD
11-20 22:21:38.650   646   646 E wificond: Failed to get NL80211_RATE_INFO_NOISE
11-20 22:21:38.650   646   646 E wificond: Failed to get NL80211_RATE_INFO_SNR
11-20 22:21:38.650   646   646 E wificond: Failed to get NL80211_STA_INFO_CNAHLOAD
11-20 22:21:38.654   646   646 E wificond: Failed to get NL80211_RATE_INFO_NOISE
11-20 22:21:38.654   646   646 E wificond: Failed to get NL80211_RATE_INFO_SNR
11-20 22:21:38.654   646   646 E wificond: Failed to get NL80211_STA_INFO_CNAHLOAD
11-20 22:21:40.797   646   646 E wificond: Failed to get NL80211_RATE_INFO_NOISE
11-20 22:21:40.797   646   646 E wificond: Failed to get NL80211_RATE_INFO_SNR
11-20 22:21:40.797   646   646 E wificond: Failed to get NL80211_STA_INFO_CNAHLOAD
11-20 22:21:43.818   646   646 E wificond: Failed to get NL80211_RATE_INFO_NOISE
11-20 22:21:43.818   646   646 E wificond: Failed to get NL80211_RATE_INFO_SNR
11-20 22:21:43.818   646   646 E wificond: Failed to get NL80211_STA_INFO_CNAHLOAD
11-20 22:21:45.599  1057  1633 I chatty  : uid=1000(system) Binder:1057_5 expire 21 lines
11-20 22:21:46.665   646   646 E wificond: Failed to get NL80211_RATE_INFO_NOISE
11-20 22:21:46.665   646   646 E wificond: Failed to get NL80211_RATE_INFO_SNR
11-20 22:21:46.665   646   646 E wificond: Failed to get NL80211_STA_INFO_CNAHLOAD
11-20 22:21:46.668   646   646 E wificond: Failed to get NL80211_RATE_INFO_NOISE
11-20 22:21:46.669   646   646 E wificond: Failed to get NL80211_RATE_INFO_SNR
11-20 22:21:46.669   646   646 E wificond: Failed to get NL80211_STA_INFO_CNAHLOAD
11-20 22:21:46.827   646   646 E wificond: Failed to get NL80211_RATE_INFO_NOISE
11-20 22:21:46.827   646   646 E wificond: Failed to get NL80211_RATE_INFO_SNR
11-20 22:21:46.827   646   646 E wificond: Failed to get NL80211_STA_INFO_CNAHLOAD
11-20 22:21:49.844   646   646 E wificond: Failed to get NL80211_RATE_INFO_NOISE
11-20 22:21:49.844   646   646 E wificond: Failed to get NL80211_RATE_INFO_SNR
11-20 22:21:49.844   646   646 E wificond: Failed to get NL80211_STA_INFO_CNAHLOAD
11-20 22:21:52.137 21236 21236 V ActivityThread: Skipping new config:{1.0 ?mcc?mnc [zh_CN_#Hans] ldltr sw360dp w360dp h750dp 480dpi nrml long hdr port finger -keyb/v/h -nav/h appBounds=Rect(0, 0 - 1080, 2340) nonFullScreen=0 suim:1 s.339}, config:{1.0 ?mcc?mnc [zh_CN_#Hans] ldltr sw360dp w360dp h750dp 480dpi nrml long hdr port finger -keyb/v/h -nav/h appBounds=Rect(0, 0 - 1080, 2340) nonFullScreen=0 suim:1 s.339} for app:com.netease.play
11-20 22:21:52.155 21236 21236 V ActivityThread: callActivityOnCreate
11-20 22:21:52.176  1057  2347 I chatty  : uid=1000(system) Binder:1057_E expire 22 lines
11-20 22:21:52.177  1057  1490 I chatty  : uid=1000(system) ConnectivitySer expire 6 lines
11-20 22:21:52.255 21236 21236 D ActivityThread: add activity client record, r= ActivityRecord{798af63 token=android.os.BinderProxy@b6f818 {com.netease.play/com.netease.play.webview.WebviewActivity}} token= android.os.BinderProxy@b6f818
11-20 22:21:52.266  1057  1203 I chatty  : uid=1000(system) HwGameAssistant expire 4 lines
11-20 22:21:52.266  1057  1186 I chatty  : uid=1000(system) HwActivityManag expire 4 lines
11-20 22:21:52.276 32154 32154 D ActivityThread: Attach thread to application
11-20 22:21:52.289  1601  3553 I CommandQueue: updateBarBgColor
11-20 22:21:52.289  1601  3553 D CommandQueue: CommandQueue, setBarBackgroundColor
11-20 22:21:52.343  1057  1402 I chatty  : uid=1000(system) android.anim expire 12 lines
11-20 22:21:52.350  1057  1202 I chatty  : uid=1000(system) android.display expire 2 lines
11-20 22:21:52.780  1057  9435 I chatty  : uid=1000(system) Binder:1057_1F expire 12 lines
11-20 22:21:52.861   646   646 E wificond: Failed to get NL80211_RATE_INFO_NOISE
11-20 22:21:52.861   646   646 E wificond: Failed to get NL80211_RATE_INFO_SNR
11-20 22:21:52.861   646   646 E wificond: Failed to get NL80211_STA_INFO_CNAHLOAD
11-20 22:21:54.675   646   646 E wificond: Failed to get NL80211_RATE_INFO_NOISE
11-20 22:21:54.675   646   646 E wificond: Failed to get NL80211_RATE_INFO_SNR
11-20 22:21:54.675   646   646 E wificond: Failed to get NL80211_STA_INFO_CNAHLOAD
11-20 22:21:54.679   646   646 E wificond: Failed to get NL80211_RATE_INFO_NOISE
11-20 22:21:54.679   646   646 E wificond: Failed to get NL80211_RATE_INFO_SNR
11-20 22:21:54.679   646   646 E wificond: Failed to get NL80211_STA_INFO_CNAHLOAD
11-20 22:21:55.879   646   646 E wificond: Failed to get NL80211_RATE_INFO_NOISE
11-20 22:21:55.879   646   646 E wificond: Failed to get NL80211_RATE_INFO_SNR
11-20 22:21:55.879   646   646 E wificond: Failed to get NL80211_STA_INFO_CNAHLOAD
11-20 22:21:56.940  9572  9572 W ContextImpl: Calling a method in the system process without a qualified user: android.app.ContextImpl.startService:1692 android.content.ContextWrapper.startService:650 com.huawei.vision.server.policy.PhoneState.doPolicyThingStop:103 com.huawei.vision.server.policy.PhoneStateReceiver.startOrStopVisionService:150 com.huawei.vision.server.policy.PhoneStateReceiver.access$200:18 
11-20 22:21:58.899   646   646 E wificond: Failed to get NL80211_RATE_INFO_NOISE
11-20 22:21:58.899   646   646 E wificond: Failed to get NL80211_RATE_INFO_SNR
11-20 22:21:58.899   646   646 E wificond: Failed to get NL80211_STA_INFO_CNAHLOAD
11-20 22:22:01.914   646   646 E wificond: Failed to get NL80211_RATE_INFO_NOISE
11-20 22:22:01.915   646   646 E wificond: Failed to get NL80211_RATE_INFO_SNR
11-20 22:22:01.915   646   646 E wificond: Failed to get NL80211_STA_INFO_CNAHLOAD
11-20 22:22:02.676   646   646 E wificond: Failed to get NL80211_RATE_INFO_NOISE
11-20 22:22:02.676   646   646 E wificond: Failed to get NL80211_RATE_INFO_SNR
11-20 22:22:02.676   646   646 E wificond: Failed to get NL80211_STA_INFO_CNAHLOAD
11-20 22:22:02.680   646   646 E wificond: Failed to get NL80211_RATE_INFO_NOISE
11-20 22:22:02.680   646   646 E wificond: Failed to get NL80211_RATE_INFO_SNR
11-20 22:22:02.680   646   646 E wificond: Failed to get NL80211_STA_INFO_CNAHLOAD
11-20 22:22:04.934   646   646 E wificond: Failed to get NL80211_RATE_INFO_NOISE
11-20 22:22:04.934   646   646 E wificond: Failed to get NL80211_RATE_INFO_SNR
11-20 22:22:04.934   646   646 E wificond: Failed to get NL80211_STA_INFO_CNAHLOAD
11-20 22:22:07.278   536   550 W SocketListener: sending broadcast to Pid = 1057, Uid = 1000 
11-20 22:22:07.282  1057  1468 I chatty  : uid=1000(system) NetdConnector expire 6 lines
11-20 22:22:07.290  1057  1200 I chatty  : uid=1000(system) android.fg expire 12 lines
11-20 22:22:07.954   646   646 E wificond: Failed to get NL80211_RATE_INFO_NOISE
11-20 22:22:07.954   646   646 E wificond: Failed to get NL80211_RATE_INFO_SNR
11-20 22:22:07.954   646   646 E wificond: Failed to get NL80211_STA_INFO_CNAHLOAD
11-20 22:22:10.688   646   646 E wificond: Failed to get NL80211_RATE_INFO_NOISE
11-20 22:22:10.688   646   646 E wificond: Failed to get NL80211_RATE_INFO_SNR
11-20 22:22:10.689   646   646 E wificond: Failed to get NL80211_STA_INFO_CNAHLOAD
11-20 22:22:10.692   646   646 E wificond: Failed to get NL80211_RATE_INFO_NOISE
11-20 22:22:10.692   646   646 E wificond: Failed to get NL80211_RATE_INFO_SNR
11-20 22:22:10.692   646   646 E wificond: Failed to get NL80211_STA_INFO_CNAHLOAD
11-20 22:22:10.962   646   646 E wificond: Failed to get NL80211_RATE_INFO_NOISE
11-20 22:22:10.962   646   646 E wificond: Failed to get NL80211_RATE_INFO_SNR
11-20 22:22:10.962   646   646 E wificond: Failed to get NL80211_STA_INFO_CNAHLOAD
11-20 22:22:13.980   646   646 E wificond: Failed to get NL80211_RATE_INFO_NOISE
11-20 22:22:13.980   646   646 E wificond: Failed to get NL80211_RATE_INFO_SNR
11-20 22:22:13.980   646   646 E wificond: Failed to get NL80211_STA_INFO_CNAHLOAD
11-20 22:22:16.996   646   646 E wificond: Failed to get NL80211_RATE_INFO_NOISE
11-20 22:22:16.996   646   646 E wificond: Failed to get NL80211_RATE_INFO_SNR
11-20 22:22:16.996   646   646 E wificond: Failed to get NL80211_STA_INFO_CNAHLOAD
11-20 22:22:18.694   646   646 E wificond: Failed to get NL80211_RATE_INFO_NOISE
11-20 22:22:18.695   646   646 E wificond: Failed to get NL80211_RATE_INFO_SNR
11-20 22:22:18.695   646   646 E wificond: Failed to get NL80211_STA_INFO_CNAHLOAD
11-20 22:22:18.698   646   646 E wificond: Failed to get NL80211_RATE_INFO_NOISE
11-20 22:22:18.698   646   646 E wificond: Failed to get NL80211_RATE_INFO_SNR
11-20 22:22:18.698   646   646 E wificond: Failed to get NL80211_STA_INFO_CNAHLOAD
11-20 22:22:20.012   646   646 E wificond: Failed to get NL80211_RATE_INFO_NOISE
11-20 22:22:20.013   646   646 E wificond: Failed to get NL80211_RATE_INFO_SNR
11-20 22:22:20.013   646   646 E wificond: Failed to get NL80211_STA_INFO_CNAHLOAD
11-20 22:22:23.031   646   646 E wificond: Failed to get NL80211_RATE_INFO_NOISE
11-20 22:22:23.031   646   646 E wificond: Failed to get NL80211_RATE_INFO_SNR
11-20 22:22:23.031   646   646 E wificond: Failed to get NL80211_STA_INFO_CNAHLOAD
11-20 22:22:24.102  9572  9572 W ContextImpl: Calling a method in the system process without a qualified user: android.app.ContextImpl.startService:1692 android.content.ContextWrapper.startService:650 com.huawei.vision.server.policy.PhoneState.doPolicyThingStop:103 com.huawei.vision.server.policy.PhoneStateReceiver.startOrStopVisionService:150 com.huawei.vision.server.policy.PhoneStateReceiver.access$200:18 
11-20 22:22:24.814   536   544 W SocketListener: sending broadcast to Pid = 1057, Uid = 1000 
11-20 22:22:24.830  1057  1784 I chatty  : uid=1000(system) Binder:1057_6 expire 7 lines
11-20 22:22:26.044   646   646 E wificond: Failed to get NL80211_RATE_INFO_NOISE
11-20 22:22:26.044   646   646 E wificond: Failed to get NL80211_RATE_INFO_SNR
11-20 22:22:26.044   646   646 E wificond: Failed to get NL80211_STA_INFO_CNAHLOAD
11-20 22:22:26.695   646   646 E wificond: Failed to get NL80211_RATE_INFO_NOISE
11-20 22:22:26.695   646   646 E wificond: Failed to get NL80211_RATE_INFO_SNR
11-20 22:22:26.695   646   646 E wificond: Failed to get NL80211_STA_INFO_CNAHLOAD
11-20 22:22:26.698   646   646 E wificond: Failed to get NL80211_RATE_INFO_NOISE
11-20 22:22:26.698   646   646 E wificond: Failed to get NL80211_RATE_INFO_SNR
11-20 22:22:26.698   646   646 E wificond: Failed to get NL80211_STA_INFO_CNAHLOAD
11-20 22:22:27.143  9572  9572 W ContextImpl: Calling a method in the system process without a qualified user: android.app.ContextImpl.startService:1692 android.content.ContextWrapper.startService:650 com.huawei.vision.server.policy.PhoneState.doPolicyThingStop:103 com.huawei.vision.server.policy.PhoneStateReceiver.startOrStopVisionService:150 com.huawei.vision.server.policy.PhoneStateReceiver.access$200:18 
11-20 22:22:29.061   646   646 E wificond: Failed to get NL80211_RATE_INFO_NOISE
11-20 22:22:29.061   646   646 E wificond: Failed to get NL80211_RATE_INFO_SNR
11-20 22:22:29.061   646   646 E wificond: Failed to get NL80211_STA_INFO_CNAHLOAD
11-20 22:22:32.080   646   646 E wificond: Failed to get NL80211_RATE_INFO_NOISE
11-20 22:22:32.081   646   646 E wificond: Failed to get NL80211_RATE_INFO_SNR
11-20 22:22:32.081   646   646 E wificond: Failed to get NL80211_STA_INFO_CNAHLOAD
11-20 22:22:34.706   646   646 E wificond: Failed to get NL80211_RATE_INFO_NOISE
11-20 22:22:34.706   646   646 E wificond: Failed to get NL80211_RATE_INFO_SNR
11-20 22:22:34.706   646   646 E wificond: Failed to get NL80211_STA_INFO_CNAHLOAD
11-20 22:22:34.709   646   646 E wificond: Failed to get NL80211_RATE_INFO_NOISE
11-20 22:22:34.709   646   646 E wificond: Failed to get NL80211_RATE_INFO_SNR
11-20 22:22:34.709   646   646 E wificond: Failed to get NL80211_STA_INFO_CNAHLOAD
11-20 22:22:35.089   646   646 E wificond: Failed to get NL80211_RATE_INFO_NOISE
11-20 22:22:35.089   646   646 E wificond: Failed to get NL80211_RATE_INFO_SNR
11-20 22:22:35.089   646   646 E wificond: Failed to get NL80211_STA_INFO_CNAHLOAD
11-20 22:22:38.109   646   646 E wificond: Failed to get NL80211_RATE_INFO_NOISE
11-20 22:22:38.109   646   646 E wificond: Failed to get NL80211_RATE_INFO_SNR
11-20 22:22:38.109   646   646 E wificond: Failed to get NL80211_STA_INFO_CNAHLOAD
11-20 22:22:41.126   646   646 E wificond: Failed to get NL80211_RATE_INFO_NOISE
11-20 22:22:41.126   646   646 E wificond: Failed to get NL80211_RATE_INFO_SNR
11-20 22:22:41.126   646   646 E wificond: Failed to get NL80211_STA_INFO_CNAHLOAD
11-20 22:22:42.104  1057  2009 I chatty  : uid=1000(system) UsbDebuggingMan expire 3 lines
11-20 22:22:42.147  1601  1601 V ActivityThread: systemui config :null mConfiguration:{1.0 ?mcc?mnc [zh_CN_#Hans] ldltr sw360dp w360dp h750dp 480dpi nrml long hdr port finger -keyb/v/h -nav/h appBounds=Rect(0, 0 - 1080, 2340) nonFullScreen=0 suim:1 s.339} compat:null called by android.app.ActivityThread.handleLaunchActivity:3418 
11-20 22:22:42.147  1601  1601 V ActivityThread: systemui pendingconfig:{1.0 ?mcc?mnc [zh_CN_#Hans] ldltr sw360dp w360dp h750dp 480dpi nrml long hdr port finger -keyb/v/h -nav/h appBounds=Rect(0, 0 - 1080, 2340) nonFullScreen=0 suim:1 s.339}
11-20 22:22:42.147  1601  1601 V ActivityThread: Skipping new config:{1.0 ?mcc?mnc [zh_CN_#Hans] ldltr sw360dp w360dp h750dp 480dpi nrml long hdr port finger -keyb/v/h -nav/h appBounds=Rect(0, 0 - 1080, 2340) nonFullScreen=0 suim:1 s.339}, config:{1.0 ?mcc?mnc [zh_CN_#Hans] ldltr sw360dp w360dp h750dp 480dpi nrml long hdr port finger -keyb/v/h -nav/h appBounds=Rect(0, 0 - 1080, 2340) nonFullScreen=0 suim:1 s.339} for app:com.android.systemui
11-20 22:22:42.160  1601  1601 V ActivityThread: callActivityOnCreate
11-20 22:22:42.175  1601  1601 D ActivityThread: add activity client record, r= ActivityRecord{191bf1c token=android.os.BinderProxy@84f590f {com.android.systemui/com.android.systemui.usb.HwUsbDebuggingActivity}} token= android.os.BinderProxy@84f590f
11-20 22:22:42.180  1057  9435 I chatty  : uid=1000(system) Binder:1057_1F expire 20 lines
11-20 22:22:42.633   536   544 W SocketListener: sending broadcast to Pid = 1057, Uid = 1000 
11-20 22:22:42.635  1057  1200 I chatty  : uid=1000(system) android.fg expire 4 lines
11-20 22:22:42.637  1057  2347 I chatty  : uid=1000(system) Binder:1057_E expire 35 lines
11-20 22:22:42.652  1057  1057 I chatty  : uid=1000 system_server expire 3 lines
11-20 22:22:42.709   646   646 E wificond: Failed to get NL80211_RATE_INFO_NOISE
11-20 22:22:42.709   646   646 E wificond: Failed to get NL80211_RATE_INFO_SNR
11-20 22:22:42.709   646   646 E wificond: Failed to get NL80211_STA_INFO_CNAHLOAD
11-20 22:22:42.710   646   646 E wificond: Failed to get NL80211_RATE_INFO_NOISE
11-20 22:22:42.710   646   646 E wificond: Failed to get NL80211_RATE_INFO_SNR
11-20 22:22:42.710   646   646 E wificond: Failed to get NL80211_STA_INFO_CNAHLOAD
11-20 22:22:44.144   646   646 E wificond: Failed to get NL80211_RATE_INFO_NOISE
11-20 22:22:44.144   646   646 E wificond: Failed to get NL80211_RATE_INFO_SNR
11-20 22:22:44.144   646   646 E wificond: Failed to get NL80211_STA_INFO_CNAHLOAD
11-20 22:22:44.677  1057  1633 I chatty  : uid=1000(system) Binder:1057_5 expire 17 lines
11-20 22:22:44.823  1601  1601 D ActivityThread: Remove activity client record, r= ActivityRecord{191bf1c token=android.os.BinderProxy@84f590f {com.android.systemui/com.android.systemui.usb.HwUsbDebuggingActivity}} token= android.os.BinderProxy@84f590f
11-20 22:22:44.828  1057  1583 I chatty  : uid=1000(system) Binder:1057_3 expire 18 lines
11-20 22:22:46.744  1601  7342 I CommandQueue: updateBarBgColor
11-20 22:22:46.744  1601  7342 D CommandQueue: CommandQueue, setBarBackgroundColor
11-20 22:22:46.772  1057  1402 I chatty  : uid=1000(system) android.anim expire 8 lines
11-20 22:22:46.801 21236 21236 D ActivityThread: Remove activity client record, r= ActivityRecord{798af63 token=android.os.BinderProxy@b6f818 {com.netease.play/com.netease.play.webview.WebviewActivity}} token= android.os.BinderProxy@b6f818
11-20 22:22:46.834  1057  1195 I chatty  : uid=1000(system) batterystats-wo expire 1 line
11-20 22:22:47.166   646   646 E wificond: Failed to get NL80211_RATE_INFO_NOISE
11-20 22:22:47.166   646   646 E wificond: Failed to get NL80211_RATE_INFO_SNR
11-20 22:22:47.166   646   646 E wificond: Failed to get NL80211_STA_INFO_CNAHLOAD
11-20 22:22:50.185   646   646 E wificond: Failed to get NL80211_RATE_INFO_NOISE
11-20 22:22:50.185   646   646 E wificond: Failed to get NL80211_RATE_INFO_SNR
11-20 22:22:50.185   646   646 E wificond: Failed to get NL80211_STA_INFO_CNAHLOAD
11-20 22:22:50.715   646   646 E wificond: Failed to get NL80211_RATE_INFO_NOISE
11-20 22:22:50.716   646   646 E wificond: Failed to get NL80211_RATE_INFO_SNR
11-20 22:22:50.716   646   646 E wificond: Failed to get NL80211_STA_INFO_CNAHLOAD
11-20 22:22:50.718   646   646 E wificond: Failed to get NL80211_RATE_INFO_NOISE
11-20 22:22:50.718   646   646 E wificond: Failed to get NL80211_RATE_INFO_SNR
11-20 22:22:50.718   646   646 E wificond: Failed to get NL80211_STA_INFO_CNAHLOAD
11-20 22:22:53.202   646   646 E wificond: Failed to get NL80211_RATE_INFO_NOISE
11-20 22:22:53.202   646   646 E wificond: Failed to get NL80211_RATE_INFO_SNR
11-20 22:22:53.202   646   646 E wificond: Failed to get NL80211_STA_INFO_CNAHLOAD
11-20 22:22:53.327  1601  1601 V ActivityThread: systemui config :null mConfiguration:{1.0 ?mcc?mnc [zh_CN_#Hans] ldltr sw360dp w360dp h750dp 480dpi nrml long hdr port finger -keyb/v/h -nav/h appBounds=Rect(0, 0 - 1080, 2340) nonFullScreen=0 suim:1 s.339} compat:null called by android.app.ActivityThread.handleLaunchActivity:3418 
11-20 22:22:53.327  1601  1601 V ActivityThread: systemui pendingconfig:{1.0 ?mcc?mnc [zh_CN_#Hans] ldltr sw360dp w360dp h750dp 480dpi nrml long hdr port finger -keyb/v/h -nav/h appBounds=Rect(0, 0 - 1080, 2340) nonFullScreen=0 suim:1 s.339}
11-20 22:22:53.328  1601  1601 V ActivityThread: Skipping new config:{1.0 ?mcc?mnc [zh_CN_#Hans] ldltr sw360dp w360dp h750dp 480dpi nrml long hdr port finger -keyb/v/h -nav/h appBounds=Rect(0, 0 - 1080, 2340) nonFullScreen=0 suim:1 s.339}, config:{1.0 ?mcc?mnc [zh_CN_#Hans] ldltr sw360dp w360dp h750dp 480dpi nrml long hdr port finger -keyb/v/h -nav/h appBounds=Rect(0, 0 - 1080, 2340) nonFullScreen=0 suim:1 s.339} for app:com.android.systemui
11-20 22:22:53.335  1601  1601 V ActivityThread: callActivityOnCreate
11-20 22:22:53.342  1601  1601 D ActivityThread: add activity client record, r= ActivityRecord{7378a50 token=android.os.BinderProxy@5cf1395 {com.android.systemui/com.android.systemui.usb.HwUsbDebuggingActivity}} token= android.os.BinderProxy@5cf1395
11-20 22:22:53.347  1057  2347 I chatty  : uid=1000(system) Binder:1057_E expire 27 lines
11-20 22:22:53.347  1057  1203 I chatty  : uid=1000(system) HwGameAssistant expire 4 lines
11-20 22:22:53.347  1057  1186 I chatty  : uid=1000(system) HwActivityManag expire 4 lines
11-20 22:22:53.352  1057  1633 I chatty  : uid=1000(system) Binder:1057_5 expire 30 lines
11-20 22:22:53.375  1057  1402 I chatty  : uid=1000(system) android.anim expire 12 lines
11-20 22:22:53.384  1057  1202 I chatty  : uid=1000(system) android.display expire 2 lines
11-20 22:22:53.832  1057  1057 I chatty  : uid=1000 system_server expire 10 lines
11-20 22:22:56.222   646   646 E wificond: Failed to get NL80211_RATE_INFO_NOISE
11-20 22:22:56.222   646   646 E wificond: Failed to get NL80211_RATE_INFO_SNR
11-20 22:22:56.222   646   646 E wificond: Failed to get NL80211_STA_INFO_CNAHLOAD
11-20 22:22:57.299  1601  1601 D ActivityThread: Remove activity client record, r= ActivityRecord{7378a50 token=android.os.BinderProxy@5cf1395 {com.android.systemui/com.android.systemui.usb.HwUsbDebuggingActivity}} token= android.os.BinderProxy@5cf1395
11-20 22:22:57.328  1057  1412 I chatty  : uid=1000(system) UEventObserver expire 6 lines
11-20 22:22:57.351  9572  9572 W ContextImpl: Calling a method in the system process without a qualified user: android.app.ContextImpl.startService:1692 android.content.ContextWrapper.startService:650 com.huawei.vision.server.policy.PhoneState.doPolicyThingStop:103 com.huawei.vision.server.policy.PhoneStateReceiver.startOrStopVisionService:150 com.huawei.vision.server.policy.PhoneStateReceiver.access$200:18 
11-20 22:22:58.729   646   646 E wificond: Failed to get NL80211_RATE_INFO_NOISE
11-20 22:22:58.730   646   646 E wificond: Failed to get NL80211_RATE_INFO_SNR
11-20 22:22:58.730   646   646 E wificond: Failed to get NL80211_STA_INFO_CNAHLOAD
11-20 22:22:58.732   646   646 E wificond: Failed to get NL80211_RATE_INFO_NOISE
11-20 22:22:58.732   646   646 E wificond: Failed to get NL80211_RATE_INFO_SNR
11-20 22:22:58.732   646   646 E wificond: Failed to get NL80211_STA_INFO_CNAHLOAD
11-20 22:22:59.229   646   646 E wificond: Failed to get NL80211_RATE_INFO_NOISE
11-20 22:22:59.230   646   646 E wificond: Failed to get NL80211_RATE_INFO_SNR
11-20 22:22:59.230   646   646 E wificond: Failed to get NL80211_STA_INFO_CNAHLOAD
11-20 22:23:00.185  1057  6646 I chatty  : uid=1000(system) Binder:1057_18 expire 17 lines
11-20 22:23:00.243  1057  1190 I chatty  : uid=1000(system) android.ui expire 1 line
11-20 22:23:01.806   536   550 W SocketListener: sending broadcast to Pid = 1057, Uid = 1000 
11-20 22:23:01.811  1057  1468 I chatty  : uid=1000(system) NetdConnector expire 2 lines
11-20 22:23:01.819  1057  1200 I chatty  : uid=1000(system) android.fg expire 3 lines
11-20 22:23:02.248   646   646 E wificond: Failed to get NL80211_RATE_INFO_NOISE
11-20 22:23:02.248   646   646 E wificond: Failed to get NL80211_RATE_INFO_SNR
11-20 22:23:02.248   646   646 E wificond: Failed to get NL80211_STA_INFO_CNAHLOAD
11-20 22:23:05.267   646   646 E wificond: Failed to get NL80211_RATE_INFO_NOISE
11-20 22:23:05.267   646   646 E wificond: Failed to get NL80211_RATE_INFO_SNR
11-20 22:23:05.267   646   646 E wificond: Failed to get NL80211_STA_INFO_CNAHLOAD
11-20 22:23:05.972  1057  1696 I chatty  : uid=1000(system) watchdog expire 1 line
11-20 22:23:06.737   646   646 E wificond: Failed to get NL80211_RATE_INFO_NOISE
11-20 22:23:06.737   646   646 E wificond: Failed to get NL80211_RATE_INFO_SNR
11-20 22:23:06.737   646   646 E wificond: Failed to get NL80211_STA_INFO_CNAHLOAD
11-20 22:23:06.740   646   646 E wificond: Failed to get NL80211_RATE_INFO_NOISE
11-20 22:23:06.740   646   646 E wificond: Failed to get NL80211_RATE_INFO_SNR
11-20 22:23:06.740   646   646 E wificond: Failed to get NL80211_STA_INFO_CNAHLOAD
11-20 22:23:08.283   646   646 E wificond: Failed to get NL80211_RATE_INFO_NOISE
11-20 22:23:08.283   646   646 E wificond: Failed to get NL80211_RATE_INFO_SNR
11-20 22:23:08.283   646   646 E wificond: Failed to get NL80211_STA_INFO_CNAHLOAD
11-20 22:23:11.301   646   646 E wificond: Failed to get NL80211_RATE_INFO_NOISE
11-20 22:23:11.301   646   646 E wificond: Failed to get NL80211_RATE_INFO_SNR
11-20 22:23:11.301   646   646 E wificond: Failed to get NL80211_STA_INFO_CNAHLOAD
11-20 22:23:13.334  1057  2347 I chatty  : uid=1000(system) Binder:1057_E expire 11 lines
11-20 22:23:13.335  1057  1189 I chatty  : uid=1000(system) ActivityManager expire 1 line
11-20 22:23:14.318   646   646 E wificond: Failed to get NL80211_RATE_INFO_NOISE
11-20 22:23:14.319   646   646 E wificond: Failed to get NL80211_RATE_INFO_SNR
11-20 22:23:14.319   646   646 E wificond: Failed to get NL80211_STA_INFO_CNAHLOAD
11-20 22:23:14.429  1057  1459 I chatty  : uid=1000(system) InputDispatcher expire 34 lines
11-20 22:23:14.737   646   646 E wificond: Failed to get NL80211_RATE_INFO_NOISE
11-20 22:23:14.737   646   646 E wificond: Failed to get NL80211_RATE_INFO_SNR
11-20 22:23:14.737   646   646 E wificond: Failed to get NL80211_STA_INFO_CNAHLOAD
11-20 22:23:14.739   646   646 E wificond: Failed to get NL80211_RATE_INFO_NOISE
11-20 22:23:14.739   646   646 E wificond: Failed to get NL80211_RATE_INFO_SNR
11-20 22:23:14.739   646   646 E wificond: Failed to get NL80211_STA_INFO_CNAHLOAD
