11-20 22:36:24.102  9572  9572 W ContextImpl: Calling a method in the system process without a qualified user: android.app.ContextImpl.startService:1692 android.content.ContextWrapper.startService:650 com.huawei.vision.server.policy.PhoneState.doPolicyThingStop:103 com.huawei.vision.server.policy.PhoneStateReceiver.startOrStopVisionService:150 com.huawei.vision.server.policy.PhoneStateReceiver.access$200:18 
11-20 22:36:24.695   646   646 E wificond: Failed to get NL80211_RATE_INFO_NOISE
11-20 22:36:24.695   646   646 E wificond: Failed to get NL80211_RATE_INFO_SNR
11-20 22:36:24.695   646   646 E wificond: Failed to get NL80211_STA_INFO_CNAHLOAD
11-20 22:36:25.426  1057  1203 I chatty  : uid=1000(system) HwGameAssistant expire 1 line
11-20 22:36:25.430  1057  1186 I chatty  : uid=1000(system) HwActivityManag expire 1 line
11-20 22:36:25.433  1057  6586 I chatty  : uid=1000(system) Binder:1057_17 expire 4 lines
11-20 22:36:25.434  1601  1615 I CommandQueue: updateBarBgColor
11-20 22:36:25.434  1601  1615 D CommandQueue: CommandQueue, setBarBackgroundColor
11-20 22:36:25.480  1057  1402 I chatty  : uid=1000(system) android.anim expire 8 lines
11-20 22:36:25.517 21236 21236 D ActivityThread: Remove activity client record, r= ActivityRecord{82c2632 token=android.os.BinderProxy@d2ff9e0 {com.netease.play/com.netease.play.livepage.LiveViewerActivity}} token= android.os.BinderProxy@d2ff9e0
11-20 22:36:25.520  1057  2347 I chatty  : uid=1000(system) Binder:1057_E expire 2 lines
11-20 22:36:25.524  1057  7358 I chatty  : uid=1000(system) Binder:1057_19 expire 2 lines
11-20 22:36:27.475   646   646 E wificond: Failed to get NL80211_RATE_INFO_NOISE
11-20 22:36:27.476   646   646 E wificond: Failed to get NL80211_RATE_INFO_SNR
11-20 22:36:27.476   646   646 E wificond: Failed to get NL80211_STA_INFO_CNAHLOAD
11-20 22:36:27.478   646   646 E wificond: Failed to get NL80211_RATE_INFO_NOISE
11-20 22:36:27.478   646   646 E wificond: Failed to get NL80211_RATE_INFO_SNR
11-20 22:36:27.479   646   646 E wificond: Failed to get NL80211_STA_INFO_CNAHLOAD
11-20 22:36:27.705   646   646 E wificond: Failed to get NL80211_RATE_INFO_NOISE
11-20 22:36:27.705   646   646 E wificond: Failed to get NL80211_RATE_INFO_SNR
11-20 22:36:27.705   646   646 E wificond: Failed to get NL80211_STA_INFO_CNAHLOAD
11-20 22:36:30.718   646   646 E wificond: Failed to get NL80211_RATE_INFO_NOISE
11-20 22:36:30.718   646   646 E wificond: Failed to get NL80211_RATE_INFO_SNR
11-20 22:36:30.718   646   646 E wificond: Failed to get NL80211_STA_INFO_CNAHLOAD
11-20 22:36:32.948  1057  1412 I chatty  : uid=1000(system) UEventObserver expire 12 lines
11-20 22:36:32.959  1057  7358 I chatty  : uid=1000(system) Binder:1057_19 expire 3 lines
11-20 22:36:32.963  1057  1057 I chatty  : uid=1000 system_server expire 10 lines
11-20 22:36:32.969  9572  9572 W ContextImpl: Calling a method in the system process without a qualified user: android.app.ContextImpl.startService:1692 android.content.ContextWrapper.startService:650 com.huawei.vision.server.policy.PhoneState.doPolicyThingStop:103 com.huawei.vision.server.policy.PhoneStateReceiver.startOrStopVisionService:150 com.huawei.vision.server.policy.PhoneStateReceiver.access$200:18 
11-20 22:36:33.736   646   646 E wificond: Failed to get NL80211_RATE_INFO_NOISE
11-20 22:36:33.737   646   646 E wificond: Failed to get NL80211_RATE_INFO_SNR
11-20 22:36:33.737   646   646 E wificond: Failed to get NL80211_STA_INFO_CNAHLOAD
11-20 22:36:35.474   646   646 E wificond: Failed to get NL80211_RATE_INFO_NOISE
11-20 22:36:35.474   646   646 E wificond: Failed to get NL80211_RATE_INFO_SNR
11-20 22:36:35.474   646   646 E wificond: Failed to get NL80211_STA_INFO_CNAHLOAD
11-20 22:36:35.476   646   646 E wificond: Failed to get NL80211_RATE_INFO_NOISE
11-20 22:36:35.476   646   646 E wificond: Failed to get NL80211_RATE_INFO_SNR
11-20 22:36:35.476   646   646 E wificond: Failed to get NL80211_STA_INFO_CNAHLOAD
11-20 22:36:36.025  1057  1696 I chatty  : uid=1000(system) watchdog expire 6 lines
11-20 22:36:36.753   646   646 E wificond: Failed to get NL80211_RATE_INFO_NOISE
11-20 22:36:36.753   646   646 E wificond: Failed to get NL80211_RATE_INFO_SNR
11-20 22:36:36.753   646   646 E wificond: Failed to get NL80211_STA_INFO_CNAHLOAD
11-20 22:36:39.773   646   646 E wificond: Failed to get NL80211_RATE_INFO_NOISE
11-20 22:36:39.773   646   646 E wificond: Failed to get NL80211_RATE_INFO_SNR
11-20 22:36:39.773   646   646 E wificond: Failed to get NL80211_STA_INFO_CNAHLOAD
11-20 22:36:40.429   536   550 W SocketListener: sending broadcast to Pid = 1057, Uid = 1000 
11-20 22:36:40.433  1057  1468 I chatty  : uid=1000(system) NetdConnector expire 10 lines
11-20 22:36:40.442  1057  1200 I chatty  : uid=1000(system) android.fg expire 10 lines
11-20 22:36:42.791   646   646 E wificond: Failed to get NL80211_RATE_INFO_NOISE
11-20 22:36:42.792   646   646 E wificond: Failed to get NL80211_RATE_INFO_SNR
11-20 22:36:42.792   646   646 E wificond: Failed to get NL80211_STA_INFO_CNAHLOAD
11-20 22:36:43.477   646   646 E wificond: Failed to get NL80211_RATE_INFO_NOISE
11-20 22:36:43.477   646   646 E wificond: Failed to get NL80211_RATE_INFO_SNR
11-20 22:36:43.477   646   646 E wificond: Failed to get NL80211_STA_INFO_CNAHLOAD
11-20 22:36:43.480   646   646 E wificond: Failed to get NL80211_RATE_INFO_NOISE
11-20 22:36:43.480   646   646 E wificond: Failed to get NL80211_RATE_INFO_SNR
11-20 22:36:43.480   646   646 E wificond: Failed to get NL80211_STA_INFO_CNAHLOAD
11-20 22:36:45.808   646   646 E wificond: Failed to get NL80211_RATE_INFO_NOISE
11-20 22:36:45.808   646   646 E wificond: Failed to get NL80211_RATE_INFO_SNR
11-20 22:36:45.808   646   646 E wificond: Failed to get NL80211_STA_INFO_CNAHLOAD
11-20 22:36:48.823   646   646 E wificond: Failed to get NL80211_RATE_INFO_NOISE
11-20 22:36:48.823   646   646 E wificond: Failed to get NL80211_RATE_INFO_SNR
11-20 22:36:48.823   646   646 E wificond: Failed to get NL80211_STA_INFO_CNAHLOAD
11-20 22:36:51.492   646   646 E wificond: Failed to get NL80211_RATE_INFO_NOISE
11-20 22:36:51.493   646   646 E wificond: Failed to get NL80211_RATE_INFO_SNR
11-20 22:36:51.493   646   646 E wificond: Failed to get NL80211_STA_INFO_CNAHLOAD
11-20 22:36:51.496   646   646 E wificond: Failed to get NL80211_RATE_INFO_NOISE
11-20 22:36:51.496   646   646 E wificond: Failed to get NL80211_RATE_INFO_SNR
11-20 22:36:51.497   646   646 E wificond: Failed to get NL80211_STA_INFO_CNAHLOAD
11-20 22:36:51.834   646   646 E wificond: Failed to get NL80211_RATE_INFO_NOISE
11-20 22:36:51.834   646   646 E wificond: Failed to get NL80211_RATE_INFO_SNR
11-20 22:36:51.834   646   646 E wificond: Failed to get NL80211_STA_INFO_CNAHLOAD
11-20 22:36:54.848   646   646 E wificond: Failed to get NL80211_RATE_INFO_NOISE
11-20 22:36:54.848   646   646 E wificond: Failed to get NL80211_RATE_INFO_SNR
11-20 22:36:54.848   646   646 E wificond: Failed to get NL80211_STA_INFO_CNAHLOAD
11-20 22:36:57.865   646   646 E wificond: Failed to get NL80211_RATE_INFO_NOISE
11-20 22:36:57.865   646   646 E wificond: Failed to get NL80211_RATE_INFO_SNR
11-20 22:36:57.866   646   646 E wificond: Failed to get NL80211_STA_INFO_CNAHLOAD
11-20 22:36:59.499   646   646 E wificond: Failed to get NL80211_RATE_INFO_NOISE
11-20 22:36:59.499   646   646 E wificond: Failed to get NL80211_RATE_INFO_SNR
11-20 22:36:59.499   646   646 E wificond: Failed to get NL80211_STA_INFO_CNAHLOAD
11-20 22:36:59.502   646   646 E wificond: Failed to get NL80211_RATE_INFO_NOISE
11-20 22:36:59.503   646   646 E wificond: Failed to get NL80211_RATE_INFO_SNR
11-20 22:36:59.503   646   646 E wificond: Failed to get NL80211_STA_INFO_CNAHLOAD
11-20 22:37:00.886   646   646 E wificond: Failed to get NL80211_RATE_INFO_NOISE
11-20 22:37:00.886   646   646 E wificond: Failed to get NL80211_RATE_INFO_SNR
11-20 22:37:00.886   646   646 E wificond: Failed to get NL80211_STA_INFO_CNAHLOAD
11-20 22:37:03.179  9572  9572 W ContextImpl: Calling a method in the system process without a qualified user: android.app.ContextImpl.startService:1692 android.content.ContextWrapper.startService:650 com.huawei.vision.server.policy.PhoneState.doPolicyThingStop:103 com.huawei.vision.server.policy.PhoneStateReceiver.startOrStopVisionService:150 com.huawei.vision.server.policy.PhoneStateReceiver.access$200:18 
11-20 22:37:03.902   646   646 E wificond: Failed to get NL80211_RATE_INFO_NOISE
11-20 22:37:03.902   646   646 E wificond: Failed to get NL80211_RATE_INFO_SNR
11-20 22:37:03.902   646   646 E wificond: Failed to get NL80211_STA_INFO_CNAHLOAD
11-20 22:37:06.157   536   544 W SocketListener: sending broadcast to Pid = 1057, Uid = 1000 
11-20 22:37:06.171  1057  2347 I chatty  : uid=1000(system) Binder:1057_E expire 11 lines
11-20 22:37:06.918   646   646 E wificond: Failed to get NL80211_RATE_INFO_NOISE
11-20 22:37:06.918   646   646 E wificond: Failed to get NL80211_RATE_INFO_SNR
11-20 22:37:06.918   646   646 E wificond: Failed to get NL80211_STA_INFO_CNAHLOAD
11-20 22:37:07.495   646   646 E wificond: Failed to get NL80211_RATE_INFO_NOISE
11-20 22:37:07.495   646   646 E wificond: Failed to get NL80211_RATE_INFO_SNR
11-20 22:37:07.495   646   646 E wificond: Failed to get NL80211_STA_INFO_CNAHLOAD
11-20 22:37:07.498   646   646 E wificond: Failed to get NL80211_RATE_INFO_NOISE
11-20 22:37:07.498   646   646 E wificond: Failed to get NL80211_RATE_INFO_SNR
11-20 22:37:07.498   646   646 E wificond: Failed to get NL80211_STA_INFO_CNAHLOAD
11-20 22:37:09.937   646   646 E wificond: Failed to get NL80211_RATE_INFO_NOISE
11-20 22:37:09.937   646   646 E wificond: Failed to get NL80211_RATE_INFO_SNR
11-20 22:37:09.937   646   646 E wificond: Failed to get NL80211_STA_INFO_CNAHLOAD
11-20 22:37:10.622   536   544 W SocketListener: sending broadcast to Pid = 1057, Uid = 1000 
11-20 22:37:12.956   646   646 E wificond: Failed to get NL80211_RATE_INFO_NOISE
11-20 22:37:12.957   646   646 E wificond: Failed to get NL80211_RATE_INFO_SNR
11-20 22:37:12.957   646   646 E wificond: Failed to get NL80211_STA_INFO_CNAHLOAD
11-20 22:37:15.508   646   646 E wificond: Failed to get NL80211_RATE_INFO_NOISE
11-20 22:37:15.508   646   646 E wificond: Failed to get NL80211_RATE_INFO_SNR
11-20 22:37:15.508   646   646 E wificond: Failed to get NL80211_STA_INFO_CNAHLOAD
11-20 22:37:15.510   646   646 E wificond: Failed to get NL80211_RATE_INFO_NOISE
11-20 22:37:15.510   646   646 E wificond: Failed to get NL80211_RATE_INFO_SNR
11-20 22:37:15.510   646   646 E wificond: Failed to get NL80211_STA_INFO_CNAHLOAD
11-20 22:37:15.964   646   646 E wificond: Failed to get NL80211_RATE_INFO_NOISE
11-20 22:37:15.964   646   646 E wificond: Failed to get NL80211_RATE_INFO_SNR
11-20 22:37:15.964   646   646 E wificond: Failed to get NL80211_STA_INFO_CNAHLOAD
11-20 22:37:18.981   646   646 E wificond: Failed to get NL80211_RATE_INFO_NOISE
11-20 22:37:18.981   646   646 E wificond: Failed to get NL80211_RATE_INFO_SNR
11-20 22:37:18.981   646   646 E wificond: Failed to get NL80211_STA_INFO_CNAHLOAD
11-20 22:37:22.000   646   646 E wificond: Failed to get NL80211_RATE_INFO_NOISE
11-20 22:37:22.000   646   646 E wificond: Failed to get NL80211_RATE_INFO_SNR
11-20 22:37:22.000   646   646 E wificond: Failed to get NL80211_STA_INFO_CNAHLOAD
11-20 22:37:23.520   646   646 E wificond: Failed to get NL80211_RATE_INFO_NOISE
11-20 22:37:23.520   646   646 E wificond: Failed to get NL80211_RATE_INFO_SNR
11-20 22:37:23.520   646   646 E wificond: Failed to get NL80211_STA_INFO_CNAHLOAD
11-20 22:37:23.524   646   646 E wificond: Failed to get NL80211_RATE_INFO_NOISE
11-20 22:37:23.524   646   646 E wificond: Failed to get NL80211_RATE_INFO_SNR
11-20 22:37:23.524   646   646 E wificond: Failed to get NL80211_STA_INFO_CNAHLOAD
11-20 22:37:24.097  9572  9572 W ContextImpl: Calling a method in the system process without a qualified user: android.app.ContextImpl.startService:1692 android.content.ContextWrapper.startService:650 com.huawei.vision.server.policy.PhoneState.doPolicyThingStop:103 com.huawei.vision.server.policy.PhoneStateReceiver.startOrStopVisionService:150 com.huawei.vision.server.policy.PhoneStateReceiver.access$200:18 
11-20 22:37:25.016   646   646 E wificond: Failed to get NL80211_RATE_INFO_NOISE
11-20 22:37:25.017   646   646 E wificond: Failed to get NL80211_RATE_INFO_SNR
11-20 22:37:25.017   646   646 E wificond: Failed to get NL80211_STA_INFO_CNAHLOAD
11-20 22:37:25.678   536   544 W SocketListener: sending broadcast to Pid = 1057, Uid = 1000 
11-20 22:37:25.695  1057  8813 I chatty  : uid=1000(system) Binder:1057_1D expire 18 lines
11-20 22:37:28.036   646   646 E wificond: Failed to get NL80211_RATE_INFO_NOISE
11-20 22:37:28.036   646   646 E wificond: Failed to get NL80211_RATE_INFO_SNR
11-20 22:37:28.036   646   646 E wificond: Failed to get NL80211_STA_INFO_CNAHLOAD
11-20 22:37:29.801   536   544 W SocketListener: sending broadcast to Pid = 1057, Uid = 1000 
11-20 22:37:31.055   646   646 E wificond: Failed to get NL80211_RATE_INFO_NOISE
11-20 22:37:31.055   646   646 E wificond: Failed to get NL80211_RATE_INFO_SNR
11-20 22:37:31.056   646   646 E wificond: Failed to get NL80211_STA_INFO_CNAHLOAD
11-20 22:37:31.512   646   646 E wificond: Failed to get NL80211_RATE_INFO_NOISE
11-20 22:37:31.512   646   646 E wificond: Failed to get NL80211_RATE_INFO_SNR
11-20 22:37:31.512   646   646 E wificond: Failed to get NL80211_STA_INFO_CNAHLOAD
11-20 22:37:31.515   646   646 E wificond: Failed to get NL80211_RATE_INFO_NOISE
11-20 22:37:31.515   646   646 E wificond: Failed to get NL80211_RATE_INFO_SNR
11-20 22:37:31.515   646   646 E wificond: Failed to get NL80211_STA_INFO_CNAHLOAD
11-20 22:37:33.387  9572  9572 W ContextImpl: Calling a method in the system process without a qualified user: android.app.ContextImpl.startService:1692 android.content.ContextWrapper.startService:650 com.huawei.vision.server.policy.PhoneState.doPolicyThingStop:103 com.huawei.vision.server.policy.PhoneStateReceiver.startOrStopVisionService:150 com.huawei.vision.server.policy.PhoneStateReceiver.access$200:18 
11-20 22:37:34.074   646   646 E wificond: Failed to get NL80211_RATE_INFO_NOISE
11-20 22:37:34.074   646   646 E wificond: Failed to get NL80211_RATE_INFO_SNR
11-20 22:37:34.074   646   646 E wificond: Failed to get NL80211_STA_INFO_CNAHLOAD
11-20 22:37:37.090   646   646 E wificond: Failed to get NL80211_RATE_INFO_NOISE
11-20 22:37:37.090   646   646 E wificond: Failed to get NL80211_RATE_INFO_SNR
11-20 22:37:37.090   646   646 E wificond: Failed to get NL80211_STA_INFO_CNAHLOAD
11-20 22:37:39.526   646   646 E wificond: Failed to get NL80211_RATE_INFO_NOISE
11-20 22:37:39.526   646   646 E wificond: Failed to get NL80211_RATE_INFO_SNR
11-20 22:37:39.526   646   646 E wificond: Failed to get NL80211_STA_INFO_CNAHLOAD
11-20 22:37:39.530   646   646 E wificond: Failed to get NL80211_RATE_INFO_NOISE
11-20 22:37:39.530   646   646 E wificond: Failed to get NL80211_RATE_INFO_SNR
11-20 22:37:39.530   646   646 E wificond: Failed to get NL80211_STA_INFO_CNAHLOAD
11-20 22:37:40.097   646   646 E wificond: Failed to get NL80211_RATE_INFO_NOISE
11-20 22:37:40.097   646   646 E wificond: Failed to get NL80211_RATE_INFO_SNR
11-20 22:37:40.097   646   646 E wificond: Failed to get NL80211_STA_INFO_CNAHLOAD
11-20 22:37:43.117   646   646 E wificond: Failed to get NL80211_RATE_INFO_NOISE
11-20 22:37:43.117   646   646 E wificond: Failed to get NL80211_RATE_INFO_SNR
11-20 22:37:43.117   646   646 E wificond: Failed to get NL80211_STA_INFO_CNAHLOAD
11-20 22:37:44.877   536   550 W SocketListener: sending broadcast to Pid = 1057, Uid = 1000 
11-20 22:37:44.882  1057  1468 I chatty  : uid=1000(system) NetdConnector expire 10 lines
11-20 22:37:46.133   646   646 E wificond: Failed to get NL80211_RATE_INFO_NOISE
11-20 22:37:46.133   646   646 E wificond: Failed to get NL80211_RATE_INFO_SNR
11-20 22:37:46.133   646   646 E wificond: Failed to get NL80211_STA_INFO_CNAHLOAD
11-20 22:37:47.533   646   646 E wificond: Failed to get NL80211_RATE_INFO_NOISE
11-20 22:37:47.533   646   646 E wificond: Failed to get NL80211_RATE_INFO_SNR
11-20 22:37:47.533   646   646 E wificond: Failed to get NL80211_STA_INFO_CNAHLOAD
11-20 22:37:47.537   646   646 E wificond: Failed to get NL80211_RATE_INFO_NOISE
11-20 22:37:47.537   646   646 E wificond: Failed to get NL80211_RATE_INFO_SNR
11-20 22:37:47.537   646   646 E wificond: Failed to get NL80211_STA_INFO_CNAHLOAD
11-20 22:37:49.150   646   646 E wificond: Failed to get NL80211_RATE_INFO_NOISE
11-20 22:37:49.150   646   646 E wificond: Failed to get NL80211_RATE_INFO_SNR
11-20 22:37:49.150   646   646 E wificond: Failed to get NL80211_STA_INFO_CNAHLOAD
11-20 22:37:49.998   536   544 W SocketListener: sending broadcast to Pid = 1057, Uid = 1000 
11-20 22:37:50.005  1057  1200 I chatty  : uid=1000(system) android.fg expire 7 lines
11-20 22:37:50.014  1057  7360 I chatty  : uid=1000(system) Binder:1057_1B expire 14 lines
11-20 22:37:52.169   646   646 E wificond: Failed to get NL80211_RATE_INFO_NOISE
11-20 22:37:52.169   646   646 E wificond: Failed to get NL80211_RATE_INFO_SNR
11-20 22:37:52.169   646   646 E wificond: Failed to get NL80211_STA_INFO_CNAHLOAD
11-20 22:37:55.189   646   646 E wificond: Failed to get NL80211_RATE_INFO_NOISE
11-20 22:37:55.189   646   646 E wificond: Failed to get NL80211_RATE_INFO_SNR
11-20 22:37:55.189   646   646 E wificond: Failed to get NL80211_STA_INFO_CNAHLOAD
11-20 22:37:55.534   646   646 E wificond: Failed to get NL80211_RATE_INFO_NOISE
11-20 22:37:55.534   646   646 E wificond: Failed to get NL80211_RATE_INFO_SNR
11-20 22:37:55.534   646   646 E wificond: Failed to get NL80211_STA_INFO_CNAHLOAD
11-20 22:37:55.538   646   646 E wificond: Failed to get NL80211_RATE_INFO_NOISE
11-20 22:37:55.538   646   646 E wificond: Failed to get NL80211_RATE_INFO_SNR
11-20 22:37:55.538   646   646 E wificond: Failed to get NL80211_STA_INFO_CNAHLOAD
11-20 22:37:57.450   536   544 W SocketListener: sending broadcast to Pid = 1057, Uid = 1000 
11-20 22:37:58.209   646   646 E wificond: Failed to get NL80211_RATE_INFO_NOISE
11-20 22:37:58.209   646   646 E wificond: Failed to get NL80211_RATE_INFO_SNR
11-20 22:37:58.209   646   646 E wificond: Failed to get NL80211_STA_INFO_CNAHLOAD
11-20 22:38:00.006  1057  1057 I chatty  : uid=1000 system_server expire 10 lines
11-20 22:38:01.227   646   646 E wificond: Failed to get NL80211_RATE_INFO_NOISE
11-20 22:38:01.227   646   646 E wificond: Failed to get NL80211_RATE_INFO_SNR
11-20 22:38:01.228   646   646 E wificond: Failed to get NL80211_STA_INFO_CNAHLOAD
11-20 22:38:03.552   646   646 E wificond: Failed to get NL80211_RATE_INFO_NOISE
11-20 22:38:03.552   646   646 E wificond: Failed to get NL80211_RATE_INFO_SNR
11-20 22:38:03.552   646   646 E wificond: Failed to get NL80211_STA_INFO_CNAHLOAD
11-20 22:38:03.555   646   646 E wificond: Failed to get NL80211_RATE_INFO_NOISE
11-20 22:38:03.555   646   646 E wificond: Failed to get NL80211_RATE_INFO_SNR
11-20 22:38:03.555   646   646 E wificond: Failed to get NL80211_STA_INFO_CNAHLOAD
11-20 22:38:03.585  9572  9572 W ContextImpl: Calling a method in the system process without a qualified user: android.app.ContextImpl.startService:1692 android.content.ContextWrapper.startService:650 com.huawei.vision.server.policy.PhoneState.doPolicyThingStop:103 com.huawei.vision.server.policy.PhoneStateReceiver.startOrStopVisionService:150 com.huawei.vision.server.policy.PhoneStateReceiver.access$200:18 
11-20 22:38:04.235   646   646 E wificond: Failed to get NL80211_RATE_INFO_NOISE
11-20 22:38:04.236   646   646 E wificond: Failed to get NL80211_RATE_INFO_SNR
11-20 22:38:04.236   646   646 E wificond: Failed to get NL80211_STA_INFO_CNAHLOAD
11-20 22:38:07.255   646   646 E wificond: Failed to get NL80211_RATE_INFO_NOISE
11-20 22:38:07.255   646   646 E wificond: Failed to get NL80211_RATE_INFO_SNR
11-20 22:38:07.255   646   646 E wificond: Failed to get NL80211_STA_INFO_CNAHLOAD
11-20 22:38:10.274   646   646 E wificond: Failed to get NL80211_RATE_INFO_NOISE
11-20 22:38:10.274   646   646 E wificond: Failed to get NL80211_RATE_INFO_SNR
11-20 22:38:10.274   646   646 E wificond: Failed to get NL80211_STA_INFO_CNAHLOAD
11-20 22:38:11.560   646   646 E wificond: Failed to get NL80211_RATE_INFO_NOISE
11-20 22:38:11.560   646   646 E wificond: Failed to get NL80211_RATE_INFO_SNR
11-20 22:38:11.560   646   646 E wificond: Failed to get NL80211_STA_INFO_CNAHLOAD
11-20 22:38:11.564   646   646 E wificond: Failed to get NL80211_RATE_INFO_NOISE
11-20 22:38:11.564   646   646 E wificond: Failed to get NL80211_RATE_INFO_SNR
11-20 22:38:11.564   646   646 E wificond: Failed to get NL80211_STA_INFO_CNAHLOAD
11-20 22:38:13.288   646   646 E wificond: Failed to get NL80211_RATE_INFO_NOISE
11-20 22:38:13.289   646   646 E wificond: Failed to get NL80211_RATE_INFO_SNR
11-20 22:38:13.289   646   646 E wificond: Failed to get NL80211_STA_INFO_CNAHLOAD
11-20 22:38:16.308   646   646 E wificond: Failed to get NL80211_RATE_INFO_NOISE
11-20 22:38:16.308   646   646 E wificond: Failed to get NL80211_RATE_INFO_SNR
11-20 22:38:16.308   646   646 E wificond: Failed to get NL80211_STA_INFO_CNAHLOAD
11-20 22:38:19.325   646   646 E wificond: Failed to get NL80211_RATE_INFO_NOISE
11-20 22:38:19.325   646   646 E wificond: Failed to get NL80211_RATE_INFO_SNR
11-20 22:38:19.325   646   646 E wificond: Failed to get NL80211_STA_INFO_CNAHLOAD
11-20 22:38:19.557   646   646 E wificond: Failed to get NL80211_RATE_INFO_NOISE
11-20 22:38:19.557   646   646 E wificond: Failed to get NL80211_RATE_INFO_SNR
11-20 22:38:19.558   646   646 E wificond: Failed to get NL80211_STA_INFO_CNAHLOAD
11-20 22:38:19.560   646   646 E wificond: Failed to get NL80211_RATE_INFO_NOISE
11-20 22:38:19.560   646   646 E wificond: Failed to get NL80211_RATE_INFO_SNR
11-20 22:38:19.560   646   646 E wificond: Failed to get NL80211_STA_INFO_CNAHLOAD
11-20 22:38:20.110   536   544 W SocketListener: sending broadcast to Pid = 1057, Uid = 1000 
11-20 22:38:22.344   646   646 E wificond: Failed to get NL80211_RATE_INFO_NOISE
11-20 22:38:22.345   646   646 E wificond: Failed to get NL80211_RATE_INFO_SNR
11-20 22:38:22.345   646   646 E wificond: Failed to get NL80211_STA_INFO_CNAHLOAD
11-20 22:38:24.095  9572  9572 W ContextImpl: Calling a method in the system process without a qualified user: android.app.ContextImpl.startService:1692 android.content.ContextWrapper.startService:650 com.huawei.vision.server.policy.PhoneState.doPolicyThingStop:103 com.huawei.vision.server.policy.PhoneStateReceiver.startOrStopVisionService:150 com.huawei.vision.server.policy.PhoneStateReceiver.access$200:18 
11-20 22:38:25.363   646   646 E wificond: Failed to get NL80211_RATE_INFO_NOISE
11-20 22:38:25.363   646   646 E wificond: Failed to get NL80211_RATE_INFO_SNR
11-20 22:38:25.363   646   646 E wificond: Failed to get NL80211_STA_INFO_CNAHLOAD
11-20 22:38:27.571   646   646 E wificond: Failed to get NL80211_RATE_INFO_NOISE
11-20 22:38:27.571   646   646 E wificond: Failed to get NL80211_RATE_INFO_SNR
11-20 22:38:27.571   646   646 E wificond: Failed to get NL80211_STA_INFO_CNAHLOAD
11-20 22:38:27.574   646   646 E wificond: Failed to get NL80211_RATE_INFO_NOISE
11-20 22:38:27.574   646   646 E wificond: Failed to get NL80211_RATE_INFO_SNR
11-20 22:38:27.574   646   646 E wificond: Failed to get NL80211_STA_INFO_CNAHLOAD
11-20 22:38:28.372   646   646 E wificond: Failed to get NL80211_RATE_INFO_NOISE
11-20 22:38:28.372   646   646 E wificond: Failed to get NL80211_RATE_INFO_SNR
11-20 22:38:28.372   646   646 E wificond: Failed to get NL80211_STA_INFO_CNAHLOAD
11-20 22:38:31.388   646   646 E wificond: Failed to get NL80211_RATE_INFO_NOISE
11-20 22:38:31.388   646   646 E wificond: Failed to get NL80211_RATE_INFO_SNR
11-20 22:38:31.388   646   646 E wificond: Failed to get NL80211_STA_INFO_CNAHLOAD
11-20 22:38:33.776  1057  1412 I chatty  : uid=1000(system) UEventObserver expire 9 lines
11-20 22:38:33.810  9572  9572 W ContextImpl: Calling a method in the system process without a qualified user: android.app.ContextImpl.startService:1692 android.content.ContextWrapper.startService:650 com.huawei.vision.server.policy.PhoneState.doPolicyThingStop:103 com.huawei.vision.server.policy.PhoneStateReceiver.startOrStopVisionService:150 com.huawei.vision.server.policy.PhoneStateReceiver.access$200:18 
11-20 22:38:34.408   646   646 E wificond: Failed to get NL80211_RATE_INFO_NOISE
11-20 22:38:34.408   646   646 E wificond: Failed to get NL80211_RATE_INFO_SNR
11-20 22:38:34.408   646   646 E wificond: Failed to get NL80211_STA_INFO_CNAHLOAD
11-20 22:38:35.580   646   646 E wificond: Failed to get NL80211_RATE_INFO_NOISE
11-20 22:38:35.580   646   646 E wificond: Failed to get NL80211_RATE_INFO_SNR
11-20 22:38:35.580   646   646 E wificond: Failed to get NL80211_STA_INFO_CNAHLOAD
11-20 22:38:35.583   646   646 E wificond: Failed to get NL80211_RATE_INFO_NOISE
11-20 22:38:35.583   646   646 E wificond: Failed to get NL80211_RATE_INFO_SNR
11-20 22:38:35.583   646   646 E wificond: Failed to get NL80211_STA_INFO_CNAHLOAD
11-20 22:38:37.425   646   646 E wificond: Failed to get NL80211_RATE_INFO_NOISE
11-20 22:38:37.425   646   646 E wificond: Failed to get NL80211_RATE_INFO_SNR
11-20 22:38:37.425   646   646 E wificond: Failed to get NL80211_STA_INFO_CNAHLOAD
11-20 22:38:40.445   646   646 E wificond: Failed to get NL80211_RATE_INFO_NOISE
11-20 22:38:40.445   646   646 E wificond: Failed to get NL80211_RATE_INFO_SNR
11-20 22:38:40.445   646   646 E wificond: Failed to get NL80211_STA_INFO_CNAHLOAD
11-20 22:38:43.462   646   646 E wificond: Failed to get NL80211_RATE_INFO_NOISE
11-20 22:38:43.462   646   646 E wificond: Failed to get NL80211_RATE_INFO_SNR
11-20 22:38:43.462   646   646 E wificond: Failed to get NL80211_STA_INFO_CNAHLOAD
11-20 22:38:43.578   646   646 E wificond: Failed to get NL80211_RATE_INFO_NOISE
11-20 22:38:43.578   646   646 E wificond: Failed to get NL80211_RATE_INFO_SNR
11-20 22:38:43.578   646   646 E wificond: Failed to get NL80211_STA_INFO_CNAHLOAD
11-20 22:38:43.580   646   646 E wificond: Failed to get NL80211_RATE_INFO_NOISE
11-20 22:38:43.581   646   646 E wificond: Failed to get NL80211_RATE_INFO_SNR
11-20 22:38:43.581   646   646 E wificond: Failed to get NL80211_STA_INFO_CNAHLOAD
11-20 22:38:46.479   646   646 E wificond: Failed to get NL80211_RATE_INFO_NOISE
11-20 22:38:46.479   646   646 E wificond: Failed to get NL80211_RATE_INFO_SNR
11-20 22:38:46.479   646   646 E wificond: Failed to get NL80211_STA_INFO_CNAHLOAD
11-20 22:38:49.499   646   646 E wificond: Failed to get NL80211_RATE_INFO_NOISE
11-20 22:38:49.499   646   646 E wificond: Failed to get NL80211_RATE_INFO_SNR
11-20 22:38:49.500   646   646 E wificond: Failed to get NL80211_STA_INFO_CNAHLOAD
11-20 22:38:51.595   646   646 E wificond: Failed to get NL80211_RATE_INFO_NOISE
11-20 22:38:51.596   646   646 E wificond: Failed to get NL80211_RATE_INFO_SNR
11-20 22:38:51.596   646   646 E wificond: Failed to get NL80211_STA_INFO_CNAHLOAD
11-20 22:38:51.599   646   646 E wificond: Failed to get NL80211_RATE_INFO_NOISE
11-20 22:38:51.599   646   646 E wificond: Failed to get NL80211_RATE_INFO_SNR
11-20 22:38:51.599   646   646 E wificond: Failed to get NL80211_STA_INFO_CNAHLOAD
11-20 22:38:52.508   646   646 E wificond: Failed to get NL80211_RATE_INFO_NOISE
11-20 22:38:52.508   646   646 E wificond: Failed to get NL80211_RATE_INFO_SNR
11-20 22:38:52.508   646   646 E wificond: Failed to get NL80211_STA_INFO_CNAHLOAD
11-20 22:38:55.526   646   646 E wificond: Failed to get NL80211_RATE_INFO_NOISE
11-20 22:38:55.526   646   646 E wificond: Failed to get NL80211_RATE_INFO_SNR
11-20 22:38:55.526   646   646 E wificond: Failed to get NL80211_STA_INFO_CNAHLOAD
11-20 22:38:58.545   646   646 E wificond: Failed to get NL80211_RATE_INFO_NOISE
11-20 22:38:58.545   646   646 E wificond: Failed to get NL80211_RATE_INFO_SNR
11-20 22:38:58.545   646   646 E wificond: Failed to get NL80211_STA_INFO_CNAHLOAD
11-20 22:38:59.595   646   646 E wificond: Failed to get NL80211_RATE_INFO_NOISE
11-20 22:38:59.595   646   646 E wificond: Failed to get NL80211_RATE_INFO_SNR
11-20 22:38:59.595   646   646 E wificond: Failed to get NL80211_STA_INFO_CNAHLOAD
11-20 22:38:59.599   646   646 E wificond: Failed to get NL80211_RATE_INFO_NOISE
11-20 22:38:59.599   646   646 E wificond: Failed to get NL80211_RATE_INFO_SNR
11-20 22:38:59.599   646   646 E wificond: Failed to get NL80211_STA_INFO_CNAHLOAD
11-20 22:39:01.562   646   646 E wificond: Failed to get NL80211_RATE_INFO_NOISE
11-20 22:39:01.562   646   646 E wificond: Failed to get NL80211_RATE_INFO_SNR
11-20 22:39:01.562   646   646 E wificond: Failed to get NL80211_STA_INFO_CNAHLOAD
11-20 22:39:04.003  1057  1057 I chatty  : uid=1000 system_server expire 8 lines
11-20 22:39:04.011  9572  9572 W ContextImpl: Calling a method in the system process without a qualified user: android.app.ContextImpl.startService:1692 android.content.ContextWrapper.startService:650 com.huawei.vision.server.policy.PhoneState.doPolicyThingStop:103 com.huawei.vision.server.policy.PhoneStateReceiver.startOrStopVisionService:150 com.huawei.vision.server.policy.PhoneStateReceiver.access$200:18 
11-20 22:39:04.579   646   646 E wificond: Failed to get NL80211_RATE_INFO_NOISE
11-20 22:39:04.580   646   646 E wificond: Failed to get NL80211_RATE_INFO_SNR
11-20 22:39:04.580   646   646 E wificond: Failed to get NL80211_STA_INFO_CNAHLOAD
11-20 22:39:07.598   646   646 E wificond: Failed to get NL80211_RATE_INFO_NOISE
11-20 22:39:07.598   646   646 E wificond: Failed to get NL80211_RATE_INFO_SNR
11-20 22:39:07.598   646   646 E wificond: Failed to get NL80211_STA_INFO_CNAHLOAD
11-20 22:39:07.604   646   646 E wificond: Failed to get NL80211_RATE_INFO_NOISE
11-20 22:39:07.604   646   646 E wificond: Failed to get NL80211_RATE_INFO_SNR
11-20 22:39:07.604   646   646 E wificond: Failed to get NL80211_STA_INFO_CNAHLOAD
11-20 22:39:07.606   646   646 E wificond: Failed to get NL80211_RATE_INFO_NOISE
11-20 22:39:07.606   646   646 E wificond: Failed to get NL80211_RATE_INFO_SNR
11-20 22:39:07.606   646   646 E wificond: Failed to get NL80211_STA_INFO_CNAHLOAD
11-20 22:39:10.617   646   646 E wificond: Failed to get NL80211_RATE_INFO_NOISE
11-20 22:39:10.617   646   646 E wificond: Failed to get NL80211_RATE_INFO_SNR
11-20 22:39:10.617   646   646 E wificond: Failed to get NL80211_STA_INFO_CNAHLOAD
11-20 22:39:13.637   646   646 E wificond: Failed to get NL80211_RATE_INFO_NOISE
11-20 22:39:13.638   646   646 E wificond: Failed to get NL80211_RATE_INFO_SNR
11-20 22:39:13.638   646   646 E wificond: Failed to get NL80211_STA_INFO_CNAHLOAD
11-20 22:39:15.615   646   646 E wificond: Failed to get NL80211_RATE_INFO_NOISE
11-20 22:39:15.615   646   646 E wificond: Failed to get NL80211_RATE_INFO_SNR
11-20 22:39:15.615   646   646 E wificond: Failed to get NL80211_STA_INFO_CNAHLOAD
11-20 22:39:15.617   646   646 E wificond: Failed to get NL80211_RATE_INFO_NOISE
11-20 22:39:15.617   646   646 E wificond: Failed to get NL80211_RATE_INFO_SNR
11-20 22:39:15.618   646   646 E wificond: Failed to get NL80211_STA_INFO_CNAHLOAD
11-20 22:39:16.655   646   646 E wificond: Failed to get NL80211_RATE_INFO_NOISE
11-20 22:39:16.656   646   646 E wificond: Failed to get NL80211_RATE_INFO_SNR
11-20 22:39:16.656   646   646 E wificond: Failed to get NL80211_STA_INFO_CNAHLOAD
11-20 22:39:19.671   646   646 E wificond: Failed to get NL80211_RATE_INFO_NOISE
11-20 22:39:19.672   646   646 E wificond: Failed to get NL80211_RATE_INFO_SNR
11-20 22:39:19.672   646   646 E wificond: Failed to get NL80211_STA_INFO_CNAHLOAD
11-20 22:39:22.691   646   646 E wificond: Failed to get NL80211_RATE_INFO_NOISE
11-20 22:39:22.691   646   646 E wificond: Failed to get NL80211_RATE_INFO_SNR
11-20 22:39:22.691   646   646 E wificond: Failed to get NL80211_STA_INFO_CNAHLOAD
11-20 22:39:23.615   646   646 E wificond: Failed to get NL80211_RATE_INFO_NOISE
11-20 22:39:23.615   646   646 E wificond: Failed to get NL80211_RATE_INFO_SNR
11-20 22:39:23.615   646   646 E wificond: Failed to get NL80211_STA_INFO_CNAHLOAD
11-20 22:39:23.618   646   646 E wificond: Failed to get NL80211_RATE_INFO_NOISE
11-20 22:39:23.618   646   646 E wificond: Failed to get NL80211_RATE_INFO_SNR
11-20 22:39:23.618   646   646 E wificond: Failed to get NL80211_STA_INFO_CNAHLOAD
11-20 22:39:24.096  9572  9572 W ContextImpl: Calling a method in the system process without a qualified user: android.app.ContextImpl.startService:1692 android.content.ContextWrapper.startService:650 com.huawei.vision.server.policy.PhoneState.doPolicyThingStop:103 com.huawei.vision.server.policy.PhoneStateReceiver.startOrStopVisionService:150 com.huawei.vision.server.policy.PhoneStateReceiver.access$200:18 
11-20 22:39:25.708   646   646 E wificond: Failed to get NL80211_RATE_INFO_NOISE
11-20 22:39:25.708   646   646 E wificond: Failed to get NL80211_RATE_INFO_SNR
11-20 22:39:25.708   646   646 E wificond: Failed to get NL80211_STA_INFO_CNAHLOAD
11-20 22:39:26.814  1057  2009 I chatty  : uid=1000(system) UsbDebuggingMan expire 1 line
11-20 22:39:26.853  1601  1601 V ActivityThread: systemui config :null mConfiguration:{1.0 ?mcc?mnc [zh_CN_#Hans] ldltr sw360dp w360dp h750dp 480dpi nrml long hdr port finger -keyb/v/h -nav/h appBounds=Rect(0, 0 - 1080, 2340) nonFullScreen=0 suim:1 s.339} compat:null called by android.app.ActivityThread.handleLaunchActivity:3418 
11-20 22:39:26.853  1601  1601 V ActivityThread: systemui pendingconfig:{1.0 ?mcc?mnc [zh_CN_#Hans] ldltr sw360dp w360dp h750dp 480dpi nrml long hdr port finger -keyb/v/h -nav/h appBounds=Rect(0, 0 - 1080, 2340) nonFullScreen=0 suim:1 s.339}
11-20 22:39:26.853  1601  1601 V ActivityThread: Skipping new config:{1.0 ?mcc?mnc [zh_CN_#Hans] ldltr sw360dp w360dp h750dp 480dpi nrml long hdr port finger -keyb/v/h -nav/h appBounds=Rect(0, 0 - 1080, 2340) nonFullScreen=0 suim:1 s.339}, config:{1.0 ?mcc?mnc [zh_CN_#Hans] ldltr sw360dp w360dp h750dp 480dpi nrml long hdr port finger -keyb/v/h -nav/h appBounds=Rect(0, 0 - 1080, 2340) nonFullScreen=0 suim:1 s.339} for app:com.android.systemui
11-20 22:39:26.854  1057  2347 I chatty  : uid=1000(system) Binder:1057_E expire 4 lines
11-20 22:39:26.860  1601  1601 V ActivityThread: callActivityOnCreate
11-20 22:39:26.879  1601  1601 D ActivityThread: add activity client record, r= ActivityRecord{aeed10 token=android.os.BinderProxy@9dfae53 {com.android.systemui/com.android.systemui.usb.HwUsbDebuggingActivity}} token= android.os.BinderProxy@9dfae53
11-20 22:39:26.885  1057  1203 I chatty  : uid=1000(system) HwGameAssistant expire 2 lines
11-20 22:39:26.885  1057  1186 I chatty  : uid=1000(system) HwActivityManag expire 2 lines
11-20 22:39:26.918  1057  1402 I chatty  : uid=1000(system) android.anim expire 5 lines
11-20 22:39:26.924  1057  1202 I chatty  : uid=1000(system) android.display expire 1 line
11-20 22:39:27.341   536   544 W SocketListener: sending broadcast to Pid = 1057, Uid = 1000 
11-20 22:39:27.345  1057  8813 I chatty  : uid=1000(system) Binder:1057_1D expire 17 lines
11-20 22:39:28.727   646   646 E wificond: Failed to get NL80211_RATE_INFO_NOISE
11-20 22:39:28.727   646   646 E wificond: Failed to get NL80211_RATE_INFO_SNR
11-20 22:39:28.727   646   646 E wificond: Failed to get NL80211_STA_INFO_CNAHLOAD
11-20 22:39:31.626   646   646 E wificond: Failed to get NL80211_RATE_INFO_NOISE
11-20 22:39:31.626   646   646 E wificond: Failed to get NL80211_RATE_INFO_SNR
11-20 22:39:31.626   646   646 E wificond: Failed to get NL80211_STA_INFO_CNAHLOAD
11-20 22:39:31.629   646   646 E wificond: Failed to get NL80211_RATE_INFO_NOISE
11-20 22:39:31.629   646   646 E wificond: Failed to get NL80211_RATE_INFO_SNR
11-20 22:39:31.629   646   646 E wificond: Failed to get NL80211_STA_INFO_CNAHLOAD
11-20 22:39:31.638  1057  7360 I chatty  : uid=1000(system) Binder:1057_1B expire 29 lines
11-20 22:39:31.641  1057  1189 I chatty  : uid=1000(system) ActivityManager expire 1 line
11-20 22:39:31.734   646   646 E wificond: Failed to get NL80211_RATE_INFO_NOISE
11-20 22:39:31.734   646   646 E wificond: Failed to get NL80211_RATE_INFO_SNR
11-20 22:39:31.734   646   646 E wificond: Failed to get NL80211_STA_INFO_CNAHLOAD
11-20 22:39:32.689  1057  1459 I chatty  : uid=1000(system) InputDispatcher expire 10 lines
11-20 22:39:34.231  9572  9572 W ContextImpl: Calling a method in the system process without a qualified user: android.app.ContextImpl.startService:1692 android.content.ContextWrapper.startService:650 com.huawei.vision.server.policy.PhoneState.doPolicyThingStop:103 com.huawei.vision.server.policy.PhoneStateReceiver.startOrStopVisionService:150 com.huawei.vision.server.policy.PhoneStateReceiver.access$200:18 
11-20 22:39:34.745   646   646 E wificond: Failed to get NL80211_RATE_INFO_NOISE
11-20 22:39:34.745   646   646 E wificond: Failed to get NL80211_RATE_INFO_SNR
11-20 22:39:34.745   646   646 E wificond: Failed to get NL80211_STA_INFO_CNAHLOAD
11-20 22:39:34.788  1057  1113 I chatty  : uid=1000(system) Binder:1057_1 expire 41 lines
11-20 22:39:35.325  1057  8813 I chatty  : uid=1000(system) Binder:1057_1D expire 21 lines
11-20 22:39:35.386 21236 21236 V ActivityThread: Skipping new config:{1.0 ?mcc?mnc [zh_CN_#Hans] ldltr sw360dp w360dp h750dp 480dpi nrml long hdr port finger -keyb/v/h -nav/h appBounds=Rect(0, 0 - 1080, 2340) nonFullScreen=0 suim:1 s.339}, config:{1.0 ?mcc?mnc [zh_CN_#Hans] ldltr sw360dp w360dp h750dp 480dpi nrml long hdr port finger -keyb/v/h -nav/h appBounds=Rect(0, 0 - 1080, 2340) nonFullScreen=0 suim:1 s.339} for app:com.netease.play
11-20 22:39:35.390 21236 21236 V ActivityThread: callActivityOnCreate
11-20 22:39:35.471 21236 21236 D ActivityThread: add activity client record, r= ActivityRecord{71e0d59 token=android.os.BinderProxy@1063d6b {com.netease.play/com.netease.play.livepage.LiveViewerActivity}} token= android.os.BinderProxy@1063d6b
11-20 22:39:35.485  1057  2347 I chatty  : uid=1000(system) Binder:1057_E expire 7 lines
11-20 22:39:35.485  1057  1203 I chatty  : uid=1000(system) HwGameAssistant expire 3 lines
11-20 22:39:35.486  1057  1186 I chatty  : uid=1000(system) HwActivityManag expire 3 lines
11-20 22:39:35.505  1057  1840 I chatty  : uid=1000(system) Binder:1057_A expire 9 lines
11-20 22:39:35.508  1601  1615 I CommandQueue: updateBarBgColor
11-20 22:39:35.508  1601  1615 D CommandQueue: CommandQueue, setBarBackgroundColor
11-20 22:39:35.549  1057  1402 I chatty  : uid=1000(system) android.anim expire 12 lines
11-20 22:39:35.555  1057  1202 I chatty  : uid=1000(system) android.display expire 1 line
11-20 22:39:35.686   536   546 W SocketListener: sending broadcast to Pid = 1057, Uid = 1000 
11-20 22:39:35.686  1057  1468 I chatty  : uid=1000(system) NetdConnector expire 12 lines
11-20 22:39:35.687  1057  1200 I chatty  : uid=1000(system) android.fg expire 2 lines
11-20 22:39:35.690  1057  1470 I chatty  : uid=1000(system) NetworkStats expire 10 lines
11-20 22:39:35.811  1057  1459 I chatty  : uid=1000(system) InputDispatcher expire 26 lines
11-20 22:39:36.034  1057  1696 I chatty  : uid=1000(system) watchdog expire 1 line
11-20 22:39:37.554  1057  6586 I chatty  : uid=1000(system) Binder:1057_17 expire 23 lines
11-20 22:39:37.755   646   646 E wificond: Failed to get NL80211_RATE_INFO_NOISE
11-20 22:39:37.755   646   646 E wificond: Failed to get NL80211_RATE_INFO_SNR
11-20 22:39:37.755   646   646 E wificond: Failed to get NL80211_STA_INFO_CNAHLOAD
11-20 22:39:38.211   536   546 W SocketListener: sending broadcast to Pid = 1057, Uid = 1000 
11-20 22:39:39.633   646   646 E wificond: Failed to get NL80211_RATE_INFO_NOISE
11-20 22:39:39.633   646   646 E wificond: Failed to get NL80211_RATE_INFO_SNR
11-20 22:39:39.633   646   646 E wificond: Failed to get NL80211_STA_INFO_CNAHLOAD
11-20 22:39:39.635   646   646 E wificond: Failed to get NL80211_RATE_INFO_NOISE
11-20 22:39:39.635   646   646 E wificond: Failed to get NL80211_RATE_INFO_SNR
11-20 22:39:39.635   646   646 E wificond: Failed to get NL80211_STA_INFO_CNAHLOAD
11-20 22:39:40.771   646   646 E wificond: Failed to get NL80211_RATE_INFO_NOISE
11-20 22:39:40.771   646   646 E wificond: Failed to get NL80211_RATE_INFO_SNR
11-20 22:39:40.771   646   646 E wificond: Failed to get NL80211_STA_INFO_CNAHLOAD
11-20 22:39:43.780   646   646 E wificond: Failed to get NL80211_RATE_INFO_NOISE
11-20 22:39:43.780   646   646 E wificond: Failed to get NL80211_RATE_INFO_SNR
11-20 22:39:43.780   646   646 E wificond: Failed to get NL80211_STA_INFO_CNAHLOAD
11-20 22:39:43.788  1601  9462 I CommandQueue: updateBarBgColor
11-20 22:39:43.788  1601  9462 D CommandQueue: CommandQueue, setBarBackgroundColor
11-20 22:39:43.861 21236 21236 D ActivityThread: Remove activity client record, r= ActivityRecord{71e0d59 token=android.os.BinderProxy@1063d6b {com.netease.play/com.netease.play.livepage.LiveViewerActivity}} token= android.os.BinderProxy@1063d6b
11-20 22:39:44.274 21236 21236 V ActivityThread: Skipping new config:{1.0 ?mcc?mnc [zh_CN_#Hans] ldltr sw360dp w360dp h750dp 480dpi nrml long hdr port finger -keyb/v/h -nav/h appBounds=Rect(0, 0 - 1080, 2340) nonFullScreen=0 suim:1 s.339}, config:{1.0 ?mcc?mnc [zh_CN_#Hans] ldltr sw360dp w360dp h750dp 480dpi nrml long hdr port finger -keyb/v/h -nav/h appBounds=Rect(0, 0 - 1080, 2340) nonFullScreen=0 suim:1 s.339} for app:com.netease.play
11-20 22:39:44.278 21236 21236 V ActivityThread: callActivityOnCreate
11-20 22:39:44.303 21236 21236 D ActivityThread: add activity client record, r= ActivityRecord{7e66f07 token=android.os.BinderProxy@3ae9dbe {com.netease.play/com.netease.play.privatemsg.PrivateMsgActivity}} token= android.os.BinderProxy@3ae9dbe
11-20 22:39:44.321  1601  1615 I CommandQueue: updateBarBgColor
11-20 22:39:44.321  1601  1615 D CommandQueue: CommandQueue, setBarBackgroundColor
11-20 22:39:44.323  1057  8813 I chatty  : uid=1000(system) Binder:1057_1D expire 8 lines
11-20 22:39:44.350  1057  1402 I chatty  : uid=1000(system) android.anim expire 4 lines
11-20 22:39:44.357  1057  1202 I chatty  : uid=1000(system) android.display expire 1 line
11-20 22:39:44.377  1057  2347 I chatty  : uid=1000(system) Binder:1057_E expire 13 lines
11-20 22:39:44.878   536   550 W SocketListener: sending broadcast to Pid = 1057, Uid = 1000 
11-20 22:39:44.885  1057  1468 I chatty  : uid=1000(system) NetdConnector expire 2 lines
11-20 22:39:44.890  1057  1200 I chatty  : uid=1000(system) android.fg expire 3 lines
11-20 22:39:45.803  1057  1459 I chatty  : uid=1000(system) InputDispatcher expire 22 lines
11-20 22:39:46.799   646   646 E wificond: Failed to get NL80211_RATE_INFO_NOISE
11-20 22:39:46.799   646   646 E wificond: Failed to get NL80211_RATE_INFO_SNR
11-20 22:39:46.799   646   646 E wificond: Failed to get NL80211_STA_INFO_CNAHLOAD
11-20 22:39:47.638   646   646 E wificond: Failed to get NL80211_RATE_INFO_NOISE
11-20 22:39:47.638   646   646 E wificond: Failed to get NL80211_RATE_INFO_SNR
11-20 22:39:47.638   646   646 E wificond: Failed to get NL80211_STA_INFO_CNAHLOAD
11-20 22:39:47.640   646   646 E wificond: Failed to get NL80211_RATE_INFO_NOISE
11-20 22:39:47.640   646   646 E wificond: Failed to get NL80211_RATE_INFO_SNR
11-20 22:39:47.640   646   646 E wificond: Failed to get NL80211_STA_INFO_CNAHLOAD
11-20 22:39:47.946  1057  8813 I chatty  : uid=1000(system) Binder:1057_1D expire 10 lines
11-20 22:39:48.977  1057  2347 I chatty  : uid=1000(system) Binder:1057_E expire 15 lines
11-20 22:39:49.816   646   646 E wificond: Failed to get NL80211_RATE_INFO_NOISE
11-20 22:39:49.816   646   646 E wificond: Failed to get NL80211_RATE_INFO_SNR
11-20 22:39:49.816   646   646 E wificond: Failed to get NL80211_STA_INFO_CNAHLOAD
11-20 22:39:50.011  1057  6586 I chatty  : uid=1000(system) Binder:1057_17 expire 10 lines
11-20 22:39:52.829   646   646 E wificond: Failed to get NL80211_RATE_INFO_NOISE
11-20 22:39:52.829   646   646 E wificond: Failed to get NL80211_RATE_INFO_SNR
11-20 22:39:52.829   646   646 E wificond: Failed to get NL80211_STA_INFO_CNAHLOAD
11-20 22:39:55.649   646   646 E wificond: Failed to get NL80211_RATE_INFO_NOISE
11-20 22:39:55.649   646   646 E wificond: Failed to get NL80211_RATE_INFO_SNR
11-20 22:39:55.649   646   646 E wificond: Failed to get NL80211_STA_INFO_CNAHLOAD
11-20 22:39:55.652   646   646 E wificond: Failed to get NL80211_RATE_INFO_NOISE
11-20 22:39:55.652   646   646 E wificond: Failed to get NL80211_RATE_INFO_SNR
11-20 22:39:55.652   646   646 E wificond: Failed to get NL80211_STA_INFO_CNAHLOAD
11-20 22:39:55.834   646   646 E wificond: Failed to get NL80211_RATE_INFO_NOISE
11-20 22:39:55.834   646   646 E wificond: Failed to get NL80211_RATE_INFO_SNR
11-20 22:39:55.834   646   646 E wificond: Failed to get NL80211_STA_INFO_CNAHLOAD
11-20 22:39:56.798  1057  1459 I chatty  : uid=1000(system) InputDispatcher expire 31 lines
11-20 22:39:57.498  1057  1057 I chatty  : uid=1000 system_server expire 6 lines
11-20 22:39:58.027  1057  1500 I chatty  : uid=1000(system) AudioService expire 2 lines
11-20 22:39:58.851   646   646 E wificond: Failed to get NL80211_RATE_INFO_NOISE
11-20 22:39:58.851   646   646 E wificond: Failed to get NL80211_RATE_INFO_SNR
11-20 22:39:58.851   646   646 E wificond: Failed to get NL80211_STA_INFO_CNAHLOAD
11-20 22:40:01.866   646   646 E wificond: Failed to get NL80211_RATE_INFO_NOISE
11-20 22:40:01.866   646   646 E wificond: Failed to get NL80211_RATE_INFO_SNR
11-20 22:40:01.866   646   646 E wificond: Failed to get NL80211_STA_INFO_CNAHLOAD
11-20 22:40:03.270  1057  2347 I chatty  : uid=1000(system) Binder:1057_E expire 2 lines
11-20 22:40:03.662   646   646 E wificond: Failed to get NL80211_RATE_INFO_NOISE
11-20 22:40:03.662   646   646 E wificond: Failed to get NL80211_RATE_INFO_SNR
11-20 22:40:03.662   646   646 E wificond: Failed to get NL80211_STA_INFO_CNAHLOAD
11-20 22:40:03.665   646   646 E wificond: Failed to get NL80211_RATE_INFO_NOISE
11-20 22:40:03.665   646   646 E wificond: Failed to get NL80211_RATE_INFO_SNR
11-20 22:40:03.665   646   646 E wificond: Failed to get NL80211_STA_INFO_CNAHLOAD
11-20 22:40:04.401  1057  1412 I chatty  : uid=1000(system) UEventObserver expire 3 lines
11-20 22:40:04.423  9572  9572 W ContextImpl: Calling a method in the system process without a qualified user: android.app.ContextImpl.startService:1692 android.content.ContextWrapper.startService:650 com.huawei.vision.server.policy.PhoneState.doPolicyThingStop:103 com.huawei.vision.server.policy.PhoneStateReceiver.startOrStopVisionService:150 com.huawei.vision.server.policy.PhoneStateReceiver.access$200:18 
11-20 22:40:04.461   536   544 W SocketListener: sending broadcast to Pid = 1057, Uid = 1000 
11-20 22:40:04.464  1057  1468 I chatty  : uid=1000(system) NetdConnector expire 2 lines
11-20 22:40:04.467  1057  1200 I chatty  : uid=1000(system) android.fg expire 1 line
11-20 22:40:04.472  1057  6586 I chatty  : uid=1000(system) Binder:1057_17 expire 5 lines
11-20 22:40:04.881   646   646 E wificond: Failed to get NL80211_RATE_INFO_NOISE
11-20 22:40:04.881   646   646 E wificond: Failed to get NL80211_RATE_INFO_SNR
11-20 22:40:04.881   646   646 E wificond: Failed to get NL80211_STA_INFO_CNAHLOAD
11-20 22:40:06.035  1057  1696 I chatty  : uid=1000(system) watchdog expire 1 line
11-20 22:40:07.415  1057  8813 I chatty  : uid=1000(system) Binder:1057_1D expire 10 lines
11-20 22:40:07.898   646   646 E wificond: Failed to get NL80211_RATE_INFO_NOISE
11-20 22:40:07.898   646   646 E wificond: Failed to get NL80211_RATE_INFO_SNR
11-20 22:40:07.898   646   646 E wificond: Failed to get NL80211_STA_INFO_CNAHLOAD
11-20 22:40:07.914  1057  1459 I chatty  : uid=1000(system) InputDispatcher expire 36 lines
11-20 22:40:10.563  1057  6586 I chatty  : uid=1000(system) Binder:1057_17 expire 5 lines
11-20 22:40:10.917   646   646 E wificond: Failed to get NL80211_RATE_INFO_NOISE
11-20 22:40:10.917   646   646 E wificond: Failed to get NL80211_RATE_INFO_SNR
11-20 22:40:10.917   646   646 E wificond: Failed to get NL80211_STA_INFO_CNAHLOAD
11-20 22:40:11.661   646   646 E wificond: Failed to get NL80211_RATE_INFO_NOISE
11-20 22:40:11.662   646   646 E wificond: Failed to get NL80211_RATE_INFO_SNR
11-20 22:40:11.662   646   646 E wificond: Failed to get NL80211_STA_INFO_CNAHLOAD
11-20 22:40:11.664   646   646 E wificond: Failed to get NL80211_RATE_INFO_NOISE
11-20 22:40:11.664   646   646 E wificond: Failed to get NL80211_RATE_INFO_SNR
11-20 22:40:11.664   646   646 E wificond: Failed to get NL80211_STA_INFO_CNAHLOAD
11-20 22:40:13.937   646   646 E wificond: Failed to get NL80211_RATE_INFO_NOISE
11-20 22:40:13.937   646   646 E wificond: Failed to get NL80211_RATE_INFO_SNR
11-20 22:40:13.937   646   646 E wificond: Failed to get NL80211_STA_INFO_CNAHLOAD
11-20 22:40:14.957   536   550 W SocketListener: sending broadcast to Pid = 1057, Uid = 1000 
11-20 22:40:14.961  1057  1468 I chatty  : uid=1000(system) NetdConnector expire 4 lines
11-20 22:40:14.969  1057  1200 I chatty  : uid=1000(system) android.fg expire 3 lines
11-20 22:40:15.079   536   544 W SocketListener: sending broadcast to Pid = 1057, Uid = 1000 
11-20 22:40:15.094  1057  2347 I chatty  : uid=1000(system) Binder:1057_E expire 13 lines
11-20 22:40:16.951   646   646 E wificond: Failed to get NL80211_RATE_INFO_NOISE
11-20 22:40:16.951   646   646 E wificond: Failed to get NL80211_RATE_INFO_SNR
11-20 22:40:16.951   646   646 E wificond: Failed to get NL80211_STA_INFO_CNAHLOAD
11-20 22:40:19.673   646   646 E wificond: Failed to get NL80211_RATE_INFO_NOISE
11-20 22:40:19.673   646   646 E wificond: Failed to get NL80211_RATE_INFO_SNR
11-20 22:40:19.673   646   646 E wificond: Failed to get NL80211_STA_INFO_CNAHLOAD
11-20 22:40:19.677   646   646 E wificond: Failed to get NL80211_RATE_INFO_NOISE
11-20 22:40:19.677   646   646 E wificond: Failed to get NL80211_RATE_INFO_SNR
