11-20 22:23:53.465 21236 21236 D ActivityThread: Remove activity client record, r= ActivityRecord{b183b00 token=android.os.BinderProxy@7e91191 {com.netease.play/com.netease.play.livepage.music.PlaylistViewerActivity}} token= android.os.BinderProxy@7e91191
11-20 22:23:57.779  9572  9572 W ContextImpl: Calling a method in the system process without a qualified user: android.app.ContextImpl.startService:1692 android.content.ContextWrapper.startService:650 com.huawei.vision.server.policy.PhoneState.doPolicyThingStop:103 com.huawei.vision.server.policy.PhoneStateReceiver.startOrStopVisionService:150 com.huawei.vision.server.policy.PhoneStateReceiver.access$200:18 
11-20 22:23:59.543   646   646 I chatty  : uid=1010(wifi) /system/bin/wificond expire 18 lines
11-20 22:24:00.550  1057  2347 I chatty  : uid=1000(system) Binder:1057_E expire 28 lines
11-20 22:24:01.738  1601  8597 I CommandQueue: updateBarBgColor
11-20 22:24:01.738  1601  8597 D CommandQueue: CommandQueue, setBarBackgroundColor
11-20 22:24:02.034  1057  1402 I chatty  : uid=1000(system) android.anim expire 20 lines
11-20 22:24:08.920  1057  2977 I chatty  : uid=1000(system) Binder:1057_10 expire 17 lines
11-20 22:24:09.598  1601  8597 I CommandQueue: updateBarBgColor
11-20 22:24:09.598  1601  8597 D CommandQueue: CommandQueue, setBarBackgroundColor
11-20 22:24:10.792   646   646 I chatty  : uid=1010(wifi) /system/bin/wificond expire 27 lines
11-20 22:24:15.085   536   550 W SocketListener: sending broadcast to Pid = 1057, Uid = 1000 
11-20 22:24:24.098  9572  9572 W ContextImpl: Calling a method in the system process without a qualified user: android.app.ContextImpl.startService:1692 android.content.ContextWrapper.startService:650 com.huawei.vision.server.policy.PhoneState.doPolicyThingStop:103 com.huawei.vision.server.policy.PhoneStateReceiver.startOrStopVisionService:150 com.huawei.vision.server.policy.PhoneStateReceiver.access$200:18 
11-20 22:24:26.681   646   646 I chatty  : uid=1010(wifi) /system/bin/wificond expire 39 lines
11-20 22:24:27.977  9572  9572 W ContextImpl: Calling a method in the system process without a qualified user: android.app.ContextImpl.startService:1692 android.content.ContextWrapper.startService:650 com.huawei.vision.server.policy.PhoneState.doPolicyThingStop:103 com.huawei.vision.server.policy.PhoneStateReceiver.startOrStopVisionService:150 com.huawei.vision.server.policy.PhoneStateReceiver.access$200:18 
11-20 22:24:33.902  1057  6586 I chatty  : uid=1000(system) Binder:1057_17 expire 10 lines
11-20 22:24:45.166   536   550 W SocketListener: sending broadcast to Pid = 1057, Uid = 1000 
11-20 22:24:47.795   646   646 I chatty  : uid=1010(wifi) /system/bin/wificond expire 54 lines
11-20 22:24:58.184  9572  9572 I chatty  : uid=1000(system) com.huawei.vision.server expire 7 lines
11-20 22:25:15.246   536   550 W SocketListener: sending broadcast to Pid = 1057, Uid = 1000 
11-20 22:25:17.963   646   646 I chatty  : uid=1010(wifi) /system/bin/wificond expire 18 lines
11-20 22:25:27.977  1057  2347 I chatty  : uid=1000(system) Binder:1057_E expire 27 lines
11-20 22:25:28.043  1601  1614 I CommandQueue: updateBarBgColor
11-20 22:25:28.043  1601  1614 D CommandQueue: CommandQueue, setBarBackgroundColor
11-20 22:25:28.221  1057  1189 I chatty  : uid=1000(system) ActivityManager expire 3 lines
11-20 22:25:28.384  1057  1057 I chatty  : uid=1000 system_server expire 11 lines
11-20 22:25:28.780  1601  7342 I CommandQueue: updateBarBgColor
11-20 22:25:28.781  1601  7342 D CommandQueue: CommandQueue, setBarBackgroundColor
11-20 22:25:29.074  1057  1402 I chatty  : uid=1000(system) android.anim expire 12 lines
11-20 22:25:29.276  1057  1459 I chatty  : uid=1000(system) InputDispatcher expire 77 lines
11-20 22:25:30.034   646   646 I chatty  : uid=1010(wifi) /system/bin/wificond expire 27 lines
11-20 22:25:30.612   536   546 W SocketListener: sending broadcast to Pid = 1057, Uid = 1000 
11-20 22:25:30.626  1057  1470 I chatty  : uid=1000(system) NetworkStats expire 10 lines
11-20 22:25:37.741   393   393 D ActivityThread: Attach thread to application
11-20 22:25:37.963   393   431 D ActivityThread: Loading provider mediacenter: com.android.mediacenter.data.db.provider.MediaCenterProvider
11-20 22:25:37.966   393   430 D ActivityThread: Loading provider mediacenter: com.android.mediacenter.data.db.provider.MediaCenterProvider
11-20 22:25:37.967   393   420 D ActivityThread: Loading provider mediacenter: com.android.mediacenter.data.db.provider.MediaCenterProvider
11-20 22:25:37.980  1057  8813 I chatty  : uid=1000(system) Binder:1057_1D expire 10 lines
11-20 22:25:41.738  1057  6586 I chatty  : uid=1000(system) Binder:1057_17 expire 24 lines
11-20 22:25:42.379  1601  1614 I CommandQueue: updateBarBgColor
11-20 22:25:42.380  1601  1614 D CommandQueue: CommandQueue, setBarBackgroundColor
11-20 22:25:45.077  1057  1057 I chatty  : uid=1000 system_server expire 25 lines
11-20 22:25:45.112   646   646 I chatty  : uid=1010(wifi) /system/bin/wificond expire 24 lines
11-20 22:25:45.117  1057  1113 I chatty  : uid=1000(system) Binder:1057_1 expire 21 lines
11-20 22:25:45.325   536   550 W SocketListener: sending broadcast to Pid = 1057, Uid = 1000 
11-20 22:25:45.330  1057  1468 I chatty  : uid=1000(system) NetdConnector expire 10 lines
11-20 22:25:45.592  1057  1500 I chatty  : uid=1000(system) AudioService expire 2 lines
11-20 22:25:47.165 21236 21236 W ViewRootImpl[PopupWindow:f5b7443]: hasFocus:false, stopped:false, isAmbientModefalse, pausedForTransitionfalse
11-20 22:25:47.166 21236 21236 W ViewRootImpl[PopupWindow:f5b7443]: Cancelling event due to no window focus: KeyEvent { action=ACTION_UP, keyCode=KEYCODE_DPAD_RIGHT, scanCode=0, metaState=0, flags=0x28, hwFlags=0xff010106, repeatCount=0, eventTime=156355245, downTime=156355245, deviceId=-1, source=0x101 }
11-20 22:25:47.166 21236 21236 W ViewRootImpl[PopupWindow:f5b7443]: hasFocus:false, stopped:false, isAmbientModefalse, pausedForTransitionfalse
11-20 22:25:47.166 21236 21236 W ViewRootImpl[PopupWindow:f5b7443]: Cancelling event due to no window focus: KeyEvent { action=ACTION_UP, keyCode=KEYCODE_DPAD_RIGHT, scanCode=0, metaState=0, flags=0x28, hwFlags=0xff010106, repeatCount=0, eventTime=156355245, downTime=156355245, deviceId=-1, source=0x101 }
11-20 22:25:47.166 21236 21236 W ViewRootImpl[PopupWindow:f5b7443]: hasFocus:false, stopped:false, isAmbientModefalse, pausedForTransitionfalse
11-20 22:25:47.166 21236 21236 W ViewRootImpl[PopupWindow:f5b7443]: Cancelling event due to no window focus: KeyEvent { action=ACTION_UP, keyCode=KEYCODE_DPAD_RIGHT, scanCode=0, metaState=0, flags=0x28, hwFlags=0xff010106, repeatCount=0, eventTime=156355245, downTime=156355245, deviceId=-1, source=0x101 }
11-20 22:25:47.166 21236 21236 W ViewRootImpl[PopupWindow:f5b7443]: hasFocus:false, stopped:false, isAmbientModefalse, pausedForTransitionfalse
11-20 22:25:47.166 21236 21236 W ViewRootImpl[PopupWindow:f5b7443]: Cancelling event due to no window focus: KeyEvent { action=ACTION_UP, keyCode=KEYCODE_DPAD_RIGHT, scanCode=0, metaState=0, flags=0x28, hwFlags=0xff010106, repeatCount=0, eventTime=156355245, downTime=156355245, deviceId=-1, source=0x101 }
11-20 22:25:47.166 21236 21236 W ViewRootImpl[PopupWindow:f5b7443]: hasFocus:false, stopped:false, isAmbientModefalse, pausedForTransitionfalse
11-20 22:25:47.167 21236 21236 W ViewRootImpl[PopupWindow:f5b7443]: Cancelling event due to no window focus: KeyEvent { action=ACTION_UP, keyCode=KEYCODE_DPAD_RIGHT, scanCode=0, metaState=0, flags=0x28, hwFlags=0xff010106, repeatCount=0, eventTime=156355245, downTime=156355245, deviceId=-1, source=0x101 }
11-20 22:25:47.167 21236 21236 W ViewRootImpl[PopupWindow:f5b7443]: hasFocus:false, stopped:false, isAmbientModefalse, pausedForTransitionfalse
11-20 22:25:47.167 21236 21236 W ViewRootImpl[PopupWindow:f5b7443]: Cancelling event due to no window focus: KeyEvent { action=ACTION_UP, keyCode=KEYCODE_DPAD_RIGHT, scanCode=0, metaState=0, flags=0x28, hwFlags=0xff010106, repeatCount=0, eventTime=156355245, downTime=156355245, deviceId=-1, source=0x101 }
11-20 22:25:47.167 21236 21236 W ViewRootImpl[PopupWindow:f5b7443]: hasFocus:false, stopped:false, isAmbientModefalse, pausedForTransitionfalse
11-20 22:25:47.167 21236 21236 W ViewRootImpl[PopupWindow:f5b7443]: Cancelling event due to no window focus: KeyEvent { action=ACTION_UP, keyCode=KEYCODE_DPAD_RIGHT, scanCode=0, metaState=0, flags=0x28, hwFlags=0xff010106, repeatCount=0, eventTime=156355245, downTime=156355245, deviceId=-1, source=0x101 }
11-20 22:25:47.167 21236 21236 W ViewRootImpl[PopupWindow:f5b7443]: hasFocus:false, stopped:false, isAmbientModefalse, pausedForTransitionfalse
11-20 22:25:47.167 21236 21236 W ViewRootImpl[PopupWindow:f5b7443]: Cancelling event due to no window focus: KeyEvent { action=ACTION_UP, keyCode=KEYCODE_DPAD_RIGHT, scanCode=0, metaState=0, flags=0x28, hwFlags=0xff010106, repeatCount=0, eventTime=156355245, downTime=156355245, deviceId=-1, source=0x101 }
11-20 22:25:47.167 21236 21236 W ViewRootImpl[PopupWindow:f5b7443]: hasFocus:false, stopped:false, isAmbientModefalse, pausedForTransitionfalse
11-20 22:25:47.168 21236 21236 W ViewRootImpl[PopupWindow:f5b7443]: Cancelling event due to no window focus: KeyEvent { action=ACTION_UP, keyCode=KEYCODE_DPAD_RIGHT, scanCode=0, metaState=0, flags=0x28, hwFlags=0xff010106, repeatCount=0, eventTime=156355245, downTime=156355245, deviceId=-1, source=0x101 }
11-20 22:25:48.241  1601  1614 I CommandQueue: updateBarBgColor
11-20 22:25:48.241  1601  1614 D CommandQueue: CommandQueue, setBarBackgroundColor
11-20 22:25:49.318  1601  1614 I CommandQueue: updateBarBgColor
11-20 22:25:49.318  1601  1614 D CommandQueue: CommandQueue, setBarBackgroundColor
11-20 22:25:51.911  1057  8813 I chatty  : uid=1000(system) Binder:1057_1D expire 19 lines
11-20 22:25:55.000  1057  1459 I chatty  : uid=1000(system) InputDispatcher expire 50 lines
11-20 22:25:56.096  1601  1614 I CommandQueue: updateBarBgColor
11-20 22:25:56.096  1601  1614 D CommandQueue: CommandQueue, setBarBackgroundColor
11-20 22:25:56.389  1057  1402 I chatty  : uid=1000(system) android.anim expire 16 lines
11-20 22:25:57.169   646   646 I chatty  : uid=1010(wifi) /system/bin/wificond expire 33 lines
11-20 22:25:58.579  1057  1412 I chatty  : uid=1000(system) UEventObserver expire 9 lines
11-20 22:26:03.256   536   546 W SocketListener: sending broadcast to Pid = 1057, Uid = 1000 
11-20 22:26:03.261  1057  1200 I chatty  : uid=1000(system) android.fg expire 17 lines
11-20 22:26:04.585 21236 21236 V ActivityThread: Skipping new config:{1.0 ?mcc?mnc [zh_CN_#Hans] ldltr sw360dp w360dp h750dp 480dpi nrml long hdr port finger -keyb/v/h -nav/h appBounds=Rect(0, 0 - 1080, 2340) nonFullScreen=0 suim:1 s.339}, config:{1.0 ?mcc?mnc [zh_CN_#Hans] ldltr sw360dp w360dp h750dp 480dpi nrml long hdr port finger -keyb/v/h -nav/h appBounds=Rect(0, 0 - 1080, 2340) nonFullScreen=0 suim:1 s.339} for app:com.netease.play
11-20 22:26:04.589 21236 21236 V ActivityThread: callActivityOnCreate
11-20 22:26:04.605  1057  1490 I chatty  : uid=1000(system) ConnectivitySer expire 6 lines
11-20 22:26:04.661 21236 21236 D ActivityThread: add activity client record, r= ActivityRecord{c5442a9 token=android.os.BinderProxy@1acada6 {com.netease.play/com.netease.play.webview.WebviewActivity}} token= android.os.BinderProxy@1acada6
11-20 22:26:04.671  1057  1203 I chatty  : uid=1000(system) HwGameAssistant expire 2 lines
11-20 22:26:04.671  1057  1186 I chatty  : uid=1000(system) HwActivityManag expire 2 lines
11-20 22:26:04.685   961   961 D ActivityThread: Attach thread to application
11-20 22:26:04.701  1057  2977 I chatty  : uid=1000(system) Binder:1057_10 expire 5 lines
11-20 22:26:04.759  1057  1202 I chatty  : uid=1000(system) android.display expire 1 line
11-20 22:26:05.983  1057  1696 I chatty  : uid=1000(system) watchdog expire 12 lines
11-20 22:26:12.916  1057  1456 I chatty  : uid=1000(system) GestureNavManag expire 2 lines
11-20 22:26:14.574  1057  8813 I chatty  : uid=1000(system) Binder:1057_1D expire 35 lines
11-20 22:26:15.405   536   550 W SocketListener: sending broadcast to Pid = 1057, Uid = 1000 
11-20 22:26:16.867  1601  1615 I CommandQueue: updateBarBgColor
11-20 22:26:16.867  1601  1615 D CommandQueue: CommandQueue, setBarBackgroundColor
11-20 22:26:18.278   646   646 I chatty  : uid=1010(wifi) /system/bin/wificond expire 54 lines
11-20 22:26:19.675  1057  1459 I chatty  : uid=1000(system) InputDispatcher expire 24 lines
11-20 22:26:19.824  1057  1113 I chatty  : uid=1000(system) Binder:1057_1 expire 12 lines
11-20 22:26:19.943 21236 21236 D ActivityThread: Remove activity client record, r= ActivityRecord{c5442a9 token=android.os.BinderProxy@1acada6 {com.netease.play/com.netease.play.webview.WebviewActivity}} token= android.os.BinderProxy@1acada6
11-20 22:26:19.983  1057  1195 I chatty  : uid=1000(system) batterystats-wo expire 1 line
11-20 22:26:26.455  1057  1190 I chatty  : uid=1000(system) android.ui expire 32 lines
11-20 22:26:26.474  1057  7360 I chatty  : uid=1000(system) Binder:1057_1B expire 9 lines
11-20 22:26:45.485   536   550 W SocketListener: sending broadcast to Pid = 1057, Uid = 1000 
11-20 22:26:45.487  1057  1468 I chatty  : uid=1000(system) NetdConnector expire 12 lines
11-20 22:26:48.451   646   646 I chatty  : uid=1010(wifi) /system/bin/wificond expire 24 lines
11-20 22:27:00.510   646   646 I chatty  : uid=1010(wifi) /system/bin/wificond expire 27 lines
11-20 22:27:04.359  1057  1205 I chatty  : uid=1000(system) PowerManagerSer expire 19 lines
11-20 22:27:15.565   536   550 W SocketListener: sending broadcast to Pid = 1057, Uid = 1000 
11-20 22:27:15.585   646   646 I chatty  : uid=1010(wifi) /system/bin/wificond expire 21 lines
11-20 22:27:24.082  1057  2977 I chatty  : uid=1000(system) Binder:1057_10 expire 10 lines
11-20 22:27:24.099  9572  9572 W ContextImpl: Calling a method in the system process without a qualified user: android.app.ContextImpl.startService:1692 android.content.ContextWrapper.startService:650 com.huawei.vision.server.policy.PhoneState.doPolicyThingStop:103 com.huawei.vision.server.policy.PhoneStateReceiver.startOrStopVisionService:150 com.huawei.vision.server.policy.PhoneStateReceiver.access$200:18 
11-20 22:27:29.194  1057  1412 I chatty  : uid=1000(system) UEventObserver expire 12 lines
11-20 22:27:29.211  1057  8813 I chatty  : uid=1000(system) Binder:1057_1D expire 9 lines
11-20 22:27:29.229  9572  9572 W ContextImpl: Calling a method in the system process without a qualified user: android.app.ContextImpl.startService:1692 android.content.ContextWrapper.startService:650 com.huawei.vision.server.policy.PhoneState.doPolicyThingStop:103 com.huawei.vision.server.policy.PhoneStateReceiver.startOrStopVisionService:150 com.huawei.vision.server.policy.PhoneStateReceiver.access$200:18 
11-20 22:27:30.669   646   646 I chatty  : uid=1010(wifi) /system/bin/wificond expire 27 lines
11-20 22:27:33.758  1057  1205 I chatty  : uid=1000(system) PowerManagerSer expire 13 lines
11-20 22:27:45.646   536   550 W SocketListener: sending broadcast to Pid = 1057, Uid = 1000 
11-20 22:27:45.752   646   646 I chatty  : uid=1010(wifi) /system/bin/wificond expire 27 lines
11-20 22:27:56.319  1057  1205 I chatty  : uid=1000(system) PowerManagerSer expire 4 lines
11-20 22:27:59.449  9572  9572 W ContextImpl: Calling a method in the system process without a qualified user: android.app.ContextImpl.startService:1692 android.content.ContextWrapper.startService:650 com.huawei.vision.server.policy.PhoneState.doPolicyThingStop:103 com.huawei.vision.server.policy.PhoneStateReceiver.startOrStopVisionService:150 com.huawei.vision.server.policy.PhoneStateReceiver.access$200:18 
11-20 22:28:00.833   646   646 I chatty  : uid=1010(wifi) /system/bin/wificond expire 42 lines
11-20 22:28:24.105  9572  9572 W ContextImpl: Calling a method in the system process without a qualified user: android.app.ContextImpl.startService:1692 android.content.ContextWrapper.startService:650 com.huawei.vision.server.policy.PhoneState.doPolicyThingStop:103 com.huawei.vision.server.policy.PhoneStateReceiver.startOrStopVisionService:150 com.huawei.vision.server.policy.PhoneStateReceiver.access$200:18 
11-20 22:28:24.975   646   646 I chatty  : uid=1010(wifi) /system/bin/wificond expire 30 lines
11-20 22:28:29.627  1057  7360 I chatty  : uid=1000(system) Binder:1057_1B expire 10 lines
11-20 22:28:29.637  1057  1057 I chatty  : uid=1000 system_server expire 10 lines
11-20 22:28:29.645  9572  9572 W ContextImpl: Calling a method in the system process without a qualified user: android.app.ContextImpl.startService:1692 android.content.ContextWrapper.startService:650 com.huawei.vision.server.policy.PhoneState.doPolicyThingStop:103 com.huawei.vision.server.policy.PhoneStateReceiver.startOrStopVisionService:150 com.huawei.vision.server.policy.PhoneStateReceiver.access$200:18 
11-20 22:28:41.901   536   550 W SocketListener: sending broadcast to Pid = 1057, Uid = 1000 
11-20 22:28:43.042   646   646 I chatty  : uid=1010(wifi) /system/bin/wificond expire 36 lines
11-20 22:28:59.847  9572  9572 W ContextImpl: Calling a method in the system process without a qualified user: android.app.ContextImpl.startService:1692 android.content.ContextWrapper.startService:650 com.huawei.vision.server.policy.PhoneState.doPolicyThingStop:103 com.huawei.vision.server.policy.PhoneStateReceiver.startOrStopVisionService:150 com.huawei.vision.server.policy.PhoneStateReceiver.access$200:18 
11-20 22:29:01.182   646   646 I chatty  : uid=1010(wifi) /system/bin/wificond expire 42 lines
11-20 22:29:24.101  9572  9572 W ContextImpl: Calling a method in the system process without a qualified user: android.app.ContextImpl.startService:1692 android.content.ContextWrapper.startService:650 com.huawei.vision.server.policy.PhoneState.doPolicyThingStop:103 com.huawei.vision.server.policy.PhoneStateReceiver.startOrStopVisionService:150 com.huawei.vision.server.policy.PhoneStateReceiver.access$200:18 
11-20 22:29:25.325   646   646 I chatty  : uid=1010(wifi) /system/bin/wificond expire 30 lines
11-20 22:29:30.030  1057  1412 I chatty  : uid=1000(system) UEventObserver expire 12 lines
11-20 22:29:30.054  9572  9572 W ContextImpl: Calling a method in the system process without a qualified user: android.app.ContextImpl.startService:1692 android.content.ContextWrapper.startService:650 com.huawei.vision.server.policy.PhoneState.doPolicyThingStop:103 com.huawei.vision.server.policy.PhoneStateReceiver.startOrStopVisionService:150 com.huawei.vision.server.policy.PhoneStateReceiver.access$200:18 
11-20 22:29:42.093   536   550 W SocketListener: sending broadcast to Pid = 1057, Uid = 1000 
11-20 22:29:43.429   646   646 I chatty  : uid=1010(wifi) /system/bin/wificond expire 30 lines
11-20 22:29:54.581  1057  1195 I chatty  : uid=1000(system) batterystats-wo expire 2 lines
11-20 22:30:00.005  1057  1057 I chatty  : uid=1000 system_server expire 11 lines
11-20 22:30:00.263  9572  9572 W ContextImpl: Calling a method in the system process without a qualified user: android.app.ContextImpl.startService:1692 android.content.ContextWrapper.startService:650 com.huawei.vision.server.policy.PhoneState.doPolicyThingStop:103 com.huawei.vision.server.policy.PhoneStateReceiver.startOrStopVisionService:150 com.huawei.vision.server.policy.PhoneStateReceiver.access$200:18 
11-20 22:30:01.532   646   646 I chatty  : uid=1010(wifi) /system/bin/wificond expire 30 lines
11-20 22:30:01.767  1057  1189 I chatty  : uid=1000(system) ActivityManager expire 1 line
11-20 22:30:09.277  1057  1544 I chatty  : uid=1000(system) StatisticsCHRMs expire 4 lines
11-20 22:30:12.378  1057  2977 I chatty  : uid=1000(system) Binder:1057_10 expire 10 lines
11-20 22:30:18.350   536   544 W SocketListener: sending broadcast to Pid = 1057, Uid = 1000 
11-20 22:30:18.359  1057  1200 I chatty  : uid=1000(system) android.fg expire 8 lines
11-20 22:30:18.680   536   544 W SocketListener: sending broadcast to Pid = 1057, Uid = 1000 
11-20 22:30:18.683  1057  1468 I chatty  : uid=1000(system) NetdConnector expire 10 lines
11-20 22:30:19.140   646   646 I chatty  : uid=1010(wifi) /system/bin/wificond expire 24 lines
11-20 22:30:24.101  9572  9572 W ContextImpl: Calling a method in the system process without a qualified user: android.app.ContextImpl.startService:1692 android.content.ContextWrapper.startService:650 com.huawei.vision.server.policy.PhoneState.doPolicyThingStop:103 com.huawei.vision.server.policy.PhoneStateReceiver.startOrStopVisionService:150 com.huawei.vision.server.policy.PhoneStateReceiver.access$200:18 
11-20 22:30:30.483  9572  9572 W ContextImpl: Calling a method in the system process without a qualified user: android.app.ContextImpl.startService:1692 android.content.ContextWrapper.startService:650 com.huawei.vision.server.policy.PhoneState.doPolicyThingStop:103 com.huawei.vision.server.policy.PhoneStateReceiver.startOrStopVisionService:150 com.huawei.vision.server.policy.PhoneStateReceiver.access$200:18 
11-20 22:30:31.709   646   646 I chatty  : uid=1010(wifi) /system/bin/wificond expire 18 lines
11-20 22:30:36.387   644   713 E /system/bin/storaged: pid_info get_pids failed
11-20 22:30:39.505  1057  1474 I chatty  : uid=1000(system) WifiStateMachin expire 1 line
11-20 22:30:39.512  1057  1485 I chatty  : uid=1000(system) WifiScanningSer expire 2 lines
11-20 22:30:40.693   536   545 W SocketListener: sending broadcast to Pid = 1057, Uid = 1000 
11-20 22:30:42.285   536   550 W SocketListener: sending broadcast to Pid = 1057, Uid = 1000 
11-20 22:30:43.163   646   646 I chatty  : uid=1010(wifi) /system/bin/wificond expire 24 lines
11-20 22:30:44.702  1057  1185 I chatty  : uid=1000(system) android.bg expire 1 line
11-20 22:30:44.781  1057  1113 I chatty  : uid=1000(system) Binder:1057_1 expire 2 lines
11-20 22:30:44.879  1057  2347 I chatty  : uid=1000(system) Binder:1057_E expire 1 line
11-20 22:30:54.469   536   545 W SocketListener: sending broadcast to Pid = 1057, Uid = 1000 
11-20 22:30:54.546  1057  7360 I chatty  : uid=1000(system) Binder:1057_1B expire 6 lines
11-20 22:30:54.773  1057  1707 I chatty  : uid=1000(system) LocationThread expire 6 lines
11-20 22:30:54.783  1057  1276 I chatty  : uid=1000 system_server expire 2 lines
11-20 22:30:54.791  1057  1277 I chatty  : uid=1000 system_server expire 1 line
11-20 22:30:55.834   646   646 I chatty  : uid=1010(wifi) /system/bin/wificond expire 54 lines
11-20 22:31:00.003  1057  1057 I chatty  : uid=1000 system_server expire 8 lines
11-20 22:31:00.220  1057  6586 I chatty  : uid=1000(system) Binder:1057_17 expire 3 lines
11-20 22:31:00.684  9572  9572 W ContextImpl: Calling a method in the system process without a qualified user: android.app.ContextImpl.startService:1692 android.content.ContextWrapper.startService:650 com.huawei.vision.server.policy.PhoneState.doPolicyThingStop:103 com.huawei.vision.server.policy.PhoneStateReceiver.startOrStopVisionService:150 com.huawei.vision.server.policy.PhoneStateReceiver.access$200:18 
11-20 22:31:24.101  9572  9572 W ContextImpl: Calling a method in the system process without a qualified user: android.app.ContextImpl.startService:1692 android.content.ContextWrapper.startService:650 com.huawei.vision.server.policy.PhoneState.doPolicyThingStop:103 com.huawei.vision.server.policy.PhoneStateReceiver.startOrStopVisionService:150 com.huawei.vision.server.policy.PhoneStateReceiver.access$200:18 
11-20 22:31:26.015   646   646 I chatty  : uid=1010(wifi) /system/bin/wificond expire 30 lines
11-20 22:31:30.865  1057  1412 I chatty  : uid=1000(system) UEventObserver expire 15 lines
11-20 22:31:30.897  9572  9572 W ContextImpl: Calling a method in the system process without a qualified user: android.app.ContextImpl.startService:1692 android.content.ContextWrapper.startService:650 com.huawei.vision.server.policy.PhoneState.doPolicyThingStop:103 com.huawei.vision.server.policy.PhoneStateReceiver.startOrStopVisionService:150 com.huawei.vision.server.policy.PhoneStateReceiver.access$200:18 
11-20 22:31:42.446   536   550 W SocketListener: sending broadcast to Pid = 1057, Uid = 1000 
11-20 22:31:42.450  1057  1468 I chatty  : uid=1000(system) NetdConnector expire 6 lines
11-20 22:31:42.470  1057  1200 I chatty  : uid=1000(system) android.fg expire 8 lines
11-20 22:31:44.120   646   646 I chatty  : uid=1010(wifi) /system/bin/wificond expire 30 lines
11-20 22:32:00.004  1057  1057 I chatty  : uid=1000 system_server expire 12 lines
11-20 22:32:00.168  1057  6586 I chatty  : uid=1000(system) Binder:1057_17 expire 2 lines
11-20 22:32:01.096  9572  9572 W ContextImpl: Calling a method in the system process without a qualified user: android.app.ContextImpl.startService:1692 android.content.ContextWrapper.startService:650 com.huawei.vision.server.policy.PhoneState.doPolicyThingStop:103 com.huawei.vision.server.policy.PhoneStateReceiver.startOrStopVisionService:150 com.huawei.vision.server.policy.PhoneStateReceiver.access$200:18 
11-20 22:32:02.227   646   646 I chatty  : uid=1010(wifi) /system/bin/wificond expire 42 lines
11-20 22:32:02.559  1057  1205 I chatty  : uid=1000(system) PowerManagerSer expire 15 lines
11-20 22:32:06.007  1057  1696 I chatty  : uid=1000(system) watchdog expire 4 lines
11-20 22:32:24.078  1057  1840 I chatty  : uid=1000(system) Binder:1057_A expire 2 lines
11-20 22:32:24.098  9572  9572 W ContextImpl: Calling a method in the system process without a qualified user: android.app.ContextImpl.startService:1692 android.content.ContextWrapper.startService:650 com.huawei.vision.server.policy.PhoneState.doPolicyThingStop:103 com.huawei.vision.server.policy.PhoneStateReceiver.startOrStopVisionService:150 com.huawei.vision.server.policy.PhoneStateReceiver.access$200:18 
11-20 22:32:26.367   646   646 I chatty  : uid=1010(wifi) /system/bin/wificond expire 30 lines
11-20 22:32:31.309  9572  9572 W ContextImpl: Calling a method in the system process without a qualified user: android.app.ContextImpl.startService:1692 android.content.ContextWrapper.startService:650 com.huawei.vision.server.policy.PhoneState.doPolicyThingStop:103 com.huawei.vision.server.policy.PhoneStateReceiver.startOrStopVisionService:150 com.huawei.vision.server.policy.PhoneStateReceiver.access$200:18 
11-20 22:32:42.669   536   550 W SocketListener: sending broadcast to Pid = 1057, Uid = 1000 
11-20 22:32:43.251   646   646 I chatty  : uid=1010(wifi) /system/bin/wificond expire 36 lines
11-20 22:33:00.200  1057  7358 I chatty  : uid=1000(system) Binder:1057_19 expire 6 lines
11-20 22:33:01.523  9572  9572 W ContextImpl: Calling a method in the system process without a qualified user: android.app.ContextImpl.startService:1692 android.content.ContextWrapper.startService:650 com.huawei.vision.server.policy.PhoneState.doPolicyThingStop:103 com.huawei.vision.server.policy.PhoneStateReceiver.startOrStopVisionService:150 com.huawei.vision.server.policy.PhoneStateReceiver.access$200:18 
11-20 22:33:02.570   646   646 I chatty  : uid=1010(wifi) /system/bin/wificond expire 42 lines
11-20 22:33:19.857  1057  2347 I chatty  : uid=1000(system) Binder:1057_E expire 3 lines
11-20 22:33:24.087  1057  1057 I chatty  : uid=1000 system_server expire 4 lines
11-20 22:33:24.094  9572  9572 W ContextImpl: Calling a method in the system process without a qualified user: android.app.ContextImpl.startService:1692 android.content.ContextWrapper.startService:650 com.huawei.vision.server.policy.PhoneState.doPolicyThingStop:103 com.huawei.vision.server.policy.PhoneStateReceiver.startOrStopVisionService:150 com.huawei.vision.server.policy.PhoneStateReceiver.access$200:18 
11-20 22:33:26.706   646   646 I chatty  : uid=1010(wifi) /system/bin/wificond expire 30 lines
11-20 22:33:31.358  1057  1205 I chatty  : uid=1000(system) PowerManagerSer expire 237 lines
11-20 22:33:31.730  9572  9572 W ContextImpl: Calling a method in the system process without a qualified user: android.app.ContextImpl.startService:1692 android.content.ContextWrapper.startService:650 com.huawei.vision.server.policy.PhoneState.doPolicyThingStop:103 com.huawei.vision.server.policy.PhoneStateReceiver.startOrStopVisionService:150 com.huawei.vision.server.policy.PhoneStateReceiver.access$200:18 
11-20 22:33:42.893   536   550 W SocketListener: sending broadcast to Pid = 1057, Uid = 1000 
11-20 22:33:44.804   646   646 I chatty  : uid=1010(wifi) /system/bin/wificond expire 30 lines
11-20 22:33:53.919  1057  1205 I chatty  : uid=1000(system) PowerManagerSer expire 473 lines
11-20 22:33:57.394  1057  7358 I chatty  : uid=1000(system) Binder:1057_19 expire 2 lines
11-20 22:34:00.004  1057  1057 I chatty  : uid=1000 system_server expire 6 lines
11-20 22:34:00.085  1057  1840 I chatty  : uid=1000(system) Binder:1057_A expire 1 line
11-20 22:34:00.189  1057  2347 I chatty  : uid=1000(system) Binder:1057_E expire 2 lines
11-20 22:34:01.898  1057  1412 I chatty  : uid=1000(system) UEventObserver expire 3 lines
11-20 22:34:01.928  9572  9572 W ContextImpl: Calling a method in the system process without a qualified user: android.app.ContextImpl.startService:1692 android.content.ContextWrapper.startService:650 com.huawei.vision.server.policy.PhoneState.doPolicyThingStop:103 com.huawei.vision.server.policy.PhoneStateReceiver.startOrStopVisionService:150 com.huawei.vision.server.policy.PhoneStateReceiver.access$200:18 
11-20 22:34:02.904   646   646 I chatty  : uid=1010(wifi) /system/bin/wificond expire 42 lines
11-20 22:34:06.015  1057  1696 I chatty  : uid=1000(system) watchdog expire 1 line
11-20 22:34:24.079  1057  2347 I chatty  : uid=1000(system) Binder:1057_E expire 13 lines
11-20 22:34:24.089  1057  1057 I chatty  : uid=1000 system_server expire 10 lines
11-20 22:34:24.094  9572  9572 W ContextImpl: Calling a method in the system process without a qualified user: android.app.ContextImpl.startService:1692 android.content.ContextWrapper.startService:650 com.huawei.vision.server.policy.PhoneState.doPolicyThingStop:103 com.huawei.vision.server.policy.PhoneStateReceiver.startOrStopVisionService:150 com.huawei.vision.server.policy.PhoneStateReceiver.access$200:18 
11-20 22:34:27.044   646   646 I chatty  : uid=1010(wifi) /system/bin/wificond expire 2 lines
11-20 22:34:27.045   646   646 E wificond: Failed to get NL80211_STA_INFO_CNAHLOAD
11-20 22:34:27.347   646   646 E wificond: Failed to get NL80211_RATE_INFO_NOISE
11-20 22:34:27.347   646   646 E wificond: Failed to get NL80211_RATE_INFO_SNR
11-20 22:34:27.347   646   646 E wificond: Failed to get NL80211_STA_INFO_CNAHLOAD
11-20 22:34:27.350   646   646 E wificond: Failed to get NL80211_RATE_INFO_NOISE
11-20 22:34:27.350   646   646 E wificond: Failed to get NL80211_RATE_INFO_SNR
11-20 22:34:27.350   646   646 E wificond: Failed to get NL80211_STA_INFO_CNAHLOAD
11-20 22:34:30.062   646   646 E wificond: Failed to get NL80211_RATE_INFO_NOISE
11-20 22:34:30.063   646   646 E wificond: Failed to get NL80211_RATE_INFO_SNR
11-20 22:34:30.063   646   646 E wificond: Failed to get NL80211_STA_INFO_CNAHLOAD
11-20 22:34:32.107  1057  1412 I chatty  : uid=1000(system) UEventObserver expire 12 lines
11-20 22:34:32.138  9572  9572 W ContextImpl: Calling a method in the system process without a qualified user: android.app.ContextImpl.startService:1692 android.content.ContextWrapper.startService:650 com.huawei.vision.server.policy.PhoneState.doPolicyThingStop:103 com.huawei.vision.server.policy.PhoneStateReceiver.startOrStopVisionService:150 com.huawei.vision.server.policy.PhoneStateReceiver.access$200:18 
11-20 22:34:33.082   646   646 E wificond: Failed to get NL80211_RATE_INFO_NOISE
11-20 22:34:33.082   646   646 E wificond: Failed to get NL80211_RATE_INFO_SNR
11-20 22:34:33.082   646   646 E wificond: Failed to get NL80211_STA_INFO_CNAHLOAD
11-20 22:34:35.365   646   646 E wificond: Failed to get NL80211_RATE_INFO_NOISE
11-20 22:34:35.365   646   646 E wificond: Failed to get NL80211_RATE_INFO_SNR
11-20 22:34:35.365   646   646 E wificond: Failed to get NL80211_STA_INFO_CNAHLOAD
11-20 22:34:35.368   646   646 E wificond: Failed to get NL80211_RATE_INFO_NOISE
11-20 22:34:35.368   646   646 E wificond: Failed to get NL80211_RATE_INFO_SNR
11-20 22:34:35.368   646   646 E wificond: Failed to get NL80211_STA_INFO_CNAHLOAD
11-20 22:34:36.017  1057  1696 I chatty  : uid=1000(system) watchdog expire 4 lines
11-20 22:34:36.091   646   646 E wificond: Failed to get NL80211_RATE_INFO_NOISE
11-20 22:34:36.092   646   646 E wificond: Failed to get NL80211_RATE_INFO_SNR
11-20 22:34:36.092   646   646 E wificond: Failed to get NL80211_STA_INFO_CNAHLOAD
11-20 22:34:39.111   646   646 E wificond: Failed to get NL80211_RATE_INFO_NOISE
11-20 22:34:39.111   646   646 E wificond: Failed to get NL80211_RATE_INFO_SNR
11-20 22:34:39.111   646   646 E wificond: Failed to get NL80211_STA_INFO_CNAHLOAD
11-20 22:34:42.130   646   646 E wificond: Failed to get NL80211_RATE_INFO_NOISE
11-20 22:34:42.130   646   646 E wificond: Failed to get NL80211_RATE_INFO_SNR
11-20 22:34:42.130   646   646 E wificond: Failed to get NL80211_STA_INFO_CNAHLOAD
11-20 22:34:43.053   536   550 W SocketListener: sending broadcast to Pid = 1057, Uid = 1000 
11-20 22:34:43.058  1057  1468 I chatty  : uid=1000(system) NetdConnector expire 4 lines
11-20 22:34:43.067  1057  1200 I chatty  : uid=1000(system) android.fg expire 6 lines
11-20 22:34:43.368   646   646 E wificond: Failed to get NL80211_RATE_INFO_NOISE
11-20 22:34:43.368   646   646 E wificond: Failed to get NL80211_RATE_INFO_SNR
11-20 22:34:43.368   646   646 E wificond: Failed to get NL80211_STA_INFO_CNAHLOAD
11-20 22:34:43.371   646   646 E wificond: Failed to get NL80211_RATE_INFO_NOISE
11-20 22:34:43.371   646   646 E wificond: Failed to get NL80211_RATE_INFO_SNR
11-20 22:34:43.371   646   646 E wificond: Failed to get NL80211_STA_INFO_CNAHLOAD
11-20 22:34:45.148   646   646 E wificond: Failed to get NL80211_RATE_INFO_NOISE
11-20 22:34:45.148   646   646 E wificond: Failed to get NL80211_RATE_INFO_SNR
11-20 22:34:45.148   646   646 E wificond: Failed to get NL80211_STA_INFO_CNAHLOAD
11-20 22:34:48.169   646   646 E wificond: Failed to get NL80211_RATE_INFO_NOISE
11-20 22:34:48.169   646   646 E wificond: Failed to get NL80211_RATE_INFO_SNR
11-20 22:34:48.170   646   646 E wificond: Failed to get NL80211_STA_INFO_CNAHLOAD
11-20 22:34:51.188   646   646 E wificond: Failed to get NL80211_RATE_INFO_NOISE
11-20 22:34:51.188   646   646 E wificond: Failed to get NL80211_RATE_INFO_SNR
11-20 22:34:51.188   646   646 E wificond: Failed to get NL80211_STA_INFO_CNAHLOAD
11-20 22:34:51.371   646   646 E wificond: Failed to get NL80211_RATE_INFO_NOISE
11-20 22:34:51.371   646   646 E wificond: Failed to get NL80211_RATE_INFO_SNR
11-20 22:34:51.371   646   646 E wificond: Failed to get NL80211_STA_INFO_CNAHLOAD
11-20 22:34:51.374   646   646 E wificond: Failed to get NL80211_RATE_INFO_NOISE
11-20 22:34:51.374   646   646 E wificond: Failed to get NL80211_RATE_INFO_SNR
11-20 22:34:51.374   646   646 E wificond: Failed to get NL80211_STA_INFO_CNAHLOAD
11-20 22:34:54.207   646   646 E wificond: Failed to get NL80211_RATE_INFO_NOISE
11-20 22:34:54.207   646   646 E wificond: Failed to get NL80211_RATE_INFO_SNR
11-20 22:34:54.207   646   646 E wificond: Failed to get NL80211_STA_INFO_CNAHLOAD
11-20 22:34:57.224   646   646 E wificond: Failed to get NL80211_RATE_INFO_NOISE
11-20 22:34:57.224   646   646 E wificond: Failed to get NL80211_RATE_INFO_SNR
11-20 22:34:57.224   646   646 E wificond: Failed to get NL80211_STA_INFO_CNAHLOAD
11-20 22:34:59.387   646   646 E wificond: Failed to get NL80211_RATE_INFO_NOISE
11-20 22:34:59.387   646   646 E wificond: Failed to get NL80211_RATE_INFO_SNR
11-20 22:34:59.387   646   646 E wificond: Failed to get NL80211_STA_INFO_CNAHLOAD
11-20 22:34:59.391   646   646 E wificond: Failed to get NL80211_RATE_INFO_NOISE
11-20 22:34:59.391   646   646 E wificond: Failed to get NL80211_RATE_INFO_SNR
11-20 22:34:59.391   646   646 E wificond: Failed to get NL80211_STA_INFO_CNAHLOAD
11-20 22:35:00.232   646   646 E wificond: Failed to get NL80211_RATE_INFO_NOISE
11-20 22:35:00.232   646   646 E wificond: Failed to get NL80211_RATE_INFO_SNR
11-20 22:35:00.232   646   646 E wificond: Failed to get NL80211_STA_INFO_CNAHLOAD
11-20 22:35:02.362  9572  9572 W ContextImpl: Calling a method in the system process without a qualified user: android.app.ContextImpl.startService:1692 android.content.ContextWrapper.startService:650 com.huawei.vision.server.policy.PhoneState.doPolicyThingStop:103 com.huawei.vision.server.policy.PhoneStateReceiver.startOrStopVisionService:150 com.huawei.vision.server.policy.PhoneStateReceiver.access$200:18 
11-20 22:35:03.245   646   646 E wificond: Failed to get NL80211_RATE_INFO_NOISE
11-20 22:35:03.245   646   646 E wificond: Failed to get NL80211_RATE_INFO_SNR
11-20 22:35:03.245   646   646 E wificond: Failed to get NL80211_STA_INFO_CNAHLOAD
11-20 22:35:06.265   646   646 E wificond: Failed to get NL80211_RATE_INFO_NOISE
11-20 22:35:06.265   646   646 E wificond: Failed to get NL80211_RATE_INFO_SNR
11-20 22:35:06.265   646   646 E wificond: Failed to get NL80211_STA_INFO_CNAHLOAD
11-20 22:35:07.392   646   646 E wificond: Failed to get NL80211_RATE_INFO_NOISE
11-20 22:35:07.392   646   646 E wificond: Failed to get NL80211_RATE_INFO_SNR
11-20 22:35:07.392   646   646 E wificond: Failed to get NL80211_STA_INFO_CNAHLOAD
11-20 22:35:07.396   646   646 E wificond: Failed to get NL80211_RATE_INFO_NOISE
11-20 22:35:07.396   646   646 E wificond: Failed to get NL80211_RATE_INFO_SNR
11-20 22:35:07.396   646   646 E wificond: Failed to get NL80211_STA_INFO_CNAHLOAD
11-20 22:35:09.282   646   646 E wificond: Failed to get NL80211_RATE_INFO_NOISE
11-20 22:35:09.282   646   646 E wificond: Failed to get NL80211_RATE_INFO_SNR
11-20 22:35:09.282   646   646 E wificond: Failed to get NL80211_STA_INFO_CNAHLOAD
11-20 22:35:11.792  1057  7358 I chatty  : uid=1000(system) Binder:1057_19 expire 18 lines
11-20 22:35:12.298   646   646 E wificond: Failed to get NL80211_RATE_INFO_NOISE
11-20 22:35:12.298   646   646 E wificond: Failed to get NL80211_RATE_INFO_SNR
11-20 22:35:12.298   646   646 E wificond: Failed to get NL80211_STA_INFO_CNAHLOAD
11-20 22:35:15.315   646   646 E wificond: Failed to get NL80211_RATE_INFO_NOISE
11-20 22:35:15.315   646   646 E wificond: Failed to get NL80211_RATE_INFO_SNR
11-20 22:35:15.315   646   646 E wificond: Failed to get NL80211_STA_INFO_CNAHLOAD
11-20 22:35:15.392   646   646 E wificond: Failed to get NL80211_RATE_INFO_NOISE
11-20 22:35:15.392   646   646 E wificond: Failed to get NL80211_RATE_INFO_SNR
11-20 22:35:15.392   646   646 E wificond: Failed to get NL80211_STA_INFO_CNAHLOAD
11-20 22:35:15.395   646   646 E wificond: Failed to get NL80211_RATE_INFO_NOISE
11-20 22:35:15.395   646   646 E wificond: Failed to get NL80211_RATE_INFO_SNR
11-20 22:35:15.395   646   646 E wificond: Failed to get NL80211_STA_INFO_CNAHLOAD
11-20 22:35:18.333   646   646 E wificond: Failed to get NL80211_RATE_INFO_NOISE
11-20 22:35:18.333   646   646 E wificond: Failed to get NL80211_RATE_INFO_SNR
11-20 22:35:18.333   646   646 E wificond: Failed to get NL80211_STA_INFO_CNAHLOAD
11-20 22:35:21.352   646   646 E wificond: Failed to get NL80211_RATE_INFO_NOISE
11-20 22:35:21.352   646   646 E wificond: Failed to get NL80211_RATE_INFO_SNR
11-20 22:35:21.352   646   646 E wificond: Failed to get NL80211_STA_INFO_CNAHLOAD
11-20 22:35:23.409   646   646 E wificond: Failed to get NL80211_RATE_INFO_NOISE
11-20 22:35:23.409   646   646 E wificond: Failed to get NL80211_RATE_INFO_SNR
11-20 22:35:23.409   646   646 E wificond: Failed to get NL80211_STA_INFO_CNAHLOAD
11-20 22:35:23.412   646   646 E wificond: Failed to get NL80211_RATE_INFO_NOISE
11-20 22:35:23.412   646   646 E wificond: Failed to get NL80211_RATE_INFO_SNR
11-20 22:35:23.412   646   646 E wificond: Failed to get NL80211_STA_INFO_CNAHLOAD
11-20 22:35:24.104  9572  9572 W ContextImpl: Calling a method in the system process without a qualified user: android.app.ContextImpl.startService:1692 android.content.ContextWrapper.startService:650 com.huawei.vision.server.policy.PhoneState.doPolicyThingStop:103 com.huawei.vision.server.policy.PhoneStateReceiver.startOrStopVisionService:150 com.huawei.vision.server.policy.PhoneStateReceiver.access$200:18 
11-20 22:35:24.360   646   646 E wificond: Failed to get NL80211_RATE_INFO_NOISE
11-20 22:35:24.360   646   646 E wificond: Failed to get NL80211_RATE_INFO_SNR
11-20 22:35:24.360   646   646 E wificond: Failed to get NL80211_STA_INFO_CNAHLOAD
11-20 22:35:27.378   646   646 E wificond: Failed to get NL80211_RATE_INFO_NOISE
11-20 22:35:27.378   646   646 E wificond: Failed to get NL80211_RATE_INFO_SNR
11-20 22:35:27.378   646   646 E wificond: Failed to get NL80211_STA_INFO_CNAHLOAD
11-20 22:35:30.397   646   646 E wificond: Failed to get NL80211_RATE_INFO_NOISE
11-20 22:35:30.397   646   646 E wificond: Failed to get NL80211_RATE_INFO_SNR
11-20 22:35:30.397   646   646 E wificond: Failed to get NL80211_STA_INFO_CNAHLOAD
11-20 22:35:31.416   646   646 E wificond: Failed to get NL80211_RATE_INFO_NOISE
11-20 22:35:31.417   646   646 E wificond: Failed to get NL80211_RATE_INFO_SNR
11-20 22:35:31.417   646   646 E wificond: Failed to get NL80211_STA_INFO_CNAHLOAD
11-20 22:35:31.419   646   646 E wificond: Failed to get NL80211_RATE_INFO_NOISE
11-20 22:35:31.419   646   646 E wificond: Failed to get NL80211_RATE_INFO_SNR
11-20 22:35:31.419   646   646 E wificond: Failed to get NL80211_STA_INFO_CNAHLOAD
11-20 22:35:32.557  1057  1057 I chatty  : uid=1000 system_server expire 8 lines
11-20 22:35:32.560  9572  9572 W ContextImpl: Calling a method in the system process without a qualified user: android.app.ContextImpl.startService:1692 android.content.ContextWrapper.startService:650 com.huawei.vision.server.policy.PhoneState.doPolicyThingStop:103 com.huawei.vision.server.policy.PhoneStateReceiver.startOrStopVisionService:150 com.huawei.vision.server.policy.PhoneStateReceiver.access$200:18 
11-20 22:35:33.409   646   646 E wificond: Failed to get NL80211_RATE_INFO_NOISE
11-20 22:35:33.409   646   646 E wificond: Failed to get NL80211_RATE_INFO_SNR
11-20 22:35:33.409   646   646 E wificond: Failed to get NL80211_STA_INFO_CNAHLOAD
11-20 22:35:36.427   646   646 E wificond: Failed to get NL80211_RATE_INFO_NOISE
11-20 22:35:36.427   646   646 E wificond: Failed to get NL80211_RATE_INFO_SNR
11-20 22:35:36.427   646   646 E wificond: Failed to get NL80211_STA_INFO_CNAHLOAD
11-20 22:35:39.426   646   646 E wificond: Failed to get NL80211_RATE_INFO_NOISE
11-20 22:35:39.426   646   646 E wificond: Failed to get NL80211_RATE_INFO_SNR
11-20 22:35:39.426   646   646 E wificond: Failed to get NL80211_STA_INFO_CNAHLOAD
11-20 22:35:39.430   646   646 E wificond: Failed to get NL80211_RATE_INFO_NOISE
11-20 22:35:39.430   646   646 E wificond: Failed to get NL80211_RATE_INFO_SNR
11-20 22:35:39.430   646   646 E wificond: Failed to get NL80211_STA_INFO_CNAHLOAD
11-20 22:35:39.438   646   646 E wificond: Failed to get NL80211_RATE_INFO_NOISE
11-20 22:35:39.438   646   646 E wificond: Failed to get NL80211_RATE_INFO_SNR
11-20 22:35:39.438   646   646 E wificond: Failed to get NL80211_STA_INFO_CNAHLOAD
11-20 22:35:42.457   646   646 E wificond: Failed to get NL80211_RATE_INFO_NOISE
11-20 22:35:42.457   646   646 E wificond: Failed to get NL80211_RATE_INFO_SNR
11-20 22:35:42.457   646   646 E wificond: Failed to get NL80211_STA_INFO_CNAHLOAD
11-20 22:35:43.277   536   550 W SocketListener: sending broadcast to Pid = 1057, Uid = 1000 
11-20 22:35:45.475   646   646 E wificond: Failed to get NL80211_RATE_INFO_NOISE
11-20 22:35:45.475   646   646 E wificond: Failed to get NL80211_RATE_INFO_SNR
11-20 22:35:45.475   646   646 E wificond: Failed to get NL80211_STA_INFO_CNAHLOAD
11-20 22:35:47.434   646   646 E wificond: Failed to get NL80211_RATE_INFO_NOISE
11-20 22:35:47.434   646   646 E wificond: Failed to get NL80211_RATE_INFO_SNR
11-20 22:35:47.434   646   646 E wificond: Failed to get NL80211_STA_INFO_CNAHLOAD
11-20 22:35:47.438   646   646 E wificond: Failed to get NL80211_RATE_INFO_NOISE
11-20 22:35:47.439   646   646 E wificond: Failed to get NL80211_RATE_INFO_SNR
11-20 22:35:47.439   646   646 E wificond: Failed to get NL80211_STA_INFO_CNAHLOAD
11-20 22:35:48.493   646   646 E wificond: Failed to get NL80211_RATE_INFO_NOISE
11-20 22:35:48.493   646   646 E wificond: Failed to get NL80211_RATE_INFO_SNR
11-20 22:35:48.493   646   646 E wificond: Failed to get NL80211_STA_INFO_CNAHLOAD
11-20 22:35:51.511   646   646 E wificond: Failed to get NL80211_RATE_INFO_NOISE
11-20 22:35:51.511   646   646 E wificond: Failed to get NL80211_RATE_INFO_SNR
11-20 22:35:51.511   646   646 E wificond: Failed to get NL80211_STA_INFO_CNAHLOAD
11-20 22:35:54.531   646   646 E wificond: Failed to get NL80211_RATE_INFO_NOISE
11-20 22:35:54.531   646   646 E wificond: Failed to get NL80211_RATE_INFO_SNR
11-20 22:35:54.531   646   646 E wificond: Failed to get NL80211_STA_INFO_CNAHLOAD
11-20 22:35:54.919  1057  1840 I chatty  : uid=1000(system) Binder:1057_A expire 1 line
11-20 22:35:55.434   646   646 E wificond: Failed to get NL80211_RATE_INFO_NOISE
11-20 22:35:55.434   646   646 E wificond: Failed to get NL80211_RATE_INFO_SNR
11-20 22:35:55.434   646   646 E wificond: Failed to get NL80211_STA_INFO_CNAHLOAD
11-20 22:35:55.437   646   646 E wificond: Failed to get NL80211_RATE_INFO_NOISE
11-20 22:35:55.437   646   646 E wificond: Failed to get NL80211_RATE_INFO_SNR
11-20 22:35:55.437   646   646 E wificond: Failed to get NL80211_STA_INFO_CNAHLOAD
11-20 22:35:57.547   646   646 E wificond: Failed to get NL80211_RATE_INFO_NOISE
11-20 22:35:57.547   646   646 E wificond: Failed to get NL80211_RATE_INFO_SNR
11-20 22:35:57.547   646   646 E wificond: Failed to get NL80211_STA_INFO_CNAHLOAD
11-20 22:36:00.564   646   646 E wificond: Failed to get NL80211_RATE_INFO_NOISE
11-20 22:36:00.564   646   646 E wificond: Failed to get NL80211_RATE_INFO_SNR
11-20 22:36:00.564   646   646 E wificond: Failed to get NL80211_STA_INFO_CNAHLOAD
11-20 22:36:02.769  9572  9572 W ContextImpl: Calling a method in the system process without a qualified user: android.app.ContextImpl.startService:1692 android.content.ContextWrapper.startService:650 com.huawei.vision.server.policy.PhoneState.doPolicyThingStop:103 com.huawei.vision.server.policy.PhoneStateReceiver.startOrStopVisionService:150 com.huawei.vision.server.policy.PhoneStateReceiver.access$200:18 
11-20 22:36:03.447   646   646 E wificond: Failed to get NL80211_RATE_INFO_NOISE
11-20 22:36:03.447   646   646 E wificond: Failed to get NL80211_RATE_INFO_SNR
11-20 22:36:03.447   646   646 E wificond: Failed to get NL80211_STA_INFO_CNAHLOAD
11-20 22:36:03.451   646   646 E wificond: Failed to get NL80211_RATE_INFO_NOISE
11-20 22:36:03.451   646   646 E wificond: Failed to get NL80211_RATE_INFO_SNR
11-20 22:36:03.451   646   646 E wificond: Failed to get NL80211_STA_INFO_CNAHLOAD
11-20 22:36:03.571   646   646 E wificond: Failed to get NL80211_RATE_INFO_NOISE
11-20 22:36:03.571   646   646 E wificond: Failed to get NL80211_RATE_INFO_SNR
11-20 22:36:03.571   646   646 E wificond: Failed to get NL80211_STA_INFO_CNAHLOAD
11-20 22:36:06.590   646   646 E wificond: Failed to get NL80211_RATE_INFO_NOISE
11-20 22:36:06.590   646   646 E wificond: Failed to get NL80211_RATE_INFO_SNR
11-20 22:36:06.590   646   646 E wificond: Failed to get NL80211_STA_INFO_CNAHLOAD
11-20 22:36:09.607   646   646 E wificond: Failed to get NL80211_RATE_INFO_NOISE
11-20 22:36:09.607   646   646 E wificond: Failed to get NL80211_RATE_INFO_SNR
11-20 22:36:09.607   646   646 E wificond: Failed to get NL80211_STA_INFO_CNAHLOAD
11-20 22:36:11.459   646   646 E wificond: Failed to get NL80211_RATE_INFO_NOISE
11-20 22:36:11.460   646   646 E wificond: Failed to get NL80211_RATE_INFO_SNR
11-20 22:36:11.460   646   646 E wificond: Failed to get NL80211_STA_INFO_CNAHLOAD
11-20 22:36:11.463   646   646 E wificond: Failed to get NL80211_RATE_INFO_NOISE
11-20 22:36:11.463   646   646 E wificond: Failed to get NL80211_RATE_INFO_SNR
11-20 22:36:11.463   646   646 E wificond: Failed to get NL80211_STA_INFO_CNAHLOAD
11-20 22:36:12.617   646   646 E wificond: Failed to get NL80211_RATE_INFO_NOISE
11-20 22:36:12.617   646   646 E wificond: Failed to get NL80211_RATE_INFO_SNR
11-20 22:36:12.617   646   646 E wificond: Failed to get NL80211_STA_INFO_CNAHLOAD
11-20 22:36:15.639   646   646 E wificond: Failed to get NL80211_RATE_INFO_NOISE
11-20 22:36:15.639   646   646 E wificond: Failed to get NL80211_RATE_INFO_SNR
11-20 22:36:15.639   646   646 E wificond: Failed to get NL80211_STA_INFO_CNAHLOAD
11-20 22:36:18.659   646   646 E wificond: Failed to get NL80211_RATE_INFO_NOISE
11-20 22:36:18.659   646   646 E wificond: Failed to get NL80211_RATE_INFO_SNR
11-20 22:36:18.659   646   646 E wificond: Failed to get NL80211_STA_INFO_CNAHLOAD
11-20 22:36:19.460   646   646 E wificond: Failed to get NL80211_RATE_INFO_NOISE
11-20 22:36:19.460   646   646 E wificond: Failed to get NL80211_RATE_INFO_SNR
11-20 22:36:19.460   646   646 E wificond: Failed to get NL80211_STA_INFO_CNAHLOAD
11-20 22:36:19.463   646   646 E wificond: Failed to get NL80211_RATE_INFO_NOISE
11-20 22:36:19.463   646   646 E wificond: Failed to get NL80211_RATE_INFO_SNR
11-20 22:36:19.463   646   646 E wificond: Failed to get NL80211_STA_INFO_CNAHLOAD
11-20 22:36:21.677   646   646 E wificond: Failed to get NL80211_RATE_INFO_NOISE
11-20 22:36:21.677   646   646 E wificond: Failed to get NL80211_RATE_INFO_SNR
11-20 22:36:21.677   646   646 E wificond: Failed to get NL80211_STA_INFO_CNAHLOAD
