11-20 22:44:45.479   646   646 E wificond: Failed to get NL80211_STA_INFO_CNAHLOAD
11-20 22:44:48.496   646   646 E wificond: Failed to get NL80211_RATE_INFO_NOISE
11-20 22:44:48.496   646   646 E wificond: Failed to get NL80211_RATE_INFO_SNR
11-20 22:44:48.496   646   646 E wificond: Failed to get NL80211_STA_INFO_CNAHLOAD
11-20 22:44:49.389   536   550 W SocketListener: sending broadcast to Pid = 1057, Uid = 1000 
11-20 22:44:51.279  1057  1205 I chatty  : uid=1000(system) PowerManagerSer expire 25 lines
11-20 22:44:51.517   646   646 E wificond: Failed to get NL80211_RATE_INFO_NOISE
11-20 22:44:51.517   646   646 E wificond: Failed to get NL80211_RATE_INFO_SNR
11-20 22:44:51.517   646   646 E wificond: Failed to get NL80211_STA_INFO_CNAHLOAD
11-20 22:44:51.924   646   646 E wificond: Failed to get NL80211_RATE_INFO_NOISE
11-20 22:44:51.925   646   646 E wificond: Failed to get NL80211_RATE_INFO_SNR
11-20 22:44:51.925   646   646 E wificond: Failed to get NL80211_STA_INFO_CNAHLOAD
11-20 22:44:51.927   646   646 E wificond: Failed to get NL80211_RATE_INFO_NOISE
11-20 22:44:51.927   646   646 E wificond: Failed to get NL80211_RATE_INFO_SNR
11-20 22:44:51.927   646   646 E wificond: Failed to get NL80211_STA_INFO_CNAHLOAD
11-20 22:44:54.534   646   646 E wificond: Failed to get NL80211_RATE_INFO_NOISE
11-20 22:44:54.534   646   646 E wificond: Failed to get NL80211_RATE_INFO_SNR
11-20 22:44:54.534   646   646 E wificond: Failed to get NL80211_STA_INFO_CNAHLOAD
11-20 22:44:57.551   646   646 E wificond: Failed to get NL80211_RATE_INFO_NOISE
11-20 22:44:57.551   646   646 E wificond: Failed to get NL80211_RATE_INFO_SNR
11-20 22:44:57.551   646   646 E wificond: Failed to get NL80211_STA_INFO_CNAHLOAD
11-20 22:44:59.943   646   646 E wificond: Failed to get NL80211_RATE_INFO_NOISE
11-20 22:44:59.943   646   646 E wificond: Failed to get NL80211_RATE_INFO_SNR
11-20 22:44:59.943   646   646 E wificond: Failed to get NL80211_STA_INFO_CNAHLOAD
11-20 22:44:59.946   646   646 E wificond: Failed to get NL80211_RATE_INFO_NOISE
11-20 22:44:59.947   646   646 E wificond: Failed to get NL80211_RATE_INFO_SNR
11-20 22:44:59.947   646   646 E wificond: Failed to get NL80211_STA_INFO_CNAHLOAD
11-20 22:45:00.180  1057  2176 I chatty  : uid=1000(system) Binder:1057_C expire 8 lines
11-20 22:45:00.558   646   646 E wificond: Failed to get NL80211_RATE_INFO_NOISE
11-20 22:45:00.558   646   646 E wificond: Failed to get NL80211_RATE_INFO_SNR
11-20 22:45:00.558   646   646 E wificond: Failed to get NL80211_STA_INFO_CNAHLOAD
11-20 22:45:03.363  1057  6583 I chatty  : uid=1000(system) Binder:1057_16 expire 5 lines
11-20 22:45:03.570   646   646 E wificond: Failed to get NL80211_RATE_INFO_NOISE
11-20 22:45:03.570   646   646 E wificond: Failed to get NL80211_RATE_INFO_SNR
11-20 22:45:03.571   646   646 E wificond: Failed to get NL80211_STA_INFO_CNAHLOAD
11-20 22:45:06.507  9572  9572 W ContextImpl: Calling a method in the system process without a qualified user: android.app.ContextImpl.startService:1692 android.content.ContextWrapper.startService:650 com.huawei.vision.server.policy.PhoneState.doPolicyThingStop:103 com.huawei.vision.server.policy.PhoneStateReceiver.startOrStopVisionService:150 com.huawei.vision.server.policy.PhoneStateReceiver.access$200:18 
11-20 22:45:06.587   646   646 E wificond: Failed to get NL80211_RATE_INFO_NOISE
11-20 22:45:06.588   646   646 E wificond: Failed to get NL80211_RATE_INFO_SNR
11-20 22:45:06.588   646   646 E wificond: Failed to get NL80211_STA_INFO_CNAHLOAD
11-20 22:45:07.950   646   646 E wificond: Failed to get NL80211_RATE_INFO_NOISE
11-20 22:45:07.950   646   646 E wificond: Failed to get NL80211_RATE_INFO_SNR
11-20 22:45:07.950   646   646 E wificond: Failed to get NL80211_STA_INFO_CNAHLOAD
11-20 22:45:07.953   646   646 E wificond: Failed to get NL80211_RATE_INFO_NOISE
11-20 22:45:07.953   646   646 E wificond: Failed to get NL80211_RATE_INFO_SNR
11-20 22:45:07.953   646   646 E wificond: Failed to get NL80211_STA_INFO_CNAHLOAD
11-20 22:45:09.604   646   646 E wificond: Failed to get NL80211_RATE_INFO_NOISE
11-20 22:45:09.604   646   646 E wificond: Failed to get NL80211_RATE_INFO_SNR
11-20 22:45:09.605   646   646 E wificond: Failed to get NL80211_STA_INFO_CNAHLOAD
11-20 22:45:12.624   646   646 E wificond: Failed to get NL80211_RATE_INFO_NOISE
11-20 22:45:12.624   646   646 E wificond: Failed to get NL80211_RATE_INFO_SNR
11-20 22:45:12.624   646   646 E wificond: Failed to get NL80211_STA_INFO_CNAHLOAD
11-20 22:45:15.642   646   646 E wificond: Failed to get NL80211_RATE_INFO_NOISE
11-20 22:45:15.642   646   646 E wificond: Failed to get NL80211_RATE_INFO_SNR
11-20 22:45:15.642   646   646 E wificond: Failed to get NL80211_STA_INFO_CNAHLOAD
11-20 22:45:15.951   646   646 E wificond: Failed to get NL80211_RATE_INFO_NOISE
11-20 22:45:15.951   646   646 E wificond: Failed to get NL80211_RATE_INFO_SNR
11-20 22:45:15.951   646   646 E wificond: Failed to get NL80211_STA_INFO_CNAHLOAD
11-20 22:45:15.954   646   646 E wificond: Failed to get NL80211_RATE_INFO_NOISE
11-20 22:45:15.954   646   646 E wificond: Failed to get NL80211_RATE_INFO_SNR
11-20 22:45:15.955   646   646 E wificond: Failed to get NL80211_STA_INFO_CNAHLOAD
11-20 22:45:18.659   646   646 E wificond: Failed to get NL80211_RATE_INFO_NOISE
11-20 22:45:18.659   646   646 E wificond: Failed to get NL80211_RATE_INFO_SNR
11-20 22:45:18.659   646   646 E wificond: Failed to get NL80211_STA_INFO_CNAHLOAD
11-20 22:45:19.826  2932  7963 I PermissionManager: camera remind result:true
11-20 22:45:21.677   646   646 E wificond: Failed to get NL80211_RATE_INFO_NOISE
11-20 22:45:21.677   646   646 E wificond: Failed to get NL80211_RATE_INFO_SNR
11-20 22:45:21.677   646   646 E wificond: Failed to get NL80211_STA_INFO_CNAHLOAD
11-20 22:45:23.960   646   646 E wificond: Failed to get NL80211_RATE_INFO_NOISE
11-20 22:45:23.960   646   646 E wificond: Failed to get NL80211_RATE_INFO_SNR
11-20 22:45:23.960   646   646 E wificond: Failed to get NL80211_STA_INFO_CNAHLOAD
11-20 22:45:23.963   646   646 E wificond: Failed to get NL80211_RATE_INFO_NOISE
11-20 22:45:23.963   646   646 E wificond: Failed to get NL80211_RATE_INFO_SNR
11-20 22:45:23.963   646   646 E wificond: Failed to get NL80211_STA_INFO_CNAHLOAD
11-20 22:45:24.097  9572  9572 W ContextImpl: Calling a method in the system process without a qualified user: android.app.ContextImpl.startService:1692 android.content.ContextWrapper.startService:650 com.huawei.vision.server.policy.PhoneState.doPolicyThingStop:103 com.huawei.vision.server.policy.PhoneStateReceiver.startOrStopVisionService:150 com.huawei.vision.server.policy.PhoneStateReceiver.access$200:18 
11-20 22:45:24.683   646   646 E wificond: Failed to get NL80211_RATE_INFO_NOISE
11-20 22:45:24.683   646   646 E wificond: Failed to get NL80211_RATE_INFO_SNR
11-20 22:45:24.683   646   646 E wificond: Failed to get NL80211_STA_INFO_CNAHLOAD
11-20 22:45:24.717   536   544 W SocketListener: sending broadcast to Pid = 1057, Uid = 1000 
11-20 22:45:24.798  1057  7359 I chatty  : uid=1000(system) Binder:1057_1A expire 2 lines
11-20 22:45:24.835  1057  1583 I chatty  : uid=1000(system) Binder:1057_3 expire 1 line
11-20 22:45:24.845  1057  2984 I chatty  : uid=1000(system) Binder:1057_11 expire 2 lines
11-20 22:45:24.853  1057  7360 I chatty  : uid=1000(system) Binder:1057_1B expire 3 lines
11-20 22:45:25.301  1057  1057 I chatty  : uid=1000 system_server expire 6 lines
11-20 22:45:27.699   646   646 E wificond: Failed to get NL80211_RATE_INFO_NOISE
11-20 22:45:27.699   646   646 E wificond: Failed to get NL80211_RATE_INFO_SNR
11-20 22:45:27.699   646   646 E wificond: Failed to get NL80211_STA_INFO_CNAHLOAD
11-20 22:45:27.849  1057  1466 I chatty  : uid=1000(system) CryptdConnector expire 1 line
11-20 22:45:28.089  1057  1202 I chatty  : uid=1000(system) android.display expire 1 line
11-20 22:45:28.094 21236 21236 V ActivityThread: Finishing stop of ActivityRecord{7e66f07 token=android.os.BinderProxy@3ae9dbe {com.netease.play/com.netease.play.privatemsg.PrivateMsgActivity}}
11-20 22:45:28.137  1057  7358 I chatty  : uid=1000(system) Binder:1057_19 expire 2 lines
11-20 22:45:28.142  1057  1841 I chatty  : uid=1000(system) Binder:1057_B expire 3 lines
11-20 22:45:28.143  1057  7358 I chatty  : uid=1000(system) Binder:1057_19 expire 23 lines
11-20 22:45:28.347  1057  1205 I chatty  : uid=1000(system) PowerManagerSer expire 2 lines
--------- beginning of main
11-20 22:45:28.374   651  1092 I DLibLoader: [b1d2b34_64I] enter unloadSo(), mSoName=libispenhnc.so
11-20 22:45:28.374   651  1092 I DLibLoader: [b1d2b34_64I] enter ~DLibLoader()
11-20 22:45:28.374   651  1092 D HwaIppAlgoExecutor: [b1d2b34_64D] enter ~HwaIppAlgoExecutor(), algo name: IspEnhncAlgo
11-20 22:45:28.374   651  1092 I         : [b1d2b34_64I] IspEnhncAlgoIpp:enter ~~IspEnhncAlgoIpp()
11-20 22:45:28.374   651  1092 D HwaIppAlgoExeThread: [b1d2b34_64D] enter destroy(), algo name: MotionDetectionAlgo
11-20 22:45:28.374   651  1092 D HwaIppAlgoExeThread: [b1d2b34_64D] enter ~HwaIppAlgoExeThread(), algo name: MotionDetectionAlgo
11-20 22:45:28.374   651  1092 I DLibLoader: [b1d2b34_64I] enter unloadSo(), mSoName=libmotiondetect.so
11-20 22:45:28.375  1806  2691 I chatty  : uid=1000(system) Binder:1806_6 expire 10 lines
11-20 22:45:28.375   651  1092 I DLibLoader: [b1d2b34_64I] enter ~DLibLoader()
11-20 22:45:28.375   651  1092 D HwaIppAlgoExecutor: [b1d2b34_64D] enter ~HwaIppAlgoExecutor(), algo name: MotionDetectionAlgo
11-20 22:45:28.375   651  1092 D HwaIppAlgoExecutor: [b1d2b34_64D] enter ~HwaIppAlgoExecutor(), algo name: Frontgesture
11-20 22:45:28.375   651  1092 D HwaIppAlgoExecutor: [b1d2b34_64D] enter ~HwaIppAlgoExecutor(), algo name: AgeGender
11-20 22:45:28.375   651  1092 D HwaIppAlgoExecutor: [b1d2b34_64D] enter ~HwaIppAlgoExecutor(), algo name: HwFaceAttr
11-20 22:45:28.375   651  1092 D MultiScale: [b1d2b34_64D] enter onDestroy()
11-20 22:45:28.375   651  1092 D HwaIppAlgoExecutor: [b1d2b34_64D] enter ~HwaIppAlgoExecutor(), algo name: MultiScale
11-20 22:45:28.375   651  1092 D HwaIppAlgoExecutor: [b1d2b34_64D] enter ~HwaIppAlgoExecutor(), algo name: SenseMgr
11-20 22:45:28.375   651  1092 D SenseMgr: [b1d2b34_64D] enter ~SenseMgr()
11-20 22:45:28.375   651  1092 D AfStatCalculate: [b1d2b34_64D] enter onDestroy()
11-20 22:45:28.375   651  1092 I afstat_calc: afstat_cal_uninit!
11-20 22:45:28.375   651  1092 D AfStatCalculateLibLoader: [b1d2b34_64D] enter destroyInstance()
11-20 22:45:28.375   651  1092 I DLibLoader: [b1d2b34_64I] enter unloadSo(), mSoName=libAfStatCalc.so
11-20 22:45:28.375   651  1092 D AfStatCalculateLibLoader: [b1d2b34_64D] enter unloadFuns()
11-20 22:45:28.375   651  1092 D AfStatCalculateLibLoader: [b1d2b34_64D] enter setFunsToDefault()
11-20 22:45:28.376   651  1092 D AfStatCalculateLibLoader: [b1d2b34_64D] enter ~AfStatCalculateLibLoader()
11-20 22:45:28.376   651  1092 I DLibLoader: [b1d2b34_64I] enter ~DLibLoader()
11-20 22:45:28.376   651  1092 I MemPoolMonitor: [b1d2b34_64I] HwCamMem enter checkMemChunkLeak(), allocateType=1
11-20 22:45:28.376   651  1092 I MemPoolMonitor: [b1d2b34_64I] HwCamMem exit checkMemChunkLeak(), allocateType=1, isMemLeaked=0
11-20 22:45:28.376   651  1092 D HwaIppAlgoExecutor: [b1d2b34_64D] enter ~HwaIppAlgoExecutor(), algo name: AfStatCalculate
11-20 22:45:28.376   651  1092 D AfStatCalculate: [b1d2b34_64D] enter ~AfStatCalculate()
11-20 22:45:28.376   651  1092 D HwaIppAlgoExecutor: [b1d2b34_64D] enter ~HwaIppAlgoExecutor(), algo name: ModeRecommendation
11-20 22:45:28.376   651  1092 I ModeRecom: [b1d2b34_64I] enter ~ModeRecommendation()
11-20 22:45:28.376   651  1092 I DLibLoader: [b1d2b34_64I] enter unloadSo(), mSoName=libhorizondetect.so
11-20 22:45:28.376   651  1092 I DLibLoader: [b1d2b34_64I] enter ~DLibLoader()
11-20 22:45:28.376   651  1092 I DLibLoader: [b1d2b34_64I] enter unloadSo(), mSoName=libHwDocDetection.so
11-20 22:45:28.377   651  1092 I DLibLoader: [b1d2b34_64I] enter ~DLibLoader()
11-20 22:45:28.378   651  1092 D HwaIppAlgoExecutor: [b1d2b34_64D] enter ~HwaIppAlgoExecutor(), algo name: ObjectDetection
11-20 22:45:28.378   651  1092 I ObjectDetection: [b1d2b34_64I] enter ~ObjectDetection()
11-20 22:45:28.378   651  1092 I HwaStatInfo: [b1d2b34_64I] enter uninitialize()
11-20 22:45:28.378   651  1092 D HwaIppPluginImpl: [b1d2b34_64D] FRMC_ this=0x7ca972fc00, ipptype=0, exit  destroy()
11-20 22:45:28.378   651  1092 D IppAlgo : [HWA_CAM3]FRMC_ this=0x7ca968b938, ipptype=0, name=StatIpp, exit destroyPlugin()
11-20 22:45:28.378   651  1092 D PpAlgo  : [HWA_CAM3]algo=PostPp KEY_CA_CAM3 SNAP enter notifyCameraClose snapShotId=0
11-20 22:45:28.378   651  1092 D HwaPPExecuter: [b1d2b34_64D] SNAP ALGO enter notifyCameraClose
11-20 22:45:28.378   651  1092 D EventCallbackImpl: [HWA_CAM3]enter notifyStopPostProc()
11-20 22:45:28.378   651  1092 D PpAlgo  : [HWA_CAM3]algo=ForePp KEY_CA_CAM3 SNAP enter notifyFpCameraClose snapShotId=0
11-20 22:45:28.378   651  1092 D AlgoFilterManager: [HWA_CAM3]KEY_CA_CAM3 exit destroyPlugin, mPipeLineId=1, mIsPlugInCreated=0
11-20 22:45:28.378   651  1060 I         : HwCamMem checkMemPool dumpMemInfo CHECK_INTERVAL:5000 ms, passTime:7852839 ms
11-20 22:45:28.378   651  1092 D ImagingSystem: STAGELIFECTRL end to detach every StageBase, pipelineId=1
11-20 22:45:28.381  1057  1515 I chatty  : uid=1000(system) CallbackHandler expire 1 line
11-20 22:45:28.386   601   601 E WifiHAL : enter wifi_get_link_stats
11-20 22:45:28.389  1057  1057 I chatty  : uid=1000 system_server expire 12 lines
11-20 22:45:28.390  1057  1487 I chatty  : uid=1000(system) WifiP2pService expire 5 lines
11-20 22:45:28.391  1703  1703 D wpa_supplicant: wpa_driver_nl80211_driver_cmd:cmd = SETSUSPENDMODE 1
11-20 22:45:28.392  1703  1703 D wpa_supplicant: wpa_driver_nl80211_driver_cmd: 1:ifr_name= wlan0,buf:SETSUSPENDMODE 1 ,len = 16
11-20 22:45:28.392  1703  1703 D wpa_supplicant: wpa_driver_nl80211_driver_cmd SETSUSPENDMODE 1 len = 0, 16
11-20 22:45:28.394   629 12349 I AudioFlinger: setParameters(): io 0, keyvalue screen_state=off, calling pid 1057
11-20 22:45:28.394   580   580 I spk_dev_interface: spk_set_parameters: use new smartpakit version
11-20 22:45:28.402  1057  1527 I chatty  : uid=1000(system) EmcomThread expire 18 lines
11-20 22:45:28.406   580   580 I audio_hw_primary: usb_ext_get_parameters: check show hires (false)
11-20 22:45:28.406   629 12349 I hash_map_utils: key: 'typec_need_show_hires' value: ''
11-20 22:45:28.411   624   700 D emcomd  : [EMCOMD_Socket] printReadies# DON: fd=31 is ready
11-20 22:45:28.411   624   700 D emcomd  : [EMCOMD_Socket] socket_event_loop# ~~~~ 1 events fired ~~~~
11-20 22:45:28.411   624   700 D emcomd  : [EMCOMD_Socket] processReadReadies# ~~~~ +processReadReadies (1) ~~~~
11-20 22:45:28.411   624   700 D emcomd  : [EMCOMD_Socket] dump_event# ~~~~ Event 0x78a209e340 ~~~~
11-20 22:45:28.411   624   700 D emcomd  : [EMCOMD_Socket] dump_event#      next    = 0x78a209e300
11-20 22:45:28.411   624   700 D emcomd  : [EMCOMD_Socket] dump_event#      prev    = 0x78a209e300
11-20 22:45:28.411   624   700 D emcomd  : [EMCOMD_Socket] dump_event#      fd      = 31
11-20 22:45:28.411   624   700 D emcomd  : [EMCOMD_Socket] dump_event#      pers    = 1
11-20 22:45:28.411   624   700 D emcomd  : [EMCOMD_Socket] dump_event#      timeout = 0s + 0us
11-20 22:45:28.411   624   700 D emcomd  : [EMCOMD_Socket] dump_event#      func    = 0x78a2092160
11-20 22:45:28.411   624   700 D emcomd  : [EMCOMD_Socket] dump_event#      param   = 0x78a209e1b0
11-20 22:45:28.411   624   700 D emcomd  : [EMCOMD_Socket] dump_event# ~~~~~~~~~~~~~~~~~~
11-20 22:45:28.411   624   700 D emcomd  : [EMCOMD_Socket] processReadReadies# ~~~~ -processReadReadies (0) ~~~~
11-20 22:45:28.411   624   700 D emcomd  : [EMCOMD_Socket] firePending# ~~~~ +firePending ~~~~
11-20 22:45:28.411   624   700 D emcomd  : [EMCOMD_Socket] removeFromList# ~~~~ Removing event ~~~~
11-20 22:45:28.411   624   700 D emcomd  : [EMCOMD_Socket] dump_event# ~~~~ Event 0x78a209e340 ~~~~
11-20 22:45:28.411   624   700 D emcomd  : [EMCOMD_Socket] dump_event#      next    = 0x78a209e300
11-20 22:45:28.411   624   700 D emcomd  : [EMCOMD_Socket] dump_event#      prev    = 0x78a209e300
11-20 22:45:28.411   624   700 D emcomd  : [EMCOMD_Socket] dump_event#      fd      = 31
11-20 22:45:28.411   624   700 D emcomd  : [EMCOMD_Socket] dump_event#      pers    = 1
11-20 22:45:28.411   624   700 D emcomd  : [EMCOMD_Socket] dump_event#      timeout = 0s + 0us
11-20 22:45:28.411   624   700 D emcomd  : [EMCOMD_Socket] dump_event#      func    = 0x78a2092160
11-20 22:45:28.411   624   700 D emcomd  : [EMCOMD_Socket] dump_event#      param   = 0x78a209e1b0
11-20 22:45:28.411   624   700 D emcomd  : [EMCOMD_Socket] dump_event# ~~~~~~~~~~~~~~~~~~
11-20 22:45:28.411   624   700 D emcomd  : [EMCOMD_Socket] firePending# ~~~~ -firePending ~~~~
11-20 22:45:28.411   624   700 D emcomd  : [EMCOMD_Socket] printReadies# DON: fd=5 is ready
11-20 22:45:28.411   624   700 D emcomd  : [EMCOMD_Socket] printReadies# DON: fd=31 is ready
11-20 22:45:28.411   624   700 D emcomd  : [EMCOMD_Socket] printReadies# DON: fd=31 is ready
11-20 22:45:28.411   624   700 D emcomd  : [EMCOMD_Socket] socket_event_loop# ~~~~ 1 events fired ~~~~
11-20 22:45:28.411   624   700 D emcomd  : [EMCOMD_Socket] processReadReadies# ~~~~ +processReadReadies (1) ~~~~
11-20 22:45:28.411   624   700 D emcomd  : [EMCOMD_Socket] dump_event# ~~~~ Event 0x78a209e340 ~~~~
11-20 22:45:28.411   624   700 D emcomd  : [EMCOMD_Socket] dump_event#      next    = 0x78a209e300
11-20 22:45:28.412   624   700 D emcomd  : [EMCOMD_Socket] dump_event#      prev    = 0x78a209e300
11-20 22:45:28.412   624   700 D emcomd  : [EMCOMD_Socket] dump_event#      fd      = 31
11-20 22:45:28.412   624   700 D emcomd  : [EMCOMD_Socket] dump_event#      pers    = 1
11-20 22:45:28.412   624   700 D emcomd  : [EMCOMD_Socket] dump_event#      timeout = 0s + 0us
11-20 22:45:28.412   624   700 D emcomd  : [EMCOMD_Socket] dump_event#      func    = 0x78a2092160
11-20 22:45:28.412   624   700 D emcomd  : [EMCOMD_Socket] dump_event#      param   = 0x78a209e1b0
11-20 22:45:28.412   624   700 D emcomd  : [EMCOMD_Socket] dump_event# ~~~~~~~~~~~~~~~~~~
11-20 22:45:28.412   624   700 D emcomd  : [EMCOMD_Socket] processReadReadies# ~~~~ -processReadReadies (0) ~~~~
11-20 22:45:28.412   624   700 D emcomd  : [EMCOMD_Socket] firePending# ~~~~ +firePending ~~~~
11-20 22:45:28.412   624   700 D emcomd  : [EMCOMD_Socket] removeFromList# ~~~~ Removing event ~~~~
11-20 22:45:28.412   624   700 D emcomd  : [EMCOMD_Socket] dump_event# ~~~~ Event 0x78a209e340 ~~~~
11-20 22:45:28.412   624   700 D emcomd  : [EMCOMD_Socket] dump_event#      next    = 0x78a209e300
11-20 22:45:28.412   624   700 D emcomd  : [EMCOMD_Socket] dump_event#      prev    = 0x78a209e300
11-20 22:45:28.412   624   700 D emcomd  : [EMCOMD_Socket] dump_event#      fd      = 31
11-20 22:45:28.412   624   700 D emcomd  : [EMCOMD_Socket] dump_event#      pers    = 1
11-20 22:45:28.412   624   700 D emcomd  : [EMCOMD_Socket] dump_event#      timeout = 0s + 0us
11-20 22:45:28.412   624   700 D emcomd  : [EMCOMD_Socket] dump_event#      func    = 0x78a2092160
11-20 22:45:28.412   624   700 D emcomd  : [EMCOMD_Socket] dump_event#      param   = 0x78a209e1b0
11-20 22:45:28.412   624   700 D emcomd  : [EMCOMD_Socket] dump_event# ~~~~~~~~~~~~~~~~~~
11-20 22:45:28.412   624   700 D emcomd  : [EMCOMD_Socket] processCommandBuffer# the request is 3
11-20 22:45:28.412   624   700 D emcomd  : [EMCOMD_Socket] processCommandBuffer# processCommandBuffer request 3 token 477 
11-20 22:45:28.412   624   700 D emcomd  : [EMCOMD_Socket] process_request# the request is 3
11-20 22:45:28.412   624   700 D emcomd  : [EMCOMD] emcom_set_screen_state# emcom_set_screen_state set screen state from 6 to 7
11-20 22:45:28.412   624   700 D emcomd  : [EMCOMD] emcomd_xengine_convertInnerMsg# emcomd_xengine_convertInnerMsg, the request is 2. 
11-20 22:45:28.412   624   700 D emcomd  : [EMCOMD] Xengine_PutMsg# Xengine_PutMsg current lMsgId is 2. 
11-20 22:45:28.412   624   700 D emcomd  : [EMCOMD_Socket] sendRequestResponse# sendRequestResponse, token = 477, response length = 4
11-20 22:45:28.412   624   700 D emcomd  : [EMCOMD_Socket] sendResponse# Send Response to 31
11-20 22:45:28.412   624   700 D emcomd  : [EMCOMD_Socket] firePending# ~~~~ -firePending ~~~~
11-20 22:45:28.412   624   700 D emcomd  : [EMCOMD_Socket] printReadies# DON: fd=5 is ready
11-20 22:45:28.412   624   700 D emcomd  : [EMCOMD_Socket] printReadies# DON: fd=31 is ready
11-20 22:45:28.412  1057  1528 I chatty  : uid=1000(system) DaemonClientRec expire 23 lines
11-20 22:45:28.412   624   746 D emcomd  : [EMCOMD] xengine_msg_handler# xengine_msg_handler,msgid:2
11-20 22:45:28.412   624   746 D emcomd  : [HicomdPolicyManager     ] EventCallback# AsEventCallback enEvent:2
11-20 22:45:28.412   624   746 D emcomd  : [HicomdPolicyManager     ] handleScreenStatusChange# handlerScreenStatus  type = 7
11-20 22:45:28.412   624   746 D emcomd  : [HicomdPolicyManager     ] stopEvaluateNetwork# Network Evaluation hasn't been started yet. 
11-20 22:45:28.412   624   746 D emcomd  : [HicomdPolicyManager     ] stopSpeedControl# speed control hasn't been started yet. 
11-20 22:45:28.412   624   746 D emcomd  : [HicomdPolicyManager     ] stopFastSync# fastsync hasn't been started yet. 
11-20 22:45:28.412   624   746 D emcomd  : [HicomdPolicyManager     ] stopUdpAcc# udp acc hasn't been started yet. 
11-20 22:45:28.415  1057  1546 I chatty  : uid=1000(system) HwIntelligenceS expire 14 lines
11-20 22:45:28.415  1057  1707 I chatty  : uid=1000(system) LocationThread expire 10 lines
11-20 22:45:28.418  1794  1983 I BoosterSwitchP: handleStateChanged reason=2
11-20 22:45:28.418  1794  1983 I DeepNoDisturbP: handleStateChanged reason=2
11-20 22:45:28.418  1794  1983 I DeepNoDisturbSM: setScreenState isScreenOn=false
11-20 22:45:28.418  1794  1794 I DeepNoDisturbSM: IdleState processMessage msg.what=EVENT_SCREEN_OFF
11-20 22:45:28.418  1794  1794 I DeepNoDisturbSM: IdleState: default msg.what=11
11-20 22:45:28.419  1766  2021 I chatty  : uid=1000(system) OdmfRecvThread expire 2 lines
11-20 22:45:28.420  1766  2016 I chatty  : uid=1000(system) OdmfCtrlThread expire 32 lines
11-20 22:45:28.420  1057  1841 I chatty  : uid=1000(system) Binder:1057_B expire 8 lines
11-20 22:45:28.421  1766  1766 I chatty  : uid=1000(system) com.huawei.hiview expire 2 lines
11-20 22:45:28.424  1794  1854 D ARMoudle.ARService: isHasOtherClient:true, isOnlyWithParam:false
11-20 22:45:28.427  1794  1854 D ARMoudle.ARService: isHasOtherClient:true, isOnlyWithParam:false
11-20 22:45:28.429  1794  1854 D ARMoudle.ARService: isHasOtherClient:true, isOnlyWithParam:false
11-20 22:45:28.430  1794  1854 D ARMoudle.ARService: isHasOtherClient:true, isOnlyWithParam:false
11-20 22:45:28.431  1794  1854 D ARMoudle.ARService: isHasOtherClient:true, isOnlyWithParam:false
11-20 22:45:28.433  1794  1854 D ARMoudle.ARService: isHasOtherClient:true, isOnlyWithParam:false
11-20 22:45:28.435  1794  1854 D ARMoudle.ARService: isHasOtherClient:true, isOnlyWithParam:false
11-20 22:45:28.436  1794  1854 D ARMoudle.ARService: isHasOtherClient:true, isOnlyWithParam:false
11-20 22:45:28.436   564   617 I chatty  : uid=1000(system) activity_recogn expire 5 lines
11-20 22:45:28.437   564   617 I ArData  : (ar_data_netlink_cb:810):cmd[2].length[140]
11-20 22:45:28.437  1794  1854 D ARMoudle.ARService: isHasOtherClient:true, isOnlyWithParam:false
11-20 22:45:28.437   564  2167 I ArData  : (ar_enable_activity_event:1302):activity[4] event[1] latency[200000000000 ns]
11-20 22:45:28.437   564  2167 I ArData  : (ar_data_enable_activity_event:608):successfully
11-20 22:45:28.438   564   617 I ArData  : (ar_data_netlink_cb:810):cmd[2].length[140]
11-20 22:45:28.438  1794  1854 D ARMoudle.ARService: isHasOtherClient:true, isOnlyWithParam:false
11-20 22:45:28.438   564  2167 I ArData  : (ar_enable_activity_event:1302):activity[4] event[2] latency[200000000000 ns]
11-20 22:45:28.438   564  2167 I ArData  : (ar_data_enable_activity_event:608):successfully
11-20 22:45:28.439   564   617 I ArData  : (ar_data_netlink_cb:810):cmd[2].length[140]
11-20 22:45:28.439  1794  1854 D ARMoudle.ARService: isHasOtherClient:false, isOnlyWithParam:true
11-20 22:45:28.439   564  2167 I ArData  : (ar_data_disable_activity_event:690):successfully
11-20 22:45:28.440   564   617 I ArData  : (ar_data_netlink_cb:810):cmd[2].length[140]
11-20 22:45:28.440  1794  1854 D ARMoudle.ARService: isHasOtherClient:false, isOnlyWithParam:true
11-20 22:45:28.440   564  2167 I ArData  : (ar_data_disable_activity_event:690):successfully
11-20 22:45:28.441   564   617 I ArData  : (ar_data_netlink_cb:810):cmd[2].length[120]
11-20 22:45:28.441  1794  1854 D ARMoudle.ARService: isHasOtherClient:false, isOnlyWithParam:true
11-20 22:45:28.441   564  2167 I ArData  : (ar_data_disable_activity_event:690):successfully
11-20 22:45:28.442   564   617 I ArData  : (ar_data_netlink_cb:810):cmd[2].length[120]
11-20 22:45:28.442  1794  1854 D ARMoudle.ARService: isHasOtherClient:false, isOnlyWithParam:true
11-20 22:45:28.442   564  2167 I ArData  : (ar_data_disable_activity_event:690):successfully
11-20 22:45:28.443   564   617 I ArData  : (ar_data_netlink_cb:810):cmd[2].length[100]
11-20 22:45:28.473  1883  1883 D HwKeyguardManagerImpl: isLockScreenDisabled HwKeyguardManagerImpl result = false
11-20 22:45:28.475  1883  2139 E HSM     : CommonMethodUtil:/getTemplateMobileAutomatically: no SIM card using data
11-20 22:45:28.475  1883  2139 E HSM     : TrafficNotifyAfterLocked:analyseTrafficAfterLocked: network template is null!
11-20 22:45:28.478   651  1060 I         : mempoolcfg case CLEAR_ALL, handleMessage
11-20 22:45:28.487  1883  1883 W ContextImpl: Calling a method in the system process without a qualified user: android.app.ContextImpl.stopService:1704 android.content.ContextWrapper.stopService:660 com.huawei.systemmanager.spacecleanner.autoclean.AutoCleanService.stopSelfService:116 com.huawei.systemmanager.spacecleanner.hivision.AutoHiVisionService.onStartCommand:47 android.app.ActivityThread.handleServiceArgs:4140 
11-20 22:45:28.487  1883  2254 W ContextImpl: Calling a method in the system process without a qualified user: android.app.ContextImpl.stopService:1704 android.content.ContextWrapper.stopService:660 com.huawei.systemmanager.spacecleanner.autoclean.AutoCleanService.stopSelfService:116 com.huawei.systemmanager.spacecleanner.hivision.AutoHiVisionService.lambda$-com_huawei_systemmanager_spacecleanner_hivision_AutoHiVisionService_lambda$0:25 com.huawei.systemmanager.spacecleanner.hivision.-$Lambda$nxzswPQxpMbVwIpd4jdraj2kRKk.$m$0:4 
11-20 22:45:28.503  1057  2176 I chatty  : uid=1000(system) Binder:1057_C expire 9 lines
11-20 22:45:28.522  1806  2582 I chatty  : uid=1000(system) iAwareNRT expire 2 lines
11-20 22:45:28.525  1057  2806 I chatty  : uid=1000(system) HwDeviceUsageCo expire 1 line
11-20 22:45:28.526   462   462 W /system/bin/hwservicemanager: Cannot open /odm/manifest_PAR-AL00.xml
11-20 22:45:28.533  1779 13085 D HwNaturalBase: [Binder:1779_F]: 1766:1000 requesting insert RawSysEvent.
11-20 22:45:28.534  1057  6646 I chatty  : uid=1000(system) Binder:1057_18 expire 14 lines
11-20 22:45:28.536  1779 13085 D HwNaturalBase: [Binder:1779_F]: 2885:10027 requesting rawquery ALL.
11-20 22:45:28.548  1057  1190 I chatty  : uid=1000(system) android.ui expire 1 line
11-20 22:45:28.563 21236 21264 I chatty  : uid=10168(com.netease.play) pool-2-thread-1 expire 13 lines
11-20 22:45:28.567 21267 21317 I chatty  : uid=10168(com.netease.play) pool-6-thread-1 expire 13 lines
11-20 22:45:28.574   536   544 W SocketListener: sending broadcast to Pid = 1057, Uid = 1000 
11-20 22:45:28.576  1057  1468 I chatty  : uid=1000(system) NetdConnector expire 2 lines
11-20 22:45:28.579  1057  1200 I chatty  : uid=1000(system) android.fg expire 1 line
11-20 22:45:28.598  1722  1722 D HwLBSService DeviceStatusMonitor: DEVICE_SCREEN_STATE_OFF
11-20 22:45:28.599  1722  5569 D HwLBSService HigeoLocationManager: receive message: 8
11-20 22:45:28.599  1722  5569 D HwLBSService FusionDaemonManager: sendScreenState state : 0
11-20 22:45:28.599  1722  5569 D HwLBSService FusionDaemonManager: Get getIFusdLbsService service not null.
11-20 22:45:28.599  2880  2880 I HwRecSys_EventCollectController: onScreenChange isScreenOn:false
11-20 22:45:28.599   664   743 E FusionDaemon: (fd_on_lbs_msg:628):Maybe gnss has not start.
11-20 22:45:28.599   664   743 I FusionDaemon: (sendScreenState:127):FusdLbs: sendScreenState.
11-20 22:45:28.600  2880  2880 I HwRecSys_DataServiceController: removeMessage type:1
11-20 22:45:28.600  2880  2880 I HwRecSys_EnrollController: onScreenChange:false
11-20 22:45:28.603  2880  2880 E HwRecSys_SystemController: getTrainNum num:200
11-20 22:45:28.603  2880  2880 E HwRecSys_SystemController: getTrainNum num:200
11-20 22:45:28.603  2880  2880 E HwRecSys_SystemController: allowAlg:false
11-20 22:45:28.603  2880  2880 E HwRecSys_EnrollController: doEnroll current data num:3 NEED_ENROLL_NUM:200, allowAlg is: false
11-20 22:45:28.603  2880  2880 I HwRecSys_DataServiceController: MyHander SEND_EVENT:Bundle[{time=2018-11-20 22:45:28, eventItem=null, eventOperator=ScreenOff}]
11-20 22:45:28.605  2880  8027 W ContextImpl: Calling a method in the system process without a qualified user: android.app.ContextImpl.bindService:1772 android.content.ContextWrapper.bindService:684 com.huawei.nb.dataservice.dsclient.RemoteServiceConnection.open:90 com.huawei.nb.dataservice.dsclient.DataServiceProxy.connect:105 com.huawei.nb.dataservice.rsclient.internal.RemoteRuleService.start:27 
11-20 22:45:28.612  2880  2880 I RuleEngine: Data service start to work[OK].
11-20 22:45:28.622  2880  8027 I RuleEngine: Sending event(ScreenOff,null) to service.
11-20 22:45:28.630  2880  2260 D RuleEngine: EventTimer 1:5,600000,0,0
11-20 22:45:28.630  2880  2260 D RuleEngine: Event 2:14,0,null,29,Tue Nov 20 21:30:49 GMT+08:00 2018,Tue Nov 20 22:45:28 GMT+08:00 2018,0,0,0
11-20 22:45:28.634  2880  8027 E HwRecSys_DataServiceController: commend list is null!
11-20 22:45:28.713 24640 24640 I HwInstantOnline-NearbyWrapper: setDiscoverableStatus: false
11-20 22:45:28.713 24640 24640 E HwInstantOnline-NearbyWrapper: setDiscoverableStatus: adapter is null
11-20 22:45:28.715 24640 24640 I HwInstantOnline-SharedPreferenceManager: getLoginDevicesCount returns 1
11-20 22:45:28.715 24640 24640 I HwInstantOnline-InstantOnlineService: checkAndSwitchDiscoverableStatus: true true false false false true false
11-20 22:45:28.715 24640 24640 I HwInstantOnline-NearbyWrapper: setDiscoverableStatus: false
11-20 22:45:28.715 24640 24640 E HwInstantOnline-NearbyWrapper: setDiscoverableStatus: adapter is null
11-20 22:45:28.715 24640 24640 I HwInstantOnline-NearbyWrapper: setDiscoverableStatus: false
11-20 22:45:28.715 24640 24640 E HwInstantOnline-NearbyWrapper: setDiscoverableStatus: adapter is null
11-20 22:45:28.776 30957 30957 D AutoCache: screen off
11-20 22:45:28.777 30957 30957 D AutoCache: [ScreenStateReceiver], charge in, battery ok, screen off
11-20 22:45:28.801  2261  2261 I         : power log dlsym ok
11-20 22:45:28.806  2261  2261 I zygote64: Reinit property: dalvik.vm.checkjni= false
11-20 22:45:28.822  2261  2261 D ActivityThread: Attach thread to application
11-20 22:45:28.844  2261  2261 I HwLogExceptionInner: Log blacklist 
11-20 22:45:28.849  2261  2261 D HwFLClassLoader: get used feature list :/feature/used-list failed!
11-20 22:45:28.849  2261  2261 D HwFLClassLoader: USE_FEATURE_LIST had not init! 
11-20 22:45:28.851  2261  2278 I HwApiCacheMangerEx: apicache path=/storage/emulated/0 state=mounted key=com.android.gallery3d#10023#256
11-20 22:45:28.852  2261  2278 I HwApiCacheMangerEx: apicache path=/storage/emulated/0 state=mounted key=com.android.gallery3d#10023#0
11-20 22:45:28.872  2261  2261 E asset   : createFromFile(): lock file /data/resource-cache/product@overlay@frameworkhwextnova.apk@idmap.
11-20 22:45:28.872  2261  2261 E asset   : createFromFile(): lock file /data/resource-cache/product@overlay@frameworkhwextnova.apk@idmap.
11-20 22:45:28.873  2261  2261 W ResourceType: Found multiple library tables, ignoring...
11-20 22:45:28.883  2261  2280 D Gallery_Common_DisplayEngine: init()
11-20 22:45:28.884  2261  2280 D Gallery_Common_DisplayEngineCmdInterface: DisplayEngineCmdInterface() enter
11-20 22:45:28.887  2261  2280 D Gallery_Common_DisplayEngineCmdInterface: DisplayEngineCmdInterface() exit
11-20 22:45:28.899  2261  2261 E asset   : createFromFile(): lock file /data/resource-cache/product@overlay@frameworkhwextnova.apk@idmap.
11-20 22:45:28.900  2261  2261 E asset   : createFromFile(): lock file /data/resource-cache/product@overlay@frameworkhwextnova.apk@idmap.
11-20 22:45:28.900  2261  2261 W ResourceType: Found multiple library tables, ignoring...
11-20 22:45:28.907  2261  2261 D Gallery_Common_StorageMonitorProvider: StorageMonitorProvider onCreate
11-20 22:45:28.909  2261  2261 D Gallery :  FyuseSDK.init
11-20 22:45:28.911  2261  2261 W zygote64: Class com.fyusion.sdk.common.a failed lock verification and will run slower.
11-20 22:45:28.911  2261  2280 D DE I -de: native_init:61: Loading algorithms
11-20 22:45:28.911  2261  2261 W zygote64: Common causes for lock verification issues are non-optimized dex code
11-20 22:45:28.911  2261  2261 W zygote64: and incorrect proguard optimizations.
11-20 22:45:28.911  2261  2280 D DE I -de: initLogSwitch:24: isProductDebuggable=0, isDebugLogOn=0
11-20 22:45:28.916  2261  2261 D Gallery : isMainProcess true
11-20 22:45:28.916  2261  2261 E Gallery_cloud_CloudAlbumSdkHelper: Cloud album service not bind ... 
11-20 22:45:28.916  2261  2261 D Gallery_cloud_CloudAlbumSdkHelper: initCloudAlbumSdk start 
11-20 22:45:28.916  2261  2261 D Gallery_cloud_CloudAlbumSdkHelper: init
11-20 22:45:28.916  2261  2261 E Gallery_cloud_CloudAlbumSdkHelper: Cloud album service not bind ... 
11-20 22:45:28.916  2261  2283 I com.fyusion.sdk.common: 2018-11-20T22:45:28.915+0800 [Auth]: Fyuse SDK version: 1.02.24-rel7 | '4dd9b23ea' | 2017-08-08T21:21:58-07:00 | Vislib: A-SDK-1.03-01 | cc0bb74a3 | 1.0.5
11-20 22:45:28.916  2261  2261 D CloudAlbumSDK[8.1.1.101].CloudAlbumSDK: init
11-20 22:45:28.917  2261  2261 D CloudAlbumSDK[8.1.1.101].CloudAlbumSDK: Handler size add to: 1
11-20 22:45:28.918  2261  2261 D CloudAlbumSDK[8.1.1.101].CloudAlbumSDK: Handler size add to: 2
11-20 22:45:28.921  2261  2261 D CloudAlbumSDK[8.1.1.101].CloudAlbumSDK: Handler size add to: 3
11-20 22:45:28.922  2261  2261 D CloudAlbumSDK[8.1.1.101].CloudAlbumSDK: Handler size add to: 4
11-20 22:45:28.924  2261  2261 D CloudAlbumSDK[8.1.1.101].CloudAlbumSDK: Handler size add to: 5
11-20 22:45:28.924  2261  2261 D CloudAlbumSDK[8.1.1.101].CloudAlbumServiceProtocol: begin connectService
11-20 22:45:28.928  2261  2280 I Gallery_Common_DisplayEngine: init() getCapability mEnable=true, mWideColorGamutSupported=true
11-20 22:45:28.929  2261  2280 I Gallery_cloud_PhotoShareUtils: storage size: 52G
11-20 22:45:28.933  2261  2280 E Gallery_Common_TouchForceManager: NoSuchMethodException com.huawei.android.app.Activity failed
11-20 22:45:28.934  1057  2176 I chatty  : uid=1000(system) Binder:1057_C expire 5 lines
11-20 22:45:28.936  2261  2280 D Gallery_Common_HwCustUtilsWrapper: start init HwCustUtils
11-20 22:45:28.936  2261  2280 D Gallery_Common_HwCustUtilsWrapper: init HwCustUtils success !!!
11-20 22:45:28.936  2261  2280 D Gallery_Common_HwCustUtilsWrapper: method find result public static java.lang.Object com.huawei.cust.HwCustUtils.createObj(java.lang.Class,java.lang.Object[])
11-20 22:45:28.961  2299  2299 I         : power log dlsym ok
11-20 22:45:28.961  2261  2261 D Gallery_cloud_CloudAlbumSdkHelper: initCloudAlbumSdk end 
11-20 22:45:28.962  2261  2261 D Gallery_Common_NotchScreenManager: Register NotchScreen ContentObserver
11-20 22:45:28.965  2261  2317 I Gallery_Common_DisplayEngine: Screen=2340x1080
11-20 22:45:28.966  2261  2317 D Gallery_Common_HwColorPickerUtil: screenWidth = 1080, screenHeight = 2340
11-20 22:45:28.967  2261  2261 D Gallery_Common_NotchScreenManager: NotchScreen switch changed, now state is: 0
11-20 22:45:28.970  2299  2299 I zygote64: Reinit property: dalvik.vm.checkjni= false
11-20 22:45:28.973  2261  2278 E MemoryLeakMonitorManager: MemoryLeakMonitor.jar is not exist!
11-20 22:45:28.974  2261  2261 E Minikin : Could not get cmap table size!
11-20 22:45:28.975  2261  2317 I HwApiCacheMangerEx: apicache path=/storage/emulated/0 state=mounted key=com.android.gallery3d#10023#512
11-20 22:45:28.977  2261  2317 D GalleryStorageManager: updateOuterGalleryStorageList innerGalleryStorage:Path:/storage/emulated/0, mounted:true, name:, galleryStorageList:[]
11-20 22:45:28.978  2261  2317 E FontFamily: Error mapping font file /system/fonts/slim.ttf
11-20 22:45:28.978  2261  2317 W Gallery_Common_GalleryUtils: the font Slim is not exist!
11-20 22:45:28.979  2261  2321 V HwWidgetFactory: : successes to get AllImpl object and return....
11-20 22:45:28.981  2261  2321 D Gallery_Fyuse3D_FyuseFile: sExistFyuse false
11-20 22:45:28.984  2299  2299 D ActivityThread: Attach thread to application
11-20 22:45:28.997  2261  2321 I Gallery_Common_GalleryDBHelper: database version : 100000112
11-20 22:45:29.002  2261  2317 V Gallery_cloud_PhotoShareUtils: com.huawei.hidisk result = true
11-20 22:45:29.003  2299  2299 I HwLogExceptionInner: Log blacklist 
11-20 22:45:29.004  2261  2317 V Gallery_cloud_PhotoShareUtils: sRefreshHandler initialized
11-20 22:45:29.005  2261  2317 V Gallery_cloud_PhotoShareUtils: Initialize finished
11-20 22:45:29.005  2261  2317 D Gallery : Initial Photoshare
11-20 22:45:29.007  2261  2317 D Gallery_Common_HwCustUtilsWrapper: method find result public static java.lang.Object com.huawei.cust.HwCustUtils.createObj(java.lang.Class,java.lang.Object[])
11-20 22:45:29.009  2299  2299 D HwFLClassLoader: get used feature list :/feature/used-list failed!
11-20 22:45:29.009  2299  2299 D HwFLClassLoader: USE_FEATURE_LIST had not init! 
11-20 22:45:29.009  2261  2317 D MediaSetUtils: innerGalleryStorage:Path:/storage/emulated/0, mounted:true, name:, outerGalleryStorageList:[]
11-20 22:45:29.019  2299  2299 E asset   : createFromFile(): lock file /data/resource-cache/product@overlay@frameworkhwextnova.apk@idmap.
11-20 22:45:29.019  2299  2299 E asset   : createFromFile(): lock file /data/resource-cache/product@overlay@frameworkhwextnova.apk@idmap.
11-20 22:45:29.020  2299  2299 W ResourceType: Found multiple library tables, ignoring...
11-20 22:45:29.024  2261  2354 D Gallery_Common_StorageService: precess pre check storage info.
11-20 22:45:29.024  2261  2317 D PowerStateReceiver: battery = 99
11-20 22:45:29.024  2261  2317 D PhoneState: battery level is 99
11-20 22:45:29.025  2261  2261 D PowerStateReceiver: battery = 99
11-20 22:45:29.025  2261  2317 D Gallery_Common_SelectedPhotos: is chinese: true, is network Usable: false, is Battery ok: true
11-20 22:45:29.025  2261  2261 D PowerStateReceiver: battery current is 99
11-20 22:45:29.025  2261  2317 I Gallery_Common_SelectedPhotos: Condition is not satisfied to download cover.
11-20 22:45:29.028  2261  2261 D CloudLocalSyncService: localSync = -1  cloudSync = -1
11-20 22:45:29.029  2261  2261 E RecycleClearService: startRecycleClearService   forceStart = true, sClearDone = true
11-20 22:45:29.036  2261  2261 D Gallery_Merge_MergeClassifyDataService: request start ClassifyDataMergeService
11-20 22:45:29.040  2261  2261 D RecycleClearService: --schedule-- [onStartCommand] start RecycleClearService.
11-20 22:45:29.040  2261  2360 D PhoneState: charge is true
11-20 22:45:29.041  2261  2360 D PhoneState: battery level is 99
11-20 22:45:29.041  2261  2360 D PhoneState: screen on false
11-20 22:45:29.042  2261  2261 D Gallery_Merge_MergeClassifyDataService: merge service started.
11-20 22:45:29.042  2261  2361 W Gallery_Merge_MergeClassifyDataService: classify data status : false, false
11-20 22:45:29.048  2261  2361 W Gallery_Merge_MergeClassifyDataService: classify data is downloading. should merge later
11-20 22:45:29.049  2261  2261 D Gallery_Merge_MergeClassifyDataService: merge service stopped.
11-20 22:45:29.064  2261  2317 D Gallery_cloud_PhotoShareUtils: check uri value content://com.huawei.android.cg.albumProvider/albumVersionStatus result: -1
11-20 22:45:29.066  2299  2363 I hisync.HicloudLoginProvider: login query from com.android.gallery3d
11-20 22:45:29.068  2299  2363 I AppLogManager: AppLogManager onCreate
11-20 22:45:29.069  2261  2360 D PhoneState: charge is true
11-20 22:45:29.069  2261  2360 D PhoneState: battery level is 99
11-20 22:45:29.069  2261  2321 I Gallery : app start with version 8.2.1.303(180201303)
11-20 22:45:29.069  2261  2360 D PhoneState: screen on false
11-20 22:45:29.070  2261  2261 D Gallery_Common_DataManager: registerChangeNotifier uri is content://com.huawei.gallery.provider/merge/gallery_media
11-20 22:45:29.071  2261  2261 D Gallery_Common_DataManager: registerChangeNotifier uri is content://com.huawei.gallery.provider/merge/gallery_album
11-20 22:45:29.071  2261  2317 V Gallery_cloud_CloudStateUtils: isHiCloudLogin return false
11-20 22:45:29.072  2261  2261 D Gallery_Common_DataManager: registerChangeNotifier uri is content://moveoutin
11-20 22:45:29.073  2261  2360 D RecycleClearService: clean items in recycleCleanService  size=0
11-20 22:45:29.073  2261  2360 D PhoneState: charge is true
11-20 22:45:29.073  2261  2360 D PhoneState: battery level is 99
11-20 22:45:29.073  2261  2261 D Gallery_Common_DataManager: registerChangeNotifier uri is content://media/external/images/media
11-20 22:45:29.074  2261  2261 D Gallery_Common_DataManager: registerChangeNotifier uri is content://media/external/video/media
11-20 22:45:29.074  2261  2261 D Gallery_Common_DataManager: registerChangeNotifier uri is content://settings/gallery
11-20 22:45:29.075  2299  2299 I FileManager-8.1.2.307 | ConfigConstants: versionName --> 8.1.2.307
11-20 22:45:29.075  2261  2261 D Gallery_Common_DataManager: registerChangeNotifier uri is content://media/external/file
11-20 22:45:29.075  2299  2299 I FileManager-8.1.2.307 | ConfigConstants: versionName --> 8.1.2.307
11-20 22:45:29.076  2261  2360 D PhoneState: screen on false
11-20 22:45:29.076  2299  2299 I FileManager-8.1.2.307 | HiDiskCommonUtil: ienable=0
11-20 22:45:29.078  2261  2261 D Gallery_Common_DataManager: registerChangeNotifier uri is content://com.huawei.gallery.provider/merge/media_column_name/recycleFlag
11-20 22:45:29.080  2299  2299 I hisync.HicloudApplication: processObserverService
11-20 22:45:29.081  2261  2261 D RecycleClearService: --schedule-- RecycleClearService onDestroy
11-20 22:45:29.087  2299  2299 I hisync.HicloudApplication: initReceiver
11-20 22:45:29.097  2299  2299 I hisync.HicloudApplication: initCloudAlbum
11-20 22:45:29.097  2299  2299 I CloudAlbum[8.1.2.307]: [CommonUtil] begin isSupportRecycleBin
11-20 22:45:29.097  2299  2299 I CloudAlbum[8.1.2.307]: [CommonUtil] gallery support recycle bin
11-20 22:45:29.097  2299  2299 I CloudAlbum[8.1.2.307]: [CommonUtil] begin isSupportDisableAndResume
11-20 22:45:29.104  2261  2275 W System.err: java.lang.IllegalStateException: Unknown URL: content://com.huawei.gallery.provider/is_support_disable
11-20 22:45:29.104  2261  2275 W System.err: 	at com.huawei.gallery.provider.GalleryProvider.query(GalleryProvider.java:527)
11-20 22:45:29.104  2261  2275 W System.err: 	at android.content.ContentProvider.query(ContentProvider.java:1055)
11-20 22:45:29.104  2261  2275 W System.err: 	at android.content.ContentProvider.query(ContentProvider.java:1147)
11-20 22:45:29.104  2261  2275 W System.err: 	at android.content.ContentProvider$Transport.query(ContentProvider.java:240)
11-20 22:45:29.104  2261  2275 W System.err: 	at android.content.ContentProviderNative.onTransact(ContentProviderNative.java:102)
11-20 22:45:29.104  2261  2275 W System.err: 	at android.os.Binder.execTransact(Binder.java:698)
11-20 22:45:29.105  2261  2275 E DatabaseUtils: Writing exception to parcel
11-20 22:45:29.105  2261  2275 E DatabaseUtils: java.lang.IllegalStateException: Unknown URL: content://com.huawei.gallery.provider/is_support_disable
11-20 22:45:29.105  2261  2275 E DatabaseUtils: 	at com.huawei.gallery.provider.GalleryProvider.query(GalleryProvider.java:527)
11-20 22:45:29.105  2261  2275 E DatabaseUtils: 	at android.content.ContentProvider.query(ContentProvider.java:1055)
11-20 22:45:29.105  2261  2275 E DatabaseUtils: 	at android.content.ContentProvider.query(ContentProvider.java:1147)
11-20 22:45:29.105  2261  2275 E DatabaseUtils: 	at android.content.ContentProvider$Transport.query(ContentProvider.java:240)
11-20 22:45:29.105  2261  2275 E DatabaseUtils: 	at android.content.ContentProviderNative.onTransact(ContentProviderNative.java:102)
11-20 22:45:29.105  2261  2275 E DatabaseUtils: 	at android.os.Binder.execTransact(Binder.java:698)
11-20 22:45:29.105  2299  2299 E CloudAlbum[8.1.2.307]: [CommonUtil] queryGallery Exception:java.lang.IllegalStateException: Unknown URL: content://com.huawei.gallery.provider/is_support_disable
11-20 22:45:29.106  2299  2299 I CloudAlbum[8.1.2.307]: [Util] Support CloudAlbumSdk: true, SupportRecycle: true
11-20 22:45:29.106  2299  2299 I CloudAlbum[8.1.2.307]: [CommonUtil] begin isSupportUploadLimit
11-20 22:45:29.106  2261  2275 W System.err: java.lang.IllegalStateException: Unknown URL: content://com.huawei.gallery.provider/is_support_upload_limit
11-20 22:45:29.106  2261  2275 W System.err: 	at com.huawei.gallery.provider.GalleryProvider.query(GalleryProvider.java:527)
11-20 22:45:29.106  2261  2275 W System.err: 	at android.content.ContentProvider.query(ContentProvider.java:1055)
11-20 22:45:29.106  2261  2275 W System.err: 	at android.content.ContentProvider.query(ContentProvider.java:1147)
11-20 22:45:29.106  2261  2275 W System.err: 	at android.content.ContentProvider$Transport.query(ContentProvider.java:240)
11-20 22:45:29.106  2261  2275 W System.err: 	at android.content.ContentProviderNative.onTransact(ContentProviderNative.java:102)
11-20 22:45:29.106  2261  2275 W System.err: 	at android.os.Binder.execTransact(Binder.java:698)
11-20 22:45:29.107  2261  2275 E DatabaseUtils: Writing exception to parcel
11-20 22:45:29.107  2261  2275 E DatabaseUtils: java.lang.IllegalStateException: Unknown URL: content://com.huawei.gallery.provider/is_support_upload_limit
11-20 22:45:29.107  2261  2275 E DatabaseUtils: 	at com.huawei.gallery.provider.GalleryProvider.query(GalleryProvider.java:527)
11-20 22:45:29.107  2261  2275 E DatabaseUtils: 	at android.content.ContentProvider.query(ContentProvider.java:1055)
11-20 22:45:29.107  2261  2275 E DatabaseUtils: 	at android.content.ContentProvider.query(ContentProvider.java:1147)
11-20 22:45:29.107  2261  2275 E DatabaseUtils: 	at android.content.ContentProvider$Transport.query(ContentProvider.java:240)
11-20 22:45:29.107  2261  2275 E DatabaseUtils: 	at android.content.ContentProviderNative.onTransact(ContentProviderNative.java:102)
11-20 22:45:29.107  2261  2275 E DatabaseUtils: 	at android.os.Binder.execTransact(Binder.java:698)
11-20 22:45:29.107  2299  2299 E CloudAlbum[8.1.2.307]: [CommonUtil] queryGallery Exception:java.lang.IllegalStateException: Unknown URL: content://com.huawei.gallery.provider/is_support_upload_limit
11-20 22:45:29.107  2299  2299 I CloudAlbum[8.1.2.307]: [CommonUtil] begin isSupportPowerConserve
11-20 22:45:29.109  2261  2275 V Gallery_cloud_GalleryPhotoShareFeatureProvider: content://com.huawei.gallery3d.photoshare.provider/is_support_cloudphoto
11-20 22:45:29.112  2299  2299 I CloudAlbum[8.1.2.307]: [CommonUtil] GalleryDownloadLimit = 0
11-20 22:45:29.112  2299  2299 I CloudAlbum[8.1.2.307]: [CommonUtil] begin SupportSmartAlbum
11-20 22:45:29.113  2299  2299 I CloudAlbum[8.1.2.307]: [CommonUtil] gallery support smart album
11-20 22:45:29.116  2299  2299 I CloudAlbum[8.1.2.307]: [Util] support http 2.0
11-20 22:45:29.116  2299  2299 I CloudAlbum[8.1.2.307]: [CallbackHelper] init
11-20 22:45:29.116  2299  2299 I CloudAlbum[8.1.2.307]: [SnsReceiverManager] registerReceiver
11-20 22:45:29.118  2299  2299 W hisync.GRSManager: routingInit failedContext or ContryCodeis is null
11-20 22:45:29.121  2299  2299 I hisync-findmyphone.LocateTrackModel.LocateTrackTask: PhoneFinder onAppStart task add
11-20 22:45:29.123  2299  2384 I hisync-findmyphone.LocateTrackModel.LocateTrackTask: PhoneFinder onAppStart start task
11-20 22:45:29.125  2299  2384 I hisync-findmyphone.AntiTheftInf: isAntiTheftSupported  = true
11-20 22:45:29.125  2299  2382 I hisync-findmyphone.AntiTheftInf: isAntiTheftSupported  = true
11-20 22:45:29.126  1794 31864 D HwAntiTheftService_jni: enter native_read, type is 2
11-20 22:45:29.126   584   584 D huawei_antiTheft: huawei_antiTheft_manager_init enter
11-20 22:45:29.129   584   584 D huawei_antiTheft: TEEC_InitializeContext end
11-20 22:45:29.129   584   584 D huawei_antiTheft: TEEC_OpenSession start
11-20 22:45:29.129   584   584 I libteec : TEEC_OpenSession
11-20 22:45:29.129   584   584 I libteec : TEEC_OpenSession
11-20 22:45:29.134  2299  2299 E Minikin : Could not get cmap table size!
11-20 22:45:29.136  2299  2299 I CloudAlbum[8.1.2.307]: [CloudAlbumSdkService] onCreate
11-20 22:45:29.137  2299  2351 E MemoryLeakMonitorManager: MemoryLeakMonitor.jar is not exist!
11-20 22:45:29.140  2299  2299 I CloudAlbum[8.1.2.307]: [SyncStrategy] begin init
11-20 22:45:29.141  2299  2299 I CloudAlbum[8.1.2.307]: [SyncStrategy] begin initState, mask: 1, flag: true
11-20 22:45:29.141  2299  2299 I CloudAlbum[8.1.2.307]: [SyncStrategy] begin initState, mask: 2, flag: true
11-20 22:45:29.141  2299  2299 I CloudAlbum[8.1.2.307]: [SyncStrategy] begin initState, mask: 64, flag: false
