11-20 22:40:19.677   646   646 E wificond: Failed to get NL80211_STA_INFO_CNAHLOAD
11-20 22:40:19.957   646   646 E wificond: Failed to get NL80211_RATE_INFO_NOISE
11-20 22:40:19.958   646   646 E wificond: Failed to get NL80211_RATE_INFO_SNR
11-20 22:40:19.958   646   646 E wificond: Failed to get NL80211_STA_INFO_CNAHLOAD
11-20 22:40:19.959  1057  8813 I chatty  : uid=1000(system) Binder:1057_1D expire 5 lines
11-20 22:40:19.960  1057  1459 I chatty  : uid=1000(system) InputDispatcher expire 22 lines
11-20 22:40:22.977   646   646 E wificond: Failed to get NL80211_RATE_INFO_NOISE
11-20 22:40:22.977   646   646 E wificond: Failed to get NL80211_RATE_INFO_SNR
11-20 22:40:22.978   646   646 E wificond: Failed to get NL80211_STA_INFO_CNAHLOAD
11-20 22:40:24.098  1057  1057 I chatty  : uid=1000 system_server expire 2 lines
11-20 22:40:24.102  9572  9572 W ContextImpl: Calling a method in the system process without a qualified user: android.app.ContextImpl.startService:1692 android.content.ContextWrapper.startService:650 com.huawei.vision.server.policy.PhoneState.doPolicyThingStop:103 com.huawei.vision.server.policy.PhoneStateReceiver.startOrStopVisionService:150 com.huawei.vision.server.policy.PhoneStateReceiver.access$200:18 
11-20 22:40:25.995   646   646 E wificond: Failed to get NL80211_RATE_INFO_NOISE
11-20 22:40:25.995   646   646 E wificond: Failed to get NL80211_RATE_INFO_SNR
11-20 22:40:25.995   646   646 E wificond: Failed to get NL80211_STA_INFO_CNAHLOAD
11-20 22:40:26.045  1601  1615 I CommandQueue: updateBarBgColor
11-20 22:40:26.045  1601  1615 D CommandQueue: CommandQueue, setBarBackgroundColor
11-20 22:40:27.687   646   646 E wificond: Failed to get NL80211_RATE_INFO_NOISE
11-20 22:40:27.687   646   646 E wificond: Failed to get NL80211_RATE_INFO_SNR
11-20 22:40:27.687   646   646 E wificond: Failed to get NL80211_STA_INFO_CNAHLOAD
11-20 22:40:27.689   646   646 E wificond: Failed to get NL80211_RATE_INFO_NOISE
11-20 22:40:27.689   646   646 E wificond: Failed to get NL80211_RATE_INFO_SNR
11-20 22:40:27.689   646   646 E wificond: Failed to get NL80211_STA_INFO_CNAHLOAD
11-20 22:40:27.825  1057  2347 I chatty  : uid=1000(system) Binder:1057_E expire 7 lines
11-20 22:40:27.829  1057  1190 I chatty  : uid=1000(system) android.ui expire 32 lines
11-20 22:40:27.847  1057  2347 I chatty  : uid=1000(system) Binder:1057_E expire 8 lines
11-20 22:40:27.867  1057  8813 I chatty  : uid=1000(system) Binder:1057_1D expire 3 lines
11-20 22:40:29.011   646   646 E wificond: Failed to get NL80211_RATE_INFO_NOISE
11-20 22:40:29.011   646   646 E wificond: Failed to get NL80211_RATE_INFO_SNR
11-20 22:40:29.011   646   646 E wificond: Failed to get NL80211_STA_INFO_CNAHLOAD
11-20 22:40:32.030   646   646 E wificond: Failed to get NL80211_RATE_INFO_NOISE
11-20 22:40:32.030   646   646 E wificond: Failed to get NL80211_RATE_INFO_SNR
11-20 22:40:32.030   646   646 E wificond: Failed to get NL80211_STA_INFO_CNAHLOAD
11-20 22:40:33.537  1057  1057 I chatty  : uid=1000 system_server expire 11 lines
11-20 22:40:33.546  1057  1470 I chatty  : uid=1000(system) NetworkStats expire 7 lines
11-20 22:40:33.550  1057  1468 I chatty  : uid=1000(system) NetdConnector expire 10 lines
11-20 22:40:33.568  1057  1840 I chatty  : uid=1000(system) Binder:1057_A expire 8 lines
11-20 22:40:33.573  1057  6586 I chatty  : uid=1000(system) Binder:1057_17 expire 19 lines
11-20 22:40:33.700  2091  2091 D ActivityThread: Attach thread to application
11-20 22:40:33.989  2091  2091 W ContextImpl: Calling a method in the system process without a qualified user: android.app.ContextImpl.startService:1692 android.content.ContextWrapper.startService:650 android.content.ContextWrapper.startService:650 com.huawei.hiwibd.android.trigger.HiWiTrigger.startHiWIService:140 com.huawei.hiwibd.android.trigger.HiWiReceiver$1.handleMessage:28 
11-20 22:40:34.611  1057  1412 I chatty  : uid=1000(system) UEventObserver expire 9 lines
11-20 22:40:34.641  9572  9572 W ContextImpl: Calling a method in the system process without a qualified user: android.app.ContextImpl.startService:1692 android.content.ContextWrapper.startService:650 com.huawei.vision.server.policy.PhoneState.doPolicyThingStop:103 com.huawei.vision.server.policy.PhoneStateReceiver.startOrStopVisionService:150 com.huawei.vision.server.policy.PhoneStateReceiver.access$200:18 
11-20 22:40:35.049   646   646 E wificond: Failed to get NL80211_RATE_INFO_NOISE
11-20 22:40:35.050   646   646 E wificond: Failed to get NL80211_RATE_INFO_SNR
11-20 22:40:35.050   646   646 E wificond: Failed to get NL80211_STA_INFO_CNAHLOAD
11-20 22:40:35.687   646   646 E wificond: Failed to get NL80211_RATE_INFO_NOISE
11-20 22:40:35.687   646   646 E wificond: Failed to get NL80211_RATE_INFO_SNR
11-20 22:40:35.687   646   646 E wificond: Failed to get NL80211_STA_INFO_CNAHLOAD
11-20 22:40:35.690   646   646 E wificond: Failed to get NL80211_RATE_INFO_NOISE
11-20 22:40:35.690   646   646 E wificond: Failed to get NL80211_RATE_INFO_SNR
11-20 22:40:35.690   646   646 E wificond: Failed to get NL80211_STA_INFO_CNAHLOAD
11-20 22:40:36.037  1057  1696 I chatty  : uid=1000(system) watchdog expire 3 lines
11-20 22:40:38.067   646   646 E wificond: Failed to get NL80211_RATE_INFO_NOISE
11-20 22:40:38.067   646   646 E wificond: Failed to get NL80211_RATE_INFO_SNR
11-20 22:40:38.068   646   646 E wificond: Failed to get NL80211_STA_INFO_CNAHLOAD
11-20 22:40:38.510   536   544 W SocketListener: sending broadcast to Pid = 1057, Uid = 1000 
11-20 22:40:38.519  1057  1200 I chatty  : uid=1000(system) android.fg expire 5 lines
11-20 22:40:41.084   646   646 E wificond: Failed to get NL80211_RATE_INFO_NOISE
11-20 22:40:41.084   646   646 E wificond: Failed to get NL80211_RATE_INFO_SNR
11-20 22:40:41.085   646   646 E wificond: Failed to get NL80211_STA_INFO_CNAHLOAD
11-20 22:40:43.703   646   646 E wificond: Failed to get NL80211_RATE_INFO_NOISE
11-20 22:40:43.703   646   646 E wificond: Failed to get NL80211_RATE_INFO_SNR
11-20 22:40:43.703   646   646 E wificond: Failed to get NL80211_STA_INFO_CNAHLOAD
11-20 22:40:43.706   646   646 E wificond: Failed to get NL80211_RATE_INFO_NOISE
11-20 22:40:43.706   646   646 E wificond: Failed to get NL80211_RATE_INFO_SNR
11-20 22:40:43.706   646   646 E wificond: Failed to get NL80211_STA_INFO_CNAHLOAD
11-20 22:40:44.094   646   646 E wificond: Failed to get NL80211_RATE_INFO_NOISE
11-20 22:40:44.094   646   646 E wificond: Failed to get NL80211_RATE_INFO_SNR
11-20 22:40:44.094   646   646 E wificond: Failed to get NL80211_STA_INFO_CNAHLOAD
11-20 22:40:47.113   646   646 E wificond: Failed to get NL80211_RATE_INFO_NOISE
11-20 22:40:47.113   646   646 E wificond: Failed to get NL80211_RATE_INFO_SNR
11-20 22:40:47.113   646   646 E wificond: Failed to get NL80211_STA_INFO_CNAHLOAD
11-20 22:40:50.134   646   646 E wificond: Failed to get NL80211_RATE_INFO_NOISE
11-20 22:40:50.134   646   646 E wificond: Failed to get NL80211_RATE_INFO_SNR
11-20 22:40:50.134   646   646 E wificond: Failed to get NL80211_STA_INFO_CNAHLOAD
11-20 22:40:51.712   646   646 E wificond: Failed to get NL80211_RATE_INFO_NOISE
11-20 22:40:51.713   646   646 E wificond: Failed to get NL80211_RATE_INFO_SNR
11-20 22:40:51.713   646   646 E wificond: Failed to get NL80211_STA_INFO_CNAHLOAD
11-20 22:40:51.715   646   646 E wificond: Failed to get NL80211_RATE_INFO_NOISE
11-20 22:40:51.716   646   646 E wificond: Failed to get NL80211_RATE_INFO_SNR
11-20 22:40:51.716   646   646 E wificond: Failed to get NL80211_STA_INFO_CNAHLOAD
11-20 22:40:53.153   646   646 E wificond: Failed to get NL80211_RATE_INFO_NOISE
11-20 22:40:53.153   646   646 E wificond: Failed to get NL80211_RATE_INFO_SNR
11-20 22:40:53.153   646   646 E wificond: Failed to get NL80211_STA_INFO_CNAHLOAD
11-20 22:40:56.172   646   646 E wificond: Failed to get NL80211_RATE_INFO_NOISE
11-20 22:40:56.172   646   646 E wificond: Failed to get NL80211_RATE_INFO_SNR
11-20 22:40:56.172   646   646 E wificond: Failed to get NL80211_STA_INFO_CNAHLOAD
11-20 22:40:59.192   646   646 E wificond: Failed to get NL80211_RATE_INFO_NOISE
11-20 22:40:59.192   646   646 E wificond: Failed to get NL80211_RATE_INFO_SNR
11-20 22:40:59.192   646   646 E wificond: Failed to get NL80211_STA_INFO_CNAHLOAD
11-20 22:40:59.709   646   646 E wificond: Failed to get NL80211_RATE_INFO_NOISE
11-20 22:40:59.709   646   646 E wificond: Failed to get NL80211_RATE_INFO_SNR
11-20 22:40:59.709   646   646 E wificond: Failed to get NL80211_STA_INFO_CNAHLOAD
11-20 22:40:59.711   646   646 E wificond: Failed to get NL80211_RATE_INFO_NOISE
11-20 22:40:59.711   646   646 E wificond: Failed to get NL80211_RATE_INFO_SNR
11-20 22:40:59.712   646   646 E wificond: Failed to get NL80211_STA_INFO_CNAHLOAD
11-20 22:41:00.003  1057  1057 I chatty  : uid=1000 system_server expire 8 lines
11-20 22:41:00.162  1057  6586 I chatty  : uid=1000(system) Binder:1057_17 expire 3 lines
11-20 22:41:02.210   646   646 E wificond: Failed to get NL80211_RATE_INFO_NOISE
11-20 22:41:02.210   646   646 E wificond: Failed to get NL80211_RATE_INFO_SNR
11-20 22:41:02.210   646   646 E wificond: Failed to get NL80211_STA_INFO_CNAHLOAD
11-20 22:41:04.838  9572  9572 W ContextImpl: Calling a method in the system process without a qualified user: android.app.ContextImpl.startService:1692 android.content.ContextWrapper.startService:650 com.huawei.vision.server.policy.PhoneState.doPolicyThingStop:103 com.huawei.vision.server.policy.PhoneStateReceiver.startOrStopVisionService:150 com.huawei.vision.server.policy.PhoneStateReceiver.access$200:18 
11-20 22:41:05.047   536   544 W SocketListener: sending broadcast to Pid = 1057, Uid = 1000 
11-20 22:41:05.225   646   646 E wificond: Failed to get NL80211_RATE_INFO_NOISE
11-20 22:41:05.225   646   646 E wificond: Failed to get NL80211_RATE_INFO_SNR
11-20 22:41:05.226   646   646 E wificond: Failed to get NL80211_STA_INFO_CNAHLOAD
11-20 22:41:07.718   646   646 E wificond: Failed to get NL80211_RATE_INFO_NOISE
11-20 22:41:07.718   646   646 E wificond: Failed to get NL80211_RATE_INFO_SNR
11-20 22:41:07.718   646   646 E wificond: Failed to get NL80211_STA_INFO_CNAHLOAD
11-20 22:41:07.721   646   646 E wificond: Failed to get NL80211_RATE_INFO_NOISE
11-20 22:41:07.721   646   646 E wificond: Failed to get NL80211_RATE_INFO_SNR
11-20 22:41:07.721   646   646 E wificond: Failed to get NL80211_STA_INFO_CNAHLOAD
11-20 22:41:08.235   646   646 E wificond: Failed to get NL80211_RATE_INFO_NOISE
11-20 22:41:08.235   646   646 E wificond: Failed to get NL80211_RATE_INFO_SNR
11-20 22:41:08.235   646   646 E wificond: Failed to get NL80211_STA_INFO_CNAHLOAD
11-20 22:41:11.258   646   646 E wificond: Failed to get NL80211_RATE_INFO_NOISE
11-20 22:41:11.258   646   646 E wificond: Failed to get NL80211_RATE_INFO_SNR
11-20 22:41:11.258   646   646 E wificond: Failed to get NL80211_STA_INFO_CNAHLOAD
11-20 22:41:14.279   646   646 E wificond: Failed to get NL80211_RATE_INFO_NOISE
11-20 22:41:14.279   646   646 E wificond: Failed to get NL80211_RATE_INFO_SNR
11-20 22:41:14.279   646   646 E wificond: Failed to get NL80211_STA_INFO_CNAHLOAD
11-20 22:41:15.728   646   646 E wificond: Failed to get NL80211_RATE_INFO_NOISE
11-20 22:41:15.728   646   646 E wificond: Failed to get NL80211_RATE_INFO_SNR
11-20 22:41:15.728   646   646 E wificond: Failed to get NL80211_STA_INFO_CNAHLOAD
11-20 22:41:15.731   646   646 E wificond: Failed to get NL80211_RATE_INFO_NOISE
11-20 22:41:15.731   646   646 E wificond: Failed to get NL80211_RATE_INFO_SNR
11-20 22:41:15.731   646   646 E wificond: Failed to get NL80211_STA_INFO_CNAHLOAD
11-20 22:41:17.298   646   646 E wificond: Failed to get NL80211_RATE_INFO_NOISE
11-20 22:41:17.299   646   646 E wificond: Failed to get NL80211_RATE_INFO_SNR
11-20 22:41:17.299   646   646 E wificond: Failed to get NL80211_STA_INFO_CNAHLOAD
11-20 22:41:18.029  2091  2159 D ActivityThread: Loading provider com.huawei.bd.provider.BDProvider: com.huawei.bd.db.BDProvider
11-20 22:41:18.070  2091  2159 W ContextImpl: Calling a method in the system process without a qualified user: android.app.ContextImpl.startService:1692 com.huawei.bd.db.BDProvider.onCreate:53 android.content.ContentProvider.attachInfo:1918 android.content.ContentProvider.attachInfo:1892 android.app.ActivityThread.installProvider:7234 
11-20 22:41:20.318   646   646 E wificond: Failed to get NL80211_RATE_INFO_NOISE
11-20 22:41:20.318   646   646 E wificond: Failed to get NL80211_RATE_INFO_SNR
11-20 22:41:20.318   646   646 E wificond: Failed to get NL80211_STA_INFO_CNAHLOAD
11-20 22:41:23.337   646   646 E wificond: Failed to get NL80211_RATE_INFO_NOISE
11-20 22:41:23.337   646   646 E wificond: Failed to get NL80211_RATE_INFO_SNR
11-20 22:41:23.337   646   646 E wificond: Failed to get NL80211_STA_INFO_CNAHLOAD
11-20 22:41:23.726   646   646 E wificond: Failed to get NL80211_RATE_INFO_NOISE
11-20 22:41:23.727   646   646 E wificond: Failed to get NL80211_RATE_INFO_SNR
11-20 22:41:23.727   646   646 E wificond: Failed to get NL80211_STA_INFO_CNAHLOAD
11-20 22:41:23.730   646   646 E wificond: Failed to get NL80211_RATE_INFO_NOISE
11-20 22:41:23.730   646   646 E wificond: Failed to get NL80211_RATE_INFO_SNR
11-20 22:41:23.730   646   646 E wificond: Failed to get NL80211_STA_INFO_CNAHLOAD
11-20 22:41:24.098  9572  9572 W ContextImpl: Calling a method in the system process without a qualified user: android.app.ContextImpl.startService:1692 android.content.ContextWrapper.startService:650 com.huawei.vision.server.policy.PhoneState.doPolicyThingStop:103 com.huawei.vision.server.policy.PhoneStateReceiver.startOrStopVisionService:150 com.huawei.vision.server.policy.PhoneStateReceiver.access$200:18 
11-20 22:41:26.356   646   646 E wificond: Failed to get NL80211_RATE_INFO_NOISE
11-20 22:41:26.356   646   646 E wificond: Failed to get NL80211_RATE_INFO_SNR
11-20 22:41:26.356   646   646 E wificond: Failed to get NL80211_STA_INFO_CNAHLOAD
11-20 22:41:29.373   646   646 E wificond: Failed to get NL80211_RATE_INFO_NOISE
11-20 22:41:29.373   646   646 E wificond: Failed to get NL80211_RATE_INFO_SNR
11-20 22:41:29.373   646   646 E wificond: Failed to get NL80211_STA_INFO_CNAHLOAD
11-20 22:41:31.742   646   646 E wificond: Failed to get NL80211_RATE_INFO_NOISE
11-20 22:41:31.742   646   646 E wificond: Failed to get NL80211_RATE_INFO_SNR
11-20 22:41:31.742   646   646 E wificond: Failed to get NL80211_STA_INFO_CNAHLOAD
11-20 22:41:31.745   646   646 E wificond: Failed to get NL80211_RATE_INFO_NOISE
11-20 22:41:31.745   646   646 E wificond: Failed to get NL80211_RATE_INFO_SNR
11-20 22:41:31.745   646   646 E wificond: Failed to get NL80211_STA_INFO_CNAHLOAD
11-20 22:41:32.382   646   646 E wificond: Failed to get NL80211_RATE_INFO_NOISE
11-20 22:41:32.382   646   646 E wificond: Failed to get NL80211_RATE_INFO_SNR
11-20 22:41:32.382   646   646 E wificond: Failed to get NL80211_STA_INFO_CNAHLOAD
11-20 22:41:33.230   536   550 W SocketListener: sending broadcast to Pid = 1057, Uid = 1000 
11-20 22:41:35.057  9572  9572 W ContextImpl: Calling a method in the system process without a qualified user: android.app.ContextImpl.startService:1692 android.content.ContextWrapper.startService:650 com.huawei.vision.server.policy.PhoneState.doPolicyThingStop:103 com.huawei.vision.server.policy.PhoneStateReceiver.startOrStopVisionService:150 com.huawei.vision.server.policy.PhoneStateReceiver.access$200:18 
11-20 22:41:35.397   646   646 E wificond: Failed to get NL80211_RATE_INFO_NOISE
11-20 22:41:35.397   646   646 E wificond: Failed to get NL80211_RATE_INFO_SNR
11-20 22:41:35.397   646   646 E wificond: Failed to get NL80211_STA_INFO_CNAHLOAD
11-20 22:41:38.417   646   646 E wificond: Failed to get NL80211_RATE_INFO_NOISE
11-20 22:41:38.417   646   646 E wificond: Failed to get NL80211_RATE_INFO_SNR
11-20 22:41:38.417   646   646 E wificond: Failed to get NL80211_STA_INFO_CNAHLOAD
11-20 22:41:39.754   646   646 E wificond: Failed to get NL80211_RATE_INFO_NOISE
11-20 22:41:39.754   646   646 E wificond: Failed to get NL80211_RATE_INFO_SNR
11-20 22:41:39.754   646   646 E wificond: Failed to get NL80211_STA_INFO_CNAHLOAD
11-20 22:41:39.757   646   646 E wificond: Failed to get NL80211_RATE_INFO_NOISE
11-20 22:41:39.757   646   646 E wificond: Failed to get NL80211_RATE_INFO_SNR
11-20 22:41:39.757   646   646 E wificond: Failed to get NL80211_STA_INFO_CNAHLOAD
11-20 22:41:41.435   646   646 E wificond: Failed to get NL80211_RATE_INFO_NOISE
11-20 22:41:41.435   646   646 E wificond: Failed to get NL80211_RATE_INFO_SNR
11-20 22:41:41.435   646   646 E wificond: Failed to get NL80211_STA_INFO_CNAHLOAD
11-20 22:41:44.454   646   646 E wificond: Failed to get NL80211_RATE_INFO_NOISE
11-20 22:41:44.454   646   646 E wificond: Failed to get NL80211_RATE_INFO_SNR
11-20 22:41:44.454   646   646 E wificond: Failed to get NL80211_STA_INFO_CNAHLOAD
11-20 22:41:47.473   646   646 E wificond: Failed to get NL80211_RATE_INFO_NOISE
11-20 22:41:47.473   646   646 E wificond: Failed to get NL80211_RATE_INFO_SNR
11-20 22:41:47.473   646   646 E wificond: Failed to get NL80211_STA_INFO_CNAHLOAD
11-20 22:41:47.750   646   646 E wificond: Failed to get NL80211_RATE_INFO_NOISE
11-20 22:41:47.750   646   646 E wificond: Failed to get NL80211_RATE_INFO_SNR
11-20 22:41:47.750   646   646 E wificond: Failed to get NL80211_STA_INFO_CNAHLOAD
11-20 22:41:47.752   646   646 E wificond: Failed to get NL80211_RATE_INFO_NOISE
11-20 22:41:47.752   646   646 E wificond: Failed to get NL80211_RATE_INFO_SNR
11-20 22:41:47.753   646   646 E wificond: Failed to get NL80211_STA_INFO_CNAHLOAD
11-20 22:41:50.190   536   544 W SocketListener: sending broadcast to Pid = 1057, Uid = 1000 
11-20 22:41:50.195  1057  1468 I chatty  : uid=1000(system) NetdConnector expire 2 lines
11-20 22:41:50.287  1057  1584 I chatty  : uid=1000(system) Binder:1057_4 expire 1 line
11-20 22:41:50.301  1057  1841 I chatty  : uid=1000(system) Binder:1057_B expire 1 line
11-20 22:41:50.311  1057  1115 I chatty  : uid=1000(system) Binder:1057_2 expire 3 lines
11-20 22:41:50.322  1057  2990 I chatty  : uid=1000(system) Binder:1057_12 expire 10 lines
11-20 22:41:50.332  1057  7359 I chatty  : uid=1000(system) Binder:1057_1A expire 9 lines
11-20 22:41:50.494   646   646 E wificond: Failed to get NL80211_RATE_INFO_NOISE
11-20 22:41:50.494   646   646 E wificond: Failed to get NL80211_RATE_INFO_SNR
11-20 22:41:50.494   646   646 E wificond: Failed to get NL80211_STA_INFO_CNAHLOAD
11-20 22:41:50.791  1057  1057 I chatty  : uid=1000 system_server expire 11 lines
11-20 22:41:53.513   646   646 E wificond: Failed to get NL80211_RATE_INFO_NOISE
11-20 22:41:53.513   646   646 E wificond: Failed to get NL80211_RATE_INFO_SNR
11-20 22:41:53.513   646   646 E wificond: Failed to get NL80211_STA_INFO_CNAHLOAD
11-20 22:41:55.765   646   646 E wificond: Failed to get NL80211_RATE_INFO_NOISE
11-20 22:41:55.765   646   646 E wificond: Failed to get NL80211_RATE_INFO_SNR
11-20 22:41:55.765   646   646 E wificond: Failed to get NL80211_STA_INFO_CNAHLOAD
11-20 22:41:55.769   646   646 E wificond: Failed to get NL80211_RATE_INFO_NOISE
11-20 22:41:55.769   646   646 E wificond: Failed to get NL80211_RATE_INFO_SNR
11-20 22:41:55.769   646   646 E wificond: Failed to get NL80211_STA_INFO_CNAHLOAD
11-20 22:41:56.521   646   646 E wificond: Failed to get NL80211_RATE_INFO_NOISE
11-20 22:41:56.521   646   646 E wificond: Failed to get NL80211_RATE_INFO_SNR
11-20 22:41:56.521   646   646 E wificond: Failed to get NL80211_STA_INFO_CNAHLOAD
11-20 22:41:59.541   646   646 E wificond: Failed to get NL80211_RATE_INFO_NOISE
11-20 22:41:59.541   646   646 E wificond: Failed to get NL80211_RATE_INFO_SNR
11-20 22:41:59.541   646   646 E wificond: Failed to get NL80211_STA_INFO_CNAHLOAD
11-20 22:42:02.561   646   646 E wificond: Failed to get NL80211_RATE_INFO_NOISE
11-20 22:42:02.561   646   646 E wificond: Failed to get NL80211_RATE_INFO_SNR
11-20 22:42:02.561   646   646 E wificond: Failed to get NL80211_STA_INFO_CNAHLOAD
11-20 22:42:03.775   646   646 E wificond: Failed to get NL80211_RATE_INFO_NOISE
11-20 22:42:03.775   646   646 E wificond: Failed to get NL80211_RATE_INFO_SNR
11-20 22:42:03.775   646   646 E wificond: Failed to get NL80211_STA_INFO_CNAHLOAD
11-20 22:42:03.779   646   646 E wificond: Failed to get NL80211_RATE_INFO_NOISE
11-20 22:42:03.779   646   646 E wificond: Failed to get NL80211_RATE_INFO_SNR
11-20 22:42:03.779   646   646 E wificond: Failed to get NL80211_STA_INFO_CNAHLOAD
11-20 22:42:05.168   536   544 W SocketListener: sending broadcast to Pid = 1057, Uid = 1000 
11-20 22:42:05.170  1057  1468 I chatty  : uid=1000(system) NetdConnector expire 10 lines
11-20 22:42:05.176  1057  1200 I chatty  : uid=1000(system) android.fg expire 10 lines
11-20 22:42:05.230  1057  1412 I chatty  : uid=1000(system) UEventObserver expire 12 lines
11-20 22:42:05.259  9572  9572 W ContextImpl: Calling a method in the system process without a qualified user: android.app.ContextImpl.startService:1692 android.content.ContextWrapper.startService:650 com.huawei.vision.server.policy.PhoneState.doPolicyThingStop:103 com.huawei.vision.server.policy.PhoneStateReceiver.startOrStopVisionService:150 com.huawei.vision.server.policy.PhoneStateReceiver.access$200:18 
11-20 22:42:05.579   646   646 E wificond: Failed to get NL80211_RATE_INFO_NOISE
11-20 22:42:05.579   646   646 E wificond: Failed to get NL80211_RATE_INFO_SNR
11-20 22:42:05.579   646   646 E wificond: Failed to get NL80211_STA_INFO_CNAHLOAD
11-20 22:42:06.042  1057  1696 I chatty  : uid=1000(system) watchdog expire 5 lines
11-20 22:42:08.594   646   646 E wificond: Failed to get NL80211_RATE_INFO_NOISE
11-20 22:42:08.595   646   646 E wificond: Failed to get NL80211_RATE_INFO_SNR
11-20 22:42:08.595   646   646 E wificond: Failed to get NL80211_STA_INFO_CNAHLOAD
11-20 22:42:11.615   646   646 E wificond: Failed to get NL80211_RATE_INFO_NOISE
11-20 22:42:11.615   646   646 E wificond: Failed to get NL80211_RATE_INFO_SNR
11-20 22:42:11.615   646   646 E wificond: Failed to get NL80211_STA_INFO_CNAHLOAD
11-20 22:42:11.776   646   646 E wificond: Failed to get NL80211_RATE_INFO_NOISE
11-20 22:42:11.776   646   646 E wificond: Failed to get NL80211_RATE_INFO_SNR
11-20 22:42:11.776   646   646 E wificond: Failed to get NL80211_STA_INFO_CNAHLOAD
11-20 22:42:11.779   646   646 E wificond: Failed to get NL80211_RATE_INFO_NOISE
11-20 22:42:11.779   646   646 E wificond: Failed to get NL80211_RATE_INFO_SNR
11-20 22:42:11.779   646   646 E wificond: Failed to get NL80211_STA_INFO_CNAHLOAD
11-20 22:42:14.635   646   646 E wificond: Failed to get NL80211_RATE_INFO_NOISE
11-20 22:42:14.635   646   646 E wificond: Failed to get NL80211_RATE_INFO_SNR
11-20 22:42:14.635   646   646 E wificond: Failed to get NL80211_STA_INFO_CNAHLOAD
11-20 22:42:17.654   646   646 E wificond: Failed to get NL80211_RATE_INFO_NOISE
11-20 22:42:17.654   646   646 E wificond: Failed to get NL80211_RATE_INFO_SNR
11-20 22:42:17.654   646   646 E wificond: Failed to get NL80211_STA_INFO_CNAHLOAD
11-20 22:42:19.790   646   646 E wificond: Failed to get NL80211_RATE_INFO_NOISE
11-20 22:42:19.790   646   646 E wificond: Failed to get NL80211_RATE_INFO_SNR
11-20 22:42:19.790   646   646 E wificond: Failed to get NL80211_STA_INFO_CNAHLOAD
11-20 22:42:19.793   646   646 E wificond: Failed to get NL80211_RATE_INFO_NOISE
11-20 22:42:19.793   646   646 E wificond: Failed to get NL80211_RATE_INFO_SNR
11-20 22:42:19.793   646   646 E wificond: Failed to get NL80211_STA_INFO_CNAHLOAD
11-20 22:42:20.238   536   544 W SocketListener: sending broadcast to Pid = 1057, Uid = 1000 
11-20 22:42:20.663   646   646 E wificond: Failed to get NL80211_RATE_INFO_NOISE
11-20 22:42:20.663   646   646 E wificond: Failed to get NL80211_RATE_INFO_SNR
11-20 22:42:20.663   646   646 E wificond: Failed to get NL80211_STA_INFO_CNAHLOAD
11-20 22:42:22.677  1057  1195 I chatty  : uid=1000(system) batterystats-wo expire 2 lines
11-20 22:42:22.680  9572  9572 W ContextImpl: Calling a method in the system process without a qualified user: android.app.ContextImpl.startService:1692 android.content.ContextWrapper.startService:650 com.huawei.vision.server.policy.PhoneState.doPolicyThingStop:103 com.huawei.vision.server.policy.PhoneStateReceiver.startOrStopVisionService:150 com.huawei.vision.server.policy.PhoneStateReceiver.access$200:18 
11-20 22:42:23.682   646   646 E wificond: Failed to get NL80211_RATE_INFO_NOISE
11-20 22:42:23.682   646   646 E wificond: Failed to get NL80211_RATE_INFO_SNR
11-20 22:42:23.682   646   646 E wificond: Failed to get NL80211_STA_INFO_CNAHLOAD
11-20 22:42:26.701   646   646 E wificond: Failed to get NL80211_RATE_INFO_NOISE
11-20 22:42:26.701   646   646 E wificond: Failed to get NL80211_RATE_INFO_SNR
11-20 22:42:26.701   646   646 E wificond: Failed to get NL80211_STA_INFO_CNAHLOAD
11-20 22:42:27.801   646   646 E wificond: Failed to get NL80211_RATE_INFO_NOISE
11-20 22:42:27.801   646   646 E wificond: Failed to get NL80211_RATE_INFO_SNR
11-20 22:42:27.801   646   646 E wificond: Failed to get NL80211_STA_INFO_CNAHLOAD
11-20 22:42:27.805   646   646 E wificond: Failed to get NL80211_RATE_INFO_NOISE
11-20 22:42:27.805   646   646 E wificond: Failed to get NL80211_RATE_INFO_SNR
11-20 22:42:27.805   646   646 E wificond: Failed to get NL80211_STA_INFO_CNAHLOAD
11-20 22:42:29.714   646   646 E wificond: Failed to get NL80211_RATE_INFO_NOISE
11-20 22:42:29.714   646   646 E wificond: Failed to get NL80211_RATE_INFO_SNR
11-20 22:42:29.714   646   646 E wificond: Failed to get NL80211_STA_INFO_CNAHLOAD
11-20 22:42:32.733   646   646 E wificond: Failed to get NL80211_RATE_INFO_NOISE
11-20 22:42:32.733   646   646 E wificond: Failed to get NL80211_RATE_INFO_SNR
11-20 22:42:32.733   646   646 E wificond: Failed to get NL80211_STA_INFO_CNAHLOAD
11-20 22:42:35.445  1057  1115 I chatty  : uid=1000(system) Binder:1057_2 expire 5 lines
11-20 22:42:35.463  9572  9572 W ContextImpl: Calling a method in the system process without a qualified user: android.app.ContextImpl.startService:1692 android.content.ContextWrapper.startService:650 com.huawei.vision.server.policy.PhoneState.doPolicyThingStop:103 com.huawei.vision.server.policy.PhoneStateReceiver.startOrStopVisionService:150 com.huawei.vision.server.policy.PhoneStateReceiver.access$200:18 
11-20 22:42:35.465  1057  1057 I chatty  : uid=1000 system_server expire 10 lines
11-20 22:42:35.752   646   646 E wificond: Failed to get NL80211_RATE_INFO_NOISE
11-20 22:42:35.752   646   646 E wificond: Failed to get NL80211_RATE_INFO_SNR
11-20 22:42:35.752   646   646 E wificond: Failed to get NL80211_STA_INFO_CNAHLOAD
11-20 22:42:35.800   646   646 E wificond: Failed to get NL80211_RATE_INFO_NOISE
11-20 22:42:35.801   646   646 E wificond: Failed to get NL80211_RATE_INFO_SNR
11-20 22:42:35.801   646   646 E wificond: Failed to get NL80211_STA_INFO_CNAHLOAD
11-20 22:42:35.803   646   646 E wificond: Failed to get NL80211_RATE_INFO_NOISE
11-20 22:42:35.803   646   646 E wificond: Failed to get NL80211_RATE_INFO_SNR
11-20 22:42:35.803   646   646 E wificond: Failed to get NL80211_STA_INFO_CNAHLOAD
11-20 22:42:38.771   646   646 E wificond: Failed to get NL80211_RATE_INFO_NOISE
11-20 22:42:38.771   646   646 E wificond: Failed to get NL80211_RATE_INFO_SNR
11-20 22:42:38.771   646   646 E wificond: Failed to get NL80211_STA_INFO_CNAHLOAD
11-20 22:42:41.790   646   646 E wificond: Failed to get NL80211_RATE_INFO_NOISE
11-20 22:42:41.791   646   646 E wificond: Failed to get NL80211_RATE_INFO_SNR
11-20 22:42:41.791   646   646 E wificond: Failed to get NL80211_STA_INFO_CNAHLOAD
11-20 22:42:43.810   646   646 E wificond: Failed to get NL80211_RATE_INFO_NOISE
11-20 22:42:43.811   646   646 E wificond: Failed to get NL80211_RATE_INFO_SNR
11-20 22:42:43.811   646   646 E wificond: Failed to get NL80211_STA_INFO_CNAHLOAD
11-20 22:42:43.813   646   646 E wificond: Failed to get NL80211_RATE_INFO_NOISE
11-20 22:42:43.814   646   646 E wificond: Failed to get NL80211_RATE_INFO_SNR
11-20 22:42:43.814   646   646 E wificond: Failed to get NL80211_STA_INFO_CNAHLOAD
11-20 22:42:44.801   646   646 E wificond: Failed to get NL80211_RATE_INFO_NOISE
11-20 22:42:44.802   646   646 E wificond: Failed to get NL80211_RATE_INFO_SNR
11-20 22:42:44.802   646   646 E wificond: Failed to get NL80211_STA_INFO_CNAHLOAD
11-20 22:42:47.821   646   646 E wificond: Failed to get NL80211_RATE_INFO_NOISE
11-20 22:42:47.821   646   646 E wificond: Failed to get NL80211_RATE_INFO_SNR
11-20 22:42:47.821   646   646 E wificond: Failed to get NL80211_STA_INFO_CNAHLOAD
11-20 22:42:50.840   646   646 E wificond: Failed to get NL80211_RATE_INFO_NOISE
11-20 22:42:50.840   646   646 E wificond: Failed to get NL80211_RATE_INFO_SNR
11-20 22:42:50.840   646   646 E wificond: Failed to get NL80211_STA_INFO_CNAHLOAD
11-20 22:42:51.815   646   646 E wificond: Failed to get NL80211_RATE_INFO_NOISE
11-20 22:42:51.815   646   646 E wificond: Failed to get NL80211_RATE_INFO_SNR
11-20 22:42:51.815   646   646 E wificond: Failed to get NL80211_STA_INFO_CNAHLOAD
11-20 22:42:51.818   646   646 E wificond: Failed to get NL80211_RATE_INFO_NOISE
11-20 22:42:51.818   646   646 E wificond: Failed to get NL80211_RATE_INFO_SNR
11-20 22:42:51.818   646   646 E wificond: Failed to get NL80211_STA_INFO_CNAHLOAD
11-20 22:42:53.860   646   646 E wificond: Failed to get NL80211_RATE_INFO_NOISE
11-20 22:42:53.860   646   646 E wificond: Failed to get NL80211_RATE_INFO_SNR
11-20 22:42:53.860   646   646 E wificond: Failed to get NL80211_STA_INFO_CNAHLOAD
11-20 22:42:56.880   646   646 E wificond: Failed to get NL80211_RATE_INFO_NOISE
11-20 22:42:56.881   646   646 E wificond: Failed to get NL80211_RATE_INFO_SNR
11-20 22:42:56.881   646   646 E wificond: Failed to get NL80211_STA_INFO_CNAHLOAD
11-20 22:42:59.832   646   646 E wificond: Failed to get NL80211_RATE_INFO_NOISE
11-20 22:42:59.832   646   646 E wificond: Failed to get NL80211_RATE_INFO_SNR
11-20 22:42:59.832   646   646 E wificond: Failed to get NL80211_STA_INFO_CNAHLOAD
11-20 22:42:59.835   646   646 E wificond: Failed to get NL80211_RATE_INFO_NOISE
11-20 22:42:59.835   646   646 E wificond: Failed to get NL80211_RATE_INFO_SNR
11-20 22:42:59.835   646   646 E wificond: Failed to get NL80211_STA_INFO_CNAHLOAD
11-20 22:42:59.890   646   646 E wificond: Failed to get NL80211_RATE_INFO_NOISE
11-20 22:42:59.890   646   646 E wificond: Failed to get NL80211_RATE_INFO_SNR
11-20 22:42:59.890   646   646 E wificond: Failed to get NL80211_STA_INFO_CNAHLOAD
11-20 22:42:59.898   536   544 W SocketListener: sending broadcast to Pid = 1057, Uid = 1000 
11-20 22:43:02.908   646   646 E wificond: Failed to get NL80211_RATE_INFO_NOISE
11-20 22:43:02.908   646   646 E wificond: Failed to get NL80211_RATE_INFO_SNR
11-20 22:43:02.908   646   646 E wificond: Failed to get NL80211_STA_INFO_CNAHLOAD
11-20 22:43:05.674  9572  9572 W ContextImpl: Calling a method in the system process without a qualified user: android.app.ContextImpl.startService:1692 android.content.ContextWrapper.startService:650 com.huawei.vision.server.policy.PhoneState.doPolicyThingStop:103 com.huawei.vision.server.policy.PhoneStateReceiver.startOrStopVisionService:150 com.huawei.vision.server.policy.PhoneStateReceiver.access$200:18 
11-20 22:43:05.926   646   646 E wificond: Failed to get NL80211_RATE_INFO_NOISE
11-20 22:43:05.926   646   646 E wificond: Failed to get NL80211_RATE_INFO_SNR
11-20 22:43:05.926   646   646 E wificond: Failed to get NL80211_STA_INFO_CNAHLOAD
11-20 22:43:07.836   646   646 E wificond: Failed to get NL80211_RATE_INFO_NOISE
11-20 22:43:07.836   646   646 E wificond: Failed to get NL80211_RATE_INFO_SNR
11-20 22:43:07.837   646   646 E wificond: Failed to get NL80211_STA_INFO_CNAHLOAD
11-20 22:43:07.840   646   646 E wificond: Failed to get NL80211_RATE_INFO_NOISE
11-20 22:43:07.840   646   646 E wificond: Failed to get NL80211_RATE_INFO_SNR
11-20 22:43:07.840   646   646 E wificond: Failed to get NL80211_STA_INFO_CNAHLOAD
11-20 22:43:08.944   646   646 E wificond: Failed to get NL80211_RATE_INFO_NOISE
11-20 22:43:08.944   646   646 E wificond: Failed to get NL80211_RATE_INFO_SNR
11-20 22:43:08.944   646   646 E wificond: Failed to get NL80211_STA_INFO_CNAHLOAD
11-20 22:43:11.963   646   646 E wificond: Failed to get NL80211_RATE_INFO_NOISE
11-20 22:43:11.963   646   646 E wificond: Failed to get NL80211_RATE_INFO_SNR
11-20 22:43:11.963   646   646 E wificond: Failed to get NL80211_STA_INFO_CNAHLOAD
11-20 22:43:14.926   536   544 W SocketListener: sending broadcast to Pid = 1057, Uid = 1000 
11-20 22:43:14.982   646   646 E wificond: Failed to get NL80211_RATE_INFO_NOISE
11-20 22:43:14.982   646   646 E wificond: Failed to get NL80211_RATE_INFO_SNR
11-20 22:43:14.982   646   646 E wificond: Failed to get NL80211_STA_INFO_CNAHLOAD
11-20 22:43:15.841   646   646 E wificond: Failed to get NL80211_RATE_INFO_NOISE
11-20 22:43:15.841   646   646 E wificond: Failed to get NL80211_RATE_INFO_SNR
11-20 22:43:15.841   646   646 E wificond: Failed to get NL80211_STA_INFO_CNAHLOAD
11-20 22:43:15.845   646   646 E wificond: Failed to get NL80211_RATE_INFO_NOISE
11-20 22:43:15.845   646   646 E wificond: Failed to get NL80211_RATE_INFO_SNR
11-20 22:43:15.845   646   646 E wificond: Failed to get NL80211_STA_INFO_CNAHLOAD
11-20 22:43:18.000   646   646 E wificond: Failed to get NL80211_RATE_INFO_NOISE
11-20 22:43:18.000   646   646 E wificond: Failed to get NL80211_RATE_INFO_SNR
11-20 22:43:18.000   646   646 E wificond: Failed to get NL80211_STA_INFO_CNAHLOAD
11-20 22:43:21.020   646   646 E wificond: Failed to get NL80211_RATE_INFO_NOISE
11-20 22:43:21.020   646   646 E wificond: Failed to get NL80211_RATE_INFO_SNR
11-20 22:43:21.020   646   646 E wificond: Failed to get NL80211_STA_INFO_CNAHLOAD
11-20 22:43:23.857   646   646 E wificond: Failed to get NL80211_RATE_INFO_NOISE
11-20 22:43:23.857   646   646 E wificond: Failed to get NL80211_RATE_INFO_SNR
11-20 22:43:23.857   646   646 E wificond: Failed to get NL80211_STA_INFO_CNAHLOAD
11-20 22:43:23.860   646   646 E wificond: Failed to get NL80211_RATE_INFO_NOISE
11-20 22:43:23.860   646   646 E wificond: Failed to get NL80211_RATE_INFO_SNR
11-20 22:43:23.860   646   646 E wificond: Failed to get NL80211_STA_INFO_CNAHLOAD
11-20 22:43:24.028   646   646 E wificond: Failed to get NL80211_RATE_INFO_NOISE
11-20 22:43:24.029   646   646 E wificond: Failed to get NL80211_RATE_INFO_SNR
11-20 22:43:24.029   646   646 E wificond: Failed to get NL80211_STA_INFO_CNAHLOAD
11-20 22:43:24.102  9572  9572 W ContextImpl: Calling a method in the system process without a qualified user: android.app.ContextImpl.startService:1692 android.content.ContextWrapper.startService:650 com.huawei.vision.server.policy.PhoneState.doPolicyThingStop:103 com.huawei.vision.server.policy.PhoneStateReceiver.startOrStopVisionService:150 com.huawei.vision.server.policy.PhoneStateReceiver.access$200:18 
11-20 22:43:27.048   646   646 E wificond: Failed to get NL80211_RATE_INFO_NOISE
11-20 22:43:27.048   646   646 E wificond: Failed to get NL80211_RATE_INFO_SNR
11-20 22:43:27.048   646   646 E wificond: Failed to get NL80211_STA_INFO_CNAHLOAD
11-20 22:43:30.067   646   646 E wificond: Failed to get NL80211_RATE_INFO_NOISE
11-20 22:43:30.067   646   646 E wificond: Failed to get NL80211_RATE_INFO_SNR
11-20 22:43:30.067   646   646 E wificond: Failed to get NL80211_STA_INFO_CNAHLOAD
11-20 22:43:31.860   646   646 E wificond: Failed to get NL80211_RATE_INFO_NOISE
11-20 22:43:31.860   646   646 E wificond: Failed to get NL80211_RATE_INFO_SNR
11-20 22:43:31.860   646   646 E wificond: Failed to get NL80211_STA_INFO_CNAHLOAD
11-20 22:43:31.863   646   646 E wificond: Failed to get NL80211_RATE_INFO_NOISE
11-20 22:43:31.863   646   646 E wificond: Failed to get NL80211_RATE_INFO_SNR
11-20 22:43:31.863   646   646 E wificond: Failed to get NL80211_STA_INFO_CNAHLOAD
11-20 22:43:33.084   646   646 E wificond: Failed to get NL80211_RATE_INFO_NOISE
11-20 22:43:33.084   646   646 E wificond: Failed to get NL80211_RATE_INFO_SNR
11-20 22:43:33.084   646   646 E wificond: Failed to get NL80211_STA_INFO_CNAHLOAD
11-20 22:43:35.858  1057  1412 I chatty  : uid=1000(system) UEventObserver expire 6 lines
11-20 22:43:35.884  9572  9572 W ContextImpl: Calling a method in the system process without a qualified user: android.app.ContextImpl.startService:1692 android.content.ContextWrapper.startService:650 com.huawei.vision.server.policy.PhoneState.doPolicyThingStop:103 com.huawei.vision.server.policy.PhoneStateReceiver.startOrStopVisionService:150 com.huawei.vision.server.policy.PhoneStateReceiver.access$200:18 
11-20 22:43:36.101   646   646 E wificond: Failed to get NL80211_RATE_INFO_NOISE
11-20 22:43:36.101   646   646 E wificond: Failed to get NL80211_RATE_INFO_SNR
11-20 22:43:36.101   646   646 E wificond: Failed to get NL80211_STA_INFO_CNAHLOAD
11-20 22:43:37.478   536   544 W SocketListener: sending broadcast to Pid = 1057, Uid = 1000 
11-20 22:43:39.122   646   646 E wificond: Failed to get NL80211_RATE_INFO_NOISE
11-20 22:43:39.122   646   646 E wificond: Failed to get NL80211_RATE_INFO_SNR
11-20 22:43:39.122   646   646 E wificond: Failed to get NL80211_STA_INFO_CNAHLOAD
11-20 22:43:39.858   646   646 E wificond: Failed to get NL80211_RATE_INFO_NOISE
11-20 22:43:39.858   646   646 E wificond: Failed to get NL80211_RATE_INFO_SNR
11-20 22:43:39.858   646   646 E wificond: Failed to get NL80211_STA_INFO_CNAHLOAD
11-20 22:43:39.861   646   646 E wificond: Failed to get NL80211_RATE_INFO_NOISE
11-20 22:43:39.861   646   646 E wificond: Failed to get NL80211_RATE_INFO_SNR
11-20 22:43:39.861   646   646 E wificond: Failed to get NL80211_STA_INFO_CNAHLOAD
11-20 22:43:42.140   646   646 E wificond: Failed to get NL80211_RATE_INFO_NOISE
11-20 22:43:42.140   646   646 E wificond: Failed to get NL80211_RATE_INFO_SNR
11-20 22:43:42.140   646   646 E wificond: Failed to get NL80211_STA_INFO_CNAHLOAD
11-20 22:43:45.159   646   646 E wificond: Failed to get NL80211_RATE_INFO_NOISE
11-20 22:43:45.159   646   646 E wificond: Failed to get NL80211_RATE_INFO_SNR
11-20 22:43:45.159   646   646 E wificond: Failed to get NL80211_STA_INFO_CNAHLOAD
11-20 22:43:47.873   646   646 E wificond: Failed to get NL80211_RATE_INFO_NOISE
11-20 22:43:47.873   646   646 E wificond: Failed to get NL80211_RATE_INFO_SNR
11-20 22:43:47.873   646   646 E wificond: Failed to get NL80211_STA_INFO_CNAHLOAD
11-20 22:43:47.876   646   646 E wificond: Failed to get NL80211_RATE_INFO_NOISE
11-20 22:43:47.876   646   646 E wificond: Failed to get NL80211_RATE_INFO_SNR
11-20 22:43:47.876   646   646 E wificond: Failed to get NL80211_STA_INFO_CNAHLOAD
11-20 22:43:48.167   646   646 E wificond: Failed to get NL80211_RATE_INFO_NOISE
11-20 22:43:48.167   646   646 E wificond: Failed to get NL80211_RATE_INFO_SNR
11-20 22:43:48.167   646   646 E wificond: Failed to get NL80211_STA_INFO_CNAHLOAD
11-20 22:43:51.181   646   646 E wificond: Failed to get NL80211_RATE_INFO_NOISE
11-20 22:43:51.182   646   646 E wificond: Failed to get NL80211_RATE_INFO_SNR
11-20 22:43:51.182   646   646 E wificond: Failed to get NL80211_STA_INFO_CNAHLOAD
11-20 22:43:52.494   536   544 W SocketListener: sending broadcast to Pid = 1057, Uid = 1000 
11-20 22:43:52.498  1057  1468 I chatty  : uid=1000(system) NetdConnector expire 6 lines
11-20 22:43:54.017   536   544 W SocketListener: sending broadcast to Pid = 1057, Uid = 1000 
11-20 22:43:54.197   646   646 E wificond: Failed to get NL80211_RATE_INFO_NOISE
11-20 22:43:54.197   646   646 E wificond: Failed to get NL80211_RATE_INFO_SNR
11-20 22:43:54.197   646   646 E wificond: Failed to get NL80211_STA_INFO_CNAHLOAD
11-20 22:43:55.875   646   646 E wificond: Failed to get NL80211_RATE_INFO_NOISE
11-20 22:43:55.875   646   646 E wificond: Failed to get NL80211_RATE_INFO_SNR
11-20 22:43:55.875   646   646 E wificond: Failed to get NL80211_STA_INFO_CNAHLOAD
11-20 22:43:55.879   646   646 E wificond: Failed to get NL80211_RATE_INFO_NOISE
11-20 22:43:55.879   646   646 E wificond: Failed to get NL80211_RATE_INFO_SNR
11-20 22:43:55.879   646   646 E wificond: Failed to get NL80211_STA_INFO_CNAHLOAD
11-20 22:43:57.214   646   646 E wificond: Failed to get NL80211_RATE_INFO_NOISE
11-20 22:43:57.214   646   646 E wificond: Failed to get NL80211_RATE_INFO_SNR
11-20 22:43:57.214   646   646 E wificond: Failed to get NL80211_STA_INFO_CNAHLOAD
11-20 22:44:00.003  1057  1057 I chatty  : uid=1000 system_server expire 4 lines
11-20 22:44:00.231   646   646 E wificond: Failed to get NL80211_RATE_INFO_NOISE
11-20 22:44:00.231   646   646 E wificond: Failed to get NL80211_RATE_INFO_SNR
11-20 22:44:00.231   646   646 E wificond: Failed to get NL80211_STA_INFO_CNAHLOAD
11-20 22:44:03.242   646   646 E wificond: Failed to get NL80211_RATE_INFO_NOISE
11-20 22:44:03.242   646   646 E wificond: Failed to get NL80211_RATE_INFO_SNR
11-20 22:44:03.243   646   646 E wificond: Failed to get NL80211_STA_INFO_CNAHLOAD
11-20 22:44:03.876   646   646 E wificond: Failed to get NL80211_RATE_INFO_NOISE
11-20 22:44:03.876   646   646 E wificond: Failed to get NL80211_RATE_INFO_SNR
11-20 22:44:03.876   646   646 E wificond: Failed to get NL80211_STA_INFO_CNAHLOAD
11-20 22:44:03.879   646   646 E wificond: Failed to get NL80211_RATE_INFO_NOISE
11-20 22:44:03.879   646   646 E wificond: Failed to get NL80211_RATE_INFO_SNR
11-20 22:44:03.879   646   646 E wificond: Failed to get NL80211_STA_INFO_CNAHLOAD
11-20 22:44:06.073  1057  2990 I chatty  : uid=1000(system) Binder:1057_12 expire 2 lines
11-20 22:44:06.093  9572  9572 W ContextImpl: Calling a method in the system process without a qualified user: android.app.ContextImpl.startService:1692 android.content.ContextWrapper.startService:650 com.huawei.vision.server.policy.PhoneState.doPolicyThingStop:103 com.huawei.vision.server.policy.PhoneStateReceiver.startOrStopVisionService:150 com.huawei.vision.server.policy.PhoneStateReceiver.access$200:18 
11-20 22:44:06.263   646   646 E wificond: Failed to get NL80211_RATE_INFO_NOISE
11-20 22:44:06.263   646   646 E wificond: Failed to get NL80211_RATE_INFO_SNR
11-20 22:44:06.263   646   646 E wificond: Failed to get NL80211_STA_INFO_CNAHLOAD
11-20 22:44:09.133   536   550 W SocketListener: sending broadcast to Pid = 1057, Uid = 1000 
11-20 22:44:09.262   536   544 W SocketListener: sending broadcast to Pid = 1057, Uid = 1000 
11-20 22:44:09.266  1057  1468 I chatty  : uid=1000(system) NetdConnector expire 4 lines
11-20 22:44:09.271  1057  1200 I chatty  : uid=1000(system) android.fg expire 2 lines
11-20 22:44:09.283   646   646 E wificond: Failed to get NL80211_RATE_INFO_NOISE
11-20 22:44:09.283   646   646 E wificond: Failed to get NL80211_RATE_INFO_SNR
11-20 22:44:09.283   646   646 E wificond: Failed to get NL80211_STA_INFO_CNAHLOAD
11-20 22:44:11.891   646   646 E wificond: Failed to get NL80211_RATE_INFO_NOISE
11-20 22:44:11.891   646   646 E wificond: Failed to get NL80211_RATE_INFO_SNR
11-20 22:44:11.891   646   646 E wificond: Failed to get NL80211_STA_INFO_CNAHLOAD
11-20 22:44:11.894   646   646 E wificond: Failed to get NL80211_RATE_INFO_NOISE
11-20 22:44:11.894   646   646 E wificond: Failed to get NL80211_RATE_INFO_SNR
11-20 22:44:11.894   646   646 E wificond: Failed to get NL80211_STA_INFO_CNAHLOAD
11-20 22:44:12.292   646   646 E wificond: Failed to get NL80211_RATE_INFO_NOISE
11-20 22:44:12.292   646   646 E wificond: Failed to get NL80211_RATE_INFO_SNR
11-20 22:44:12.293   646   646 E wificond: Failed to get NL80211_STA_INFO_CNAHLOAD
11-20 22:44:14.663   536   544 W SocketListener: sending broadcast to Pid = 1057, Uid = 1000 
11-20 22:44:14.682  1057  1115 I chatty  : uid=1000(system) Binder:1057_2 expire 12 lines
11-20 22:44:14.723  1057  1185 I chatty  : uid=1000(system) android.bg expire 1 line
11-20 22:44:15.308   646   646 E wificond: Failed to get NL80211_RATE_INFO_NOISE
11-20 22:44:15.309   646   646 E wificond: Failed to get NL80211_RATE_INFO_SNR
11-20 22:44:15.309   646   646 E wificond: Failed to get NL80211_STA_INFO_CNAHLOAD
11-20 22:44:18.331   646   646 E wificond: Failed to get NL80211_RATE_INFO_NOISE
11-20 22:44:18.331   646   646 E wificond: Failed to get NL80211_RATE_INFO_SNR
11-20 22:44:18.331   646   646 E wificond: Failed to get NL80211_STA_INFO_CNAHLOAD
11-20 22:44:19.899   646   646 E wificond: Failed to get NL80211_RATE_INFO_NOISE
11-20 22:44:19.899   646   646 E wificond: Failed to get NL80211_RATE_INFO_SNR
11-20 22:44:19.899   646   646 E wificond: Failed to get NL80211_STA_INFO_CNAHLOAD
11-20 22:44:19.902   646   646 E wificond: Failed to get NL80211_RATE_INFO_NOISE
11-20 22:44:19.902   646   646 E wificond: Failed to get NL80211_RATE_INFO_SNR
11-20 22:44:19.902   646   646 E wificond: Failed to get NL80211_STA_INFO_CNAHLOAD
11-20 22:44:21.349   646   646 E wificond: Failed to get NL80211_RATE_INFO_NOISE
11-20 22:44:21.349   646   646 E wificond: Failed to get NL80211_RATE_INFO_SNR
11-20 22:44:21.349   646   646 E wificond: Failed to get NL80211_STA_INFO_CNAHLOAD
11-20 22:44:24.080  1057  2990 I chatty  : uid=1000(system) Binder:1057_12 expire 3 lines
11-20 22:44:24.089  1057  1057 I chatty  : uid=1000 system_server expire 10 lines
11-20 22:44:24.097  9572  9572 W ContextImpl: Calling a method in the system process without a qualified user: android.app.ContextImpl.startService:1692 android.content.ContextWrapper.startService:650 com.huawei.vision.server.policy.PhoneState.doPolicyThingStop:103 com.huawei.vision.server.policy.PhoneStateReceiver.startOrStopVisionService:150 com.huawei.vision.server.policy.PhoneStateReceiver.access$200:18 
11-20 22:44:24.368   646   646 E wificond: Failed to get NL80211_RATE_INFO_NOISE
11-20 22:44:24.368   646   646 E wificond: Failed to get NL80211_RATE_INFO_SNR
11-20 22:44:24.368   646   646 E wificond: Failed to get NL80211_STA_INFO_CNAHLOAD
11-20 22:44:27.384   646   646 E wificond: Failed to get NL80211_RATE_INFO_NOISE
11-20 22:44:27.384   646   646 E wificond: Failed to get NL80211_RATE_INFO_SNR
11-20 22:44:27.384   646   646 E wificond: Failed to get NL80211_STA_INFO_CNAHLOAD
11-20 22:44:27.899   646   646 E wificond: Failed to get NL80211_RATE_INFO_NOISE
11-20 22:44:27.899   646   646 E wificond: Failed to get NL80211_RATE_INFO_SNR
11-20 22:44:27.899   646   646 E wificond: Failed to get NL80211_STA_INFO_CNAHLOAD
11-20 22:44:27.902   646   646 E wificond: Failed to get NL80211_RATE_INFO_NOISE
11-20 22:44:27.902   646   646 E wificond: Failed to get NL80211_RATE_INFO_SNR
11-20 22:44:27.902   646   646 E wificond: Failed to get NL80211_STA_INFO_CNAHLOAD
11-20 22:44:29.806   536   544 W SocketListener: sending broadcast to Pid = 1057, Uid = 1000 
11-20 22:44:29.811  1057  1468 I chatty  : uid=1000(system) NetdConnector expire 8 lines
11-20 22:44:29.816  1057  1200 I chatty  : uid=1000(system) android.fg expire 6 lines
11-20 22:44:30.404   646   646 E wificond: Failed to get NL80211_RATE_INFO_NOISE
11-20 22:44:30.404   646   646 E wificond: Failed to get NL80211_RATE_INFO_SNR
11-20 22:44:30.404   646   646 E wificond: Failed to get NL80211_STA_INFO_CNAHLOAD
11-20 22:44:33.404   536   544 W SocketListener: sending broadcast to Pid = 1057, Uid = 1000 
11-20 22:44:33.418   646   646 E wificond: Failed to get NL80211_RATE_INFO_NOISE
11-20 22:44:33.418   646   646 E wificond: Failed to get NL80211_RATE_INFO_SNR
11-20 22:44:33.418   646   646 E wificond: Failed to get NL80211_STA_INFO_CNAHLOAD
11-20 22:44:35.920   646   646 E wificond: Failed to get NL80211_RATE_INFO_NOISE
11-20 22:44:35.920   646   646 E wificond: Failed to get NL80211_RATE_INFO_SNR
11-20 22:44:35.920   646   646 E wificond: Failed to get NL80211_STA_INFO_CNAHLOAD
11-20 22:44:35.923   646   646 E wificond: Failed to get NL80211_RATE_INFO_NOISE
11-20 22:44:35.923   646   646 E wificond: Failed to get NL80211_RATE_INFO_SNR
11-20 22:44:35.923   646   646 E wificond: Failed to get NL80211_STA_INFO_CNAHLOAD
11-20 22:44:36.051  1057  1696 I chatty  : uid=1000(system) watchdog expire 2 lines
11-20 22:44:36.281  1057  1412 I chatty  : uid=1000(system) UEventObserver expire 6 lines
11-20 22:44:36.311  9572  9572 W ContextImpl: Calling a method in the system process without a qualified user: android.app.ContextImpl.startService:1692 android.content.ContextWrapper.startService:650 com.huawei.vision.server.policy.PhoneState.doPolicyThingStop:103 com.huawei.vision.server.policy.PhoneStateReceiver.startOrStopVisionService:150 com.huawei.vision.server.policy.PhoneStateReceiver.access$200:18 
11-20 22:44:36.426   646   646 E wificond: Failed to get NL80211_RATE_INFO_NOISE
11-20 22:44:36.426   646   646 E wificond: Failed to get NL80211_RATE_INFO_SNR
11-20 22:44:36.426   646   646 E wificond: Failed to get NL80211_STA_INFO_CNAHLOAD
11-20 22:44:39.447   646   646 E wificond: Failed to get NL80211_RATE_INFO_NOISE
11-20 22:44:39.447   646   646 E wificond: Failed to get NL80211_RATE_INFO_SNR
11-20 22:44:39.447   646   646 E wificond: Failed to get NL80211_STA_INFO_CNAHLOAD
11-20 22:44:42.462   646   646 E wificond: Failed to get NL80211_RATE_INFO_NOISE
11-20 22:44:42.462   646   646 E wificond: Failed to get NL80211_RATE_INFO_SNR
11-20 22:44:42.462   646   646 E wificond: Failed to get NL80211_STA_INFO_CNAHLOAD
11-20 22:44:43.923   646   646 E wificond: Failed to get NL80211_RATE_INFO_NOISE
11-20 22:44:43.923   646   646 E wificond: Failed to get NL80211_RATE_INFO_SNR
11-20 22:44:43.924   646   646 E wificond: Failed to get NL80211_STA_INFO_CNAHLOAD
11-20 22:44:43.926   646   646 E wificond: Failed to get NL80211_RATE_INFO_NOISE
11-20 22:44:43.927   646   646 E wificond: Failed to get NL80211_RATE_INFO_SNR
11-20 22:44:43.927   646   646 E wificond: Failed to get NL80211_STA_INFO_CNAHLOAD
11-20 22:44:45.478   646   646 E wificond: Failed to get NL80211_RATE_INFO_NOISE
11-20 22:44:45.479   646   646 E wificond: Failed to get NL80211_RATE_INFO_SNR
